mouse_keeper.idle.plain [-295, -2, -381, 298, 969, 290]
mouse_keeper.walk.plain [-261, -1, -443, 260, 1031, 317]
mouse_keeper.walk.ramp_up [-261, -49, -372, 260, 968, 421]
mouse_keeper.walk.ramp_down [-261, -115, -668, 260, 806, 273]
mouse_keeper.cautious_crouch_walk_forward.plain [-362, -2, -646, 364, 840, 296]
mouse_keeper.cautious_crouch_walk_forward.standard_bore [-362, -2, -646, 364, 840, 296]
mouse_keeper.carry_heavy_object_walk.plain [-296, -1, -359, 340, 1022, 245]
mouse_keeper.carry_heavy_object_walk.standard_bore [-296, -1, -359, 340, 983, 267]
mole_digger.idle.plain [-413, -2, -358, 367, 856, 259]
mole_digger.walk.plain [-444, -1, -473, 414, 930, 366]
mole_digger.walk.ramp_up [-444, -59, -319, 414, 915, 512]
mole_digger.walk.ramp_down [-444, -71, -613, 414, 867, 219]
mole_digger.cautious_crouch_walk_forward.plain [-274, -1, -760, 461, 768, 382]
mole_digger.cautious_crouch_walk_forward.standard_bore [-274, -1, -760, 461, 768, 382]
mole_digger.carry_heavy_object_walk.plain [-435, -1, -351, 477, 938, 267]
mole_digger.carry_heavy_object_walk.standard_bore [-435, -1, -351, 477, 938, 267]
mole_digger.heavy_hammer_swing.plain [-354, -217, -528, 611, 1157, 761]
squirrel_gatherer.idle.plain [-408, -2, -633, 413, 1181, 552]
squirrel_gatherer.walk.plain [-299, -1, -686, 266, 1216, 562]
squirrel_gatherer.walk.ramp_up [-306, 7, -608, 283, 1149, 682]
squirrel_gatherer.walk.ramp_down [-306, -231, -1065, 283, 682, 529]
squirrel_gatherer.cautious_crouch_walk_forward.plain [-630, -7, -928, 646, 1044, 548]
squirrel_gatherer.cautious_crouch_walk_forward.standard_bore [-630, -7, -877, 646, 871, 553]
squirrel_gatherer.carry_heavy_object_walk.plain [-373, -4, -625, 413, 1242, 528]
squirrel_gatherer.carry_heavy_object_walk.standard_bore [-373, -4, -705, 413, 1132, 566]
otter_boatwright.idle.plain [-567, -2, -633, 508, 1473, 520]
otter_boatwright.walk.plain [-417, -1, -678, 378, 1580, 479]
otter_boatwright.walk.ramp_up [-417, -33, -631, 378, 1325, 783]
otter_boatwright.walk.ramp_down [-417, -203, -1256, 378, 976, 511]
otter_boatwright.cautious_crouch_walk_forward.plain [-537, -2, -1074, 688, 1301, 426]
otter_boatwright.cautious_crouch_walk_forward.standard_bore [-621, -2, -938, 688, 1229, 515]
otter_boatwright.carry_heavy_object_walk.plain [-499, -1, -572, 556, 1567, 502]
otter_boatwright.carry_heavy_object_walk.standard_bore [-499, -1, -808, 556, 1334, 632]
badger_quarryman.idle.plain [-838, -1, -630, 772, 2442, 544]
badger_quarryman.walk.plain [-1001, -2, -914, 921, 2628, 789]
badger_quarryman.walk.ramp_up [-1001, -168, -777, 921, 2091, 1155]
badger_quarryman.walk.ramp_down [-1001, -275, -1581, 921, 2060, 608]
badger_quarryman.cautious_crouch_walk_forward.plain [-471, -1, -1805, 995, 2107, 750]
badger_quarryman.cautious_crouch_walk_forward.standard_bore [-471, -80, -1264, 995, 1992, 735]
badger_quarryman.carry_heavy_object_walk.plain [-883, -1, -619, 945, 2518, 660]
badger_quarryman.carry_heavy_object_walk.standard_bore [-883, -1, -824, 945, 2196, 647]
badger_quarryman.heavy_hammer_swing.plain [-527, -1, -924, 1299, 3188, 1972]
