state_registry_coverage: PASS -- 109 modules, 530 rows, 925 packed columns checked
Godot Engine v4.7.2.stable.official.ed1daf0bf - https://godotengine.org

Godot Engine v4.7.2.stable.official.ed1daf0bf - https://godotengine.org

test_residents.gd
  PASS  test_species_catalog_compiles_in_ascending_ascii_order
  PASS  test_sentence_order_is_not_the_id_order
  PASS  test_species_size_classes_follow_the_six_six_four_split
  PASS  test_unknown_species_is_refused_not_defaulted
  PASS  test_size_tables_match_the_specification
  PASS  test_spawn_allocates_through_the_entity_directory
  PASS  test_spawn_attaches_the_needs_columns
  PASS  test_persistent_ids_are_monotonic_and_never_reused
  PASS  test_stale_reference_is_rejected_after_despawn
  PASS  test_living_population_caps_at_256_with_an_explicit_refusal
  PASS  test_a_freed_slot_reopens_the_living_cap
  PASS  test_clear_returns_the_store_to_empty
  PASS  test_initial_settlement_is_twelve_adults_of_the_specified_species
  PASS  test_initial_settlement_is_ten_small_and_two_medium
  PASS  test_initial_settlement_needs_and_health
  PASS  test_rowan_is_the_warden_and_the_only_named_resident
  PASS  test_initial_skill_levels_and_xp
  PASS  test_initial_settlement_refuses_a_second_cohort
  PASS  test_a_refused_cohort_leaves_no_resident_behind
  PASS  test_a_refused_spawn_does_not_burn_a_directory_slot
  PASS  test_home_and_bed_stay_null_because_no_building_store_exists
  PASS  test_skill_level_curve_matches_the_cumulative_table
  PASS  test_setting_skill_xp_rederives_the_level
  PASS  test_skill_into_readers_match_wrappers_at_the_level_cap
  PASS  test_skill_into_reuse_clears_refusals_and_stale_values
  PASS  test_skill_allocating_wrappers_stay_fresh
  PASS  test_reserved_skill_index_and_bad_input_are_refused
  PASS  test_readers_refuse_an_absent_row_instead_of_returning_zero
  PASS  test_starter_cohort_daily_demand_reproduces_the_gdd_fixture
  PASS  test_population_demand_fixture_two_hundred_small_residents
  PASS  test_population_demand_fixture_mixed_cohort
  PASS  test_projected_cohort_demand_matches_the_spawned_cohort
  PASS  test_per_resident_demand_matches_the_size_multipliers
  PASS  test_daily_demand_agrees_with_the_needs_hunger_rate
  PASS  test_demand_is_refused_when_no_resident_is_alive
  PASS  test_wounded_residents_count_and_dead_residents_do_not
  PASS  test_season_multiplier_follows_the_shared_needs_store
  PASS  test_despawned_residents_leave_the_demand
  PASS  test_the_equipment_mirror_occupies_its_ledgered_columns_and_no_more
  PASS  test_a_spawned_resident_carries_no_tool_and_no_satchel
  PASS  test_the_mirror_records_an_equipped_tool_and_gives_it_back
  PASS  test_the_mirror_refuses_a_second_tool_for_one_resident
  PASS  test_refreshing_or_clearing_a_mirror_that_holds_no_tool_refuses
  PASS  test_the_mirror_refuses_a_negative_item_id_or_durability
  PASS  test_despawning_a_resident_empties_its_equipment_mirror
  PASS  test_a_satchel_reference_is_stored_and_cleared_but_never_guessed
  PASS  test_the_equipment_image_changes_with_the_mirror_and_only_with_it
  PASS  test_the_life_stage_domain_is_exactly_the_three_ruled_values
  PASS  test_the_bound_is_not_itself_a_stage
  PASS  test_a_plain_spawn_is_adult_and_names_the_stage_it_uses
  PASS  test_every_ruled_stage_is_storable_and_reads_back_exactly
  PASS  test_an_out_of_domain_stage_refuses_and_allocates_nothing
  PASS  test_a_stage_that_would_truncate_into_a_byte_is_refused
  PASS  test_the_int32_sign_trap_does_not_smuggle_a_stage_through
  PASS  test_the_twelve_starters_are_all_adults
  PASS  test_a_reused_slot_initializes_its_stage_explicitly
  PASS  test_a_retired_row_holds_the_canonical_unused_zero
  PASS  test_a_dead_resident_keeps_the_stage_it_was_given
  PASS  test_a_stale_reference_is_refused_rather_than_answered
  PASS  test_the_null_reference_is_not_a_resident
  PASS  test_a_reference_of_another_kind_is_refused
  PASS  test_the_life_stage_column_costs_the_ruled_512_bytes
  PASS  test_there_is_no_way_to_change_a_stage_after_creation
  PASS  test_all_sixteen_species_bind_the_ruled_rig_key
  PASS  test_rig_ids_are_ascending_ascii_over_the_rig_keys
  PASS  test_no_species_shares_another_species_rig
  PASS  test_an_unknown_rig_key_refuses_rather_than_resolving
  PASS  test_child_and_elder_rig_variants_refuse_instead_of_inheriting_the_adult_rig
  PASS  test_a_missing_rig_does_not_deny_a_legal_resident
  PASS  test_rig_binding_refuses_an_unknown_species_and_an_invalid_stage_separately
  PASS  test_binding_by_species_id_agrees_with_binding_by_key
  PASS  test_no_per_resident_rig_column_exists
  PASS  test_a_reference_resolves_to_its_row_only_while_it_is_valid
  PASS  test_row_zero_is_never_mistaken_for_a_refusal
  PASS  test_a_malformed_home_or_bed_reference_is_refused_not_stored
  PASS  test_the_null_reference_still_clears_a_home_or_bed
  PASS  test_a_stored_destination_stops_being_live_when_its_owner_retires
  PASS  test_a_replacement_owner_does_not_inherit_the_stored_reference
  PASS  test_a_retired_row_leaves_a_canonical_zero_byte_behind
  PASS  test_a_forty_character_ascii_name_is_refused_at_the_setter
  PASS  test_the_scalar_bounds_are_one_two_thirty_two_and_thirty_three
  PASS  test_c0_del_and_c1_control_scalars_are_all_rejected
  PASS  test_the_neighbours_of_every_control_block_are_admitted
  PASS  test_scalar_length_is_neither_byte_length_nor_grapheme_clusters
  PASS  test_a_multibyte_name_is_bounded_by_bytes_before_scalars
  PASS  test_the_byte_cap_is_the_ruled_128_and_the_computation_is_exact
  PASS  test_an_unpaired_surrogate_cannot_be_admitted_as_a_name
  PASS  test_nothing_is_normalized_truncated_or_replaced
  PASS  test_an_anonymous_live_resident_is_legal_and_round_trips
  PASS  test_the_starter_settlement_is_eleven_anonymous_founders_and_one_name
  PASS  test_the_occupancy_table_refuses_both_mismatch_directions
  PASS  test_restore_name_never_derives_the_flag_from_the_string
  PASS  test_a_name_cannot_be_set_on_a_row_that_holds_no_resident
  PASS  test_a_retained_dead_row_keeps_its_name_and_its_flag
  PASS  test_spatial_identity_reads_actual_species_stage_and_logical_rig_without_changing_state
  PASS  test_spatial_identity_refuses_missing_stage_rigs_without_touching_output
  PASS  test_spatial_identity_refuses_stale_wrong_kind_and_malformed_scratch
  PASS  test_spatial_identity_refuses_unbound_catalog_and_inconsistent_row_identity
CI_SUITE_TIME {"assertions":2019,"failures":0,"suite":"test_residents.gd","tests":98,"usec":2181324}
[EntityManager] ready
[GameManager] ready
[SettlementSystem] ready
[EconomySystem] ready
[UIManager] ready


98 test(s), 2019 assertion(s), 0 failure(s)
diagnostics: 0 unexpected error(s), 0 unexpected warning(s), 0 expected, 0 tolerated; leaked at exit: 0 object(s), 0 resource(s)
[EntityManager] ready
[GameManager] ready
[SettlementSystem] ready
[EconomySystem] ready
[UIManager] ready
log: 0 unexpected error(s), 0 unexpected warning(s); leaked at exit: 0 object(s), 0 resource(s).
ok: 98 tests, 2019 assertions, 0 failures.
