{
  "roles": {
    "stand": {
      "BODY_HELD_LOAD": [
        [
          -738,
          0,
          -738,
          738,
          930,
          738
        ],
        [
          -402,
          -1,
          -402,
          402,
          0,
          402
        ],
        [
          -1256,
          355,
          -1256,
          1256,
          1036,
          1256
        ]
      ],
      "TURN_RECOVERY": [
        [
          -738,
          0,
          -738,
          738,
          930,
          738
        ],
        [
          -402,
          -1,
          -402,
          402,
          0,
          402
        ],
        [
          -1256,
          355,
          -1256,
          1256,
          1036,
          1256
        ]
      ],
      "STANCE_SUPPORT": [
        [
          -406,
          -1,
          -406,
          406,
          0,
          406
        ]
      ]
    },
    "ground_walk": {
      "BODY_HELD_LOAD": [
        [
          -738,
          0,
          -738,
          738,
          930,
          738
        ],
        [
          -402,
          -1,
          -402,
          402,
          0,
          402
        ],
        [
          -1256,
          355,
          -1256,
          1256,
          1036,
          1256
        ]
      ],
      "TURN_RECOVERY": [
        [
          -738,
          0,
          -738,
          738,
          930,
          738
        ],
        [
          -402,
          -1,
          -402,
          402,
          0,
          402
        ],
        [
          -1256,
          355,
          -1256,
          1256,
          1036,
          1256
        ]
      ],
      "STANCE_SUPPORT": [
        [
          -406,
          -1,
          -406,
          406,
          0,
          406
        ]
      ]
    },
    "down": {
      "BODY_HELD_LOAD": [
        [
          -306,
          0,
          -528,
          367,
          1157,
          648
        ],
        [
          -121,
          -1,
          -305,
          282,
          0,
          342
        ]
      ],
      "STANCE_SUPPORT": [
        [
          -274,
          -1,
          -305,
          328,
          0,
          454
        ]
      ],
      "TURN_RECOVERY": [
        [
          -452,
          0,
          -732,
          780,
          1192,
          909
        ],
        [
          -248,
          -1,
          -145,
          203,
          0,
          338
        ]
      ],
      "WORK_APPROACH": [
        [
          -409,
          0,
          -732,
          548,
          840,
          234
        ],
        [
          -134,
          -1,
          44,
          -126,
          0,
          60
        ]
      ],
      "WORK_STROKE": [
        [
          -272,
          0,
          -820,
          328,
          1422,
          909
        ],
        [
          -190,
          -60,
          -678,
          49,
          0,
          -536
        ]
      ],
      "CONTACT_POINT": [
        [
          42,
          0,
          -673,
          42,
          0,
          -673
        ]
      ],
      "CONTACT_PATCH": [
        [
          -190,
          0,
          -678,
          49,
          0,
          -536
        ]
      ]
    },
    "high": {
      "BODY_HELD_LOAD": [
        [
          -208,
          0,
          -528,
          367,
          1157,
          648
        ],
        [
          -105,
          -1,
          57,
          282,
          0,
          342
        ]
      ],
      "STANCE_SUPPORT": [
        [
          -274,
          -1,
          -171,
          328,
          0,
          454
        ]
      ],
      "TURN_RECOVERY": [
        [
          -452,
          0,
          -536,
          780,
          1192,
          909
        ],
        [
          185,
          514,
          -732,
          672,
          878,
          -536
        ],
        [
          -248,
          -1,
          -145,
          203,
          0,
          338
        ]
      ],
      "WORK_APPROACH": [
        [
          -409,
          0,
          -732,
          548,
          840,
          234
        ],
        [
          -134,
          -1,
          44,
          -126,
          0,
          60
        ]
      ],
      "WORK_STROKE": [
        [
          -198,
          660,
          -536,
          328,
          1422,
          909
        ],
        [
          -11,
          949,
          -578,
          128,
          1043,
          -536
        ]
      ],
      "CONTACT_POINT": [
        [
          122,
          1039,
          -536,
          122,
          1039,
          -536
        ]
      ],
      "CONTACT_PATCH": [
        [
          120,
          1038,
          -536,
          123,
          1041,
          -536
        ]
      ]
    },
    "front": {
      "BODY_HELD_LOAD": [
        [
          -396,
          0,
          -646,
          433,
          933,
          234
        ],
        [
          -134,
          -1,
          44,
          -126,
          0,
          60
        ]
      ],
      "STANCE_SUPPORT": [
        [
          -274,
          -1,
          -169,
          299,
          0,
          174
        ]
      ],
      "TURN_RECOVERY": [
        [
          -537,
          0,
          -768,
          594,
          997,
          234
        ],
        [
          -134,
          -1,
          44,
          -126,
          0,
          60
        ]
      ],
      "WORK_APPROACH": [
        [
          -409,
          0,
          -732,
          548,
          840,
          234
        ],
        [
          -134,
          -1,
          44,
          -126,
          0,
          60
        ]
      ],
      "WORK_STROKE": [
        [
          -359,
          94,
          -768,
          594,
          1169,
          -108
        ],
        [
          -129,
          189,
          -814,
          15,
          717,
          -768
        ]
      ],
      "CONTACT_POINT": [
        [
          6,
          707,
          -768,
          6,
          707,
          -768
        ]
      ],
      "CONTACT_PATCH": [
        [
          4,
          705,
          -768,
          7,
          710,
          -768
        ]
      ]
    }
  },
  "budget": {
    "retained_palette_bytes": 533372,
    "decode_staging_bytes": 533372,
    "borrowed_mesh_array_allowance_bytes": 4396032,
    "packed_tables_bytes": 840,
    "reader_native_control_reserve_bytes": 2097152,
    "admitted_peak_bytes": 7027396,
    "world_basis_separately_shared_bytes": 544768,
    "native_peak_measured": false,
    "excluded_borrowed_resources": "original meshes/textures and per-Actor RIDs; separate actual presentation-owner admission"
  },
  "production_qualified": false
}
