test_complete_segments_and_loop_wrap_not_sampled_endpoints (__main__.ContinuousWindows.test_complete_segments_and_loop_wrap_not_sampled_endpoints) ... ok
test_custom_postprocessing_or_reset_cannot_borrow_native_rest_math (__main__.ContinuousWindows.test_custom_postprocessing_or_reset_cannot_borrow_native_rest_math) ... ok
test_exact_motion_scale_applies_only_to_native_position_track_values (__main__.ContinuousWindows.test_exact_motion_scale_applies_only_to_native_position_track_values) ... ok
test_missing_channel_uses_actual_reset_not_another_species (__main__.ContinuousWindows.test_missing_channel_uses_actual_reset_not_another_species) ... ok
test_physical_modifier_without_actual_empty_simulator_proof_refuses (__main__.ContinuousWindows.test_physical_modifier_without_actual_empty_simulator_proof_refuses) ... ok
test_present_track_does_not_union_unplayed_reset_pose (__main__.ContinuousWindows.test_present_track_does_not_union_unplayed_reset_pose) ... ok
test_vectorized_integer_overflow_refuses_before_multiplication (__main__.ContinuousWindows.test_vectorized_integer_overflow_refuses_before_multiplication) ... ok
test_vectorized_skin_encloses_scalar_exact_skin_with_nonunit_weights (__main__.ContinuousWindows.test_vectorized_skin_encloses_scalar_exact_skin_with_nonunit_weights) ... ok
test_all_yaw_keeps_below_root_body (__main__.ExactIntervals.test_all_yaw_keeps_below_root_body) ... ok
test_binary_fraction_and_nonbinary_rational_are_outward (__main__.ExactIntervals.test_binary_fraction_and_nonbinary_rational_are_outward) ... ok
test_cone_encloses_continuous_rotation_and_positive_blends (__main__.ExactIntervals.test_cone_encloses_continuous_rotation_and_positive_blends) ... ok
test_pi_separation_expands_without_guessing_a_sign (__main__.ExactIntervals.test_pi_separation_expands_without_guessing_a_sign) ... ok
test_products_and_signed_quantization_do_not_round_inward (__main__.ExactIntervals.test_products_and_signed_quantization_do_not_round_inward) ... ok
test_unbounded_or_nonfinite_inputs_refuse (__main__.ExactIntervals.test_unbounded_or_nonfinite_inputs_refuse) ... ok
test_zero_crossing_square_and_exact_sqrt (__main__.ExactIntervals.test_zero_crossing_square_and_exact_sqrt) ... ok
test_zero_rotation_and_bad_shape_refuse (__main__.ExactIntervals.test_zero_rotation_and_bad_shape_refuse) ... ok
test_actual_skin_flags_must_match_the_proved_equation (__main__.FinitePalette.test_actual_skin_flags_must_match_the_proved_equation) ... ok
test_common_post_skin_grounding_is_not_multiplied_by_nonunit_skin_weights (__main__.FinitePalette.test_common_post_skin_grounding_is_not_multiplied_by_nonunit_skin_weights) ... ok
test_complete_finite_content_is_not_a_live_animation_certificate (__main__.FinitePalette.test_complete_finite_content_is_not_a_live_animation_certificate) ... ok
test_compressed_gpu_decode_needs_its_actual_source_bound (__main__.FinitePalette.test_compressed_gpu_decode_needs_its_actual_source_bound) ... ok
test_consumed_source_hash_and_complete_frame_census_are_mandatory (__main__.FinitePalette.test_consumed_source_hash_and_complete_frame_census_are_mandatory) ... ok
test_every_positive_temporal_and_transition_blend_fits_the_endpoint_hull (__main__.FinitePalette.test_every_positive_temporal_and_transition_blend_fits_the_endpoint_hull) ... ok
test_glsl_directed_rounding_and_actual_backend_are_explicit (__main__.FinitePalette.test_glsl_directed_rounding_and_actual_backend_are_explicit) ... ok
test_grounded_transition_hull_covers_all_four_coupled_matrix_and_root_weights (__main__.FinitePalette.test_grounded_transition_hull_covers_all_four_coupled_matrix_and_root_weights) ... ok
test_grounding_source_rejects_missing_nonfinite_or_excessive_values (__main__.FinitePalette.test_grounding_source_rejects_missing_nonfinite_or_excessive_values) ... ok
test_import_metadata_archive_is_exact_and_cannot_substitute_the_glb (__main__.FinitePalette.test_import_metadata_archive_is_exact_and_cannot_substitute_the_glb) ... ok
test_missing_changed_or_conflicting_sources_refuse_reproduction (__main__.FinitePalette.test_missing_changed_or_conflicting_sources_refuse_reproduction) ... ok
test_no_arbitrary_report_margin_can_replace_derived_arithmetic_residual (__main__.FinitePalette.test_no_arbitrary_report_margin_can_replace_derived_arithmetic_residual) ... ok
test_nonfinite_and_zero_weight_cannot_enter_the_convex_proof (__main__.FinitePalette.test_nonfinite_and_zero_weight_cannot_enter_the_convex_proof) ... ok
test_omitted_attachment_is_not_a_successful_body_only_certificate (__main__.FinitePalette.test_omitted_attachment_is_not_a_successful_body_only_certificate) ... ok
test_preserved_import_bytes_do_not_waive_asset_or_script_source_drift (__main__.FinitePalette.test_preserved_import_bytes_do_not_waive_asset_or_script_source_drift) ... ok
test_static_attachment_and_below_root_vertices_keep_their_own_matrices (__main__.FinitePalette.test_static_attachment_and_below_root_vertices_keep_their_own_matrices) ... ok
test_acos_seed_is_only_a_proposal_until_cosine_proves_endpoints (__main__.NativeMixerMath.test_acos_seed_is_only_a_proposal_until_cosine_proves_endpoints) ... ok
test_continuous_key_arcs_and_negative_equivalent_quaternions (__main__.NativeMixerMath.test_continuous_key_arcs_and_negative_equivalent_quaternions) ... ok
test_hemisphere_ambiguity_falls_back_to_all_rotations_and_empty_refuses (__main__.NativeMixerMath.test_hemisphere_ambiguity_falls_back_to_all_rotations_and_empty_refuses) ... ok
test_machin_pi_contains_independent_decimal_bracket (__main__.NativeMixerMath.test_machin_pi_contains_independent_decimal_bracket) ... ok
test_noncommuting_many_clip_products_with_any_nonnegative_weights (__main__.NativeMixerMath.test_noncommuting_many_clip_products_with_any_nonnegative_weights) ... ok
test_outward_trig_contains_long_exact_rational_series (__main__.NativeMixerMath.test_outward_trig_contains_long_exact_rational_series) ... ok
test_duplicate_tracks_and_bone_names_refuse (__main__.NativeRecords.test_duplicate_tracks_and_bone_names_refuse) ... ok
test_exact_minimal_record_is_source_only (__main__.NativeRecords.test_exact_minimal_record_is_source_only) ... ok
test_explicit_attachment_binding_is_preserved (__main__.NativeRecords.test_explicit_attachment_binding_is_preserved) ... ok
test_hash_covers_decoded_bytes (__main__.NativeRecords.test_hash_covers_decoded_bytes) ... ok
test_negative_zero_and_nonfinite_weights_refuse (__main__.NativeRecords.test_negative_zero_and_nonfinite_weights_refuse) ... ok
test_nonunit_positive_weights_are_not_silently_normalized (__main__.NativeRecords.test_nonunit_positive_weights_are_not_silently_normalized) ... ok
test_omitted_or_extra_attachment_refuses (__main__.NativeRecords.test_omitted_or_extra_attachment_refuses) ... ok
test_omitted_required_clip_and_empty_state_refuse (__main__.NativeRecords.test_omitted_required_clip_and_empty_state_refuse) ... ok
test_trailing_data_is_not_an_ignored_second_image (__main__.NativeRecords.test_trailing_data_is_not_an_ignored_second_image) ... ok
test_truncated_completion_cannot_be_accepted (__main__.NativeRecords.test_truncated_completion_cannot_be_accepted) ... ok
test_unknown_modifier_cannot_borrow_a_body_certificate (__main__.NativeRecords.test_unknown_modifier_cannot_borrow_a_body_certificate) ... ok
test_base_too_low_keeps_the_actual_segment_length_limit (__main__.TailGroundMath.test_base_too_low_keeps_the_actual_segment_length_limit) ... ok
test_failed_ground_premises_cannot_silently_tighten_a_tail (__main__.TailGroundMath.test_failed_ground_premises_cannot_silently_tighten_a_tail) ... ok
test_tightening_preserves_radial_geometry_and_outside_segment_extent (__main__.TailGroundMath.test_tightening_preserves_radial_geometry_and_outside_segment_extent) ... ok

----------------------------------------------------------------------
Ran 52 tests in 0.101s

OK
