Godot Engine v4.7.2.stable.official.ed1daf0bf - https://godotengine.org
OpenGL API 4.1 Metal - 90.5 - Compatibility - Using Device: Apple - Apple M5 Pro

[EntityManager] ready
[GameManager] ready
[SettlementSystem] ready
[EconomySystem] ready
[UIManager] ready
content-memory: before=159385632; after=160035980; prior_peak=256151376; peak=256151376; declared_peak=7141920; isolated=false
cardinal-progress: query 0 side-yaw0-idle 0
cardinal-progress: applied 1
cardinal-progress: frame 1
cardinal-progress: returning 1
cardinal-progress: query 1 side-yaw0-idle 1
cardinal-progress: applied 2
cardinal-progress: frame 2
cardinal-progress: returning 2
cardinal-progress: query 2 side-yaw0-idle 2
cardinal-progress: applied 3
cardinal-progress: frame 3
cardinal-progress: returning 3
cardinal-progress: query 3 side-yaw0-idle 3
cardinal-progress: applied 4
cardinal-progress: frame 4
cardinal-progress: returning 4
cardinal-progress: query 4 side-yaw0-idle 4
cardinal-progress: applied 5
cardinal-progress: frame 5
cardinal-progress: returning 5
cardinal-progress: query 5 side-yaw0-idle 5
cardinal-progress: applied 6
cardinal-progress: frame 6
cardinal-progress: returning 6
cardinal-progress: query 6 side-yaw0-idle 6
cardinal-progress: applied 7
cardinal-progress: frame 7
cardinal-progress: returning 7
cardinal-progress: query 7 side-yaw0-idle 7
cardinal-progress: applied 8
cardinal-progress: frame 8
cardinal-progress: returning 8
cardinal-progress: query 8 side-yaw0-idle 8
cardinal-progress: applied 9
cardinal-progress: frame 9
cardinal-progress: returning 9
cardinal-progress: query 9 side-yaw0-idle 9
cardinal-progress: applied 10
cardinal-progress: frame 10
cardinal-progress: returning 10
cardinal-progress: query 10 side-yaw0-idle 10
cardinal-progress: applied 11
cardinal-progress: frame 11
cardinal-progress: returning 11
cardinal-progress: query 11 side-yaw0-idle 11
cardinal-progress: applied 12
cardinal-progress: frame 12
cardinal-progress: returning 12
cardinal-progress: query 12 side-yaw0-idle 12
cardinal-progress: applied 13
cardinal-progress: frame 13
cardinal-progress: returning 13
cardinal-progress: query 13 side-yaw0-idle 13
cardinal-progress: applied 14
cardinal-progress: frame 14
cardinal-progress: returning 14
cardinal-progress: query 14 side-yaw0-idle 14
cardinal-progress: applied 15
cardinal-progress: frame 15
cardinal-progress: returning 15
cardinal-progress: query 15 side-yaw0-idle 15
cardinal-progress: applied 16
cardinal-progress: frame 16
cardinal-progress: returning 16
cardinal-progress: query 16 side-yaw0-idle 16
cardinal-progress: applied 17
cardinal-progress: frame 17
cardinal-progress: returning 17
cardinal-progress: query 17 side-yaw0-idle 17
cardinal-progress: applied 18
cardinal-progress: frame 18
cardinal-progress: returning 18
cardinal-progress: query 18 side-yaw0-idle 18
cardinal-progress: applied 19
cardinal-progress: frame 19
cardinal-progress: returning 19
cardinal-progress: query 19 side-yaw0-idle 19
cardinal-progress: applied 20
cardinal-progress: frame 20
cardinal-progress: returning 20
cardinal-progress: query 20 side-yaw0-idle 20
cardinal-progress: applied 21
cardinal-progress: frame 21
cardinal-progress: returning 21
cardinal-progress: query 21 side-yaw0-idle 21
cardinal-progress: applied 22
cardinal-progress: frame 22
cardinal-progress: returning 22
cardinal-progress: query 22 side-yaw0-idle 22
cardinal-progress: applied 23
cardinal-progress: frame 23
cardinal-progress: returning 23
cardinal-progress: query 23 side-yaw0-idle 23
cardinal-progress: applied 24
cardinal-progress: frame 24
cardinal-progress: returning 24
cardinal-progress: query 24 side-yaw0-idle 24
cardinal-progress: applied 25
cardinal-progress: frame 25
cardinal-progress: returning 25
cardinal-progress: query 25 side-yaw0-idle 25
cardinal-progress: applied 26
cardinal-progress: frame 26
cardinal-progress: returning 26
cardinal-progress: query 26 side-yaw0-idle 26
cardinal-progress: applied 27
cardinal-progress: frame 27
cardinal-progress: returning 27
cardinal-progress: query 27 side-yaw0-idle 27
cardinal-progress: applied 28
cardinal-progress: frame 28
cardinal-progress: returning 28
cardinal-progress: query 28 side-yaw0-idle 28
cardinal-progress: applied 29
cardinal-progress: frame 29
cardinal-progress: returning 29
cardinal-progress: query 29 side-yaw0-idle 29
cardinal-progress: applied 30
cardinal-progress: frame 30
cardinal-progress: returning 30
cardinal-progress: query 30 side-yaw0-idle 30
cardinal-progress: applied 31
cardinal-progress: frame 31
cardinal-progress: returning 31
cardinal-progress: query 31 side-yaw0-idle-ready 0
cardinal-progress: applied 32
cardinal-progress: frame 32
