{
  "contacts": [
    {
      "vertex": 148,
      "frame_pair": [
        15,
        16
      ],
      "anchor_u": [
        -20,
        900,
        -768
      ],
      "patch_u": [
        -22,
        898,
        -768,
        -19,
        901,
        -768
      ],
      "residual_m": [
        {
          "numerator": 385405640786541505429346542993123847804700710393919881569750604664545238429527580094612094946526798209838167809669470437769207,
          "denominator": 693163044041854377174874480835480019432178956407993491014930281136784911840107328135053797357886761489661290145480636578274476032
        },
        {
          "numerator": 70042016181202328569208932540746095615413692268265785637176312210100236853410778016376730818583832350368329105800291674488823,
          "denominator": 693163044041854377174874480835480019432178956407993491014930281136784911840107328135053797357886761489661290145480636578274476032
        },
        {
          "numerator": 385405640786541505429346542993123847804700710393919881569750604664545238429527580094612094946526798209838167809669470437769207,
          "denominator": 693163044041854377174874480835480019432178956407993491014930281136784911840107328135053797357886761489661290145480636578274476032
        }
      ],
      "share_range": [
        {
          "numerator": 250527429363172,
          "denominator": 452610715676343
        },
        {
          "numerator": 255536434972132,
          "denominator": 452610715676343
        }
      ]
    }
  ],
  "parts": {
    "work": [
      {
        "kind": "body",
        "name": "Body/Armature/Skeleton3D/char1",
        "full_bounds_u": [
          -396,
          -1,
          -646,
          433,
          933,
          234
        ],
        "floor_intersection_u": [
          -134,
          -1,
          44,
          -126,
          0,
          60
        ],
        "above_floor_u": [
          -396,
          0,
          -646,
          433,
          933,
          234
        ],
        "native_triangles": 10209,
        "intervals": 36,
        "rendered_edges": [
          [
            0,
            1
          ],
          [
            1,
            2
          ],
          [
            2,
            3
          ],
          [
            3,
            4
          ],
          [
            4,
            5
          ],
          [
            5,
            6
          ],
          [
            6,
            7
          ],
          [
            7,
            8
          ],
          [
            8,
            9
          ],
          [
            9,
            10
          ],
          [
            10,
            11
          ],
          [
            11,
            12
          ],
          [
            12,
            13
          ],
          [
            13,
            14
          ],
          [
            14,
            15
          ],
          [
            15,
            16
          ],
          [
            16,
            17
          ],
          [
            17,
            18
          ],
          [
            18,
            19
          ],
          [
            19,
            20
          ],
          [
            20,
            21
          ],
          [
            21,
            22
          ],
          [
            22,
            23
          ],
          [
            23,
            24
          ],
          [
            24,
            25
          ],
          [
            25,
            26
          ],
          [
            26,
            27
          ],
          [
            27,
            28
          ],
          [
            28,
            29
          ],
          [
            29,
            30
          ],
          [
            30,
            31
          ],
          [
            31,
            32
          ],
          [
            32,
            33
          ],
          [
            33,
            34
          ],
          [
            34,
            35
          ],
          [
            35,
            0
          ]
        ],
        "loop_mode": 1,
        "duration_q16": 2359296,
        "exact_yaw": 0,
        "residual_m": [
          {
            "numerator": 46992399921809082599424239807833214900287656381757097012021646301531231129733722114961,
            "denominator": 86222912460255855342211451475400390100500076765577924405780133137210437070777100844138496
          },
          {
            "numerator": 3870552506148528449063385540322763081841336461648949583771701100440052532066178878953,
            "denominator": 43111456230127927671105725737700195050250038382788962202890066568605218535388550422069248
          },
          {
            "numerator": 46992399921809082599424239807833214900287656381757097012021646301531231129733722114961,
            "denominator": 86222912460255855342211451475400390100500076765577924405780133137210437070777100844138496
          }
        ],
        "scope": "all triangle interiors on exact Content-rendered edges including loop closure; source-local/yaw zero only, no arbitrary handoff or other-yaw permission"
      },
      {
        "kind": "attachment",
        "name": "mole_pick",
        "full_bounds_u": [
          -359,
          444,
          -927,
          594,
          1293,
          90
        ],
        "floor_intersection_u": null,
        "above_floor_u": [
          -359,
          444,
          -927,
          594,
          1293,
          90
        ],
        "native_triangles": 1150,
        "intervals": 36,
        "rendered_edges": [
          [
            0,
            1
          ],
          [
            1,
            2
          ],
          [
            2,
            3
          ],
          [
            3,
            4
          ],
          [
            4,
            5
          ],
          [
            5,
            6
          ],
          [
            6,
            7
          ],
          [
            7,
            8
          ],
          [
            8,
            9
          ],
          [
            9,
            10
          ],
          [
            10,
            11
          ],
          [
            11,
            12
          ],
          [
            12,
            13
          ],
          [
            13,
            14
          ],
          [
            14,
            15
          ],
          [
            15,
            16
          ],
          [
            16,
            17
          ],
          [
            17,
            18
          ],
          [
            18,
            19
          ],
          [
            19,
            20
          ],
          [
            20,
            21
          ],
          [
            21,
            22
          ],
          [
            22,
            23
          ],
          [
            23,
            24
          ],
          [
            24,
            25
          ],
          [
            25,
            26
          ],
          [
            26,
            27
          ],
          [
            27,
            28
          ],
          [
            28,
            29
          ],
          [
            29,
            30
          ],
          [
            30,
            31
          ],
          [
            31,
            32
          ],
          [
            32,
            33
          ],
          [
            33,
            34
          ],
          [
            34,
            35
          ],
          [
            35,
            0
          ]
        ],
        "loop_mode": 1,
        "duration_q16": 2359296,
        "exact_yaw": 0,
        "residual_m": [
          {
            "numerator": 385405640786541505429346542993123847804700710393919881569750604664545238429527580094612094946526798209838167809669470437769207,
            "denominator": 693163044041854377174874480835480019432178956407993491014930281136784911840107328135053797357886761489661290145480636578274476032
          },
          {
            "numerator": 70042016181202328569208932540746095615413692268265785637176312210100236853410778016376730818583832350368329105800291674488823,
            "denominator": 693163044041854377174874480835480019432178956407993491014930281136784911840107328135053797357886761489661290145480636578274476032
          },
          {
            "numerator": 385405640786541505429346542993123847804700710393919881569750604664545238429527580094612094946526798209838167809669470437769207,
            "denominator": 693163044041854377174874480835480019432178956407993491014930281136784911840107328135053797357886761489661290145480636578274476032
          }
        ],
        "scope": "all triangle interiors on exact Content-rendered edges including loop closure; source-local/yaw zero only, no arbitrary handoff or other-yaw permission"
      }
    ],
    "entry": [
      {
        "kind": "body",
        "name": "Body/Armature/Skeleton3D/char1",
        "full_bounds_u": [
          -537,
          -1,
          -543,
          433,
          933,
          234
        ],
        "floor_intersection_u": [
          -134,
          -1,
          44,
          -126,
          0,
          60
        ],
        "above_floor_u": [
          -537,
          0,
          -543,
          433,
          933,
          234
        ],
        "native_triangles": 10209,
        "intervals": 30,
        "rendered_edges": [
          [
            0,
            1
          ],
          [
            1,
            2
          ],
          [
            2,
            3
          ],
          [
            3,
            4
          ],
          [
            4,
            5
          ],
          [
            5,
            6
          ],
          [
            6,
            7
          ],
          [
            7,
            8
          ],
          [
            8,
            9
          ],
          [
            9,
            10
          ],
          [
            10,
            11
          ],
          [
            11,
            12
          ],
          [
            12,
            13
          ],
          [
            13,
            14
          ],
          [
            14,
            15
          ],
          [
            15,
            16
          ],
          [
            16,
            17
          ],
          [
            17,
            18
          ],
          [
            18,
            19
          ],
          [
            19,
            20
          ],
          [
            20,
            21
          ],
          [
            21,
            22
          ],
          [
            22,
            23
          ],
          [
            23,
            24
          ],
          [
            24,
            25
          ],
          [
            25,
            26
          ],
          [
            26,
            27
          ],
          [
            27,
            28
          ],
          [
            28,
            29
          ],
          [
            29,
            30
          ]
        ],
        "loop_mode": 0,
        "duration_q16": 1966080,
        "exact_yaw": 0,
        "residual_m": [
          {
            "numerator": 328947142391200259074021519180751471128592981328292504828880751611480894236429913608439,
            "denominator": 603560387221790987395480160327802730703500537359045470840460931960473059495439705908969472
          },
          {
            "numerator": 27093612797795931113992569834197156251161172626669864062158524385076415229933639278943,
            "denominator": 301780193610895493697740080163901365351750268679522735420230465980236529747719852954484736
          },
          {
            "numerator": 328947142391200259074021519180751471128592981328292504828880751611480894236429913608439,
            "denominator": 603560387221790987395480160327802730703500537359045470840460931960473059495439705908969472
          }
        ],
        "scope": "all triangle interiors on exact Content-rendered edges including loop closure; source-local/yaw zero only, no arbitrary handoff or other-yaw permission"
      },
      {
        "kind": "attachment",
        "name": "mole_pick",
        "full_bounds_u": [
          -242,
          379,
          -910,
          594,
          1106,
          63
        ],
        "floor_intersection_u": null,
        "above_floor_u": [
          -242,
          379,
          -910,
          594,
          1106,
          63
        ],
        "native_triangles": 1150,
        "intervals": 30,
        "rendered_edges": [
          [
            0,
            1
          ],
          [
            1,
            2
          ],
          [
            2,
            3
          ],
          [
            3,
            4
          ],
          [
            4,
            5
          ],
          [
            5,
            6
          ],
          [
            6,
            7
          ],
          [
            7,
            8
          ],
          [
            8,
            9
          ],
          [
            9,
            10
          ],
          [
            10,
            11
          ],
          [
            11,
            12
          ],
          [
            12,
            13
          ],
          [
            13,
            14
          ],
          [
            14,
            15
          ],
          [
            15,
            16
          ],
          [
            16,
            17
          ],
          [
            17,
            18
          ],
          [
            18,
            19
          ],
          [
            19,
            20
          ],
          [
            20,
            21
          ],
          [
            21,
            22
          ],
          [
            22,
            23
          ],
          [
            23,
            24
          ],
          [
            24,
            25
          ],
          [
            25,
            26
          ],
          [
            26,
            27
          ],
          [
            27,
            28
          ],
          [
            28,
            29
          ],
          [
            29,
            30
          ]
        ],
        "loop_mode": 0,
        "duration_q16": 1966080,
        "exact_yaw": 0,
        "residual_m": [
          {
            "numerator": 381301723788637274820526704267946262302037212000560218918872736216629143066576424420278802661639740312927718080759458934816759,
            "denominator": 693163044041854377174874480835480019432178956407993491014930281136784911840107328135053797357886761489661290145480636578274476032
          },
          {
            "numerator": 65938099183298097960389093815568510112750193874906122986298443762184141490459622342043438533696774453457879376890280171536375,
            "denominator": 693163044041854377174874480835480019432178956407993491014930281136784911840107328135053797357886761489661290145480636578274476032
          },
          {
            "numerator": 381301723788637274820526704267946262302037212000560218918872736216629143066576424420278802661639740312927718080759458934816759,
            "denominator": 693163044041854377174874480835480019432178956407993491014930281136784911840107328135053797357886761489661290145480636578274476032
          }
        ],
        "scope": "all triangle interiors on exact Content-rendered edges including loop closure; source-local/yaw zero only, no arbitrary handoff or other-yaw permission"
      }
    ]
  },
  "production_qualified": false
}
