{
  "parts": [
    {
      "floor_crossing": [
        -161,
        -1,
        -517,
        293,
        1157,
        434
      ],
      "above_floor": [
        -306,
        0,
        -528,
        367,
        1157,
        648
      ]
    },
    {
      "floor_crossing": [
        -193,
        -60,
        -820,
        164,
        1422,
        909
      ],
      "above_floor": [
        -272,
        0,
        -763,
        328,
        1364,
        868
      ]
    }
  ],
  "production_qualified": false
}
