Godot Engine v4.7.2.stable.official.ed1daf0bf - https://godotengine.org
OpenGL API 4.1 Metal - 90.5 - Compatibility - Using Device: Apple - Apple M5 Pro

[EntityManager] ready
[GameManager] ready
[SettlementSystem] ready
[EconomySystem] ready
[UIManager] ready
content-memory: before=159391396; after=160041744; prior_peak=256157140; peak=256157140; declared_peak=7141920; isolated=false
cardinal-frame: 1 side-yaw0-idle-000
cardinal-frame: 32 side-yaw0-idle-ready-000
cardinal-frame: 46 side-yaw0-idle-ready-014
cardinal-frame: 47 side-yaw0-walk-000
cardinal-frame: 92 side-yaw0-walk-ready-000
cardinal-frame: 106 side-yaw0-walk-ready-014
cardinal-frame: 107 side-yaw0-down-partial-000
cardinal-frame: 128 side-yaw0-down-retrace-000
cardinal-frame: 148 side-yaw0-down-retrace-020
cardinal-frame: 149 side-yaw0-down-work-000
cardinal-frame: 197 side-yaw0-down-work-048
cardinal-frame: 240 side-yaw0-down-recovery-000
cardinal-frame: 288 side-yaw0-down-recovery-048
cardinal-frame: 336 side-yaw0-down-recovery-096
cardinal-frame: 340 side-yaw0-down-recovery-100
cardinal-frame: 341 side-yaw0-high-work-000
cardinal-frame: 389 side-yaw0-high-work-048
cardinal-frame: 424 side-yaw0-high-recovery-000
cardinal-frame: 472 side-yaw0-high-recovery-048
cardinal-frame: 512 side-yaw0-high-recovery-088
cardinal-frame: 513 side-yaw0-front-partial-000
cardinal-frame: 530 side-yaw0-front-retrace-000
cardinal-frame: 546 side-yaw0-front-retrace-016
cardinal-frame: 547 side-yaw0-front-work-000
cardinal-frame: 595 side-yaw0-front-work-048
cardinal-frame: 643 side-yaw0-front-work-096
cardinal-frame: 648 side-yaw0-front-recovery-000
cardinal-frame: 696 side-yaw0-front-recovery-048
cardinal-frame: 738 side-yaw0-front-recovery-090
cardinal-frame: 739 side-yaw0-install-partial-000
cardinal-frame: 756 side-yaw0-install-retrace-000
cardinal-frame: 772 side-yaw0-install-retrace-016
cardinal-frame: 773 side-yaw0-install-work-000
cardinal-frame: 821 side-yaw0-install-work-048
cardinal-frame: 856 side-yaw0-install-recovery-000
cardinal-frame: 904 side-yaw0-install-recovery-048
cardinal-frame: 952 side-yaw0-install-recovery-096
cardinal-frame: 956 side-yaw0-install-recovery-100
cardinal-frame: 957 rts-yaw0-idle-000
cardinal-frame: 988 rts-yaw0-idle-ready-000
cardinal-frame: 1002 rts-yaw0-idle-ready-014
cardinal-frame: 1003 rts-yaw0-walk-000
cardinal-frame: 1048 rts-yaw0-walk-ready-000
cardinal-frame: 1062 rts-yaw0-walk-ready-014
cardinal-frame: 1063 rts-yaw0-down-partial-000
cardinal-frame: 1084 rts-yaw0-down-retrace-000
cardinal-frame: 1104 rts-yaw0-down-retrace-020
cardinal-frame: 1105 rts-yaw0-down-work-000
cardinal-frame: 1153 rts-yaw0-down-work-048
cardinal-frame: 1196 rts-yaw0-down-recovery-000
cardinal-frame: 1244 rts-yaw0-down-recovery-048
cardinal-frame: 1292 rts-yaw0-down-recovery-096
cardinal-frame: 1296 rts-yaw0-down-recovery-100
cardinal-frame: 1297 rts-yaw0-high-work-000
cardinal-frame: 1345 rts-yaw0-high-work-048
cardinal-frame: 1380 rts-yaw0-high-recovery-000
cardinal-frame: 1428 rts-yaw0-high-recovery-048
cardinal-frame: 1468 rts-yaw0-high-recovery-088
cardinal-frame: 1469 rts-yaw0-front-partial-000
cardinal-frame: 1486 rts-yaw0-front-retrace-000
cardinal-frame: 1502 rts-yaw0-front-retrace-016
cardinal-frame: 1503 rts-yaw0-front-work-000
cardinal-frame: 1551 rts-yaw0-front-work-048
cardinal-frame: 1599 rts-yaw0-front-work-096
cardinal-frame: 1604 rts-yaw0-front-recovery-000
cardinal-frame: 1652 rts-yaw0-front-recovery-048
cardinal-frame: 1694 rts-yaw0-front-recovery-090
cardinal-frame: 1695 rts-yaw0-install-partial-000
cardinal-frame: 1712 rts-yaw0-install-retrace-000
cardinal-frame: 1728 rts-yaw0-install-retrace-016
cardinal-frame: 1729 rts-yaw0-install-work-000
cardinal-frame: 1777 rts-yaw0-install-work-048
cardinal-frame: 1812 rts-yaw0-install-recovery-000
cardinal-frame: 1860 rts-yaw0-install-recovery-048
cardinal-frame: 1908 rts-yaw0-install-recovery-096
cardinal-frame: 1912 rts-yaw0-install-recovery-100
cardinal-frame: 1913 side-yaw16384-idle-000
cardinal-frame: 1944 side-yaw16384-idle-ready-000
cardinal-frame: 1958 side-yaw16384-idle-ready-014
cardinal-frame: 1959 side-yaw16384-walk-000
cardinal-frame: 2004 side-yaw16384-walk-ready-000
cardinal-frame: 2018 side-yaw16384-walk-ready-014
cardinal-frame: 2019 side-yaw16384-down-partial-000
cardinal-frame: 2040 side-yaw16384-down-retrace-000
cardinal-frame: 2060 side-yaw16384-down-retrace-020
cardinal-frame: 2061 side-yaw16384-down-work-000
cardinal-frame: 2109 side-yaw16384-down-work-048
cardinal-frame: 2152 side-yaw16384-down-recovery-000
cardinal-frame: 2200 side-yaw16384-down-recovery-048
cardinal-frame: 2248 side-yaw16384-down-recovery-096
cardinal-frame: 2252 side-yaw16384-down-recovery-100
cardinal-frame: 2253 side-yaw16384-high-work-000
cardinal-frame: 2301 side-yaw16384-high-work-048
cardinal-frame: 2336 side-yaw16384-high-recovery-000
cardinal-frame: 2384 side-yaw16384-high-recovery-048
cardinal-frame: 2424 side-yaw16384-high-recovery-088
cardinal-frame: 2425 side-yaw16384-front-partial-000
cardinal-frame: 2442 side-yaw16384-front-retrace-000
cardinal-frame: 2458 side-yaw16384-front-retrace-016
cardinal-frame: 2459 side-yaw16384-front-work-000
cardinal-frame: 2507 side-yaw16384-front-work-048
cardinal-frame: 2555 side-yaw16384-front-work-096
cardinal-frame: 2560 side-yaw16384-front-recovery-000
cardinal-frame: 2608 side-yaw16384-front-recovery-048
cardinal-frame: 2650 side-yaw16384-front-recovery-090
cardinal-frame: 2651 side-yaw16384-install-partial-000
cardinal-frame: 2668 side-yaw16384-install-retrace-000
cardinal-frame: 2684 side-yaw16384-install-retrace-016
cardinal-frame: 2685 side-yaw16384-install-work-000
cardinal-frame: 2733 side-yaw16384-install-work-048
cardinal-frame: 2768 side-yaw16384-install-recovery-000
cardinal-frame: 2816 side-yaw16384-install-recovery-048
cardinal-frame: 2864 side-yaw16384-install-recovery-096
cardinal-frame: 2868 side-yaw16384-install-recovery-100
cardinal-frame: 2869 rts-yaw16384-idle-000
cardinal-frame: 2900 rts-yaw16384-idle-ready-000
cardinal-frame: 2914 rts-yaw16384-idle-ready-014
cardinal-frame: 2915 rts-yaw16384-walk-000
cardinal-frame: 2960 rts-yaw16384-walk-ready-000
cardinal-frame: 2974 rts-yaw16384-walk-ready-014
cardinal-frame: 2975 rts-yaw16384-down-partial-000
cardinal-frame: 2996 rts-yaw16384-down-retrace-000
cardinal-frame: 3016 rts-yaw16384-down-retrace-020
cardinal-frame: 3017 rts-yaw16384-down-work-000
cardinal-frame: 3065 rts-yaw16384-down-work-048
cardinal-frame: 3108 rts-yaw16384-down-recovery-000
cardinal-frame: 3156 rts-yaw16384-down-recovery-048
cardinal-frame: 3204 rts-yaw16384-down-recovery-096
cardinal-frame: 3208 rts-yaw16384-down-recovery-100
cardinal-frame: 3209 rts-yaw16384-high-work-000
cardinal-frame: 3257 rts-yaw16384-high-work-048
cardinal-frame: 3292 rts-yaw16384-high-recovery-000
cardinal-frame: 3340 rts-yaw16384-high-recovery-048
cardinal-frame: 3380 rts-yaw16384-high-recovery-088
cardinal-frame: 3381 rts-yaw16384-front-partial-000
cardinal-frame: 3398 rts-yaw16384-front-retrace-000
cardinal-frame: 3414 rts-yaw16384-front-retrace-016
cardinal-frame: 3415 rts-yaw16384-front-work-000
cardinal-frame: 3463 rts-yaw16384-front-work-048
cardinal-frame: 3511 rts-yaw16384-front-work-096
cardinal-frame: 3516 rts-yaw16384-front-recovery-000
cardinal-frame: 3564 rts-yaw16384-front-recovery-048
cardinal-frame: 3606 rts-yaw16384-front-recovery-090
cardinal-frame: 3607 rts-yaw16384-install-partial-000
cardinal-frame: 3624 rts-yaw16384-install-retrace-000
cardinal-frame: 3640 rts-yaw16384-install-retrace-016
cardinal-frame: 3641 rts-yaw16384-install-work-000
cardinal-frame: 3689 rts-yaw16384-install-work-048
cardinal-frame: 3724 rts-yaw16384-install-recovery-000
cardinal-frame: 3772 rts-yaw16384-install-recovery-048
cardinal-frame: 3820 rts-yaw16384-install-recovery-096
cardinal-frame: 3824 rts-yaw16384-install-recovery-100
cardinal-frame: 3825 side-yaw32768-idle-000
cardinal-frame: 3856 side-yaw32768-idle-ready-000
cardinal-frame: 3870 side-yaw32768-idle-ready-014
cardinal-frame: 3871 side-yaw32768-walk-000
cardinal-frame: 3916 side-yaw32768-walk-ready-000
cardinal-frame: 3930 side-yaw32768-walk-ready-014
cardinal-frame: 3931 side-yaw32768-down-partial-000
cardinal-frame: 3952 side-yaw32768-down-retrace-000
cardinal-frame: 3972 side-yaw32768-down-retrace-020
cardinal-frame: 3973 side-yaw32768-down-work-000
cardinal-frame: 4021 side-yaw32768-down-work-048
cardinal-frame: 4064 side-yaw32768-down-recovery-000
cardinal-frame: 4112 side-yaw32768-down-recovery-048
cardinal-frame: 4160 side-yaw32768-down-recovery-096
cardinal-frame: 4164 side-yaw32768-down-recovery-100
cardinal-frame: 4165 side-yaw32768-high-work-000
cardinal-frame: 4213 side-yaw32768-high-work-048
cardinal-frame: 4248 side-yaw32768-high-recovery-000
cardinal-frame: 4296 side-yaw32768-high-recovery-048
cardinal-frame: 4336 side-yaw32768-high-recovery-088
cardinal-frame: 4337 side-yaw32768-front-partial-000
cardinal-frame: 4354 side-yaw32768-front-retrace-000
cardinal-frame: 4370 side-yaw32768-front-retrace-016
cardinal-frame: 4371 side-yaw32768-front-work-000
cardinal-frame: 4419 side-yaw32768-front-work-048
cardinal-frame: 4467 side-yaw32768-front-work-096
cardinal-frame: 4472 side-yaw32768-front-recovery-000
cardinal-frame: 4520 side-yaw32768-front-recovery-048
cardinal-frame: 4562 side-yaw32768-front-recovery-090
cardinal-frame: 4563 side-yaw32768-install-partial-000
cardinal-frame: 4580 side-yaw32768-install-retrace-000
cardinal-frame: 4596 side-yaw32768-install-retrace-016
cardinal-frame: 4597 side-yaw32768-install-work-000
cardinal-frame: 4645 side-yaw32768-install-work-048
cardinal-frame: 4680 side-yaw32768-install-recovery-000
cardinal-frame: 4728 side-yaw32768-install-recovery-048
cardinal-frame: 4776 side-yaw32768-install-recovery-096
cardinal-frame: 4780 side-yaw32768-install-recovery-100
cardinal-frame: 4781 rts-yaw32768-idle-000
cardinal-frame: 4812 rts-yaw32768-idle-ready-000
cardinal-frame: 4826 rts-yaw32768-idle-ready-014
cardinal-frame: 4827 rts-yaw32768-walk-000
cardinal-frame: 4872 rts-yaw32768-walk-ready-000
cardinal-frame: 4886 rts-yaw32768-walk-ready-014
cardinal-frame: 4887 rts-yaw32768-down-partial-000
cardinal-frame: 4908 rts-yaw32768-down-retrace-000
cardinal-frame: 4928 rts-yaw32768-down-retrace-020
cardinal-frame: 4929 rts-yaw32768-down-work-000
cardinal-frame: 4977 rts-yaw32768-down-work-048
cardinal-frame: 5020 rts-yaw32768-down-recovery-000
cardinal-frame: 5068 rts-yaw32768-down-recovery-048
cardinal-frame: 5116 rts-yaw32768-down-recovery-096
cardinal-frame: 5120 rts-yaw32768-down-recovery-100
cardinal-frame: 5121 rts-yaw32768-high-work-000
cardinal-frame: 5169 rts-yaw32768-high-work-048
cardinal-frame: 5204 rts-yaw32768-high-recovery-000
cardinal-frame: 5252 rts-yaw32768-high-recovery-048
cardinal-frame: 5292 rts-yaw32768-high-recovery-088
cardinal-frame: 5293 rts-yaw32768-front-partial-000
cardinal-frame: 5310 rts-yaw32768-front-retrace-000
cardinal-frame: 5326 rts-yaw32768-front-retrace-016
cardinal-frame: 5327 rts-yaw32768-front-work-000
cardinal-frame: 5375 rts-yaw32768-front-work-048
cardinal-frame: 5423 rts-yaw32768-front-work-096
cardinal-frame: 5428 rts-yaw32768-front-recovery-000
cardinal-frame: 5476 rts-yaw32768-front-recovery-048
cardinal-frame: 5518 rts-yaw32768-front-recovery-090
cardinal-frame: 5519 rts-yaw32768-install-partial-000
cardinal-frame: 5536 rts-yaw32768-install-retrace-000
cardinal-frame: 5552 rts-yaw32768-install-retrace-016
cardinal-frame: 5553 rts-yaw32768-install-work-000
cardinal-frame: 5601 rts-yaw32768-install-work-048
cardinal-frame: 5636 rts-yaw32768-install-recovery-000
cardinal-frame: 5684 rts-yaw32768-install-recovery-048
cardinal-frame: 5732 rts-yaw32768-install-recovery-096
cardinal-frame: 5736 rts-yaw32768-install-recovery-100
cardinal-frame: 5737 side-yaw49152-idle-000
cardinal-frame: 5768 side-yaw49152-idle-ready-000
cardinal-frame: 5782 side-yaw49152-idle-ready-014
cardinal-frame: 5783 side-yaw49152-walk-000
cardinal-frame: 5828 side-yaw49152-walk-ready-000
cardinal-frame: 5842 side-yaw49152-walk-ready-014
cardinal-frame: 5843 side-yaw49152-down-partial-000
cardinal-frame: 5864 side-yaw49152-down-retrace-000
cardinal-frame: 5884 side-yaw49152-down-retrace-020
cardinal-frame: 5885 side-yaw49152-down-work-000
cardinal-frame: 5933 side-yaw49152-down-work-048
cardinal-frame: 5976 side-yaw49152-down-recovery-000
cardinal-frame: 6024 side-yaw49152-down-recovery-048
cardinal-frame: 6072 side-yaw49152-down-recovery-096
cardinal-frame: 6076 side-yaw49152-down-recovery-100
cardinal-frame: 6077 side-yaw49152-high-work-000
cardinal-frame: 6125 side-yaw49152-high-work-048
cardinal-frame: 6160 side-yaw49152-high-recovery-000
cardinal-frame: 6208 side-yaw49152-high-recovery-048
cardinal-frame: 6248 side-yaw49152-high-recovery-088
cardinal-frame: 6249 side-yaw49152-front-partial-000
cardinal-frame: 6266 side-yaw49152-front-retrace-000
cardinal-frame: 6282 side-yaw49152-front-retrace-016
cardinal-frame: 6283 side-yaw49152-front-work-000
cardinal-frame: 6331 side-yaw49152-front-work-048
cardinal-frame: 6379 side-yaw49152-front-work-096
cardinal-frame: 6384 side-yaw49152-front-recovery-000
cardinal-frame: 6432 side-yaw49152-front-recovery-048
cardinal-frame: 6474 side-yaw49152-front-recovery-090
cardinal-frame: 6475 side-yaw49152-install-partial-000
cardinal-frame: 6492 side-yaw49152-install-retrace-000
cardinal-frame: 6508 side-yaw49152-install-retrace-016
cardinal-frame: 6509 side-yaw49152-install-work-000
cardinal-frame: 6557 side-yaw49152-install-work-048
cardinal-frame: 6592 side-yaw49152-install-recovery-000
cardinal-frame: 6640 side-yaw49152-install-recovery-048
cardinal-frame: 6688 side-yaw49152-install-recovery-096
cardinal-frame: 6692 side-yaw49152-install-recovery-100
cardinal-frame: 6693 rts-yaw49152-idle-000
cardinal-frame: 6724 rts-yaw49152-idle-ready-000
cardinal-frame: 6738 rts-yaw49152-idle-ready-014
cardinal-frame: 6739 rts-yaw49152-walk-000
cardinal-frame: 6784 rts-yaw49152-walk-ready-000
cardinal-frame: 6798 rts-yaw49152-walk-ready-014
cardinal-frame: 6799 rts-yaw49152-down-partial-000
cardinal-frame: 6820 rts-yaw49152-down-retrace-000
cardinal-frame: 6840 rts-yaw49152-down-retrace-020
cardinal-frame: 6841 rts-yaw49152-down-work-000
cardinal-frame: 6889 rts-yaw49152-down-work-048
cardinal-frame: 6932 rts-yaw49152-down-recovery-000
cardinal-frame: 6980 rts-yaw49152-down-recovery-048
cardinal-frame: 7028 rts-yaw49152-down-recovery-096
cardinal-frame: 7032 rts-yaw49152-down-recovery-100
cardinal-frame: 7033 rts-yaw49152-high-work-000
cardinal-frame: 7081 rts-yaw49152-high-work-048
cardinal-frame: 7116 rts-yaw49152-high-recovery-000
cardinal-frame: 7164 rts-yaw49152-high-recovery-048
cardinal-frame: 7204 rts-yaw49152-high-recovery-088
cardinal-frame: 7205 rts-yaw49152-front-partial-000
cardinal-frame: 7222 rts-yaw49152-front-retrace-000
cardinal-frame: 7238 rts-yaw49152-front-retrace-016
cardinal-frame: 7239 rts-yaw49152-front-work-000
cardinal-frame: 7287 rts-yaw49152-front-work-048
cardinal-frame: 7335 rts-yaw49152-front-work-096
cardinal-frame: 7340 rts-yaw49152-front-recovery-000
cardinal-frame: 7388 rts-yaw49152-front-recovery-048
cardinal-frame: 7430 rts-yaw49152-front-recovery-090
cardinal-frame: 7431 rts-yaw49152-install-partial-000
cardinal-frame: 7448 rts-yaw49152-install-retrace-000
cardinal-frame: 7464 rts-yaw49152-install-retrace-016
cardinal-frame: 7465 rts-yaw49152-install-work-000
cardinal-frame: 7513 rts-yaw49152-install-work-048
cardinal-frame: 7548 rts-yaw49152-install-recovery-000
cardinal-frame: 7596 rts-yaw49152-install-recovery-048
cardinal-frame: 7644 rts-yaw49152-install-recovery-096
cardinal-frame: 7648 rts-yaw49152-install-recovery-100
mole-cardinal-program: 7792 poses, 46852 assertions, 0 failures; qualified=0
