state_registry_coverage: PASS -- 112 modules, 543 rows, 933 packed columns checked
Godot Engine v4.7.2.stable.official.ed1daf0bf - https://godotengine.org

Godot Engine v4.7.2.stable.official.ed1daf0bf - https://godotengine.org

test_underground_actor.gd
  PASS  test_complete_world_basis_source_is_immutable_and_selection_preserves_refused_output
  PASS  test_world_basis_reader_refuses_corrupt_rows_metadata_footer_and_source_atomically
  PASS  test_world_binding_requires_the_entire_actual_domain_descriptor_and_exact_root_range
  PASS  test_explicit_world_equation_keeps_grounding_after_skin_and_identical_attachment_root
  PASS  test_native_world_binding_keeps_global_parts_independent_of_parent_and_refused_updates
  PASS  test_palette_copies_source_and_exposes_only_counts_and_digest
  PASS  test_invalid_source_capacity_and_components_leave_palette_unbound
  PASS  test_matrix_blend_is_affine_not_a_hidden_quaternion_path
  PASS  test_transition_is_a_convex_combination_of_four_final_matrices
  PASS  test_bad_frames_weights_and_scratch_preserve_the_prior_output
  PASS  test_finite_baker_refuses_unrecorded_attachment_surface_overrides
  PASS  test_finite_baker_requires_explicit_persistent_pick_binding_and_separate_carry_states
  PASS  test_skin_validation_rejects_missing_eighth_influence_and_zero_weight
  PASS  test_nonfinite_and_unproved_material_geometry_refuse_before_allocation
  PASS  test_actual_renderer_updates_original_mesh_and_owned_palette_or_refuses_dummy_backend
  PASS  test_static_attachment_offsets_follow_the_same_finite_palette_and_native_lifetime
  PASS  test_actual_instance_material_is_preserved_without_modifying_the_original_mesh
  PASS  test_configuration_outside_the_scene_tree_cannot_publish_an_orphan_skin_palette
  PASS  test_common_grounding_uses_the_same_four_positive_frame_weights
  PASS  test_grounding_capacity_and_nonfinite_source_refuse_before_any_publication
  PASS  test_native_common_translation_moves_body_and_attachment_without_changing_skin_matrices
CI_SUITE_TIME {"assertions":225,"failures":0,"suite":"test_underground_actor.gd","tests":21,"usec":385365}
test_underground_actor_content.gd
  PASS  test_streamed_source_is_immutable_and_has_explicit_full_peak_admission
  PASS  test_refused_corrupt_candidate_keeps_no_partial_palette_or_identity
  PASS  test_hash_and_last_byte_of_presentation_reserve_are_mandatory
  PASS  test_fixed_presentation_phase_preserves_loop_clamp_and_ping_pong_source_modes
  PASS  test_provenance_readers_preserve_failed_outputs_and_do_not_bless_unbound_profiles
  PASS  test_borrowed_mesh_geometry_and_skin_must_match_every_source_byte
  PASS  test_actor_configuration_refuses_before_native_allocation_when_source_or_tree_is_missing
CI_SUITE_TIME {"assertions":98,"failures":0,"suite":"test_underground_actor_content.gd","tests":7,"usec":60557}
[EntityManager] ready
[GameManager] ready
[SettlementSystem] ready
[EconomySystem] ready
[UIManager] ready


28 test(s), 323 assertion(s), 0 failure(s)
diagnostics: 0 unexpected error(s), 0 unexpected warning(s), 0 expected, 0 tolerated; leaked at exit: 0 object(s), 0 resource(s)
[EntityManager] ready
[GameManager] ready
[SettlementSystem] ready
[EconomySystem] ready
[UIManager] ready
log: 0 unexpected error(s), 0 unexpected warning(s); leaked at exit: 0 object(s), 0 resource(s).
ok: 28 tests, 323 assertions, 0 failures.
