Godot Engine v4.7.2.stable.official.ed1daf0bf - https://godotengine.org

[   0% ] [90m[1mfirst_scan_filesystem[22m | Started Project initialization (5 steps)[39m[0m
[   0% ] [90m[1mfirst_scan_filesystem[22m | Scanning file structure...[39m[0m
[  16% ] [90m[1mfirst_scan_filesystem[22m | Loading global class names...[39m[0m
[  33% ] [90m[1mfirst_scan_filesystem[22m | Verifying GDExtensions...[39m[0m
[  50% ] [90m[1mfirst_scan_filesystem[22m | Creating autoload scripts...[39m[0m
[  66% ] [90m[1mfirst_scan_filesystem[22m | Initializing plugins...[39m[0m
[  83% ] [90m[1mfirst_scan_filesystem[22m | Starting file scan...[39m[0m
[92m[ DONE ][39m [1mfirst_scan_filesystem[22m
[0m
[   0% ] [90m[1m_update_scan_actions[22m | Started Scanning actions... (93 steps)[39m[0m
[   0% ] [90m[1m_update_scan_actions[22m | opposite-000-source030.png[39m[0m
[   1% ] [90m[1m_update_scan_actions[22m | opposite-003-source033.png[39m[0m
[   2% ] [90m[1m_update_scan_actions[22m | opposite-006-source036.png[39m[0m
[   3% ] [90m[1m_update_scan_actions[22m | opposite-009-source039.png[39m[0m
[   4% ] [90m[1m_update_scan_actions[22m | opposite-012-source042.png[39m[0m
[   5% ] [90m[1m_update_scan_actions[22m | opposite-015-source041.png[39m[0m
[   6% ] [90m[1m_update_scan_actions[22m | opposite-018-source038.png[39m[0m
[   7% ] [90m[1m_update_scan_actions[22m | opposite-021-source035.png[39m[0m
[   8% ] [90m[1m_update_scan_actions[22m | opposite-024-source032.png[39m[0m
[   9% ] [90m[1m_update_scan_actions[22m | opposite-entry-00.png[39m[0m
[  10% ] [90m[1m_update_scan_actions[22m | opposite-entry-06.png[39m[0m
[  11% ] [90m[1m_update_scan_actions[22m | opposite-entry-12.png[39m[0m
[  12% ] [90m[1m_update_scan_actions[22m | opposite-entry-18.png[39m[0m
[  13% ] [90m[1m_update_scan_actions[22m | opposite-entry-24.png[39m[0m
[  14% ] [90m[1m_update_scan_actions[22m | opposite-entry-30.png[39m[0m
[  15% ] [90m[1m_update_scan_actions[22m | opposite-entry-36.png[39m[0m
[  17% ] [90m[1m_update_scan_actions[22m | opposite-entry-42.png[39m[0m
[  18% ] [90m[1m_update_scan_actions[22m | opposite-entry-48.png[39m[0m
[  19% ] [90m[1m_update_scan_actions[22m | opposite-entry-54.png[39m[0m
[  20% ] [90m[1m_update_scan_actions[22m | opposite-entry-60.png[39m[0m
[  21% ] [90m[1m_update_scan_actions[22m | opposite-recovery-00.png[39m[0m
[  22% ] [90m[1m_update_scan_actions[22m | opposite-recovery-06.png[39m[0m
[  23% ] [90m[1m_update_scan_actions[22m | opposite-recovery-12.png[39m[0m
[  24% ] [90m[1m_update_scan_actions[22m | opposite-recovery-18.png[39m[0m
[  25% ] [90m[1m_update_scan_actions[22m | opposite-recovery-24.png[39m[0m
[  26% ] [90m[1m_update_scan_actions[22m | opposite-recovery-30.png[39m[0m
[  27% ] [90m[1m_update_scan_actions[22m | opposite-recovery-36.png[39m[0m
[  28% ] [90m[1m_update_scan_actions[22m | opposite-recovery-42.png[39m[0m
[  29% ] [90m[1m_update_scan_actions[22m | opposite-recovery-48.png[39m[0m
[  30% ] [90m[1m_update_scan_actions[22m | opposite-recovery-54.png[39m[0m
[  31% ] [90m[1m_update_scan_actions[22m | opposite-recovery-60.png[39m[0m
[  32% ] [90m[1m_update_scan_actions[22m | rts-000-source030.png[39m[0m
[  34% ] [90m[1m_update_scan_actions[22m | rts-003-source033.png[39m[0m
[  35% ] [90m[1m_update_scan_actions[22m | rts-006-source036.png[39m[0m
[  36% ] [90m[1m_update_scan_actions[22m | rts-009-source039.png[39m[0m
[  37% ] [90m[1m_update_scan_actions[22m | rts-012-source042.png[39m[0m
[  38% ] [90m[1m_update_scan_actions[22m | rts-015-source041.png[39m[0m
[  39% ] [90m[1m_update_scan_actions[22m | rts-018-source038.png[39m[0m
[  40% ] [90m[1m_update_scan_actions[22m | rts-021-source035.png[39m[0m
[  41% ] [90m[1m_update_scan_actions[22m | rts-024-source032.png[39m[0m
[  42% ] [90m[1m_update_scan_actions[22m | rts-entry-00.png[39m[0m
[  43% ] [90m[1m_update_scan_actions[22m | rts-entry-06.png[39m[0m
[  44% ] [90m[1m_update_scan_actions[22m | rts-entry-12.png[39m[0m
[  45% ] [90m[1m_update_scan_actions[22m | rts-entry-18.png[39m[0m
[  46% ] [90m[1m_update_scan_actions[22m | rts-entry-24.png[39m[0m
[  47% ] [90m[1m_update_scan_actions[22m | rts-entry-30.png[39m[0m
[  48% ] [90m[1m_update_scan_actions[22m | rts-entry-36.png[39m[0m
[  50% ] [90m[1m_update_scan_actions[22m | rts-entry-42.png[39m[0m
[  51% ] [90m[1m_update_scan_actions[22m | rts-entry-48.png[39m[0m
[  52% ] [90m[1m_update_scan_actions[22m | rts-entry-54.png[39m[0m
[  53% ] [90m[1m_update_scan_actions[22m | rts-entry-60.png[39m[0m
[  54% ] [90m[1m_update_scan_actions[22m | rts-recovery-00.png[39m[0m
[  55% ] [90m[1m_update_scan_actions[22m | rts-recovery-06.png[39m[0m
[  56% ] [90m[1m_update_scan_actions[22m | rts-recovery-12.png[39m[0m
[  57% ] [90m[1m_update_scan_actions[22m | rts-recovery-18.png[39m[0m
[  58% ] [90m[1m_update_scan_actions[22m | rts-recovery-24.png[39m[0m
[  59% ] [90m[1m_update_scan_actions[22m | rts-recovery-30.png[39m[0m
[  60% ] [90m[1m_update_scan_actions[22m | rts-recovery-36.png[39m[0m
[  61% ] [90m[1m_update_scan_actions[22m | rts-recovery-42.png[39m[0m
[  62% ] [90m[1m_update_scan_actions[22m | rts-recovery-48.png[39m[0m
[  63% ] [90m[1m_update_scan_actions[22m | rts-recovery-54.png[39m[0m
[  64% ] [90m[1m_update_scan_actions[22m | rts-recovery-60.png[39m[0m
[  65% ] [90m[1m_update_scan_actions[22m | side-000-source030.png[39m[0m
[  67% ] [90m[1m_update_scan_actions[22m | side-003-source033.png[39m[0m
[  68% ] [90m[1m_update_scan_actions[22m | side-006-source036.png[39m[0m
[  69% ] [90m[1m_update_scan_actions[22m | side-009-source039.png[39m[0m
[  70% ] [90m[1m_update_scan_actions[22m | side-012-source042.png[39m[0m
[  71% ] [90m[1m_update_scan_actions[22m | side-015-source041.png[39m[0m
[  72% ] [90m[1m_update_scan_actions[22m | side-018-source038.png[39m[0m
[  73% ] [90m[1m_update_scan_actions[22m | side-021-source035.png[39m[0m
[  74% ] [90m[1m_update_scan_actions[22m | side-024-source032.png[39m[0m
[  75% ] [90m[1m_update_scan_actions[22m | side-entry-00.png[39m[0m
[  76% ] [90m[1m_update_scan_actions[22m | side-entry-06.png[39m[0m
[  77% ] [90m[1m_update_scan_actions[22m | side-entry-12.png[39m[0m
[  78% ] [90m[1m_update_scan_actions[22m | side-entry-18.png[39m[0m
[  79% ] [90m[1m_update_scan_actions[22m | side-entry-24.png[39m[0m
[  80% ] [90m[1m_update_scan_actions[22m | side-entry-30.png[39m[0m
[  81% ] [90m[1m_update_scan_actions[22m | side-entry-36.png[39m[0m
[  82% ] [90m[1m_update_scan_actions[22m | side-entry-42.png[39m[0m
[  84% ] [90m[1m_update_scan_actions[22m | side-entry-48.png[39m[0m
[  85% ] [90m[1m_update_scan_actions[22m | side-entry-54.png[39m[0m
[  86% ] [90m[1m_update_scan_actions[22m | side-entry-60.png[39m[0m
[  87% ] [90m[1m_update_scan_actions[22m | side-recovery-00.png[39m[0m
[  88% ] [90m[1m_update_scan_actions[22m | side-recovery-06.png[39m[0m
[  89% ] [90m[1m_update_scan_actions[22m | side-recovery-12.png[39m[0m
[  90% ] [90m[1m_update_scan_actions[22m | side-recovery-18.png[39m[0m
[  91% ] [90m[1m_update_scan_actions[22m | side-recovery-24.png[39m[0m
[  92% ] [90m[1m_update_scan_actions[22m | side-recovery-30.png[39m[0m
[  93% ] [90m[1m_update_scan_actions[22m | side-recovery-36.png[39m[0m
[  94% ] [90m[1m_update_scan_actions[22m | side-recovery-42.png[39m[0m
[  95% ] [90m[1m_update_scan_actions[22m | side-recovery-48.png[39m[0m
[  96% ] [90m[1m_update_scan_actions[22m | side-recovery-54.png[39m[0m
[  97% ] [90m[1m_update_scan_actions[22m | side-recovery-60.png[39m[0m
[92m[ DONE ][39m [1m_update_scan_actions[22m
[0m
[   0% ] [90m[1mreimport[22m | Started (Re)Importing Assets (93 steps)[39m[0m
[   0% ] [90m[1mreimport[22m | Preparing files to reimport...[39m[0m
[   1% ] [90m[1mreimport[22m | Preparing files to reimport...[39m[0m
[   2% ] [90m[1mreimport[22m | Preparing files to reimport...[39m[0m
[   3% ] [90m[1mreimport[22m | Preparing files to reimport...[39m[0m
[   4% ] [90m[1mreimport[22m | Preparing files to reimport...[39m[0m
[   5% ] [90m[1mreimport[22m | Preparing files to reimport...[39m[0m
[   6% ] [90m[1mreimport[22m | Preparing files to reimport...[39m[0m
[   7% ] [90m[1mreimport[22m | Preparing files to reimport...[39m[0m
[   8% ] [90m[1mreimport[22m | Preparing files to reimport...[39m[0m
[   9% ] [90m[1mreimport[22m | Preparing files to reimport...[39m[0m
[  10% ] [90m[1mreimport[22m | Preparing files to reimport...[39m[0m
[  11% ] [90m[1mreimport[22m | Preparing files to reimport...[39m[0m
[  12% ] [90m[1mreimport[22m | Preparing files to reimport...[39m[0m
[  13% ] [90m[1mreimport[22m | Preparing files to reimport...[39m[0m
[  14% ] [90m[1mreimport[22m | Preparing files to reimport...[39m[0m
[  15% ] [90m[1mreimport[22m | Preparing files to reimport...[39m[0m
[  17% ] [90m[1mreimport[22m | Preparing files to reimport...[39m[0m
[  18% ] [90m[1mreimport[22m | Preparing files to reimport...[39m[0m
[  19% ] [90m[1mreimport[22m | Preparing files to reimport...[39m[0m
[  20% ] [90m[1mreimport[22m | Preparing files to reimport...[39m[0m
[  21% ] [90m[1mreimport[22m | Preparing files to reimport...[39m[0m
[  22% ] [90m[1mreimport[22m | Preparing files to reimport...[39m[0m
[  23% ] [90m[1mreimport[22m | Preparing files to reimport...[39m[0m
[  24% ] [90m[1mreimport[22m | Preparing files to reimport...[39m[0m
[  25% ] [90m[1mreimport[22m | Preparing files to reimport...[39m[0m
[  26% ] [90m[1mreimport[22m | Preparing files to reimport...[39m[0m
[  27% ] [90m[1mreimport[22m | Preparing files to reimport...[39m[0m
[  28% ] [90m[1mreimport[22m | Preparing files to reimport...[39m[0m
[  29% ] [90m[1mreimport[22m | Preparing files to reimport...[39m[0m
[  30% ] [90m[1mreimport[22m | Preparing files to reimport...[39m[0m
[  31% ] [90m[1mreimport[22m | Preparing files to reimport...[39m[0m
[  32% ] [90m[1mreimport[22m | Preparing files to reimport...[39m[0m
[  34% ] [90m[1mreimport[22m | Preparing files to reimport...[39m[0m
[  35% ] [90m[1mreimport[22m | Preparing files to reimport...[39m[0m
[  36% ] [90m[1mreimport[22m | Preparing files to reimport...[39m[0m
[  37% ] [90m[1mreimport[22m | Preparing files to reimport...[39m[0m
[  38% ] [90m[1mreimport[22m | Preparing files to reimport...[39m[0m
[  39% ] [90m[1mreimport[22m | Preparing files to reimport...[39m[0m
[  40% ] [90m[1mreimport[22m | Preparing files to reimport...[39m[0m
[  41% ] [90m[1mreimport[22m | Preparing files to reimport...[39m[0m
[  42% ] [90m[1mreimport[22m | Preparing files to reimport...[39m[0m
[  43% ] [90m[1mreimport[22m | Preparing files to reimport...[39m[0m
[  44% ] [90m[1mreimport[22m | Preparing files to reimport...[39m[0m
[  45% ] [90m[1mreimport[22m | Preparing files to reimport...[39m[0m
[  46% ] [90m[1mreimport[22m | Preparing files to reimport...[39m[0m
[  47% ] [90m[1mreimport[22m | Preparing files to reimport...[39m[0m
[  48% ] [90m[1mreimport[22m | Preparing files to reimport...[39m[0m
[  50% ] [90m[1mreimport[22m | Preparing files to reimport...[39m[0m
[  51% ] [90m[1mreimport[22m | Preparing files to reimport...[39m[0m
[  52% ] [90m[1mreimport[22m | Preparing files to reimport...[39m[0m
[  53% ] [90m[1mreimport[22m | Preparing files to reimport...[39m[0m
[  54% ] [90m[1mreimport[22m | Preparing files to reimport...[39m[0m
[  55% ] [90m[1mreimport[22m | Preparing files to reimport...[39m[0m
[  56% ] [90m[1mreimport[22m | Preparing files to reimport...[39m[0m
[  57% ] [90m[1mreimport[22m | Preparing files to reimport...[39m[0m
[  58% ] [90m[1mreimport[22m | Preparing files to reimport...[39m[0m
[  59% ] [90m[1mreimport[22m | Preparing files to reimport...[39m[0m
[  60% ] [90m[1mreimport[22m | Preparing files to reimport...[39m[0m
[  61% ] [90m[1mreimport[22m | Preparing files to reimport...[39m[0m
[  62% ] [90m[1mreimport[22m | Preparing files to reimport...[39m[0m
[  63% ] [90m[1mreimport[22m | Preparing files to reimport...[39m[0m
[  64% ] [90m[1mreimport[22m | Preparing files to reimport...[39m[0m
[  65% ] [90m[1mreimport[22m | Preparing files to reimport...[39m[0m
[  67% ] [90m[1mreimport[22m | Preparing files to reimport...[39m[0m
[  68% ] [90m[1mreimport[22m | Preparing files to reimport...[39m[0m
[  69% ] [90m[1mreimport[22m | Preparing files to reimport...[39m[0m
[  70% ] [90m[1mreimport[22m | Preparing files to reimport...[39m[0m
[  71% ] [90m[1mreimport[22m | Preparing files to reimport...[39m[0m
[  72% ] [90m[1mreimport[22m | Preparing files to reimport...[39m[0m
[  73% ] [90m[1mreimport[22m | Preparing files to reimport...[39m[0m
[  74% ] [90m[1mreimport[22m | Preparing files to reimport...[39m[0m
[  75% ] [90m[1mreimport[22m | Preparing files to reimport...[39m[0m
[  76% ] [90m[1mreimport[22m | Preparing files to reimport...[39m[0m
[  77% ] [90m[1mreimport[22m | Preparing files to reimport...[39m[0m
[  78% ] [90m[1mreimport[22m | Preparing files to reimport...[39m[0m
[  79% ] [90m[1mreimport[22m | Preparing files to reimport...[39m[0m
[  80% ] [90m[1mreimport[22m | Preparing files to reimport...[39m[0m
[  81% ] [90m[1mreimport[22m | Preparing files to reimport...[39m[0m
[  82% ] [90m[1mreimport[22m | Preparing files to reimport...[39m[0m
[  84% ] [90m[1mreimport[22m | Preparing files to reimport...[39m[0m
[  85% ] [90m[1mreimport[22m | Preparing files to reimport...[39m[0m
[  86% ] [90m[1mreimport[22m | Preparing files to reimport...[39m[0m
[  87% ] [90m[1mreimport[22m | Preparing files to reimport...[39m[0m
[  88% ] [90m[1mreimport[22m | Preparing files to reimport...[39m[0m
[  89% ] [90m[1mreimport[22m | Preparing files to reimport...[39m[0m
[  90% ] [90m[1mreimport[22m | Preparing files to reimport...[39m[0m
[  91% ] [90m[1mreimport[22m | Preparing files to reimport...[39m[0m
[  92% ] [90m[1mreimport[22m | Preparing files to reimport...[39m[0m
[  93% ] [90m[1mreimport[22m | Preparing files to reimport...[39m[0m
[  94% ] [90m[1mreimport[22m | Preparing files to reimport...[39m[0m
[  95% ] [90m[1mreimport[22m | Preparing files to reimport...[39m[0m
[  96% ] [90m[1mreimport[22m | Preparing files to reimport...[39m[0m
[  97% ] [90m[1mreimport[22m | Preparing files to reimport...[39m[0m
[   0% ] [90m[1mreimport[22m | Executing pre-reimport operations...[39m[0m
[   0% ] [90m[1mreimport[22m | side-021-source035.png[39m[0m
[   1% ] [90m[1mreimport[22m | side-018-source038.png[39m[0m
[   2% ] [90m[1mreimport[22m | side-015-source041.png[39m[0m
[   3% ] [90m[1mreimport[22m | side-012-source042.png[39m[0m
[   4% ] [90m[1mreimport[22m | side-009-source039.png[39m[0m
[   5% ] [90m[1mreimport[22m | side-006-source036.png[39m[0m
[   6% ] [90m[1mreimport[22m | side-003-source033.png[39m[0m
[   7% ] [90m[1mreimport[22m | side-000-source030.png[39m[0m
[   8% ] [90m[1mreimport[22m | rts-recovery-60.png[39m[0m
[   9% ] [90m[1mreimport[22m | rts-recovery-54.png[39m[0m
[  10% ] [90m[1mreimport[22m | rts-recovery-48.png[39m[0m
[  11% ] [90m[1mreimport[22m | rts-recovery-42.png[39m[0m
[  12% ] [90m[1mreimport[22m | rts-recovery-36.png[39m[0m
[  13% ] [90m[1mreimport[22m | rts-recovery-30.png[39m[0m
[  14% ] [90m[1mreimport[22m | rts-recovery-24.png[39m[0m
[  15% ] [90m[1mreimport[22m | rts-recovery-18.png[39m[0m
[  17% ] [90m[1mreimport[22m | rts-recovery-12.png[39m[0m
[  18% ] [90m[1mreimport[22m | rts-recovery-06.png[39m[0m
[  19% ] [90m[1mreimport[22m | rts-recovery-00.png[39m[0m
[  20% ] [90m[1mreimport[22m | rts-entry-60.png[39m[0m
[  21% ] [90m[1mreimport[22m | rts-entry-54.png[39m[0m
[  22% ] [90m[1mreimport[22m | rts-entry-48.png[39m[0m
[  23% ] [90m[1mreimport[22m | rts-entry-42.png[39m[0m
[  24% ] [90m[1mreimport[22m | side-recovery-60.png[39m[0m
[  25% ] [90m[1mreimport[22m | side-recovery-54.png[39m[0m
[  26% ] [90m[1mreimport[22m | side-recovery-48.png[39m[0m
[  27% ] [90m[1mreimport[22m | side-recovery-42.png[39m[0m
[  28% ] [90m[1mreimport[22m | side-recovery-36.png[39m[0m
[  29% ] [90m[1mreimport[22m | side-recovery-30.png[39m[0m
[  30% ] [90m[1mreimport[22m | side-recovery-24.png[39m[0m
[  31% ] [90m[1mreimport[22m | side-recovery-18.png[39m[0m
[  32% ] [90m[1mreimport[22m | side-recovery-12.png[39m[0m
[  34% ] [90m[1mreimport[22m | side-recovery-06.png[39m[0m
[  35% ] [90m[1mreimport[22m | side-recovery-00.png[39m[0m
[  36% ] [90m[1mreimport[22m | side-entry-60.png[39m[0m
[  37% ] [90m[1mreimport[22m | side-entry-54.png[39m[0m
[  38% ] [90m[1mreimport[22m | side-entry-48.png[39m[0m
[  39% ] [90m[1mreimport[22m | side-entry-42.png[39m[0m
[  40% ] [90m[1mreimport[22m | side-entry-36.png[39m[0m
[  41% ] [90m[1mreimport[22m | side-entry-30.png[39m[0m
[  42% ] [90m[1mreimport[22m | side-entry-24.png[39m[0m
[  43% ] [90m[1mreimport[22m | side-entry-18.png[39m[0m
[  44% ] [90m[1mreimport[22m | side-entry-12.png[39m[0m
[  45% ] [90m[1mreimport[22m | side-entry-06.png[39m[0m
[  46% ] [90m[1mreimport[22m | side-entry-00.png[39m[0m
[  47% ] [90m[1mreimport[22m | side-024-source032.png[39m[0m
[  48% ] [90m[1mreimport[22m | opposite-recovery-12.png[39m[0m
[  50% ] [90m[1mreimport[22m | opposite-recovery-06.png[39m[0m
[  51% ] [90m[1mreimport[22m | opposite-recovery-00.png[39m[0m
[  52% ] [90m[1mreimport[22m | opposite-entry-60.png[39m[0m
[  53% ] [90m[1mreimport[22m | opposite-entry-54.png[39m[0m
[  54% ] [90m[1mreimport[22m | opposite-entry-48.png[39m[0m
[  55% ] [90m[1mreimport[22m | opposite-entry-42.png[39m[0m
[  56% ] [90m[1mreimport[22m | opposite-entry-36.png[39m[0m
[  57% ] [90m[1mreimport[22m | opposite-entry-30.png[39m[0m
[  58% ] [90m[1mreimport[22m | opposite-entry-24.png[39m[0m
[  59% ] [90m[1mreimport[22m | opposite-entry-18.png[39m[0m
[  60% ] [90m[1mreimport[22m | opposite-entry-12.png[39m[0m
[  61% ] [90m[1mreimport[22m | opposite-entry-06.png[39m[0m
[  62% ] [90m[1mreimport[22m | opposite-entry-00.png[39m[0m
[  63% ] [90m[1mreimport[22m | opposite-024-source032.png[39m[0m
[  64% ] [90m[1mreimport[22m | opposite-021-source035.png[39m[0m
[  65% ] [90m[1mreimport[22m | opposite-018-source038.png[39m[0m
[  67% ] [90m[1mreimport[22m | opposite-015-source041.png[39m[0m
[  68% ] [90m[1mreimport[22m | opposite-012-source042.png[39m[0m
[  69% ] [90m[1mreimport[22m | opposite-009-source039.png[39m[0m
[  70% ] [90m[1mreimport[22m | opposite-006-source036.png[39m[0m
[  71% ] [90m[1mreimport[22m | opposite-003-source033.png[39m[0m
[  72% ] [90m[1mreimport[22m | opposite-000-source030.png[39m[0m
[  73% ] [90m[1mreimport[22m | rts-entry-36.png[39m[0m
[  74% ] [90m[1mreimport[22m | rts-entry-30.png[39m[0m
[  75% ] [90m[1mreimport[22m | rts-entry-24.png[39m[0m
[  76% ] [90m[1mreimport[22m | rts-entry-18.png[39m[0m
[  77% ] [90m[1mreimport[22m | rts-entry-12.png[39m[0m
[  78% ] [90m[1mreimport[22m | rts-entry-06.png[39m[0m
[  79% ] [90m[1mreimport[22m | rts-entry-00.png[39m[0m
[  80% ] [90m[1mreimport[22m | rts-024-source032.png[39m[0m
[  81% ] [90m[1mreimport[22m | rts-021-source035.png[39m[0m
[  82% ] [90m[1mreimport[22m | rts-018-source038.png[39m[0m
[  84% ] [90m[1mreimport[22m | rts-015-source041.png[39m[0m
[  85% ] [90m[1mreimport[22m | rts-012-source042.png[39m[0m
[  86% ] [90m[1mreimport[22m | rts-009-source039.png[39m[0m
[  87% ] [90m[1mreimport[22m | rts-006-source036.png[39m[0m
[  88% ] [90m[1mreimport[22m | rts-003-source033.png[39m[0m
[  89% ] [90m[1mreimport[22m | rts-000-source030.png[39m[0m
[  90% ] [90m[1mreimport[22m | opposite-recovery-60.png[39m[0m
[  91% ] [90m[1mreimport[22m | opposite-recovery-54.png[39m[0m
[  92% ] [90m[1mreimport[22m | opposite-recovery-48.png[39m[0m
[  93% ] [90m[1mreimport[22m | opposite-recovery-42.png[39m[0m
[  94% ] [90m[1mreimport[22m | opposite-recovery-36.png[39m[0m
[  95% ] [90m[1mreimport[22m | opposite-recovery-30.png[39m[0m
[  96% ] [90m[1mreimport[22m | opposite-recovery-24.png[39m[0m
[  97% ] [90m[1mreimport[22m | opposite-recovery-18.png[39m[0m
[  98% ] [90m[1mreimport[22m | Finalizing Asset Import...[39m[0m
[92m[ DONE ][39m [1mreimport[22m
[0m
[   0% ] [90m[1mreimport[22m | Started (Re)Importing Assets (93 steps)[39m[0m
[   0% ] [90m[1mreimport[22m | Executing post-reimport operations...[39m[0m
[92m[ DONE ][39m [1mreimport[22m
[0m
[   0% ] [90m[1mloading_editor_layout[22m | Started Loading editor (5 steps)[39m[0m
[   0% ] [90m[1mloading_editor_layout[22m | Loading editor layout...[39m[0m
[  16% ] [90m[1mloading_editor_layout[22m | Loading docks...[39m[0m
[  33% ] [90m[1mloading_editor_layout[22m | Reopening scenes...[39m[0m
[  50% ] [90m[1mloading_editor_layout[22m | Loading central editor layout...[39m[0m
[  66% ] [90m[1mloading_editor_layout[22m | Loading plugin window layout...[39m[0m
[  83% ] [90m[1mloading_editor_layout[22m | Editor layout ready.[39m[0m
[92m[ DONE ][39m [1mloading_editor_layout[22m
[0m
