{
  "targets": [
    {
      "assembly": 0,
      "existing_target_kind": "retained_natural",
      "target_bounds_u": [
        -1024,
        -128,
        0,
        -512,
        0,
        128
      ],
      "station_root_u": [
        -832,
        0,
        512
      ],
      "local_target_box_u": [
        -192,
        -128,
        -512,
        320,
        0,
        -384
      ],
      "local_patch_limits_u": [
        -192,
        0,
        -512,
        320,
        0,
        -384
      ],
      "scope": "candidate existing face only; no authored stroke, stance or work permission"
    },
    {
      "assembly": 1,
      "existing_target_kind": "installed_part",
      "target_bounds_u": [
        -256,
        -64,
        -2048,
        256,
        0,
        -1920
      ],
      "station_root_u": [
        0,
        0,
        -1536
      ],
      "local_target_box_u": [
        -256,
        -64,
        -512,
        256,
        0,
        -384
      ],
      "local_patch_limits_u": [
        -256,
        0,
        -512,
        256,
        0,
        -384
      ],
      "scope": "candidate existing face only; no authored stroke, stance or work permission"
    }
  ],
  "vertices": [
    {
      "vertex": 148,
      "source_m": [
        -0.6314398050308228,
        0.1740776002407074,
        -0.7260041832923889
      ],
      "ready_u": [
        536.7142146714659,
        519.0289741701472,
        -707.6507693839017
      ],
      "downward_reference_u": [
        [
          125.50009169667669,
          1057.5894733160517,
          898.6539597161341
        ],
        [
          37.737868641540146,
          -59.69884173899709,
          -637.7091488527094
        ],
        [
          125.50009169667669,
          1057.5894733160517,
          898.6539597161341
        ]
      ],
      "meaning": "known previously witnessed pick tip"
    },
    {
      "vertex": 149,
      "source_m": [
        -0.6236627101898193,
        0.2130647450685501,
        -0.7396608591079712
      ],
      "ready_u": [
        546.8456958434563,
        521.8403505628062,
        -700.9865029329683
      ],
      "downward_reference_u": [
        [
          128.32951765947644,
          1049.8788026835255,
          908.0082686007256
        ],
        [
          42.18152760141206,
          -52.91236445726258,
          -647.1516533963263
        ],
        [
          128.32951765947644,
          1049.8788026835255,
          908.0082686007256
        ]
      ],
      "meaning": "raw mesh extremum; anatomical/head label unreviewed"
    },
    {
      "vertex": 155,
      "source_m": [
        -0.5572671890258789,
        0.3896633982658386,
        0.7071331739425659
      ],
      "ready_u": [
        261.34584662875386,
        809.310309508197,
        -550.8341234948248
      ],
      "downward_reference_u": [
        [
          -185.8609751398867,
          831.5521664387315,
          707.228219449481
        ],
        [
          -265.24337383519594,
          207.01868571720388,
          -490.2420704375836
        ],
        [
          -185.8609751398867,
          831.5521664387315,
          707.228219449481
        ]
      ],
      "meaning": "raw mesh extremum; anatomical/head label unreviewed"
    },
    {
      "vertex": 157,
      "source_m": [
        -0.5649862289428711,
        0.0,
        0.7109028100967407
      ],
      "ready_u": [
        185.579607323476,
        745.5540859952762,
        -610.1394992147107
      ],
      "downward_reference_u": [
        [
          -171.35631303341142,
          911.6188947975306,
          625.3659032038104
        ],
        [
          -266.5148056160251,
          131.3537663040588,
          -403.08866530511114
        ],
        [
          -171.35631303341142,
          911.6188947975306,
          625.3659032038104
        ]
      ],
      "meaning": "raw mesh extremum; anatomical/head label unreviewed"
    },
    {
      "vertex": 478,
      "source_m": [
        -0.5544813275337219,
        0.126980260014534,
        0.7396608591079712
      ],
      "ready_u": [
        203.31208375075676,
        770.6274416815345,
        -586.6202626745433
      ],
      "downward_reference_u": [
        [
          -181.16287580784058,
          880.5516536751993,
          646.2207908299781
        ],
        [
          -271.1598868040762,
          161.81500741520927,
          -426.472525581406
        ],
        [
          -181.16287580784058,
          880.5516536751993,
          646.2207908299781
        ]
      ],
      "meaning": "raw mesh extremum; anatomical/head label unreviewed"
    },
    {
      "vertex": 652,
      "source_m": [
        -0.9508814215660095,
        0.18018996715545654,
        -0.004074394702911377
      ],
      "ready_u": [
        396.1359797665973,
        704.3216654576772,
        -731.4007356499042
      ],
      "downward_reference_u": [
        [
          -95.65669123627595,
          1028.9458525970044,
          828.4479101701445
        ],
        [
          -184.8560933597201,
          -5.5014497080319416,
          -591.0803802700102
        ],
        [
          -95.65669123627595,
          1028.9458525970044,
          828.4479101701445
        ]
      ],
      "meaning": "raw mesh extremum; anatomical/head label unreviewed"
    },
    {
      "vertex": 1153,
      "source_m": [
        0.9508814215660095,
        0.21502093970775604,
        0.025428473949432373
      ],
      "ready_u": [
        300.75181686633186,
        415.37416872900985,
        -257.2952276334074
      ],
      "downward_reference_u": [
        [
          262.6902723396071,
          675.0853082216859,
          575.9898738981826
        ],
        [
          182.97658226617554,
          327.797361194014,
          -324.6675148973841
        ],
        [
          262.6902723396071,
          675.0853082216859,
          575.9898738981826
        ]
      ],
      "meaning": "raw mesh extremum; anatomical/head label unreviewed"
    }
  ],
  "production_qualified": false
}
