state_registry_coverage: PASS -- 110 modules, 534 rows, 927 packed columns checked
Godot Engine v4.7.2.stable.official.ed1daf0bf - https://godotengine.org

Godot Engine v4.7.2.stable.official.ed1daf0bf - https://godotengine.org

test_underground_profiles.gd
  PASS  test_actual_identity_and_nonzero_directory_slot_select_without_state_mutation
  PASS  test_refusal_preserves_outputs_and_source_scratch
  PASS  test_exact_orientation_is_never_rounded_to_cardinal
  PASS  test_failed_replacement_preserves_live_bank_and_success_invalidates_old_selection
  PASS  test_missing_proof_state_stance_and_box_census_refuse
  PASS  test_duplicate_and_unsorted_physical_keys_refuse_atomically
  PASS  test_configure_reserves_both_banks_and_limits_native_control
  PASS  test_equipped_tool_cannot_disappear_behind_an_empty_hint_or_unloaded_profile
  PASS  test_real_cargo_quantity_and_recipe_are_exact_not_mass_or_case_aliases
  PASS  test_collaborator_rebinding_is_refused_with_no_identity_alias
  PASS  test_absent_stage_and_wrong_connector_family_do_not_inherit_permissions
  PASS  test_work_requires_actual_job_and_exact_contact_orientation
CI_SUITE_TIME {"assertions":213,"failures":0,"suite":"test_underground_profiles.gd","tests":12,"usec":386121}
[EntityManager] ready
[GameManager] ready
[SettlementSystem] ready
[EconomySystem] ready
[UIManager] ready


12 test(s), 213 assertion(s), 0 failure(s)
diagnostics: 0 unexpected error(s), 0 unexpected warning(s), 0 expected, 0 tolerated; leaked at exit: 0 object(s), 0 resource(s)
[EntityManager] ready
[GameManager] ready
[SettlementSystem] ready
[EconomySystem] ready
[UIManager] ready
log: 0 unexpected error(s), 0 unexpected warning(s); leaked at exit: 0 object(s), 0 resource(s).
ok: 12 tests, 213 assertions, 0 failures.
