{
  "schema": 1,
  "rows": 9780,
  "clips": [
    "approach",
    "lift",
    "place",
    "recovery",
    "hold",
    "enter",
    "carry",
    "exit",
    "stand",
    "walk",
    "enter_haul",
    "leave_haul"
  ],
  "clip_frames": [
    61,
    61,
    61,
    61,
    2,
    65,
    219,
    65,
    122,
    45,
    31,
    31
  ],
  "part_visibility_masks": [
    3,
    3,
    3,
    3,
    3,
    3,
    3,
    3,
    1,
    1,
    3,
    3
  ],
  "native_visibility_rows_checked": 9780,
  "complete_vertices_per_row": [
    17172,
    522
  ],
  "complete_triangles": [
    10209,
    768
  ],
  "coefficient_mismatches": 0,
  "max_source_to_native_input_vertex_error_u": [
    0.00028730677422572626,
    0.000995327667624224
  ],
  "minimum_visible_floor_gap_u": {
    "body": 0.0013656654891747166,
    "stock": 0.001941680908203125
  },
  "hidden_stock_minimum_height_u": -3.750988006591797,
  "exact_rational_two_hand_witnesses": 11256,
  "joins": {
    "exact_joins_per_view": 13,
    "exact_reversal_pairs_per_view": 4,
    "views": 3
  },
  "native_capture_sha256": "92e6b2a01dfefa8351036d4820342f200764779f77634fd2c2fe739ed351f54d",
  "production_qualified": false,
  "runtime_admitted": false,
  "scope": "Actual native registered matrix inputs at all keys and quarter intervals, and the actual native MeshInstance visibility of both parts at every row. Exact rational hand intersections use those coefficients; complete vertex reconstruction uses binary64. The hidden stand/walk stock coefficient is the S fixture value; it is neither rendered nor a physical claim, so it is excluded from the floor proof and reported separately. GPU shader roundoff and unsampled Q16 times are not certified. No finite World support/traversal, loaded turns, foot sliding/root advance or gameplay timing is granted."
}
