self-clearance-progress {"interval": 0, "checks": 11486, "pairs": 11486, "unresolved": 0}
self-clearance-progress {"interval": 1, "checks": 22937, "pairs": 22937, "unresolved": 0}
self-clearance-progress {"interval": 2, "checks": 35617, "pairs": 35617, "unresolved": 0}
self-clearance-progress {"interval": 3, "checks": 48356, "pairs": 48356, "unresolved": 0}
self-clearance-progress {"interval": 4, "checks": 57852, "pairs": 57852, "unresolved": 0}
self-clearance-progress {"interval": 5, "checks": 64412, "pairs": 64412, "unresolved": 0}
self-clearance-progress {"interval": 6, "checks": 68920, "pairs": 68920, "unresolved": 0}
self-clearance-progress {"interval": 7, "checks": 73776, "pairs": 73776, "unresolved": 0}
self-clearance-progress {"interval": 8, "checks": 84128, "pairs": 84128, "unresolved": 0}
self-clearance-progress {"interval": 9, "checks": 99555, "pairs": 99555, "unresolved": 0}
self-clearance-progress {"interval": 10, "checks": 121400, "pairs": 121400, "unresolved": 0}
self-clearance-progress {"interval": 11, "checks": 139127, "pairs": 139127, "unresolved": 0}
self-clearance-progress {"interval": 12, "checks": 165953, "pairs": 165953, "unresolved": 0}
self-clearance-progress {"interval": 13, "checks": 192255, "pairs": 192255, "unresolved": 0}
self-clearance-progress {"interval": 14, "checks": 222493, "pairs": 222493, "unresolved": 0}
self-clearance-progress {"interval": 15, "checks": 242152, "pairs": 242152, "unresolved": 0}
self-clearance-progress {"interval": 16, "checks": 255629, "pairs": 255615, "unresolved": 0}
self-clearance-progress {"interval": 17, "checks": 272661, "pairs": 272647, "unresolved": 0}
self-clearance-progress {"interval": 18, "checks": 289693, "pairs": 289679, "unresolved": 0}
self-clearance-progress {"interval": 19, "checks": 303170, "pairs": 303142, "unresolved": 0}
self-clearance-progress {"interval": 20, "checks": 322829, "pairs": 322801, "unresolved": 0}
self-clearance-progress {"interval": 21, "checks": 353067, "pairs": 353039, "unresolved": 0}
self-clearance-progress {"interval": 22, "checks": 379369, "pairs": 379341, "unresolved": 0}
self-clearance-progress {"interval": 23, "checks": 406195, "pairs": 406167, "unresolved": 0}
self-clearance-progress {"interval": 24, "checks": 423922, "pairs": 423894, "unresolved": 0}
self-clearance-progress {"interval": 25, "checks": 445767, "pairs": 445739, "unresolved": 0}
self-clearance-progress {"interval": 26, "checks": 461194, "pairs": 461166, "unresolved": 0}
self-clearance-progress {"interval": 27, "checks": 471546, "pairs": 471518, "unresolved": 0}
self-clearance-progress {"interval": 28, "checks": 476402, "pairs": 476374, "unresolved": 0}
self-clearance-progress {"interval": 29, "checks": 480910, "pairs": 480882, "unresolved": 0}
self-clearance-progress {"interval": 30, "checks": 487470, "pairs": 487442, "unresolved": 0}
self-clearance-progress {"interval": 31, "checks": 496966, "pairs": 496938, "unresolved": 0}
self-clearance-progress {"interval": 32, "checks": 509705, "pairs": 509677, "unresolved": 0}
self-clearance-progress {"interval": 33, "checks": 522385, "pairs": 522357, "unresolved": 0}
self-clearance-progress {"interval": 34, "checks": 533836, "pairs": 533808, "unresolved": 0}
self-clearance-progress {"interval": 35, "checks": 545322, "pairs": 545294, "unresolved": 0}
self-clearance-progress {"interval": 0, "checks": 6822, "pairs": 6822, "unresolved": 0}
self-clearance-progress {"interval": 1, "checks": 14340, "pairs": 14340, "unresolved": 0}
self-clearance-progress {"interval": 2, "checks": 22371, "pairs": 22371, "unresolved": 0}
self-clearance-progress {"interval": 3, "checks": 30692, "pairs": 30692, "unresolved": 0}
self-clearance-progress {"interval": 4, "checks": 38836, "pairs": 38836, "unresolved": 0}
self-clearance-progress {"interval": 5, "checks": 46857, "pairs": 46857, "unresolved": 0}
self-clearance-progress {"interval": 6, "checks": 54851, "pairs": 54851, "unresolved": 0}
self-clearance-progress {"interval": 7, "checks": 62765, "pairs": 62765, "unresolved": 0}
self-clearance-progress {"interval": 8, "checks": 70619, "pairs": 70619, "unresolved": 0}
self-clearance-progress {"interval": 9, "checks": 78283, "pairs": 78283, "unresolved": 0}
self-clearance-progress {"interval": 10, "checks": 85763, "pairs": 85763, "unresolved": 0}
self-clearance-progress {"interval": 11, "checks": 93008, "pairs": 93008, "unresolved": 0}
self-clearance-progress {"interval": 12, "checks": 99861, "pairs": 99861, "unresolved": 0}
self-clearance-progress {"interval": 13, "checks": 106213, "pairs": 106213, "unresolved": 0}
self-clearance-progress {"interval": 14, "checks": 111956, "pairs": 111956, "unresolved": 0}
self-clearance-progress {"interval": 15, "checks": 116957, "pairs": 116957, "unresolved": 0}
self-clearance-progress {"interval": 16, "checks": 121217, "pairs": 121217, "unresolved": 0}
self-clearance-progress {"interval": 17, "checks": 124716, "pairs": 124716, "unresolved": 0}
self-clearance-progress {"interval": 18, "checks": 127957, "pairs": 127957, "unresolved": 0}
self-clearance-progress {"interval": 19, "checks": 131377, "pairs": 131377, "unresolved": 0}
self-clearance-progress {"interval": 20, "checks": 135131, "pairs": 135131, "unresolved": 0}
self-clearance-progress {"interval": 21, "checks": 139161, "pairs": 139161, "unresolved": 0}
self-clearance-progress {"interval": 22, "checks": 143430, "pairs": 143430, "unresolved": 0}
self-clearance-progress {"interval": 23, "checks": 148252, "pairs": 148252, "unresolved": 0}
self-clearance-progress {"interval": 24, "checks": 153825, "pairs": 153825, "unresolved": 0}
self-clearance-progress {"interval": 25, "checks": 160270, "pairs": 160270, "unresolved": 0}
self-clearance-progress {"interval": 26, "checks": 167755, "pairs": 167755, "unresolved": 0}
self-clearance-progress {"interval": 27, "checks": 175593, "pairs": 175593, "unresolved": 0}
self-clearance-progress {"interval": 28, "checks": 182452, "pairs": 182452, "unresolved": 0}
self-clearance-progress {"interval": 29, "checks": 189935, "pairs": 189935, "unresolved": 0}
{
  "6": {
    "clear": true,
    "unresolved": [],
    "checks": 545322,
    "pairs": 545294,
    "body_triangles": 9761,
    "intentional_grip_triangles": 448,
    "tool_triangles": 1150,
    "intervals": 36
  },
  "7": {
    "clear": true,
    "unresolved": [],
    "checks": 189935,
    "pairs": 189935,
    "body_triangles": 9761,
    "intentional_grip_triangles": 448,
    "tool_triangles": 1150,
    "intervals": 30
  }
}
