{
  "entry_parts": [
    {
      "kind": "body",
      "name": "Body/Armature/Skeleton3D/char1",
      "full_bounds_u": [
        -452,
        -1,
        -474,
        520,
        1157,
        648
      ],
      "floor_intersection_u": [
        -248,
        -1,
        -145,
        203,
        0,
        338
      ],
      "above_floor_u": [
        -452,
        0,
        -474,
        520,
        1157,
        648
      ],
      "native_triangles": 10209,
      "intervals": 30,
      "rendered_edges": [
        [
          0,
          1
        ],
        [
          1,
          2
        ],
        [
          2,
          3
        ],
        [
          3,
          4
        ],
        [
          4,
          5
        ],
        [
          5,
          6
        ],
        [
          6,
          7
        ],
        [
          7,
          8
        ],
        [
          8,
          9
        ],
        [
          9,
          10
        ],
        [
          10,
          11
        ],
        [
          11,
          12
        ],
        [
          12,
          13
        ],
        [
          13,
          14
        ],
        [
          14,
          15
        ],
        [
          15,
          16
        ],
        [
          16,
          17
        ],
        [
          17,
          18
        ],
        [
          18,
          19
        ],
        [
          19,
          20
        ],
        [
          20,
          21
        ],
        [
          21,
          22
        ],
        [
          22,
          23
        ],
        [
          23,
          24
        ],
        [
          24,
          25
        ],
        [
          25,
          26
        ],
        [
          26,
          27
        ],
        [
          27,
          28
        ],
        [
          28,
          29
        ],
        [
          29,
          30
        ]
      ],
      "loop_mode": 0,
      "duration_q16": 1966080,
      "exact_yaw": 0,
      "residual_m": [
        {
          "numerator": 47018992236238220490494380427958278807045315186241493881527381042653291483337049082769,
          "denominator": 86222912460255855342211451475400390100500076765577924405780133137210437070777100844138496
        },
        {
          "numerator": 3896746145780686570168331926411476827778592428459393655088000783379847690340262268393,
          "denominator": 43111456230127927671105725737700195050250038382788962202890066568605218535388550422069248
        },
        {
          "numerator": 47018992236238220490494380427958278807045315186241493881527381042653291483337049082769,
          "denominator": 86222912460255855342211451475400390100500076765577924405780133137210437070777100844138496
        }
      ],
      "scope": "all triangle interiors on exact Content-rendered edges including loop closure; source-local/yaw zero only, no arbitrary handoff or other-yaw permission"
    },
    {
      "kind": "attachment",
      "name": "mole_pick",
      "full_bounds_u": [
        -188,
        379,
        -732,
        780,
        1192,
        909
      ],
      "floor_intersection_u": null,
      "above_floor_u": [
        -188,
        379,
        -732,
        780,
        1192,
        909
      ],
      "native_triangles": 1150,
      "intervals": 30,
      "rendered_edges": [
        [
          0,
          1
        ],
        [
          1,
          2
        ],
        [
          2,
          3
        ],
        [
          3,
          4
        ],
        [
          4,
          5
        ],
        [
          5,
          6
        ],
        [
          6,
          7
        ],
        [
          7,
          8
        ],
        [
          8,
          9
        ],
        [
          9,
          10
        ],
        [
          10,
          11
        ],
        [
          11,
          12
        ],
        [
          12,
          13
        ],
        [
          13,
          14
        ],
        [
          14,
          15
        ],
        [
          15,
          16
        ],
        [
          16,
          17
        ],
        [
          17,
          18
        ],
        [
          18,
          19
        ],
        [
          19,
          20
        ],
        [
          20,
          21
        ],
        [
          21,
          22
        ],
        [
          22,
          23
        ],
        [
          23,
          24
        ],
        [
          24,
          25
        ],
        [
          25,
          26
        ],
        [
          26,
          27
        ],
        [
          27,
          28
        ],
        [
          28,
          29
        ],
        [
          29,
          30
        ]
      ],
      "loop_mode": 0,
      "duration_q16": 1966080,
      "exact_yaw": 0,
      "residual_m": [
        {
          "numerator": 383205854115404612315821513272627782422091019162458040099120849176477295252541466358017978105858389434937205109890325257125879,
          "denominator": 693163044041854377174874480835480019432178956407993491014930281136784911840107328135053797357886761489661290145480636578274476032
        },
        {
          "numerator": 67842229510065435455683902820250030232804001036803944166546556722032293676424664279782613977915423575467366406021146493845495,
          "denominator": 693163044041854377174874480835480019432178956407993491014930281136784911840107328135053797357886761489661290145480636578274476032
        },
        {
          "numerator": 383205854115404612315821513272627782422091019162458040099120849176477295252541466358017978105858389434937205109890325257125879,
          "denominator": 693163044041854377174874480835480019432178956407993491014930281136784911840107328135053797357886761489661290145480636578274476032
        }
      ],
      "scope": "all triangle interiors on exact Content-rendered edges including loop closure; source-local/yaw zero only, no arbitrary handoff or other-yaw permission"
    }
  ],
  "high_face_entry_portions": [
    {
      "kind": "body",
      "forward": null
    },
    {
      "kind": "attachment",
      "forward": [
        185,
        514,
        -732,
        672,
        878,
        -536
      ]
    }
  ],
  "budget": {
    "retained_palette_bytes": 533372,
    "decode_staging_bytes": 533372,
    "borrowed_mesh_array_allowance_bytes": 4396032,
    "packed_tables_bytes": 840,
    "reader_native_control_reserve_bytes": 2097152,
    "admitted_peak_bytes": 7027396,
    "world_basis_separately_shared_bytes": 544768,
    "native_peak_measured": false,
    "excluded_borrowed_resources": "original meshes/textures and per-Actor RIDs; separate actual presentation-owner admission"
  }
}
