self-clearance-progress {"interval": 0, "checks": 6325, "pairs": 6325, "unresolved": 0}
self-clearance-progress {"interval": 1, "checks": 13235, "pairs": 13235, "unresolved": 0}
self-clearance-progress {"interval": 2, "checks": 19608, "pairs": 19608, "unresolved": 0}
self-clearance-progress {"interval": 3, "checks": 24828, "pairs": 24828, "unresolved": 0}
self-clearance-progress {"interval": 4, "checks": 28628, "pairs": 28628, "unresolved": 0}
self-clearance-progress {"interval": 5, "checks": 31682, "pairs": 31682, "unresolved": 0}
self-clearance-progress {"interval": 6, "checks": 33966, "pairs": 33966, "unresolved": 0}
self-clearance-progress {"interval": 7, "checks": 35699, "pairs": 35699, "unresolved": 0}
self-clearance-progress {"interval": 8, "checks": 38013, "pairs": 38013, "unresolved": 0}
self-clearance-progress {"interval": 9, "checks": 41204, "pairs": 41204, "unresolved": 0}
self-clearance-progress {"interval": 10, "checks": 44027, "pairs": 44027, "unresolved": 0}
self-clearance-progress {"interval": 11, "checks": 45154, "pairs": 45154, "unresolved": 0}
self-clearance-progress {"interval": 12, "checks": 46880, "pairs": 46880, "unresolved": 0}
self-clearance-progress {"interval": 13, "checks": 49272, "pairs": 49272, "unresolved": 0}
self-clearance-progress {"interval": 14, "checks": 54280, "pairs": 54280, "unresolved": 0}
self-clearance-progress {"interval": 15, "checks": 64888, "pairs": 64888, "unresolved": 0}
self-clearance-progress {"interval": 16, "checks": 80159, "pairs": 80159, "unresolved": 0}
self-clearance-progress {"interval": 17, "checks": 87137, "pairs": 87137, "unresolved": 0}
self-clearance-progress {"interval": 18, "checks": 94115, "pairs": 94115, "unresolved": 0}
self-clearance-progress {"interval": 19, "checks": 109386, "pairs": 109386, "unresolved": 0}
self-clearance-progress {"interval": 20, "checks": 119994, "pairs": 119994, "unresolved": 0}
self-clearance-progress {"interval": 21, "checks": 125002, "pairs": 125002, "unresolved": 0}
self-clearance-progress {"interval": 22, "checks": 127394, "pairs": 127394, "unresolved": 0}
self-clearance-progress {"interval": 23, "checks": 129120, "pairs": 129120, "unresolved": 0}
self-clearance-progress {"interval": 24, "checks": 130247, "pairs": 130247, "unresolved": 0}
self-clearance-progress {"interval": 25, "checks": 133070, "pairs": 133070, "unresolved": 0}
self-clearance-progress {"interval": 26, "checks": 136261, "pairs": 136261, "unresolved": 0}
self-clearance-progress {"interval": 27, "checks": 138575, "pairs": 138575, "unresolved": 0}
self-clearance-progress {"interval": 28, "checks": 140308, "pairs": 140308, "unresolved": 0}
self-clearance-progress {"interval": 29, "checks": 142592, "pairs": 142592, "unresolved": 0}
self-clearance-progress {"interval": 30, "checks": 145646, "pairs": 145646, "unresolved": 0}
self-clearance-progress {"interval": 31, "checks": 149446, "pairs": 149446, "unresolved": 0}
self-clearance-progress {"interval": 32, "checks": 154666, "pairs": 154666, "unresolved": 0}
self-clearance-progress {"interval": 33, "checks": 161039, "pairs": 161039, "unresolved": 0}
self-clearance-progress {"interval": 34, "checks": 167949, "pairs": 167949, "unresolved": 0}
self-clearance-progress {"interval": 35, "checks": 174274, "pairs": 174274, "unresolved": 0}
self-clearance-progress {"interval": 0, "checks": 194, "pairs": 194, "unresolved": 0}
self-clearance-progress {"interval": 1, "checks": 376, "pairs": 376, "unresolved": 0}
self-clearance-progress {"interval": 2, "checks": 554, "pairs": 554, "unresolved": 0}
self-clearance-progress {"interval": 3, "checks": 733, "pairs": 733, "unresolved": 0}
self-clearance-progress {"interval": 4, "checks": 916, "pairs": 916, "unresolved": 0}
self-clearance-progress {"interval": 5, "checks": 1098, "pairs": 1098, "unresolved": 0}
self-clearance-progress {"interval": 6, "checks": 1277, "pairs": 1277, "unresolved": 0}
self-clearance-progress {"interval": 7, "checks": 1474, "pairs": 1474, "unresolved": 0}
self-clearance-progress {"interval": 8, "checks": 1680, "pairs": 1680, "unresolved": 0}
self-clearance-progress {"interval": 9, "checks": 1891, "pairs": 1891, "unresolved": 0}
self-clearance-progress {"interval": 10, "checks": 2119, "pairs": 2119, "unresolved": 0}
self-clearance-progress {"interval": 11, "checks": 2348, "pairs": 2348, "unresolved": 0}
self-clearance-progress {"interval": 12, "checks": 2578, "pairs": 2578, "unresolved": 0}
self-clearance-progress {"interval": 13, "checks": 2815, "pairs": 2815, "unresolved": 0}
self-clearance-progress {"interval": 14, "checks": 3053, "pairs": 3053, "unresolved": 0}
self-clearance-progress {"interval": 15, "checks": 3314, "pairs": 3314, "unresolved": 0}
self-clearance-progress {"interval": 16, "checks": 3577, "pairs": 3577, "unresolved": 0}
self-clearance-progress {"interval": 17, "checks": 3872, "pairs": 3872, "unresolved": 0}
self-clearance-progress {"interval": 18, "checks": 4202, "pairs": 4202, "unresolved": 0}
self-clearance-progress {"interval": 19, "checks": 4539, "pairs": 4539, "unresolved": 0}
self-clearance-progress {"interval": 20, "checks": 4899, "pairs": 4899, "unresolved": 0}
self-clearance-progress {"interval": 21, "checks": 5316, "pairs": 5316, "unresolved": 0}
self-clearance-progress {"interval": 22, "checks": 5783, "pairs": 5783, "unresolved": 0}
self-clearance-progress {"interval": 23, "checks": 6269, "pairs": 6269, "unresolved": 0}
self-clearance-progress {"interval": 24, "checks": 6787, "pairs": 6787, "unresolved": 0}
self-clearance-progress {"interval": 25, "checks": 7330, "pairs": 7330, "unresolved": 0}
self-clearance-progress {"interval": 26, "checks": 7906, "pairs": 7906, "unresolved": 0}
self-clearance-progress {"interval": 27, "checks": 8539, "pairs": 8539, "unresolved": 0}
self-clearance-progress {"interval": 28, "checks": 9259, "pairs": 9259, "unresolved": 0}
self-clearance-progress {"interval": 29, "checks": 10031, "pairs": 10031, "unresolved": 0}
self-clearance-progress {"interval": 0, "checks": 180, "pairs": 180, "unresolved": 0}
self-clearance-progress {"interval": 1, "checks": 359, "pairs": 359, "unresolved": 0}
self-clearance-progress {"interval": 2, "checks": 537, "pairs": 537, "unresolved": 0}
self-clearance-progress {"interval": 3, "checks": 727, "pairs": 727, "unresolved": 0}
self-clearance-progress {"interval": 4, "checks": 938, "pairs": 938, "unresolved": 0}
self-clearance-progress {"interval": 5, "checks": 1167, "pairs": 1167, "unresolved": 0}
self-clearance-progress {"interval": 6, "checks": 1402, "pairs": 1402, "unresolved": 0}
self-clearance-progress {"interval": 7, "checks": 1634, "pairs": 1634, "unresolved": 0}
self-clearance-progress {"interval": 8, "checks": 1862, "pairs": 1862, "unresolved": 0}
self-clearance-progress {"interval": 9, "checks": 2084, "pairs": 2084, "unresolved": 0}
self-clearance-progress {"interval": 10, "checks": 2301, "pairs": 2301, "unresolved": 0}
self-clearance-progress {"interval": 11, "checks": 2519, "pairs": 2519, "unresolved": 0}
self-clearance-progress {"interval": 12, "checks": 2723, "pairs": 2723, "unresolved": 0}
self-clearance-progress {"interval": 13, "checks": 2911, "pairs": 2911, "unresolved": 0}
self-clearance-progress {"interval": 14, "checks": 3098, "pairs": 3098, "unresolved": 0}
self-clearance-progress {"interval": 15, "checks": 3298, "pairs": 3298, "unresolved": 0}
self-clearance-progress {"interval": 16, "checks": 3536, "pairs": 3536, "unresolved": 0}
self-clearance-progress {"interval": 17, "checks": 3814, "pairs": 3814, "unresolved": 0}
self-clearance-progress {"interval": 18, "checks": 4078, "pairs": 4078, "unresolved": 0}
self-clearance-progress {"interval": 19, "checks": 4383, "pairs": 4383, "unresolved": 0}
self-clearance-progress {"interval": 20, "checks": 4729, "pairs": 4729, "unresolved": 0}
self-clearance-progress {"interval": 21, "checks": 5079, "pairs": 5079, "unresolved": 0}
self-clearance-progress {"interval": 22, "checks": 5492, "pairs": 5492, "unresolved": 0}
self-clearance-progress {"interval": 23, "checks": 6020, "pairs": 6020, "unresolved": 0}
self-clearance-progress {"interval": 24, "checks": 6590, "pairs": 6590, "unresolved": 0}
self-clearance-progress {"interval": 25, "checks": 7116, "pairs": 7116, "unresolved": 0}
self-clearance-progress {"interval": 26, "checks": 7730, "pairs": 7730, "unresolved": 0}
self-clearance-progress {"interval": 27, "checks": 8313, "pairs": 8313, "unresolved": 0}
self-clearance-progress {"interval": 28, "checks": 8832, "pairs": 8832, "unresolved": 0}
self-clearance-progress {"interval": 29, "checks": 9365, "pairs": 9365, "unresolved": 0}
self-clearance-progress {"interval": 30, "checks": 10050, "pairs": 10050, "unresolved": 0}
self-clearance-progress {"interval": 31, "checks": 10744, "pairs": 10744, "unresolved": 0}
self-clearance-progress {"interval": 32, "checks": 11547, "pairs": 11547, "unresolved": 0}
self-clearance-progress {"interval": 33, "checks": 12590, "pairs": 12590, "unresolved": 0}
self-clearance-progress {"interval": 34, "checks": 13601, "pairs": 13601, "unresolved": 0}
self-clearance-progress {"interval": 35, "checks": 14773, "pairs": 14773, "unresolved": 0}
self-clearance-progress {"interval": 36, "checks": 15420, "pairs": 15420, "unresolved": 0}
self-clearance-progress {"interval": 37, "checks": 15629, "pairs": 15629, "unresolved": 0}
self-clearance-progress {"interval": 38, "checks": 15771, "pairs": 15771, "unresolved": 0}
self-clearance-progress {"interval": 39, "checks": 16008, "pairs": 16008, "unresolved": 0}
self-clearance-progress {"interval": 40, "checks": 16452, "pairs": 16452, "unresolved": 0}
self-clearance-progress {"interval": 41, "checks": 17030, "pairs": 17030, "unresolved": 0}
self-clearance-progress {"interval": 42, "checks": 17656, "pairs": 17656, "unresolved": 0}
self-clearance-progress {"interval": 43, "checks": 18495, "pairs": 18495, "unresolved": 0}
self-clearance-progress {"interval": 44, "checks": 19367, "pairs": 19367, "unresolved": 0}
self-clearance-progress {"interval": 45, "checks": 20217, "pairs": 20217, "unresolved": 0}
self-clearance-progress {"interval": 46, "checks": 20839, "pairs": 20839, "unresolved": 0}
self-clearance-progress {"interval": 47, "checks": 21318, "pairs": 21318, "unresolved": 0}
self-clearance-progress {"interval": 48, "checks": 21849, "pairs": 21849, "unresolved": 0}
self-clearance-progress {"interval": 49, "checks": 22296, "pairs": 22296, "unresolved": 0}
self-clearance-progress {"interval": 50, "checks": 22704, "pairs": 22704, "unresolved": 0}
self-clearance-progress {"interval": 51, "checks": 23216, "pairs": 23216, "unresolved": 0}
self-clearance-progress {"interval": 52, "checks": 23828, "pairs": 23828, "unresolved": 0}
self-clearance-progress {"interval": 53, "checks": 24646, "pairs": 24646, "unresolved": 0}
self-clearance-progress {"interval": 54, "checks": 25685, "pairs": 25685, "unresolved": 0}
self-clearance-progress {"interval": 55, "checks": 26843, "pairs": 26843, "unresolved": 0}
self-clearance-progress {"interval": 56, "checks": 28274, "pairs": 28274, "unresolved": 0}
self-clearance-progress {"interval": 57, "checks": 30149, "pairs": 30149, "unresolved": 0}
self-clearance-progress {"interval": 58, "checks": 31991, "pairs": 31991, "unresolved": 0}
self-clearance-progress {"interval": 59, "checks": 34284, "pairs": 34284, "unresolved": 0}
self-clearance-progress {"interval": 60, "checks": 36491, "pairs": 36491, "unresolved": 0}
self-clearance-progress {"interval": 61, "checks": 38810, "pairs": 38810, "unresolved": 0}
self-clearance-progress {"interval": 62, "checks": 40918, "pairs": 40918, "unresolved": 0}
self-clearance-progress {"interval": 63, "checks": 42895, "pairs": 42895, "unresolved": 0}
self-clearance-progress {"interval": 64, "checks": 44917, "pairs": 44917, "unresolved": 0}
self-clearance-progress {"interval": 65, "checks": 46596, "pairs": 46596, "unresolved": 0}
self-clearance-progress {"interval": 66, "checks": 48142, "pairs": 48142, "unresolved": 0}
self-clearance-progress {"interval": 67, "checks": 49500, "pairs": 49500, "unresolved": 0}
self-clearance-progress {"interval": 68, "checks": 50457, "pairs": 50457, "unresolved": 0}
self-clearance-progress {"interval": 69, "checks": 51182, "pairs": 51182, "unresolved": 0}
self-clearance-progress {"interval": 70, "checks": 51662, "pairs": 51662, "unresolved": 0}
self-clearance-progress {"interval": 71, "checks": 52046, "pairs": 52046, "unresolved": 0}
self-clearance-progress {"interval": 72, "checks": 52358, "pairs": 52358, "unresolved": 0}
self-clearance-progress {"interval": 73, "checks": 52641, "pairs": 52641, "unresolved": 0}
self-clearance-progress {"interval": 74, "checks": 52875, "pairs": 52875, "unresolved": 0}
self-clearance-progress {"interval": 75, "checks": 52972, "pairs": 52972, "unresolved": 0}
self-clearance-progress {"interval": 76, "checks": 53071, "pairs": 53071, "unresolved": 0}
self-clearance-progress {"interval": 77, "checks": 53266, "pairs": 53266, "unresolved": 0}
self-clearance-progress {"interval": 78, "checks": 53507, "pairs": 53507, "unresolved": 0}
self-clearance-progress {"interval": 79, "checks": 53797, "pairs": 53797, "unresolved": 0}
self-clearance-progress {"interval": 80, "checks": 54193, "pairs": 54193, "unresolved": 0}
self-clearance-progress {"interval": 81, "checks": 54686, "pairs": 54686, "unresolved": 0}
self-clearance-progress {"interval": 82, "checks": 55450, "pairs": 55450, "unresolved": 0}
self-clearance-progress {"interval": 83, "checks": 56317, "pairs": 56317, "unresolved": 0}
self-clearance-progress {"interval": 84, "checks": 57208, "pairs": 57208, "unresolved": 0}
self-clearance-progress {"interval": 85, "checks": 58054, "pairs": 58054, "unresolved": 0}
self-clearance-progress {"interval": 86, "checks": 58948, "pairs": 58948, "unresolved": 0}
self-clearance-progress {"interval": 87, "checks": 59970, "pairs": 59970, "unresolved": 0}
self-clearance-progress {"interval": 88, "checks": 61031, "pairs": 61031, "unresolved": 0}
self-clearance-progress {"interval": 89, "checks": 62212, "pairs": 62212, "unresolved": 0}
self-clearance-progress {"interval": 90, "checks": 63453, "pairs": 63453, "unresolved": 0}
self-clearance-progress {"interval": 91, "checks": 64762, "pairs": 64762, "unresolved": 0}
self-clearance-progress {"interval": 92, "checks": 65926, "pairs": 65926, "unresolved": 0}
self-clearance-progress {"interval": 93, "checks": 66962, "pairs": 66962, "unresolved": 0}
self-clearance-progress {"interval": 94, "checks": 68172, "pairs": 68172, "unresolved": 0}
self-clearance-progress {"interval": 95, "checks": 69320, "pairs": 69320, "unresolved": 0}
self-clearance-progress {"interval": 96, "checks": 70317, "pairs": 70317, "unresolved": 0}
self-clearance-progress {"interval": 97, "checks": 71272, "pairs": 71272, "unresolved": 0}
self-clearance-progress {"interval": 98, "checks": 72136, "pairs": 72136, "unresolved": 0}
self-clearance-progress {"interval": 99, "checks": 72830, "pairs": 72830, "unresolved": 0}
self-clearance-progress {"interval": 100, "checks": 73353, "pairs": 73353, "unresolved": 0}
self-clearance-progress {"interval": 101, "checks": 73757, "pairs": 73757, "unresolved": 0}
self-clearance-progress {"interval": 102, "checks": 74059, "pairs": 74059, "unresolved": 0}
self-clearance-progress {"interval": 103, "checks": 74332, "pairs": 74332, "unresolved": 0}
self-clearance-progress {"interval": 104, "checks": 74601, "pairs": 74601, "unresolved": 0}
self-clearance-progress {"interval": 105, "checks": 74868, "pairs": 74868, "unresolved": 0}
self-clearance-progress {"interval": 106, "checks": 75143, "pairs": 75143, "unresolved": 0}
self-clearance-progress {"interval": 107, "checks": 75399, "pairs": 75399, "unresolved": 0}
self-clearance-progress {"interval": 108, "checks": 75673, "pairs": 75673, "unresolved": 0}
self-clearance-progress {"interval": 109, "checks": 75963, "pairs": 75963, "unresolved": 0}
self-clearance-progress {"interval": 110, "checks": 76245, "pairs": 76245, "unresolved": 0}
self-clearance-progress {"interval": 111, "checks": 76516, "pairs": 76516, "unresolved": 0}
self-clearance-progress {"interval": 112, "checks": 76772, "pairs": 76772, "unresolved": 0}
self-clearance-progress {"interval": 113, "checks": 77011, "pairs": 77011, "unresolved": 0}
self-clearance-progress {"interval": 114, "checks": 77244, "pairs": 77244, "unresolved": 0}
self-clearance-progress {"interval": 115, "checks": 77457, "pairs": 77457, "unresolved": 0}
self-clearance-progress {"interval": 116, "checks": 77668, "pairs": 77668, "unresolved": 0}
self-clearance-progress {"interval": 117, "checks": 77857, "pairs": 77857, "unresolved": 0}
self-clearance-progress {"interval": 118, "checks": 78046, "pairs": 78046, "unresolved": 0}
self-clearance-progress {"interval": 119, "checks": 78216, "pairs": 78216, "unresolved": 0}
self-clearance-progress {"interval": 120, "checks": 78437, "pairs": 78437, "unresolved": 0}
self-clearance-progress {"interval": 0, "checks": 142, "pairs": 142, "unresolved": 0}
self-clearance-progress {"interval": 1, "checks": 1707, "pairs": 1707, "unresolved": 0}
self-clearance-progress {"interval": 2, "checks": 2885, "pairs": 2885, "unresolved": 0}
self-clearance-progress {"interval": 3, "checks": 4042, "pairs": 4042, "unresolved": 0}
self-clearance-progress {"interval": 4, "checks": 7221, "pairs": 7221, "unresolved": 0}
self-clearance-progress {"interval": 5, "checks": 9107, "pairs": 9107, "unresolved": 0}
self-clearance-progress {"interval": 6, "checks": 10118, "pairs": 10118, "unresolved": 0}
self-clearance-progress {"interval": 7, "checks": 10697, "pairs": 10697, "unresolved": 0}
self-clearance-progress {"interval": 8, "checks": 11455, "pairs": 11455, "unresolved": 0}
self-clearance-progress {"interval": 9, "checks": 12104, "pairs": 12104, "unresolved": 0}
self-clearance-progress {"interval": 10, "checks": 12676, "pairs": 12676, "unresolved": 0}
self-clearance-progress {"interval": 11, "checks": 14236, "pairs": 14236, "unresolved": 0}
self-clearance-progress {"interval": 12, "checks": 18194, "pairs": 18194, "unresolved": 0}
self-clearance-progress {"interval": 13, "checks": 21434, "pairs": 21434, "unresolved": 0}
self-clearance-progress {"interval": 14, "checks": 24325, "pairs": 24325, "unresolved": 0}
self-clearance-progress {"interval": 15, "checks": 27205, "pairs": 27205, "unresolved": 0}
self-clearance-progress {"interval": 16, "checks": 31798, "pairs": 31798, "unresolved": 0}
self-clearance-progress {"interval": 17, "checks": 38448, "pairs": 38448, "unresolved": 0}
self-clearance-progress {"interval": 18, "checks": 41789, "pairs": 41789, "unresolved": 0}
self-clearance-progress {"interval": 19, "checks": 44548, "pairs": 44548, "unresolved": 0}
self-clearance-progress {"interval": 20, "checks": 46720, "pairs": 46720, "unresolved": 0}
self-clearance-progress {"interval": 21, "checks": 49394, "pairs": 49394, "unresolved": 0}
self-clearance-progress {"interval": 22, "checks": 50145, "pairs": 50145, "unresolved": 0}
self-clearance-progress {"interval": 23, "checks": 50515, "pairs": 50515, "unresolved": 0}
self-clearance-progress {"interval": 24, "checks": 51145, "pairs": 51145, "unresolved": 0}
self-clearance-progress {"interval": 25, "checks": 52144, "pairs": 52144, "unresolved": 0}
self-clearance-progress {"interval": 26, "checks": 53287, "pairs": 53287, "unresolved": 0}
self-clearance-progress {"interval": 27, "checks": 56450, "pairs": 56450, "unresolved": 0}
self-clearance-progress {"interval": 28, "checks": 58573, "pairs": 58573, "unresolved": 0}
self-clearance-progress {"interval": 29, "checks": 62698, "pairs": 62698, "unresolved": 0}
self-clearance-progress {"interval": 30, "checks": 68196, "pairs": 68196, "unresolved": 0}
self-clearance-progress {"interval": 31, "checks": 71357, "pairs": 71357, "unresolved": 0}
self-clearance-progress {"interval": 32, "checks": 71499, "pairs": 71499, "unresolved": 0}
{
  "clips": {
    "6": {
      "clear": true,
      "unresolved": [],
      "checks": 174274,
      "pairs": 174274,
      "body_triangles": 9761,
      "intentional_grip_triangles": 448,
      "tool_triangles": 1150,
      "intervals": 36,
      "rendered_edges": [
        [
          0,
          1
        ],
        [
          1,
          2
        ],
        [
          2,
          3
        ],
        [
          3,
          4
        ],
        [
          4,
          5
        ],
        [
          5,
          6
        ],
        [
          6,
          7
        ],
        [
          7,
          8
        ],
        [
          8,
          9
        ],
        [
          9,
          10
        ],
        [
          10,
          11
        ],
        [
          11,
          12
        ],
        [
          12,
          13
        ],
        [
          13,
          14
        ],
        [
          14,
          15
        ],
        [
          15,
          16
        ],
        [
          16,
          17
        ],
        [
          17,
          18
        ],
        [
          18,
          19
        ],
        [
          19,
          20
        ],
        [
          20,
          21
        ],
        [
          21,
          22
        ],
        [
          22,
          23
        ],
        [
          23,
          24
        ],
        [
          24,
          25
        ],
        [
          25,
          26
        ],
        [
          26,
          27
        ],
        [
          27,
          28
        ],
        [
          28,
          29
        ],
        [
          29,
          30
        ],
        [
          30,
          31
        ],
        [
          31,
          32
        ],
        [
          32,
          33
        ],
        [
          33,
          34
        ],
        [
          34,
          35
        ],
        [
          35,
          0
        ]
      ],
      "loop_mode": 1,
      "duration_q16": 2359296,
      "exact_yaw": 0
    },
    "7": {
      "clear": true,
      "unresolved": [],
      "checks": 10031,
      "pairs": 10031,
      "body_triangles": 9761,
      "intentional_grip_triangles": 448,
      "tool_triangles": 1150,
      "intervals": 30,
      "rendered_edges": [
        [
          0,
          1
        ],
        [
          1,
          2
        ],
        [
          2,
          3
        ],
        [
          3,
          4
        ],
        [
          4,
          5
        ],
        [
          5,
          6
        ],
        [
          6,
          7
        ],
        [
          7,
          8
        ],
        [
          8,
          9
        ],
        [
          9,
          10
        ],
        [
          10,
          11
        ],
        [
          11,
          12
        ],
        [
          12,
          13
        ],
        [
          13,
          14
        ],
        [
          14,
          15
        ],
        [
          15,
          16
        ],
        [
          16,
          17
        ],
        [
          17,
          18
        ],
        [
          18,
          19
        ],
        [
          19,
          20
        ],
        [
          20,
          21
        ],
        [
          21,
          22
        ],
        [
          22,
          23
        ],
        [
          23,
          24
        ],
        [
          24,
          25
        ],
        [
          25,
          26
        ],
        [
          26,
          27
        ],
        [
          27,
          28
        ],
        [
          28,
          29
        ],
        [
          29,
          30
        ]
      ],
      "loop_mode": 0,
      "duration_q16": 1966080,
      "exact_yaw": 0
    },
    "0": {
      "clear": true,
      "unresolved": [],
      "checks": 78437,
      "pairs": 78437,
      "body_triangles": 9761,
      "intentional_grip_triangles": 448,
      "tool_triangles": 1150,
      "intervals": 121,
      "rendered_edges": [
        [
          0,
          1
        ],
        [
          1,
          2
        ],
        [
          2,
          3
        ],
        [
          3,
          4
        ],
        [
          4,
          5
        ],
        [
          5,
          6
        ],
        [
          6,
          7
        ],
        [
          7,
          8
        ],
        [
          8,
          9
        ],
        [
          9,
          10
        ],
        [
          10,
          11
        ],
        [
          11,
          12
        ],
        [
          12,
          13
        ],
        [
          13,
          14
        ],
        [
          14,
          15
        ],
        [
          15,
          16
        ],
        [
          16,
          17
        ],
        [
          17,
          18
        ],
        [
          18,
          19
        ],
        [
          19,
          20
        ],
        [
          20,
          21
        ],
        [
          21,
          22
        ],
        [
          22,
          23
        ],
        [
          23,
          24
        ],
        [
          24,
          25
        ],
        [
          25,
          26
        ],
        [
          26,
          27
        ],
        [
          27,
          28
        ],
        [
          28,
          29
        ],
        [
          29,
          30
        ],
        [
          30,
          31
        ],
        [
          31,
          32
        ],
        [
          32,
          33
        ],
        [
          33,
          34
        ],
        [
          34,
          35
        ],
        [
          35,
          36
        ],
        [
          36,
          37
        ],
        [
          37,
          38
        ],
        [
          38,
          39
        ],
        [
          39,
          40
        ],
        [
          40,
          41
        ],
        [
          41,
          42
        ],
        [
          42,
          43
        ],
        [
          43,
          44
        ],
        [
          44,
          45
        ],
        [
          45,
          46
        ],
        [
          46,
          47
        ],
        [
          47,
          48
        ],
        [
          48,
          49
        ],
        [
          49,
          50
        ],
        [
          50,
          51
        ],
        [
          51,
          52
        ],
        [
          52,
          53
        ],
        [
          53,
          54
        ],
        [
          54,
          55
        ],
        [
          55,
          56
        ],
        [
          56,
          57
        ],
        [
          57,
          58
        ],
        [
          58,
          59
        ],
        [
          59,
          60
        ],
        [
          60,
          61
        ],
        [
          61,
          62
        ],
        [
          62,
          63
        ],
        [
          63,
          64
        ],
        [
          64,
          65
        ],
        [
          65,
          66
        ],
        [
          66,
          67
        ],
        [
          67,
          68
        ],
        [
          68,
          69
        ],
        [
          69,
          70
        ],
        [
          70,
          71
        ],
        [
          71,
          72
        ],
        [
          72,
          73
        ],
        [
          73,
          74
        ],
        [
          74,
          75
        ],
        [
          75,
          76
        ],
        [
          76,
          77
        ],
        [
          77,
          78
        ],
        [
          78,
          79
        ],
        [
          79,
          80
        ],
        [
          80,
          81
        ],
        [
          81,
          82
        ],
        [
          82,
          83
        ],
        [
          83,
          84
        ],
        [
          84,
          85
        ],
        [
          85,
          86
        ],
        [
          86,
          87
        ],
        [
          87,
          88
        ],
        [
          88,
          89
        ],
        [
          89,
          90
        ],
        [
          90,
          91
        ],
        [
          91,
          92
        ],
        [
          92,
          93
        ],
        [
          93,
          94
        ],
        [
          94,
          95
        ],
        [
          95,
          96
        ],
        [
          96,
          97
        ],
        [
          97,
          98
        ],
        [
          98,
          99
        ],
        [
          99,
          100
        ],
        [
          100,
          101
        ],
        [
          101,
          102
        ],
        [
          102,
          103
        ],
        [
          103,
          104
        ],
        [
          104,
          105
        ],
        [
          105,
          106
        ],
        [
          106,
          107
        ],
        [
          107,
          108
        ],
        [
          108,
          109
        ],
        [
          109,
          110
        ],
        [
          110,
          111
        ],
        [
          111,
          112
        ],
        [
          112,
          113
        ],
        [
          113,
          114
        ],
        [
          114,
          115
        ],
        [
          115,
          116
        ],
        [
          116,
          117
        ],
        [
          117,
          118
        ],
        [
          118,
          119
        ],
        [
          119,
          120
        ],
        [
          120,
          0
        ]
      ],
      "loop_mode": 1,
      "duration_q16": 7929856,
      "exact_yaw": 0
    },
    "1": {
      "clear": true,
      "unresolved": [],
      "checks": 71499,
      "pairs": 71499,
      "body_triangles": 9761,
      "intentional_grip_triangles": 448,
      "tool_triangles": 1150,
      "intervals": 33,
      "rendered_edges": [
        [
          0,
          1
        ],
        [
          1,
          2
        ],
        [
          2,
          3
        ],
        [
          3,
          4
        ],
        [
          4,
          5
        ],
        [
          5,
          6
        ],
        [
          6,
          7
        ],
        [
          7,
          8
        ],
        [
          8,
          9
        ],
        [
          9,
          10
        ],
        [
          10,
          11
        ],
        [
          11,
          12
        ],
        [
          12,
          13
        ],
        [
          13,
          14
        ],
        [
          14,
          15
        ],
        [
          15,
          16
        ],
        [
          16,
          17
        ],
        [
          17,
          18
        ],
        [
          18,
          19
        ],
        [
          19,
          20
        ],
        [
          20,
          21
        ],
        [
          21,
          22
        ],
        [
          22,
          23
        ],
        [
          23,
          24
        ],
        [
          24,
          25
        ],
        [
          25,
          26
        ],
        [
          26,
          27
        ],
        [
          27,
          28
        ],
        [
          28,
          29
        ],
        [
          29,
          30
        ],
        [
          30,
          31
        ],
        [
          31,
          32
        ],
        [
          32,
          0
        ]
      ],
      "loop_mode": 1,
      "duration_q16": 2097153,
      "exact_yaw": 0
    }
  },
  "production_qualified": false
}
