cardinal-role down
{"cardinal_self": "down_work", "frame": 0, "checks": 11486, "unresolved": 0}
{"cardinal_self": "down_work", "frame": 1, "checks": 22937, "unresolved": 0}
{"cardinal_self": "down_work", "frame": 2, "checks": 35617, "unresolved": 0}
{"cardinal_self": "down_work", "frame": 3, "checks": 48356, "unresolved": 0}
{"cardinal_self": "down_work", "frame": 4, "checks": 57852, "unresolved": 0}
{"cardinal_self": "down_work", "frame": 5, "checks": 64412, "unresolved": 0}
{"cardinal_self": "down_work", "frame": 6, "checks": 68920, "unresolved": 0}
{"cardinal_self": "down_work", "frame": 7, "checks": 73776, "unresolved": 0}
{"cardinal_self": "down_work", "frame": 8, "checks": 84128, "unresolved": 0}
{"cardinal_self": "down_work", "frame": 9, "checks": 99555, "unresolved": 0}
{"cardinal_self": "down_work", "frame": 10, "checks": 121400, "unresolved": 0}
{"cardinal_self": "down_work", "frame": 11, "checks": 139127, "unresolved": 0}
{"cardinal_self": "down_work", "frame": 12, "checks": 165953, "unresolved": 0}
{"cardinal_self": "down_work", "frame": 13, "checks": 192255, "unresolved": 0}
{"cardinal_self": "down_work", "frame": 14, "checks": 222493, "unresolved": 0}
{"cardinal_self": "down_work", "frame": 15, "checks": 242152, "unresolved": 0}
{"cardinal_self": "down_work", "frame": 16, "checks": 255629, "unresolved": 0}
{"cardinal_self": "down_work", "frame": 17, "checks": 272661, "unresolved": 0}
{"cardinal_self": "down_work", "frame": 18, "checks": 289693, "unresolved": 0}
{"cardinal_self": "down_work", "frame": 19, "checks": 303170, "unresolved": 0}
{"cardinal_self": "down_work", "frame": 20, "checks": 322829, "unresolved": 0}
{"cardinal_self": "down_work", "frame": 21, "checks": 353067, "unresolved": 0}
{"cardinal_self": "down_work", "frame": 22, "checks": 379369, "unresolved": 0}
{"cardinal_self": "down_work", "frame": 23, "checks": 406195, "unresolved": 0}
{"cardinal_self": "down_work", "frame": 24, "checks": 423922, "unresolved": 0}
{"cardinal_self": "down_work", "frame": 25, "checks": 445767, "unresolved": 0}
{"cardinal_self": "down_work", "frame": 26, "checks": 461194, "unresolved": 0}
{"cardinal_self": "down_work", "frame": 27, "checks": 471546, "unresolved": 0}
{"cardinal_self": "down_work", "frame": 28, "checks": 476402, "unresolved": 0}
{"cardinal_self": "down_work", "frame": 29, "checks": 480910, "unresolved": 0}
{"cardinal_self": "down_work", "frame": 30, "checks": 487470, "unresolved": 0}
{"cardinal_self": "down_work", "frame": 31, "checks": 496966, "unresolved": 0}
{"cardinal_self": "down_work", "frame": 32, "checks": 509705, "unresolved": 0}
{"cardinal_self": "down_work", "frame": 33, "checks": 522385, "unresolved": 0}
{"cardinal_self": "down_work", "frame": 34, "checks": 533836, "unresolved": 0}
{"cardinal_self": "down_work", "frame": 35, "checks": 545322, "unresolved": 0}
{"cardinal_self": "down_entry", "frame": 0, "checks": 4190, "unresolved": 0}
{"cardinal_self": "down_entry", "frame": 1, "checks": 8672, "unresolved": 0}
{"cardinal_self": "down_entry", "frame": 2, "checks": 13370, "unresolved": 0}
{"cardinal_self": "down_entry", "frame": 3, "checks": 18409, "unresolved": 0}
{"cardinal_self": "down_entry", "frame": 4, "checks": 23439, "unresolved": 0}
{"cardinal_self": "down_entry", "frame": 5, "checks": 28443, "unresolved": 0}
{"cardinal_self": "down_entry", "frame": 6, "checks": 33317, "unresolved": 0}
{"cardinal_self": "down_entry", "frame": 7, "checks": 38145, "unresolved": 0}
{"cardinal_self": "down_entry", "frame": 8, "checks": 42782, "unresolved": 0}
{"cardinal_self": "down_entry", "frame": 9, "checks": 47352, "unresolved": 0}
{"cardinal_self": "down_entry", "frame": 10, "checks": 51656, "unresolved": 0}
{"cardinal_self": "down_entry", "frame": 11, "checks": 55602, "unresolved": 0}
{"cardinal_self": "down_entry", "frame": 12, "checks": 59137, "unresolved": 0}
{"cardinal_self": "down_entry", "frame": 13, "checks": 62351, "unresolved": 0}
{"cardinal_self": "down_entry", "frame": 14, "checks": 65281, "unresolved": 0}
{"cardinal_self": "down_entry", "frame": 15, "checks": 68149, "unresolved": 0}
{"cardinal_self": "down_entry", "frame": 16, "checks": 71124, "unresolved": 0}
{"cardinal_self": "down_entry", "frame": 17, "checks": 74302, "unresolved": 0}
{"cardinal_self": "down_entry", "frame": 18, "checks": 77655, "unresolved": 0}
{"cardinal_self": "down_entry", "frame": 19, "checks": 81165, "unresolved": 0}
{"cardinal_self": "down_entry", "frame": 20, "checks": 84799, "unresolved": 0}
{"cardinal_self": "down_entry", "frame": 21, "checks": 88430, "unresolved": 0}
{"cardinal_self": "down_entry", "frame": 22, "checks": 92118, "unresolved": 0}
{"cardinal_self": "down_entry", "frame": 23, "checks": 95765, "unresolved": 0}
{"cardinal_self": "down_entry", "frame": 24, "checks": 99578, "unresolved": 0}
{"cardinal_self": "down_entry", "frame": 25, "checks": 103598, "unresolved": 0}
{"cardinal_self": "down_entry", "frame": 26, "checks": 107840, "unresolved": 0}
{"cardinal_self": "down_entry", "frame": 27, "checks": 112205, "unresolved": 0}
{"cardinal_self": "down_entry", "frame": 28, "checks": 117166, "unresolved": 0}
{"cardinal_self": "down_entry", "frame": 29, "checks": 122059, "unresolved": 0}
cardinal-role high
{"cardinal_self": "high_work", "frame": 0, "checks": 11486, "unresolved": 0}
{"cardinal_self": "high_work", "frame": 1, "checks": 22937, "unresolved": 0}
{"cardinal_self": "high_work", "frame": 2, "checks": 35617, "unresolved": 0}
{"cardinal_self": "high_work", "frame": 3, "checks": 48356, "unresolved": 0}
{"cardinal_self": "high_work", "frame": 4, "checks": 57844, "unresolved": 0}
{"cardinal_self": "high_work", "frame": 5, "checks": 64403, "unresolved": 0}
{"cardinal_self": "high_work", "frame": 6, "checks": 68909, "unresolved": 0}
{"cardinal_self": "high_work", "frame": 7, "checks": 73763, "unresolved": 0}
{"cardinal_self": "high_work", "frame": 8, "checks": 84112, "unresolved": 0}
{"cardinal_self": "high_work", "frame": 9, "checks": 99537, "unresolved": 0}
{"cardinal_self": "high_work", "frame": 10, "checks": 121372, "unresolved": 0}
{"cardinal_self": "high_work", "frame": 11, "checks": 139097, "unresolved": 0}
{"cardinal_self": "high_work", "frame": 12, "checks": 165923, "unresolved": 0}
{"cardinal_self": "high_work", "frame": 13, "checks": 192749, "unresolved": 0}
{"cardinal_self": "high_work", "frame": 14, "checks": 210474, "unresolved": 0}
{"cardinal_self": "high_work", "frame": 15, "checks": 232309, "unresolved": 0}
{"cardinal_self": "high_work", "frame": 16, "checks": 247734, "unresolved": 0}
{"cardinal_self": "high_work", "frame": 17, "checks": 258083, "unresolved": 0}
{"cardinal_self": "high_work", "frame": 18, "checks": 262937, "unresolved": 0}
{"cardinal_self": "high_work", "frame": 19, "checks": 267443, "unresolved": 0}
{"cardinal_self": "high_work", "frame": 20, "checks": 274002, "unresolved": 0}
{"cardinal_self": "high_work", "frame": 21, "checks": 283490, "unresolved": 0}
{"cardinal_self": "high_work", "frame": 22, "checks": 296229, "unresolved": 0}
{"cardinal_self": "high_work", "frame": 23, "checks": 308909, "unresolved": 0}
{"cardinal_self": "high_work", "frame": 24, "checks": 320360, "unresolved": 0}
{"cardinal_self": "high_work", "frame": 25, "checks": 331846, "unresolved": 0}
{"cardinal_self": "high_entry", "frame": 0, "checks": 4190, "unresolved": 0}
{"cardinal_self": "high_entry", "frame": 1, "checks": 8672, "unresolved": 0}
{"cardinal_self": "high_entry", "frame": 2, "checks": 13370, "unresolved": 0}
{"cardinal_self": "high_entry", "frame": 3, "checks": 18409, "unresolved": 0}
{"cardinal_self": "high_entry", "frame": 4, "checks": 23439, "unresolved": 0}
{"cardinal_self": "high_entry", "frame": 5, "checks": 28443, "unresolved": 0}
{"cardinal_self": "high_entry", "frame": 6, "checks": 33317, "unresolved": 0}
{"cardinal_self": "high_entry", "frame": 7, "checks": 38145, "unresolved": 0}
{"cardinal_self": "high_entry", "frame": 8, "checks": 42782, "unresolved": 0}
{"cardinal_self": "high_entry", "frame": 9, "checks": 47352, "unresolved": 0}
{"cardinal_self": "high_entry", "frame": 10, "checks": 51656, "unresolved": 0}
{"cardinal_self": "high_entry", "frame": 11, "checks": 55602, "unresolved": 0}
{"cardinal_self": "high_entry", "frame": 12, "checks": 59137, "unresolved": 0}
{"cardinal_self": "high_entry", "frame": 13, "checks": 62351, "unresolved": 0}
{"cardinal_self": "high_entry", "frame": 14, "checks": 65281, "unresolved": 0}
{"cardinal_self": "high_entry", "frame": 15, "checks": 68149, "unresolved": 0}
{"cardinal_self": "high_entry", "frame": 16, "checks": 71124, "unresolved": 0}
{"cardinal_self": "high_entry", "frame": 17, "checks": 74302, "unresolved": 0}
{"cardinal_self": "high_entry", "frame": 18, "checks": 77655, "unresolved": 0}
{"cardinal_self": "high_entry", "frame": 19, "checks": 81165, "unresolved": 0}
{"cardinal_self": "high_entry", "frame": 20, "checks": 84799, "unresolved": 0}
{"cardinal_self": "high_entry", "frame": 21, "checks": 88430, "unresolved": 0}
{"cardinal_self": "high_entry", "frame": 22, "checks": 92118, "unresolved": 0}
{"cardinal_self": "high_entry", "frame": 23, "checks": 95765, "unresolved": 0}
{"cardinal_self": "high_entry", "frame": 24, "checks": 99578, "unresolved": 0}
{"cardinal_self": "high_entry", "frame": 25, "checks": 103598, "unresolved": 0}
{"cardinal_self": "high_entry", "frame": 26, "checks": 107840, "unresolved": 0}
{"cardinal_self": "high_entry", "frame": 27, "checks": 112205, "unresolved": 0}
{"cardinal_self": "high_entry", "frame": 28, "checks": 117166, "unresolved": 0}
{"cardinal_self": "high_entry", "frame": 29, "checks": 122059, "unresolved": 0}
cardinal-role front
{"cardinal_self": "front_work", "frame": 0, "checks": 6325, "unresolved": 0}
{"cardinal_self": "front_work", "frame": 1, "checks": 13235, "unresolved": 0}
{"cardinal_self": "front_work", "frame": 2, "checks": 19608, "unresolved": 0}
{"cardinal_self": "front_work", "frame": 3, "checks": 24828, "unresolved": 0}
{"cardinal_self": "front_work", "frame": 4, "checks": 28628, "unresolved": 0}
{"cardinal_self": "front_work", "frame": 5, "checks": 31682, "unresolved": 0}
{"cardinal_self": "front_work", "frame": 6, "checks": 33966, "unresolved": 0}
{"cardinal_self": "front_work", "frame": 7, "checks": 35699, "unresolved": 0}
{"cardinal_self": "front_work", "frame": 8, "checks": 38013, "unresolved": 0}
{"cardinal_self": "front_work", "frame": 9, "checks": 41204, "unresolved": 0}
{"cardinal_self": "front_work", "frame": 10, "checks": 44027, "unresolved": 0}
{"cardinal_self": "front_work", "frame": 11, "checks": 45154, "unresolved": 0}
{"cardinal_self": "front_work", "frame": 12, "checks": 46880, "unresolved": 0}
{"cardinal_self": "front_work", "frame": 13, "checks": 49272, "unresolved": 0}
{"cardinal_self": "front_work", "frame": 14, "checks": 54280, "unresolved": 0}
{"cardinal_self": "front_work", "frame": 15, "checks": 64888, "unresolved": 0}
{"cardinal_self": "front_work", "frame": 16, "checks": 80159, "unresolved": 0}
{"cardinal_self": "front_work", "frame": 17, "checks": 87137, "unresolved": 0}
{"cardinal_self": "front_work", "frame": 18, "checks": 94115, "unresolved": 0}
{"cardinal_self": "front_work", "frame": 19, "checks": 109386, "unresolved": 0}
{"cardinal_self": "front_work", "frame": 20, "checks": 119994, "unresolved": 0}
{"cardinal_self": "front_work", "frame": 21, "checks": 125002, "unresolved": 0}
{"cardinal_self": "front_work", "frame": 22, "checks": 127394, "unresolved": 0}
{"cardinal_self": "front_work", "frame": 23, "checks": 129120, "unresolved": 0}
{"cardinal_self": "front_work", "frame": 24, "checks": 130247, "unresolved": 0}
{"cardinal_self": "front_work", "frame": 25, "checks": 133070, "unresolved": 0}
{"cardinal_self": "front_work", "frame": 26, "checks": 136261, "unresolved": 0}
{"cardinal_self": "front_work", "frame": 27, "checks": 138575, "unresolved": 0}
{"cardinal_self": "front_work", "frame": 28, "checks": 140308, "unresolved": 0}
{"cardinal_self": "front_work", "frame": 29, "checks": 142592, "unresolved": 0}
{"cardinal_self": "front_work", "frame": 30, "checks": 145646, "unresolved": 0}
{"cardinal_self": "front_work", "frame": 31, "checks": 149446, "unresolved": 0}
{"cardinal_self": "front_work", "frame": 32, "checks": 154666, "unresolved": 0}
{"cardinal_self": "front_work", "frame": 33, "checks": 161039, "unresolved": 0}
{"cardinal_self": "front_work", "frame": 34, "checks": 167949, "unresolved": 0}
{"cardinal_self": "front_work", "frame": 35, "checks": 174274, "unresolved": 0}
{"cardinal_self": "front_entry", "frame": 0, "checks": 194, "unresolved": 0}
{"cardinal_self": "front_entry", "frame": 1, "checks": 376, "unresolved": 0}
{"cardinal_self": "front_entry", "frame": 2, "checks": 554, "unresolved": 0}
{"cardinal_self": "front_entry", "frame": 3, "checks": 733, "unresolved": 0}
{"cardinal_self": "front_entry", "frame": 4, "checks": 916, "unresolved": 0}
{"cardinal_self": "front_entry", "frame": 5, "checks": 1098, "unresolved": 0}
{"cardinal_self": "front_entry", "frame": 6, "checks": 1277, "unresolved": 0}
{"cardinal_self": "front_entry", "frame": 7, "checks": 1474, "unresolved": 0}
{"cardinal_self": "front_entry", "frame": 8, "checks": 1680, "unresolved": 0}
{"cardinal_self": "front_entry", "frame": 9, "checks": 1891, "unresolved": 0}
{"cardinal_self": "front_entry", "frame": 10, "checks": 2119, "unresolved": 0}
{"cardinal_self": "front_entry", "frame": 11, "checks": 2348, "unresolved": 0}
{"cardinal_self": "front_entry", "frame": 12, "checks": 2578, "unresolved": 0}
{"cardinal_self": "front_entry", "frame": 13, "checks": 2815, "unresolved": 0}
{"cardinal_self": "front_entry", "frame": 14, "checks": 3053, "unresolved": 0}
{"cardinal_self": "front_entry", "frame": 15, "checks": 3314, "unresolved": 0}
{"cardinal_self": "front_entry", "frame": 16, "checks": 3577, "unresolved": 0}
{"cardinal_self": "front_entry", "frame": 17, "checks": 3872, "unresolved": 0}
{"cardinal_self": "front_entry", "frame": 18, "checks": 4202, "unresolved": 0}
{"cardinal_self": "front_entry", "frame": 19, "checks": 4539, "unresolved": 0}
{"cardinal_self": "front_entry", "frame": 20, "checks": 4899, "unresolved": 0}
{"cardinal_self": "front_entry", "frame": 21, "checks": 5316, "unresolved": 0}
{"cardinal_self": "front_entry", "frame": 22, "checks": 5783, "unresolved": 0}
{"cardinal_self": "front_entry", "frame": 23, "checks": 6269, "unresolved": 0}
{"cardinal_self": "front_entry", "frame": 24, "checks": 6787, "unresolved": 0}
{"cardinal_self": "front_entry", "frame": 25, "checks": 7330, "unresolved": 0}
{"cardinal_self": "front_entry", "frame": 26, "checks": 7906, "unresolved": 0}
{"cardinal_self": "front_entry", "frame": 27, "checks": 8539, "unresolved": 0}
{"cardinal_self": "front_entry", "frame": 28, "checks": 9259, "unresolved": 0}
{"cardinal_self": "front_entry", "frame": 29, "checks": 10031, "unresolved": 0}
cardinal-role install
{"cardinal_self": "install_work", "frame": 0, "checks": 101, "unresolved": 0}
{"cardinal_self": "install_work", "frame": 1, "checks": 247, "unresolved": 0}
{"cardinal_self": "install_work", "frame": 2, "checks": 441, "unresolved": 0}
{"cardinal_self": "install_work", "frame": 3, "checks": 691, "unresolved": 0}
{"cardinal_self": "install_work", "frame": 4, "checks": 970, "unresolved": 0}
{"cardinal_self": "install_work", "frame": 5, "checks": 1296, "unresolved": 0}
{"cardinal_self": "install_work", "frame": 6, "checks": 1612, "unresolved": 0}
{"cardinal_self": "install_work", "frame": 7, "checks": 1938, "unresolved": 0}
{"cardinal_self": "install_work", "frame": 8, "checks": 2264, "unresolved": 0}
{"cardinal_self": "install_work", "frame": 9, "checks": 2563, "unresolved": 0}
{"cardinal_self": "install_work", "frame": 10, "checks": 2842, "unresolved": 0}
{"cardinal_self": "install_work", "frame": 11, "checks": 3071, "unresolved": 0}
{"cardinal_self": "install_work", "frame": 12, "checks": 3277, "unresolved": 0}
{"cardinal_self": "install_work", "frame": 13, "checks": 3438, "unresolved": 0}
{"cardinal_self": "install_work", "frame": 14, "checks": 3557, "unresolved": 0}
{"cardinal_self": "install_work", "frame": 15, "checks": 3652, "unresolved": 0}
{"cardinal_self": "install_work", "frame": 16, "checks": 3747, "unresolved": 0}
{"cardinal_self": "install_work", "frame": 17, "checks": 3866, "unresolved": 0}
{"cardinal_self": "install_work", "frame": 18, "checks": 4027, "unresolved": 0}
{"cardinal_self": "install_work", "frame": 19, "checks": 4233, "unresolved": 0}
{"cardinal_self": "install_work", "frame": 20, "checks": 4462, "unresolved": 0}
{"cardinal_self": "install_work", "frame": 21, "checks": 4741, "unresolved": 0}
{"cardinal_self": "install_work", "frame": 22, "checks": 5040, "unresolved": 0}
{"cardinal_self": "install_work", "frame": 23, "checks": 5366, "unresolved": 0}
{"cardinal_self": "install_work", "frame": 24, "checks": 5692, "unresolved": 0}
{"cardinal_self": "install_work", "frame": 25, "checks": 6008, "unresolved": 0}
{"cardinal_self": "install_work", "frame": 26, "checks": 6334, "unresolved": 0}
{"cardinal_self": "install_work", "frame": 27, "checks": 6613, "unresolved": 0}
{"cardinal_self": "install_work", "frame": 28, "checks": 6863, "unresolved": 0}
{"cardinal_self": "install_work", "frame": 29, "checks": 7057, "unresolved": 0}
{"cardinal_self": "install_work", "frame": 30, "checks": 7203, "unresolved": 0}
{"cardinal_self": "install_work", "frame": 31, "checks": 7304, "unresolved": 0}
{"cardinal_self": "install_entry", "frame": 0, "checks": 658, "unresolved": 0}
{"cardinal_self": "install_entry", "frame": 1, "checks": 1239, "unresolved": 0}
{"cardinal_self": "install_entry", "frame": 2, "checks": 1743, "unresolved": 0}
{"cardinal_self": "install_entry", "frame": 3, "checks": 2216, "unresolved": 0}
{"cardinal_self": "install_entry", "frame": 4, "checks": 2643, "unresolved": 0}
{"cardinal_self": "install_entry", "frame": 5, "checks": 3030, "unresolved": 0}
{"cardinal_self": "install_entry", "frame": 6, "checks": 3379, "unresolved": 0}
{"cardinal_self": "install_entry", "frame": 7, "checks": 3698, "unresolved": 0}
{"cardinal_self": "install_entry", "frame": 8, "checks": 3972, "unresolved": 0}
{"cardinal_self": "install_entry", "frame": 9, "checks": 4254, "unresolved": 0}
{"cardinal_self": "install_entry", "frame": 10, "checks": 4546, "unresolved": 0}
{"cardinal_self": "install_entry", "frame": 11, "checks": 4872, "unresolved": 0}
{"cardinal_self": "install_entry", "frame": 12, "checks": 5242, "unresolved": 0}
{"cardinal_self": "install_entry", "frame": 13, "checks": 5652, "unresolved": 0}
{"cardinal_self": "install_entry", "frame": 14, "checks": 6104, "unresolved": 0}
{"cardinal_self": "install_entry", "frame": 15, "checks": 6612, "unresolved": 0}
{"cardinal_self": "install_entry", "frame": 16, "checks": 7153, "unresolved": 0}
{"cardinal_self": "install_entry", "frame": 17, "checks": 7712, "unresolved": 0}
{"cardinal_self": "install_entry", "frame": 18, "checks": 8223, "unresolved": 0}
{"cardinal_self": "install_entry", "frame": 19, "checks": 8722, "unresolved": 0}
{"cardinal_self": "install_entry", "frame": 20, "checks": 9162, "unresolved": 0}
{"cardinal_self": "install_entry", "frame": 21, "checks": 9539, "unresolved": 0}
{"cardinal_self": "install_entry", "frame": 22, "checks": 9940, "unresolved": 0}
{"cardinal_self": "install_entry", "frame": 23, "checks": 10290, "unresolved": 0}
{"cardinal_self": "install_entry", "frame": 24, "checks": 10589, "unresolved": 0}
{"cardinal_self": "install_entry", "frame": 25, "checks": 10884, "unresolved": 0}
{"cardinal_self": "install_entry", "frame": 26, "checks": 11144, "unresolved": 0}
{"cardinal_self": "install_entry", "frame": 27, "checks": 11404, "unresolved": 0}
{"cardinal_self": "install_entry", "frame": 28, "checks": 11617, "unresolved": 0}
{"cardinal_self": "install_entry", "frame": 29, "checks": 11842, "unresolved": 0}
{"profiles": 16, "boxes": 180, "self": true, "certificate_bits_written": 0}
