Godot Engine v4.7.2.stable.official.ed1daf0bf - https://godotengine.org

[   0% ] [90m[1mfirst_scan_filesystem[22m | Started Project initialization (5 steps)[39m[0m
[   0% ] [90m[1mfirst_scan_filesystem[22m | Scanning file structure...[39m[0m
[  16% ] [90m[1mfirst_scan_filesystem[22m | Loading global class names...[39m[0m
[  33% ] [90m[1mfirst_scan_filesystem[22m | Verifying GDExtensions...[39m[0m
[  50% ] [90m[1mfirst_scan_filesystem[22m | Creating autoload scripts...[39m[0m
[  66% ] [90m[1mfirst_scan_filesystem[22m | Initializing plugins...[39m[0m
[  83% ] [90m[1mfirst_scan_filesystem[22m | Starting file scan...[39m[0m
[92m[ DONE ][39m [1mfirst_scan_filesystem[22m
[0m
[   0% ] [90m[1m_update_scan_actions[22m | Started Scanning actions... (66 steps)[39m[0m
[   0% ] [90m[1m_update_scan_actions[22m | front-000-source030.png[39m[0m
[   1% ] [90m[1m_update_scan_actions[22m | front-003-source033.png[39m[0m
[   2% ] [90m[1m_update_scan_actions[22m | front-006-source036.png[39m[0m
[   4% ] [90m[1m_update_scan_actions[22m | front-009-source039.png[39m[0m
[   5% ] [90m[1m_update_scan_actions[22m | front-012-source042.png[39m[0m
[   7% ] [90m[1m_update_scan_actions[22m | front-015-source045.png[39m[0m
[   8% ] [90m[1m_update_scan_actions[22m | front-018-source048.png[39m[0m
[  10% ] [90m[1m_update_scan_actions[22m | front-021-source045.png[39m[0m
[  11% ] [90m[1m_update_scan_actions[22m | front-024-source042.png[39m[0m
[  13% ] [90m[1m_update_scan_actions[22m | front-027-source039.png[39m[0m
[  14% ] [90m[1m_update_scan_actions[22m | front-030-source036.png[39m[0m
[  16% ] [90m[1m_update_scan_actions[22m | front-033-source033.png[39m[0m
[  17% ] [90m[1m_update_scan_actions[22m | front-036-source030.png[39m[0m
[  19% ] [90m[1m_update_scan_actions[22m | front-entry-00.png[39m[0m
[  20% ] [90m[1m_update_scan_actions[22m | front-entry-01.png[39m[0m
[  22% ] [90m[1m_update_scan_actions[22m | front-entry-02.png[39m[0m
[  23% ] [90m[1m_update_scan_actions[22m | front-entry-03.png[39m[0m
[  25% ] [90m[1m_update_scan_actions[22m | front-entry-04.png[39m[0m
[  26% ] [90m[1m_update_scan_actions[22m | front-entry-05.png[39m[0m
[  28% ] [90m[1m_update_scan_actions[22m | front-entry-06.png[39m[0m
[  29% ] [90m[1m_update_scan_actions[22m | front-entry-07.png[39m[0m
[  31% ] [90m[1m_update_scan_actions[22m | front-entry-08.png[39m[0m
[  32% ] [90m[1m_update_scan_actions[22m | rear-000-source030.png[39m[0m
[  34% ] [90m[1m_update_scan_actions[22m | rear-003-source033.png[39m[0m
[  35% ] [90m[1m_update_scan_actions[22m | rear-006-source036.png[39m[0m
[  37% ] [90m[1m_update_scan_actions[22m | rear-009-source039.png[39m[0m
[  38% ] [90m[1m_update_scan_actions[22m | rear-012-source042.png[39m[0m
[  40% ] [90m[1m_update_scan_actions[22m | rear-015-source045.png[39m[0m
[  41% ] [90m[1m_update_scan_actions[22m | rear-018-source048.png[39m[0m
[  43% ] [90m[1m_update_scan_actions[22m | rear-021-source045.png[39m[0m
[  44% ] [90m[1m_update_scan_actions[22m | rear-024-source042.png[39m[0m
[  46% ] [90m[1m_update_scan_actions[22m | rear-027-source039.png[39m[0m
[  47% ] [90m[1m_update_scan_actions[22m | rear-030-source036.png[39m[0m
[  49% ] [90m[1m_update_scan_actions[22m | rear-033-source033.png[39m[0m
[  50% ] [90m[1m_update_scan_actions[22m | rear-036-source030.png[39m[0m
[  52% ] [90m[1m_update_scan_actions[22m | rear-entry-00.png[39m[0m
[  53% ] [90m[1m_update_scan_actions[22m | rear-entry-01.png[39m[0m
[  55% ] [90m[1m_update_scan_actions[22m | rear-entry-02.png[39m[0m
[  56% ] [90m[1m_update_scan_actions[22m | rear-entry-03.png[39m[0m
[  58% ] [90m[1m_update_scan_actions[22m | rear-entry-04.png[39m[0m
[  59% ] [90m[1m_update_scan_actions[22m | rear-entry-05.png[39m[0m
[  61% ] [90m[1m_update_scan_actions[22m | rear-entry-06.png[39m[0m
[  62% ] [90m[1m_update_scan_actions[22m | rear-entry-07.png[39m[0m
[  64% ] [90m[1m_update_scan_actions[22m | rear-entry-08.png[39m[0m
[  65% ] [90m[1m_update_scan_actions[22m | side-000-source030.png[39m[0m
[  67% ] [90m[1m_update_scan_actions[22m | side-003-source033.png[39m[0m
[  68% ] [90m[1m_update_scan_actions[22m | side-006-source036.png[39m[0m
[  70% ] [90m[1m_update_scan_actions[22m | side-009-source039.png[39m[0m
[  71% ] [90m[1m_update_scan_actions[22m | side-012-source042.png[39m[0m
[  73% ] [90m[1m_update_scan_actions[22m | side-015-source045.png[39m[0m
[  74% ] [90m[1m_update_scan_actions[22m | side-018-source048.png[39m[0m
[  76% ] [90m[1m_update_scan_actions[22m | side-021-source045.png[39m[0m
[  77% ] [90m[1m_update_scan_actions[22m | side-024-source042.png[39m[0m
[  79% ] [90m[1m_update_scan_actions[22m | side-027-source039.png[39m[0m
[  80% ] [90m[1m_update_scan_actions[22m | side-030-source036.png[39m[0m
[  82% ] [90m[1m_update_scan_actions[22m | side-033-source033.png[39m[0m
[  83% ] [90m[1m_update_scan_actions[22m | side-036-source030.png[39m[0m
[  85% ] [90m[1m_update_scan_actions[22m | side-entry-00.png[39m[0m
[  86% ] [90m[1m_update_scan_actions[22m | side-entry-01.png[39m[0m
[  88% ] [90m[1m_update_scan_actions[22m | side-entry-02.png[39m[0m
[  89% ] [90m[1m_update_scan_actions[22m | side-entry-03.png[39m[0m
[  91% ] [90m[1m_update_scan_actions[22m | side-entry-04.png[39m[0m
[  92% ] [90m[1m_update_scan_actions[22m | side-entry-05.png[39m[0m
[  94% ] [90m[1m_update_scan_actions[22m | side-entry-06.png[39m[0m
[  95% ] [90m[1m_update_scan_actions[22m | side-entry-07.png[39m[0m
[  97% ] [90m[1m_update_scan_actions[22m | side-entry-08.png[39m[0m
[92m[ DONE ][39m [1m_update_scan_actions[22m
[0m
[   0% ] [90m[1mreimport[22m | Started (Re)Importing Assets (66 steps)[39m[0m
[   0% ] [90m[1mreimport[22m | Preparing files to reimport...[39m[0m
[   1% ] [90m[1mreimport[22m | Preparing files to reimport...[39m[0m
[   2% ] [90m[1mreimport[22m | Preparing files to reimport...[39m[0m
[   4% ] [90m[1mreimport[22m | Preparing files to reimport...[39m[0m
[   5% ] [90m[1mreimport[22m | Preparing files to reimport...[39m[0m
[   7% ] [90m[1mreimport[22m | Preparing files to reimport...[39m[0m
[   8% ] [90m[1mreimport[22m | Preparing files to reimport...[39m[0m
[  10% ] [90m[1mreimport[22m | Preparing files to reimport...[39m[0m
[  11% ] [90m[1mreimport[22m | Preparing files to reimport...[39m[0m
[  13% ] [90m[1mreimport[22m | Preparing files to reimport...[39m[0m
[  14% ] [90m[1mreimport[22m | Preparing files to reimport...[39m[0m
[  16% ] [90m[1mreimport[22m | Preparing files to reimport...[39m[0m
[  17% ] [90m[1mreimport[22m | Preparing files to reimport...[39m[0m
[  19% ] [90m[1mreimport[22m | Preparing files to reimport...[39m[0m
[  20% ] [90m[1mreimport[22m | Preparing files to reimport...[39m[0m
[  22% ] [90m[1mreimport[22m | Preparing files to reimport...[39m[0m
[  23% ] [90m[1mreimport[22m | Preparing files to reimport...[39m[0m
[  25% ] [90m[1mreimport[22m | Preparing files to reimport...[39m[0m
[  26% ] [90m[1mreimport[22m | Preparing files to reimport...[39m[0m
[  28% ] [90m[1mreimport[22m | Preparing files to reimport...[39m[0m
[  29% ] [90m[1mreimport[22m | Preparing files to reimport...[39m[0m
[  31% ] [90m[1mreimport[22m | Preparing files to reimport...[39m[0m
[  32% ] [90m[1mreimport[22m | Preparing files to reimport...[39m[0m
[  34% ] [90m[1mreimport[22m | Preparing files to reimport...[39m[0m
[  35% ] [90m[1mreimport[22m | Preparing files to reimport...[39m[0m
[  37% ] [90m[1mreimport[22m | Preparing files to reimport...[39m[0m
[  38% ] [90m[1mreimport[22m | Preparing files to reimport...[39m[0m
[  40% ] [90m[1mreimport[22m | Preparing files to reimport...[39m[0m
[  41% ] [90m[1mreimport[22m | Preparing files to reimport...[39m[0m
[  43% ] [90m[1mreimport[22m | Preparing files to reimport...[39m[0m
[  44% ] [90m[1mreimport[22m | Preparing files to reimport...[39m[0m
[  46% ] [90m[1mreimport[22m | Preparing files to reimport...[39m[0m
[  47% ] [90m[1mreimport[22m | Preparing files to reimport...[39m[0m
[  49% ] [90m[1mreimport[22m | Preparing files to reimport...[39m[0m
[  50% ] [90m[1mreimport[22m | Preparing files to reimport...[39m[0m
[  52% ] [90m[1mreimport[22m | Preparing files to reimport...[39m[0m
[  53% ] [90m[1mreimport[22m | Preparing files to reimport...[39m[0m
[  55% ] [90m[1mreimport[22m | Preparing files to reimport...[39m[0m
[  56% ] [90m[1mreimport[22m | Preparing files to reimport...[39m[0m
[  58% ] [90m[1mreimport[22m | Preparing files to reimport...[39m[0m
[  59% ] [90m[1mreimport[22m | Preparing files to reimport...[39m[0m
[  61% ] [90m[1mreimport[22m | Preparing files to reimport...[39m[0m
[  62% ] [90m[1mreimport[22m | Preparing files to reimport...[39m[0m
[  64% ] [90m[1mreimport[22m | Preparing files to reimport...[39m[0m
[  65% ] [90m[1mreimport[22m | Preparing files to reimport...[39m[0m
[  67% ] [90m[1mreimport[22m | Preparing files to reimport...[39m[0m
[  68% ] [90m[1mreimport[22m | Preparing files to reimport...[39m[0m
[  70% ] [90m[1mreimport[22m | Preparing files to reimport...[39m[0m
[  71% ] [90m[1mreimport[22m | Preparing files to reimport...[39m[0m
[  73% ] [90m[1mreimport[22m | Preparing files to reimport...[39m[0m
[  74% ] [90m[1mreimport[22m | Preparing files to reimport...[39m[0m
[  76% ] [90m[1mreimport[22m | Preparing files to reimport...[39m[0m
[  77% ] [90m[1mreimport[22m | Preparing files to reimport...[39m[0m
[  79% ] [90m[1mreimport[22m | Preparing files to reimport...[39m[0m
[  80% ] [90m[1mreimport[22m | Preparing files to reimport...[39m[0m
[  82% ] [90m[1mreimport[22m | Preparing files to reimport...[39m[0m
[  83% ] [90m[1mreimport[22m | Preparing files to reimport...[39m[0m
[  85% ] [90m[1mreimport[22m | Preparing files to reimport...[39m[0m
[  86% ] [90m[1mreimport[22m | Preparing files to reimport...[39m[0m
[  88% ] [90m[1mreimport[22m | Preparing files to reimport...[39m[0m
[  89% ] [90m[1mreimport[22m | Preparing files to reimport...[39m[0m
[  91% ] [90m[1mreimport[22m | Preparing files to reimport...[39m[0m
[  92% ] [90m[1mreimport[22m | Preparing files to reimport...[39m[0m
[  94% ] [90m[1mreimport[22m | Preparing files to reimport...[39m[0m
[  95% ] [90m[1mreimport[22m | Preparing files to reimport...[39m[0m
[  97% ] [90m[1mreimport[22m | Preparing files to reimport...[39m[0m
[   0% ] [90m[1mreimport[22m | Executing pre-reimport operations...[39m[0m
[   0% ] [90m[1mreimport[22m | rear-033-source033.png[39m[0m
[   1% ] [90m[1mreimport[22m | rear-036-source030.png[39m[0m
[   2% ] [90m[1mreimport[22m | rear-entry-00.png[39m[0m
[   4% ] [90m[1mreimport[22m | rear-entry-01.png[39m[0m
[   5% ] [90m[1mreimport[22m | rear-entry-02.png[39m[0m
[   7% ] [90m[1mreimport[22m | rear-entry-03.png[39m[0m
[   8% ] [90m[1mreimport[22m | rear-entry-04.png[39m[0m
[  10% ] [90m[1mreimport[22m | rear-entry-05.png[39m[0m
[  11% ] [90m[1mreimport[22m | rear-entry-06.png[39m[0m
[  13% ] [90m[1mreimport[22m | rear-entry-07.png[39m[0m
[  14% ] [90m[1mreimport[22m | rear-entry-08.png[39m[0m
[  16% ] [90m[1mreimport[22m | side-000-source030.png[39m[0m
[  17% ] [90m[1mreimport[22m | side-003-source033.png[39m[0m
[  19% ] [90m[1mreimport[22m | side-006-source036.png[39m[0m
[  20% ] [90m[1mreimport[22m | side-009-source039.png[39m[0m
[  22% ] [90m[1mreimport[22m | side-012-source042.png[39m[0m
[  23% ] [90m[1mreimport[22m | side-entry-08.png[39m[0m
[  25% ] [90m[1mreimport[22m | side-entry-07.png[39m[0m
[  26% ] [90m[1mreimport[22m | side-entry-06.png[39m[0m
[  28% ] [90m[1mreimport[22m | side-entry-05.png[39m[0m
[  29% ] [90m[1mreimport[22m | side-entry-04.png[39m[0m
[  31% ] [90m[1mreimport[22m | side-entry-03.png[39m[0m
[  32% ] [90m[1mreimport[22m | side-entry-02.png[39m[0m
[  34% ] [90m[1mreimport[22m | side-entry-01.png[39m[0m
[  35% ] [90m[1mreimport[22m | side-entry-00.png[39m[0m
[  37% ] [90m[1mreimport[22m | side-036-source030.png[39m[0m
[  38% ] [90m[1mreimport[22m | side-033-source033.png[39m[0m
[  40% ] [90m[1mreimport[22m | side-030-source036.png[39m[0m
[  41% ] [90m[1mreimport[22m | side-027-source039.png[39m[0m
[  43% ] [90m[1mreimport[22m | side-024-source042.png[39m[0m
[  44% ] [90m[1mreimport[22m | side-021-source045.png[39m[0m
[  46% ] [90m[1mreimport[22m | side-018-source048.png[39m[0m
[  47% ] [90m[1mreimport[22m | side-015-source045.png[39m[0m
[  49% ] [90m[1mreimport[22m | front-000-source030.png[39m[0m
[  50% ] [90m[1mreimport[22m | front-003-source033.png[39m[0m
[  52% ] [90m[1mreimport[22m | front-006-source036.png[39m[0m
[  53% ] [90m[1mreimport[22m | front-009-source039.png[39m[0m
[  55% ] [90m[1mreimport[22m | front-012-source042.png[39m[0m
[  56% ] [90m[1mreimport[22m | front-015-source045.png[39m[0m
[  58% ] [90m[1mreimport[22m | front-018-source048.png[39m[0m
[  59% ] [90m[1mreimport[22m | front-021-source045.png[39m[0m
[  61% ] [90m[1mreimport[22m | front-024-source042.png[39m[0m
[  62% ] [90m[1mreimport[22m | front-027-source039.png[39m[0m
[  64% ] [90m[1mreimport[22m | front-030-source036.png[39m[0m
[  65% ] [90m[1mreimport[22m | front-033-source033.png[39m[0m
[  67% ] [90m[1mreimport[22m | front-036-source030.png[39m[0m
[  68% ] [90m[1mreimport[22m | front-entry-00.png[39m[0m
[  70% ] [90m[1mreimport[22m | front-entry-01.png[39m[0m
[  71% ] [90m[1mreimport[22m | front-entry-02.png[39m[0m
[  73% ] [90m[1mreimport[22m | rear-030-source036.png[39m[0m
[  74% ] [90m[1mreimport[22m | rear-027-source039.png[39m[0m
[  76% ] [90m[1mreimport[22m | rear-024-source042.png[39m[0m
[  77% ] [90m[1mreimport[22m | rear-021-source045.png[39m[0m
[  79% ] [90m[1mreimport[22m | rear-018-source048.png[39m[0m
[  80% ] [90m[1mreimport[22m | rear-015-source045.png[39m[0m
[  82% ] [90m[1mreimport[22m | rear-012-source042.png[39m[0m
[  83% ] [90m[1mreimport[22m | rear-009-source039.png[39m[0m
[  85% ] [90m[1mreimport[22m | rear-006-source036.png[39m[0m
[  86% ] [90m[1mreimport[22m | rear-003-source033.png[39m[0m
[  88% ] [90m[1mreimport[22m | rear-000-source030.png[39m[0m
[  89% ] [90m[1mreimport[22m | front-entry-08.png[39m[0m
[  91% ] [90m[1mreimport[22m | front-entry-07.png[39m[0m
[  92% ] [90m[1mreimport[22m | front-entry-06.png[39m[0m
[  94% ] [90m[1mreimport[22m | front-entry-05.png[39m[0m
[  95% ] [90m[1mreimport[22m | front-entry-04.png[39m[0m
[  97% ] [90m[1mreimport[22m | front-entry-03.png[39m[0m
[  98% ] [90m[1mreimport[22m | Finalizing Asset Import...[39m[0m
[92m[ DONE ][39m [1mreimport[22m
[0m
[   0% ] [90m[1mreimport[22m | Started (Re)Importing Assets (66 steps)[39m[0m
[   0% ] [90m[1mreimport[22m | Executing post-reimport operations...[39m[0m
[92m[ DONE ][39m [1mreimport[22m
[0m
[   0% ] [90m[1mloading_editor_layout[22m | Started Loading editor (5 steps)[39m[0m
[   0% ] [90m[1mloading_editor_layout[22m | Loading editor layout...[39m[0m
[  16% ] [90m[1mloading_editor_layout[22m | Loading docks...[39m[0m
[  33% ] [90m[1mloading_editor_layout[22m | Reopening scenes...[39m[0m
[  50% ] [90m[1mloading_editor_layout[22m | Loading central editor layout...[39m[0m
[  66% ] [90m[1mloading_editor_layout[22m | Loading plugin window layout...[39m[0m
[  83% ] [90m[1mloading_editor_layout[22m | Editor layout ready.[39m[0m
[92m[ DONE ][39m [1mloading_editor_layout[22m
[0m
