state_registry_coverage: PASS -- 139 modules, 697 rows, 1035 packed columns checked
Godot Engine v4.7.2.stable.official.ed1daf0bf - https://godotengine.org

Godot Engine v4.7.2.stable.official.ed1daf0bf - https://godotengine.org

test_underground_metal_inputs.gd
  PASS  test_finite_current_format_and_every_weight_lane_are_required
  PASS  test_missing_short_or_wrong_reference_data_refuses_without_mutation
  PASS  test_extra_geometry_and_malformed_raw_storage_are_never_omitted
  PASS  test_native_backend_and_exact_engine_cannot_be_relabelled
  PASS  test_decoded_arrays_count_coexists_with_raw_and_reference_copies
CI_SUITE_TIME {"assertions":33,"failures":0,"suite":"test_underground_metal_inputs.gd","tests":5,"usec":276532}
[EntityManager] ready
[GameManager] ready
[SettlementSystem] ready
[EconomySystem] ready
[UIManager] ready


5 test(s), 33 assertion(s), 0 failure(s)
diagnostics: 0 unexpected error(s), 0 unexpected warning(s), 0 expected, 0 tolerated; leaked at exit: 0 object(s), 0 resource(s)
[EntityManager] ready
[GameManager] ready
[SettlementSystem] ready
[EconomySystem] ready
[UIManager] ready
log: 0 unexpected error(s), 0 unexpected warning(s); leaked at exit: 0 object(s), 0 resource(s).
ok: 5 tests, 33 assertions, 0 failures.
