state_registry_coverage: PASS -- 112 modules, 543 rows, 933 packed columns checked
Godot Engine v4.7.2.stable.official.ed1daf0bf - https://godotengine.org

Godot Engine v4.7.2.stable.official.ed1daf0bf - https://godotengine.org

test_underground_world_basis.gd
  PASS  test_every_finite_heading_reconstructs_the_actual_native_basis_exactly
  PASS  test_zero_and_quarter_heading_keep_the_adopted_forward_convention
  PASS  test_refused_heading_or_wrong_output_shape_leaves_previous_bytes_unchanged
  PASS  test_backend_engine_and_precision_scope_never_silently_expand
  PASS  test_existing_source_or_output_is_never_overwritten_by_preflight
  PASS  test_shared_presentation_budget_does_not_borrow_simulation_arenas
CI_SUITE_TIME {"assertions":35,"failures":0,"suite":"test_underground_world_basis.gd","tests":6,"usec":28496}
[EntityManager] ready
[GameManager] ready
[SettlementSystem] ready
[EconomySystem] ready
[UIManager] ready


6 test(s), 35 assertion(s), 0 failure(s)
diagnostics: 0 unexpected error(s), 0 unexpected warning(s), 0 expected, 0 tolerated; leaked at exit: 0 object(s), 0 resource(s)
[EntityManager] ready
[GameManager] ready
[SettlementSystem] ready
[EconomySystem] ready
[UIManager] ready
log: 0 unexpected error(s), 0 unexpected warning(s); leaked at exit: 0 object(s), 0 resource(s).
ok: 6 tests, 35 assertions, 0 failures.
