Godot Engine v4.7.2.stable.official.ed1daf0bf - https://godotengine.org

[   0% ] first_scan_filesystem | Started Project initialization (5 steps)
[   0% ] first_scan_filesystem | Scanning file structure...
[  16% ] first_scan_filesystem | Loading global class names...
[  33% ] first_scan_filesystem | Verifying GDExtensions...
[  50% ] first_scan_filesystem | Creating autoload scripts...
[  66% ] first_scan_filesystem | Initializing plugins...
[  83% ] first_scan_filesystem | Starting file scan...
[ DONE ] first_scan_filesystem

[   0% ] update_scripts_classes | Started Registering global classes... (4 steps)
[   0% ] update_scripts_classes | 
[  20% ] update_scripts_classes | 
[  40% ] update_scripts_classes | 
[  60% ] update_scripts_classes | 
[ DONE ] update_scripts_classes

[   0% ] _update_scan_actions | Started Scanning actions... (196 steps)
[   0% ] _update_scan_actions | body.glb
[   0% ] _update_scan_actions | body_l0_metallic_roughness.png
[   1% ] _update_scan_actions | body_l0_normal.png
[   1% ] _update_scan_actions | body_texture_0.png
[   2% ] _update_scan_actions | carry_heavy_object_walk.glb
[   2% ] _update_scan_actions | cautious_crouch_walk_forward.glb
[   3% ] _update_scan_actions | collect_object.glb
[   3% ] _update_scan_actions | heavy_hammer_swing.glb
[   4% ] _update_scan_actions | idle.glb
[   4% ] _update_scan_actions | pull_radish.glb
[   5% ] _update_scan_actions | sleep_normally.glb
[   5% ] _update_scan_actions | stand_and_drink.glb
[   6% ] _update_scan_actions | swim.glb
[   6% ] _update_scan_actions | tread_water.glb
[   7% ] _update_scan_actions | walk.glb
[   7% ] _update_scan_actions | wave_one_hand.glb
[   8% ] _update_scan_actions | body.glb
[   8% ] _update_scan_actions | body_l0_metallic_roughness.png
[   9% ] _update_scan_actions | body_l0_normal.png
[   9% ] _update_scan_actions | body_texture_0.png
[  10% ] _update_scan_actions | carry_heavy_object_walk.glb
[  10% ] _update_scan_actions | collect_object.glb
[  11% ] _update_scan_actions | idle.glb
[  11% ] _update_scan_actions | pull_radish.glb
[  12% ] _update_scan_actions | stand_and_drink.glb
[  12% ] _update_scan_actions | swim.glb
[  13% ] _update_scan_actions | tread_water.glb
[  13% ] _update_scan_actions | walk.glb
[  14% ] _update_scan_actions | wave_one_hand.glb
[  14% ] _update_scan_actions | body.glb
[  15% ] _update_scan_actions | body_l0_metallic_roughness.png
[  15% ] _update_scan_actions | body_l0_normal.png
[  16% ] _update_scan_actions | body_texture_0.png
[  16% ] _update_scan_actions | carry_heavy_object_walk.glb
[  17% ] _update_scan_actions | cautious_crouch_walk_forward.glb
[  17% ] _update_scan_actions | collect_object.glb
[  18% ] _update_scan_actions | heavy_hammer_swing.glb
[  18% ] _update_scan_actions | idle.glb
[  19% ] _update_scan_actions | pull_radish.glb
[  19% ] _update_scan_actions | sleep_normally.glb
[  20% ] _update_scan_actions | stand_and_drink.glb
[  20% ] _update_scan_actions | swim.glb
[  21% ] _update_scan_actions | tread_water.glb
[  21% ] _update_scan_actions | walk.glb
[  22% ] _update_scan_actions | wave_one_hand.glb
[  22% ] _update_scan_actions | body.glb
[  23% ] _update_scan_actions | body_l0_metallic_roughness.png
[  23% ] _update_scan_actions | body_l0_normal.png
[  24% ] _update_scan_actions | body_texture_0.png
[  24% ] _update_scan_actions | carry_heavy_object_walk.glb
[  25% ] _update_scan_actions | cautious_crouch_walk_forward.glb
[  25% ] _update_scan_actions | collect_object.glb
[  26% ] _update_scan_actions | idle.glb
[  26% ] _update_scan_actions | pull_radish.glb
[  27% ] _update_scan_actions | sleep_normally.glb
[  27% ] _update_scan_actions | stand_and_drink.glb
[  28% ] _update_scan_actions | swim.glb
[  28% ] _update_scan_actions | tread_water.glb
[  29% ] _update_scan_actions | walk.glb
[  29% ] _update_scan_actions | wave_one_hand.glb
[  30% ] _update_scan_actions | body.glb
[  30% ] _update_scan_actions | body_l0_metallic_roughness.png
[  31% ] _update_scan_actions | body_l0_normal.png
[  31% ] _update_scan_actions | body_texture_0.png
[  32% ] _update_scan_actions | carry_heavy_object_walk.glb
[  32% ] _update_scan_actions | cautious_crouch_walk_forward.glb
[  33% ] _update_scan_actions | collect_object.glb
[  34% ] _update_scan_actions | idle.glb
[  34% ] _update_scan_actions | pull_radish.glb
[  35% ] _update_scan_actions | sleep_normally.glb
[  35% ] _update_scan_actions | stand_and_drink.glb
[  36% ] _update_scan_actions | swim.glb
[  36% ] _update_scan_actions | tread_water.glb
[  37% ] _update_scan_actions | walk.glb
[  37% ] _update_scan_actions | wave_one_hand.glb
[  38% ] _update_scan_actions | body.glb
[  38% ] _update_scan_actions | body_l0_metallic_roughness.png
[  39% ] _update_scan_actions | body_l0_normal.png
[  39% ] _update_scan_actions | body_texture_0.png
[  40% ] _update_scan_actions | carry_heavy_object_walk.glb
[  40% ] _update_scan_actions | cautious_crouch_walk_forward.glb
[  41% ] _update_scan_actions | collect_object.glb
[  41% ] _update_scan_actions | dive.glb
[  42% ] _update_scan_actions | idle.glb
[  42% ] _update_scan_actions | pull_radish.glb
[  43% ] _update_scan_actions | sleep_normally.glb
[  43% ] _update_scan_actions | stand_and_drink.glb
[  44% ] _update_scan_actions | swim.glb
[  44% ] _update_scan_actions | tread_water.glb
[  45% ] _update_scan_actions | walk.glb
[  45% ] _update_scan_actions | wave_one_hand.glb
[  46% ] _update_scan_actions | body.glb
[  46% ] _update_scan_actions | body_l0_metallic_roughness.png
[  47% ] _update_scan_actions | body_l0_normal.png
[  47% ] _update_scan_actions | body_texture_0.png
[  48% ] _update_scan_actions | carry_heavy_object_walk.glb
[  48% ] _update_scan_actions | cautious_crouch_walk_forward.glb
[  49% ] _update_scan_actions | collect_object.glb
[  49% ] _update_scan_actions | dive.glb
[  50% ] _update_scan_actions | idle.glb
[  50% ] _update_scan_actions | pull_radish.glb
[  51% ] _update_scan_actions | sleep_normally.glb
[  51% ] _update_scan_actions | stand_and_drink.glb
[  52% ] _update_scan_actions | swim.glb
[  52% ] _update_scan_actions | tread_water.glb
[  53% ] _update_scan_actions | walk.glb
[  53% ] _update_scan_actions | wave_one_hand.glb
[  54% ] _update_scan_actions | body.glb
[  54% ] _update_scan_actions | body_l0_metallic_roughness.png
[  55% ] _update_scan_actions | body_l0_normal.png
[  55% ] _update_scan_actions | body_texture_0.png
[  56% ] _update_scan_actions | carry_heavy_object_walk.glb
[  56% ] _update_scan_actions | cautious_crouch_walk_forward.glb
[  57% ] _update_scan_actions | collect_object.glb
[  57% ] _update_scan_actions | idle.glb
[  58% ] _update_scan_actions | pull_radish.glb
[  58% ] _update_scan_actions | sleep_normally.glb
[  59% ] _update_scan_actions | stand_and_drink.glb
[  59% ] _update_scan_actions | swim.glb
[  60% ] _update_scan_actions | tread_water.glb
[  60% ] _update_scan_actions | walk.glb
[  61% ] _update_scan_actions | wave_one_hand.glb
[  61% ] _update_scan_actions | body.glb
[  62% ] _update_scan_actions | body_l0_metallic_roughness.png
[  62% ] _update_scan_actions | body_l0_normal.png
[  63% ] _update_scan_actions | body_texture_0.png
[  63% ] _update_scan_actions | carry_heavy_object_walk.glb
[  64% ] _update_scan_actions | cautious_crouch_walk_forward.glb
[  64% ] _update_scan_actions | collect_object.glb
[  65% ] _update_scan_actions | idle.glb
[  65% ] _update_scan_actions | pull_radish.glb
[  66% ] _update_scan_actions | sleep_normally.glb
[  67% ] _update_scan_actions | stand_and_drink.glb
[  67% ] _update_scan_actions | swim.glb
[  68% ] _update_scan_actions | tread_water.glb
[  68% ] _update_scan_actions | walk.glb
[  69% ] _update_scan_actions | wave_one_hand.glb
[  69% ] _update_scan_actions | item_barley.png
[  70% ] _update_scan_actions | item_beetroot.png
[  70% ] _update_scan_actions | item_carrot.png
[  71% ] _update_scan_actions | item_celery.png
[  71% ] _update_scan_actions | item_leek.png
[  72% ] _update_scan_actions | item_lettuce.png
[  72% ] _update_scan_actions | item_oats.png
[  73% ] _update_scan_actions | item_onion.png
[  73% ] _update_scan_actions | item_peas.png
[  74% ] _update_scan_actions | item_radish.png
[  74% ] _update_scan_actions | item_turnip.png
[  75% ] _update_scan_actions | item_barley.glb
[  75% ] _update_scan_actions | item_barley_base.png
[  76% ] _update_scan_actions | item_barley_normal.png
[  76% ] _update_scan_actions | item_barley_rough.png
[  77% ] _update_scan_actions | item_beetroot.glb
[  77% ] _update_scan_actions | item_beetroot_base.png
[  78% ] _update_scan_actions | item_beetroot_normal.png
[  78% ] _update_scan_actions | item_beetroot_rough.png
[  79% ] _update_scan_actions | item_carrot.glb
[  79% ] _update_scan_actions | item_carrot_base.png
[  80% ] _update_scan_actions | item_carrot_normal.png
[  80% ] _update_scan_actions | item_carrot_rough.png
[  81% ] _update_scan_actions | item_celery.glb
[  81% ] _update_scan_actions | item_celery_base.png
[  82% ] _update_scan_actions | item_celery_normal.png
[  82% ] _update_scan_actions | item_celery_rough.png
[  83% ] _update_scan_actions | item_leek.glb
[  83% ] _update_scan_actions | item_leek_base.png
[  84% ] _update_scan_actions | item_leek_normal.png
[  84% ] _update_scan_actions | item_leek_rough.png
[  85% ] _update_scan_actions | item_lettuce.glb
[  85% ] _update_scan_actions | item_lettuce_base.png
[  86% ] _update_scan_actions | item_lettuce_normal.png
[  86% ] _update_scan_actions | item_lettuce_rough.png
[  87% ] _update_scan_actions | item_oats.glb
[  87% ] _update_scan_actions | item_oats_base.png
[  88% ] _update_scan_actions | item_oats_normal.png
[  88% ] _update_scan_actions | item_oats_rough.png
[  89% ] _update_scan_actions | item_onion.glb
[  89% ] _update_scan_actions | item_onion_base.png
[  90% ] _update_scan_actions | item_onion_normal.png
[  90% ] _update_scan_actions | item_onion_rough.png
[  91% ] _update_scan_actions | item_peas.glb
[  91% ] _update_scan_actions | item_peas_base.png
[  92% ] _update_scan_actions | item_peas_normal.png
[  92% ] _update_scan_actions | item_peas_rough.png
[  93% ] _update_scan_actions | item_radish.glb
[  93% ] _update_scan_actions | item_radish_base.png
[  94% ] _update_scan_actions | item_radish_normal.png
[  94% ] _update_scan_actions | item_radish_rough.png
[  95% ] _update_scan_actions | item_turnip.glb
[  95% ] _update_scan_actions | item_turnip_base.png
[  96% ] _update_scan_actions | item_turnip_normal.png
[  96% ] _update_scan_actions | item_turnip_rough.png
[  97% ] _update_scan_actions | mole_pick.glb
[  97% ] _update_scan_actions | mole_pick_base.png
[  98% ] _update_scan_actions | mole_pick_normal.png
[  98% ] _update_scan_actions | mole_pick_rough.png
[ DONE ] _update_scan_actions

[   0% ] reimport | Started (Re)Importing Assets (196 steps)
[   0% ] reimport | Preparing files to reimport...
[   0% ] reimport | Preparing files to reimport...
[   1% ] reimport | Preparing files to reimport...
[   1% ] reimport | Preparing files to reimport...
[   2% ] reimport | Preparing files to reimport...
[   2% ] reimport | Preparing files to reimport...
[   3% ] reimport | Preparing files to reimport...
[   3% ] reimport | Preparing files to reimport...
[   4% ] reimport | Preparing files to reimport...
[   4% ] reimport | Preparing files to reimport...
[   5% ] reimport | Preparing files to reimport...
[   5% ] reimport | Preparing files to reimport...
[   6% ] reimport | Preparing files to reimport...
[   6% ] reimport | Preparing files to reimport...
[   7% ] reimport | Preparing files to reimport...
[   7% ] reimport | Preparing files to reimport...
[   8% ] reimport | Preparing files to reimport...
[   8% ] reimport | Preparing files to reimport...
[   9% ] reimport | Preparing files to reimport...
[   9% ] reimport | Preparing files to reimport...
[  10% ] reimport | Preparing files to reimport...
[  10% ] reimport | Preparing files to reimport...
[  11% ] reimport | Preparing files to reimport...
[  11% ] reimport | Preparing files to reimport...
[  12% ] reimport | Preparing files to reimport...
[  12% ] reimport | Preparing files to reimport...
[  13% ] reimport | Preparing files to reimport...
[  13% ] reimport | Preparing files to reimport...
[  14% ] reimport | Preparing files to reimport...
[  14% ] reimport | Preparing files to reimport...
[  15% ] reimport | Preparing files to reimport...
[  15% ] reimport | Preparing files to reimport...
[  16% ] reimport | Preparing files to reimport...
[  16% ] reimport | Preparing files to reimport...
[  17% ] reimport | Preparing files to reimport...
[  17% ] reimport | Preparing files to reimport...
[  18% ] reimport | Preparing files to reimport...
[  18% ] reimport | Preparing files to reimport...
[  19% ] reimport | Preparing files to reimport...
[  19% ] reimport | Preparing files to reimport...
[  20% ] reimport | Preparing files to reimport...
[  20% ] reimport | Preparing files to reimport...
[  21% ] reimport | Preparing files to reimport...
[  21% ] reimport | Preparing files to reimport...
[  22% ] reimport | Preparing files to reimport...
[  22% ] reimport | Preparing files to reimport...
[  23% ] reimport | Preparing files to reimport...
[  23% ] reimport | Preparing files to reimport...
[  24% ] reimport | Preparing files to reimport...
[  24% ] reimport | Preparing files to reimport...
[  25% ] reimport | Preparing files to reimport...
[  25% ] reimport | Preparing files to reimport...
[  26% ] reimport | Preparing files to reimport...
[  26% ] reimport | Preparing files to reimport...
[  27% ] reimport | Preparing files to reimport...
[  27% ] reimport | Preparing files to reimport...
[  28% ] reimport | Preparing files to reimport...
[  28% ] reimport | Preparing files to reimport...
[  29% ] reimport | Preparing files to reimport...
[  29% ] reimport | Preparing files to reimport...
[  30% ] reimport | Preparing files to reimport...
[  30% ] reimport | Preparing files to reimport...
[  31% ] reimport | Preparing files to reimport...
[  31% ] reimport | Preparing files to reimport...
[  32% ] reimport | Preparing files to reimport...
[  32% ] reimport | Preparing files to reimport...
[  33% ] reimport | Preparing files to reimport...
[  34% ] reimport | Preparing files to reimport...
[  34% ] reimport | Preparing files to reimport...
[  35% ] reimport | Preparing files to reimport...
[  35% ] reimport | Preparing files to reimport...
[  36% ] reimport | Preparing files to reimport...
[  36% ] reimport | Preparing files to reimport...
[  37% ] reimport | Preparing files to reimport...
[  37% ] reimport | Preparing files to reimport...
[  38% ] reimport | Preparing files to reimport...
[  38% ] reimport | Preparing files to reimport...
[  39% ] reimport | Preparing files to reimport...
[  39% ] reimport | Preparing files to reimport...
[  40% ] reimport | Preparing files to reimport...
[  40% ] reimport | Preparing files to reimport...
[  41% ] reimport | Preparing files to reimport...
[  41% ] reimport | Preparing files to reimport...
[  42% ] reimport | Preparing files to reimport...
[  42% ] reimport | Preparing files to reimport...
[  43% ] reimport | Preparing files to reimport...
[  43% ] reimport | Preparing files to reimport...
[  44% ] reimport | Preparing files to reimport...
[  44% ] reimport | Preparing files to reimport...
[  45% ] reimport | Preparing files to reimport...
[  45% ] reimport | Preparing files to reimport...
[  46% ] reimport | Preparing files to reimport...
[  46% ] reimport | Preparing files to reimport...
[  47% ] reimport | Preparing files to reimport...
[  47% ] reimport | Preparing files to reimport...
[  48% ] reimport | Preparing files to reimport...
[  48% ] reimport | Preparing files to reimport...
[  49% ] reimport | Preparing files to reimport...
[  49% ] reimport | Preparing files to reimport...
[  50% ] reimport | Preparing files to reimport...
[  50% ] reimport | Preparing files to reimport...
[  51% ] reimport | Preparing files to reimport...
[  51% ] reimport | Preparing files to reimport...
[  52% ] reimport | Preparing files to reimport...
[  52% ] reimport | Preparing files to reimport...
[  53% ] reimport | Preparing files to reimport...
[  53% ] reimport | Preparing files to reimport...
[  54% ] reimport | Preparing files to reimport...
[  54% ] reimport | Preparing files to reimport...
[  55% ] reimport | Preparing files to reimport...
[  55% ] reimport | Preparing files to reimport...
[  56% ] reimport | Preparing files to reimport...
[  56% ] reimport | Preparing files to reimport...
[  57% ] reimport | Preparing files to reimport...
[  57% ] reimport | Preparing files to reimport...
[  58% ] reimport | Preparing files to reimport...
[  58% ] reimport | Preparing files to reimport...
[  59% ] reimport | Preparing files to reimport...
[  59% ] reimport | Preparing files to reimport...
[  60% ] reimport | Preparing files to reimport...
[  60% ] reimport | Preparing files to reimport...
[  61% ] reimport | Preparing files to reimport...
[  61% ] reimport | Preparing files to reimport...
[  62% ] reimport | Preparing files to reimport...
[  62% ] reimport | Preparing files to reimport...
[  63% ] reimport | Preparing files to reimport...
[  63% ] reimport | Preparing files to reimport...
[  64% ] reimport | Preparing files to reimport...
[  64% ] reimport | Preparing files to reimport...
[  65% ] reimport | Preparing files to reimport...
[  65% ] reimport | Preparing files to reimport...
[  66% ] reimport | Preparing files to reimport...
[  67% ] reimport | Preparing files to reimport...
[  67% ] reimport | Preparing files to reimport...
[  68% ] reimport | Preparing files to reimport...
[  68% ] reimport | Preparing files to reimport...
[  69% ] reimport | Preparing files to reimport...
[  69% ] reimport | Preparing files to reimport...
[  70% ] reimport | Preparing files to reimport...
[  70% ] reimport | Preparing files to reimport...
[  71% ] reimport | Preparing files to reimport...
[  71% ] reimport | Preparing files to reimport...
[  72% ] reimport | Preparing files to reimport...
[  72% ] reimport | Preparing files to reimport...
[  73% ] reimport | Preparing files to reimport...
[  73% ] reimport | Preparing files to reimport...
[  74% ] reimport | Preparing files to reimport...
[  74% ] reimport | Preparing files to reimport...
[  75% ] reimport | Preparing files to reimport...
[  75% ] reimport | Preparing files to reimport...
[  76% ] reimport | Preparing files to reimport...
[  76% ] reimport | Preparing files to reimport...
[  77% ] reimport | Preparing files to reimport...
[  77% ] reimport | Preparing files to reimport...
[  78% ] reimport | Preparing files to reimport...
[  78% ] reimport | Preparing files to reimport...
[  79% ] reimport | Preparing files to reimport...
[  79% ] reimport | Preparing files to reimport...
[  80% ] reimport | Preparing files to reimport...
[  80% ] reimport | Preparing files to reimport...
[  81% ] reimport | Preparing files to reimport...
[  81% ] reimport | Preparing files to reimport...
[  82% ] reimport | Preparing files to reimport...
[  82% ] reimport | Preparing files to reimport...
[  83% ] reimport | Preparing files to reimport...
[  83% ] reimport | Preparing files to reimport...
[  84% ] reimport | Preparing files to reimport...
[  84% ] reimport | Preparing files to reimport...
[  85% ] reimport | Preparing files to reimport...
[  85% ] reimport | Preparing files to reimport...
[  86% ] reimport | Preparing files to reimport...
[  86% ] reimport | Preparing files to reimport...
[  87% ] reimport | Preparing files to reimport...
[  87% ] reimport | Preparing files to reimport...
[  88% ] reimport | Preparing files to reimport...
[  88% ] reimport | Preparing files to reimport...
[  89% ] reimport | Preparing files to reimport...
[  89% ] reimport | Preparing files to reimport...
[  90% ] reimport | Preparing files to reimport...
[  90% ] reimport | Preparing files to reimport...
[  91% ] reimport | Preparing files to reimport...
[  91% ] reimport | Preparing files to reimport...
[  92% ] reimport | Preparing files to reimport...
[  92% ] reimport | Preparing files to reimport...
[  93% ] reimport | Preparing files to reimport...
[  93% ] reimport | Preparing files to reimport...
[  94% ] reimport | Preparing files to reimport...
[  94% ] reimport | Preparing files to reimport...
[  95% ] reimport | Preparing files to reimport...
[  95% ] reimport | Preparing files to reimport...
[  96% ] reimport | Preparing files to reimport...
[  96% ] reimport | Preparing files to reimport...
[  97% ] reimport | Preparing files to reimport...
[  97% ] reimport | Preparing files to reimport...
[  98% ] reimport | Preparing files to reimport...
[  98% ] reimport | Preparing files to reimport...
[   0% ] reimport | Executing pre-reimport operations...
[   0% ] preload_reimporting_scene | Started Preparing scenes for reload (1 steps)
[   0% ] preload_reimporting_scene | Analyzing scene [empty]
[  50% ] preload_reimporting_scene | Preparation done.
[ DONE ] preload_reimporting_scene

[   0% ] reimport | item_radish.png
[   0% ] reimport | body_texture_0.png
[   1% ] reimport | body_l0_normal.png
[   1% ] reimport | body_l0_metallic_roughness.png
[   2% ] reimport | item_turnip.png
[   2% ] reimport | item_barley_base.png
[   3% ] reimport | item_barley_normal.png
[   3% ] reimport | item_barley_rough.png
[   4% ] reimport | item_beetroot_base.png
[   4% ] reimport | item_beetroot_normal.png
[   5% ] reimport | item_beetroot_rough.png
[   5% ] reimport | item_carrot_base.png
[   6% ] reimport | item_carrot_normal.png
[   6% ] reimport | body_texture_0.png
[   7% ] reimport | body_l0_normal.png
[   7% ] reimport | body_l0_metallic_roughness.png
[   8% ] reimport | item_carrot_rough.png
[   8% ] reimport | item_celery_base.png
[   9% ] reimport | item_celery_normal.png
[   9% ] reimport | item_celery_rough.png
[  10% ] reimport | body_l0_metallic_roughness.png
[  10% ] reimport | body_l0_normal.png
[  11% ] reimport | body_texture_0.png
[  11% ] reimport | body_texture_0.png
[  12% ] reimport | body_l0_normal.png
[  12% ] reimport | body_l0_metallic_roughness.png
[  13% ] reimport | body_l0_metallic_roughness.png
[  13% ] reimport | body_l0_normal.png
[  14% ] reimport | body_texture_0.png
[  14% ] reimport | body_texture_0.png
[  15% ] reimport | body_l0_normal.png
[  15% ] reimport | body_l0_metallic_roughness.png
[  16% ] reimport | item_barley.png
[  16% ] reimport | item_beetroot.png
[  17% ] reimport | item_carrot.png
[  17% ] reimport | item_celery.png
[  18% ] reimport | item_leek.png
[  18% ] reimport | item_lettuce.png
[  19% ] reimport | item_oats.png
[  19% ] reimport | item_onion.png
[  20% ] reimport | item_peas.png
[  20% ] reimport | item_onion_base.png
[  21% ] reimport | item_onion_normal.png
[  21% ] reimport | item_onion_rough.png
[  22% ] reimport | item_peas_base.png
[  22% ] reimport | body_texture_0.png
[  23% ] reimport | body_l0_normal.png
[  23% ] reimport | body_l0_metallic_roughness.png
[  24% ] reimport | item_peas_normal.png
[  24% ] reimport | item_peas_rough.png
[  25% ] reimport | item_radish_base.png
[  25% ] reimport | item_radish_normal.png
[  26% ] reimport | item_radish_rough.png
[  26% ] reimport | item_turnip_base.png
[  27% ] reimport | body_texture_0.png
[  27% ] reimport | mole_pick_normal.png
[  28% ] reimport | mole_pick_base.png
[  28% ] reimport | item_turnip_rough.png
[  29% ] reimport | item_turnip_normal.png
[  29% ] reimport | mole_pick_rough.png
[  30% ] reimport | item_leek_base.png
[  30% ] reimport | item_leek_normal.png
[  31% ] reimport | body_l0_metallic_roughness.png
[  31% ] reimport | item_leek_rough.png
[  32% ] reimport | body_l0_normal.png
[  32% ] reimport | item_lettuce_base.png
[  33% ] reimport | item_lettuce_normal.png
[  34% ] reimport | item_lettuce_rough.png
[  34% ] reimport | body_texture_0.png
[  35% ] reimport | body_l0_normal.png
[  35% ] reimport | body_l0_metallic_roughness.png
[  36% ] reimport | item_oats_rough.png
[  36% ] reimport | item_oats_normal.png
[  36% ] reimport | item_oats_normal.png
[  37% ] reimport | item_oats_base.png
[  37% ] reimport | idle.glb
[   0% ] import | Started Import Scene (104 steps)
[   0% ] import | Importing Scene...
[   1% ] import | Running Custom Script...
[  99% ] import | Saving...
[ DONE ] import

[  38% ] reimport | pull_radish.glb
[   0% ] import | Started Import Scene (104 steps)
[   0% ] import | Importing Scene...
[   1% ] import | Running Custom Script...
[  99% ] import | Saving...
[ DONE ] import

[  38% ] reimport | mole_pick.glb
[   0% ] import | Started Import Scene (104 steps)
[   0% ] import | Importing Scene...
[   1% ] import | Running Custom Script...
[  99% ] import | Saving...
[ DONE ] import

[  39% ] reimport | body.glb
[   0% ] import | Started Import Scene (104 steps)
[   0% ] import | Importing Scene...
[   1% ] import | Running Custom Script...
[  99% ] import | Saving...
[ DONE ] import

[  39% ] reimport | wave_one_hand.glb
[   0% ] import | Started Import Scene (104 steps)
[   0% ] import | Importing Scene...
[   1% ] import | Running Custom Script...
[  99% ] import | Saving...
[ DONE ] import

[  40% ] reimport | sleep_normally.glb
[   0% ] import | Started Import Scene (104 steps)
[   0% ] import | Importing Scene...
[   1% ] import | Running Custom Script...
[  99% ] import | Saving...
[ DONE ] import

[  40% ] reimport | walk.glb
[   0% ] import | Started Import Scene (104 steps)
[   0% ] import | Importing Scene...
[   1% ] import | Running Custom Script...
[  99% ] import | Saving...
[ DONE ] import

[  41% ] reimport | collect_object.glb
[   0% ] import | Started Import Scene (104 steps)
[   0% ] import | Importing Scene...
[   1% ] import | Running Custom Script...
[  99% ] import | Saving...
[ DONE ] import

[  41% ] reimport | tread_water.glb
[   0% ] import | Started Import Scene (104 steps)
[   0% ] import | Importing Scene...
[   1% ] import | Running Custom Script...
[  99% ] import | Saving...
[ DONE ] import

[  42% ] reimport | swim.glb
[   0% ] import | Started Import Scene (104 steps)
[   0% ] import | Importing Scene...
[   1% ] import | Running Custom Script...
[  99% ] import | Saving...
[ DONE ] import

[  42% ] reimport | cautious_crouch_walk_forward.glb
[   0% ] import | Started Import Scene (104 steps)
[   0% ] import | Importing Scene...
[   1% ] import | Running Custom Script...
[  99% ] import | Saving...
[ DONE ] import

[  43% ] reimport | stand_and_drink.glb
[   0% ] import | Started Import Scene (104 steps)
[   0% ] import | Importing Scene...
[   1% ] import | Running Custom Script...
[  99% ] import | Saving...
[ DONE ] import

[  43% ] reimport | carry_heavy_object_walk.glb
[   0% ] import | Started Import Scene (104 steps)
[   0% ] import | Importing Scene...
[   1% ] import | Running Custom Script...
[  99% ] import | Saving...
[ DONE ] import

[  44% ] reimport | item_leek.glb
[   0% ] import | Started Import Scene (104 steps)
[   0% ] import | Importing Scene...
[   1% ] import | Running Custom Script...
[  99% ] import | Saving...
[ DONE ] import

[  44% ] reimport | item_celery.glb
[   0% ] import | Started Import Scene (104 steps)
[   0% ] import | Importing Scene...
[   1% ] import | Running Custom Script...
[  99% ] import | Saving...
[ DONE ] import

[  45% ] reimport | item_lettuce.glb
[   0% ] import | Started Import Scene (104 steps)
[   0% ] import | Importing Scene...
[   1% ] import | Running Custom Script...
[  99% ] import | Saving...
[ DONE ] import

[  45% ] reimport | item_carrot.glb
[   0% ] import | Started Import Scene (104 steps)
[   0% ] import | Importing Scene...
[   1% ] import | Running Custom Script...
[  99% ] import | Saving...
[ DONE ] import

[  46% ] reimport | item_oats.glb
[   0% ] import | Started Import Scene (104 steps)
[   0% ] import | Importing Scene...
[   1% ] import | Running Custom Script...
[  99% ] import | Saving...
[ DONE ] import

[  46% ] reimport | item_beetroot.glb
[   0% ] import | Started Import Scene (104 steps)
[   0% ] import | Importing Scene...
[   1% ] import | Running Custom Script...
[  99% ] import | Saving...
[ DONE ] import

[  47% ] reimport | item_barley.glb
[   0% ] import | Started Import Scene (104 steps)
[   0% ] import | Importing Scene...
[   1% ] import | Running Custom Script...
[  99% ] import | Saving...
[ DONE ] import

[  47% ] reimport | item_onion.glb
[   0% ] import | Started Import Scene (104 steps)
[   0% ] import | Importing Scene...
[   1% ] import | Running Custom Script...
[  99% ] import | Saving...
[ DONE ] import

[  48% ] reimport | item_peas.glb
[   0% ] import | Started Import Scene (104 steps)
[   0% ] import | Importing Scene...
[   1% ] import | Running Custom Script...
[  99% ] import | Saving...
[ DONE ] import

[  48% ] reimport | item_radish.glb
[   0% ] import | Started Import Scene (104 steps)
[   0% ] import | Importing Scene...
[   1% ] import | Running Custom Script...
[  99% ] import | Saving...
[ DONE ] import

[  49% ] reimport | wave_one_hand.glb
[   0% ] import | Started Import Scene (104 steps)
[   0% ] import | Importing Scene...
[   1% ] import | Running Custom Script...
[  99% ] import | Saving...
[ DONE ] import

[  49% ] reimport | walk.glb
[   0% ] import | Started Import Scene (104 steps)
[   0% ] import | Importing Scene...
[   1% ] import | Running Custom Script...
[  99% ] import | Saving...
[ DONE ] import

[  50% ] reimport | item_turnip.glb
[   0% ] import | Started Import Scene (104 steps)
[   0% ] import | Importing Scene...
[   1% ] import | Running Custom Script...
[  99% ] import | Saving...
[ DONE ] import

[  50% ] reimport | tread_water.glb
[   0% ] import | Started Import Scene (104 steps)
[   0% ] import | Importing Scene...
[   1% ] import | Running Custom Script...
[  99% ] import | Saving...
[ DONE ] import

[  51% ] reimport | swim.glb
[   0% ] import | Started Import Scene (104 steps)
[   0% ] import | Importing Scene...
[   1% ] import | Running Custom Script...
[  99% ] import | Saving...
[ DONE ] import

[  51% ] reimport | stand_and_drink.glb
[   0% ] import | Started Import Scene (104 steps)
[   0% ] import | Importing Scene...
[   1% ] import | Running Custom Script...
[  99% ] import | Saving...
[ DONE ] import

[  52% ] reimport | sleep_normally.glb
[   0% ] import | Started Import Scene (104 steps)
[   0% ] import | Importing Scene...
[   1% ] import | Running Custom Script...
[  99% ] import | Saving...
[ DONE ] import

[  52% ] reimport | pull_radish.glb
[   0% ] import | Started Import Scene (104 steps)
[   0% ] import | Importing Scene...
[   1% ] import | Running Custom Script...
[  99% ] import | Saving...
[ DONE ] import

[  53% ] reimport | idle.glb
[   0% ] import | Started Import Scene (104 steps)
[   0% ] import | Importing Scene...
[   1% ] import | Running Custom Script...
[  99% ] import | Saving...
[ DONE ] import

[  53% ] reimport | collect_object.glb
[   0% ] import | Started Import Scene (104 steps)
[   0% ] import | Importing Scene...
[   1% ] import | Running Custom Script...
[  99% ] import | Saving...
[ DONE ] import

[  54% ] reimport | cautious_crouch_walk_forward.glb
[   0% ] import | Started Import Scene (104 steps)
[   0% ] import | Importing Scene...
[   1% ] import | Running Custom Script...
[  99% ] import | Saving...
[ DONE ] import

[  54% ] reimport | carry_heavy_object_walk.glb
[   0% ] import | Started Import Scene (104 steps)
[   0% ] import | Importing Scene...
[   1% ] import | Running Custom Script...
[  99% ] import | Saving...
[ DONE ] import

[  55% ] reimport | wave_one_hand.glb
[   0% ] import | Started Import Scene (104 steps)
[   0% ] import | Importing Scene...
[   1% ] import | Running Custom Script...
[  99% ] import | Saving...
[ DONE ] import

[  55% ] reimport | body.glb
[   0% ] import | Started Import Scene (104 steps)
[   0% ] import | Importing Scene...
[   1% ] import | Running Custom Script...
[  99% ] import | Saving...
[ DONE ] import

[  56% ] reimport | carry_heavy_object_walk.glb
[   0% ] import | Started Import Scene (104 steps)
[   0% ] import | Importing Scene...
[   1% ] import | Running Custom Script...
[  99% ] import | Saving...
[ DONE ] import

[  56% ] reimport | cautious_crouch_walk_forward.glb
[   0% ] import | Started Import Scene (104 steps)
[   0% ] import | Importing Scene...
[   1% ] import | Running Custom Script...
[  99% ] import | Saving...
[ DONE ] import

[  57% ] reimport | collect_object.glb
[   0% ] import | Started Import Scene (104 steps)
[   0% ] import | Importing Scene...
[   1% ] import | Running Custom Script...
[  99% ] import | Saving...
[ DONE ] import

[  57% ] reimport | heavy_hammer_swing.glb
[   0% ] import | Started Import Scene (104 steps)
[   0% ] import | Importing Scene...
[   1% ] import | Running Custom Script...
[  99% ] import | Saving...
[ DONE ] import

[  58% ] reimport | idle.glb
[   0% ] import | Started Import Scene (104 steps)
[   0% ] import | Importing Scene...
[   1% ] import | Running Custom Script...
[  99% ] import | Saving...
[ DONE ] import

[  58% ] reimport | pull_radish.glb
[   0% ] import | Started Import Scene (104 steps)
[   0% ] import | Importing Scene...
[   1% ] import | Running Custom Script...
[  99% ] import | Saving...
[ DONE ] import

[  59% ] reimport | sleep_normally.glb
[   0% ] import | Started Import Scene (104 steps)
[   0% ] import | Importing Scene...
[   1% ] import | Running Custom Script...
[  99% ] import | Saving...
[ DONE ] import

[  59% ] reimport | stand_and_drink.glb
[   0% ] import | Started Import Scene (104 steps)
[   0% ] import | Importing Scene...
[   1% ] import | Running Custom Script...
[  99% ] import | Saving...
[ DONE ] import

[  60% ] reimport | swim.glb
[   0% ] import | Started Import Scene (104 steps)
[   0% ] import | Importing Scene...
[   1% ] import | Running Custom Script...
[  99% ] import | Saving...
[ DONE ] import

[  60% ] reimport | tread_water.glb
[   0% ] import | Started Import Scene (104 steps)
[   0% ] import | Importing Scene...
[   1% ] import | Running Custom Script...
[  99% ] import | Saving...
[ DONE ] import

[  61% ] reimport | walk.glb
[   0% ] import | Started Import Scene (104 steps)
[   0% ] import | Importing Scene...
[   1% ] import | Running Custom Script...
[  99% ] import | Saving...
[ DONE ] import

[  61% ] reimport | wave_one_hand.glb
[   0% ] import | Started Import Scene (104 steps)
[   0% ] import | Importing Scene...
[   1% ] import | Running Custom Script...
[  99% ] import | Saving...
[ DONE ] import

[  62% ] reimport | body.glb
[   0% ] import | Started Import Scene (104 steps)
[   0% ] import | Importing Scene...
[   1% ] import | Running Custom Script...
[  99% ] import | Saving...
[ DONE ] import

[  62% ] reimport | carry_heavy_object_walk.glb
[   0% ] import | Started Import Scene (104 steps)
[   0% ] import | Importing Scene...
[   1% ] import | Running Custom Script...
[  99% ] import | Saving...
[ DONE ] import

[  63% ] reimport | cautious_crouch_walk_forward.glb
[   0% ] import | Started Import Scene (104 steps)
[   0% ] import | Importing Scene...
[   1% ] import | Running Custom Script...
[  99% ] import | Saving...
[ DONE ] import

[  63% ] reimport | collect_object.glb
[   0% ] import | Started Import Scene (104 steps)
[   0% ] import | Importing Scene...
[   1% ] import | Running Custom Script...
[  99% ] import | Saving...
[ DONE ] import

[  64% ] reimport | idle.glb
[   0% ] import | Started Import Scene (104 steps)
[   0% ] import | Importing Scene...
[   1% ] import | Running Custom Script...
[  99% ] import | Saving...
[ DONE ] import

[  64% ] reimport | pull_radish.glb
[   0% ] import | Started Import Scene (104 steps)
[   0% ] import | Importing Scene...
[   1% ] import | Running Custom Script...
[  99% ] import | Saving...
[ DONE ] import

[  65% ] reimport | sleep_normally.glb
[   0% ] import | Started Import Scene (104 steps)
[   0% ] import | Importing Scene...
[   1% ] import | Running Custom Script...
[  99% ] import | Saving...
[ DONE ] import

[  65% ] reimport | body.glb
[   0% ] import | Started Import Scene (104 steps)
[   0% ] import | Importing Scene...
[   1% ] import | Running Custom Script...
[  99% ] import | Saving...
[ DONE ] import

[  66% ] reimport | carry_heavy_object_walk.glb
[   0% ] import | Started Import Scene (104 steps)
[   0% ] import | Importing Scene...
[   1% ] import | Running Custom Script...
[  99% ] import | Saving...
[ DONE ] import

[  67% ] reimport | cautious_crouch_walk_forward.glb
[   0% ] import | Started Import Scene (104 steps)
[   0% ] import | Importing Scene...
[   1% ] import | Running Custom Script...
[  99% ] import | Saving...
[ DONE ] import

[  67% ] reimport | collect_object.glb
[   0% ] import | Started Import Scene (104 steps)
[   0% ] import | Importing Scene...
[   1% ] import | Running Custom Script...
[  99% ] import | Saving...
[ DONE ] import

[  68% ] reimport | heavy_hammer_swing.glb
[   0% ] import | Started Import Scene (104 steps)
[   0% ] import | Importing Scene...
[   1% ] import | Running Custom Script...
[  99% ] import | Saving...
[ DONE ] import

[  68% ] reimport | idle.glb
[   0% ] import | Started Import Scene (104 steps)
[   0% ] import | Importing Scene...
[   1% ] import | Running Custom Script...
[  99% ] import | Saving...
[ DONE ] import

[  69% ] reimport | pull_radish.glb
[   0% ] import | Started Import Scene (104 steps)
[   0% ] import | Importing Scene...
[   1% ] import | Running Custom Script...
[  99% ] import | Saving...
[ DONE ] import

[  69% ] reimport | sleep_normally.glb
[   0% ] import | Started Import Scene (104 steps)
[   0% ] import | Importing Scene...
[   1% ] import | Running Custom Script...
[  99% ] import | Saving...
[ DONE ] import

[  70% ] reimport | stand_and_drink.glb
[   0% ] import | Started Import Scene (104 steps)
[   0% ] import | Importing Scene...
[   1% ] import | Running Custom Script...
[  99% ] import | Saving...
[ DONE ] import

[  70% ] reimport | swim.glb
[   0% ] import | Started Import Scene (104 steps)
[   0% ] import | Importing Scene...
[   1% ] import | Running Custom Script...
[  99% ] import | Saving...
[ DONE ] import

[  71% ] reimport | tread_water.glb
[   0% ] import | Started Import Scene (104 steps)
[   0% ] import | Importing Scene...
[   1% ] import | Running Custom Script...
[  99% ] import | Saving...
[ DONE ] import

[  71% ] reimport | walk.glb
[   0% ] import | Started Import Scene (104 steps)
[   0% ] import | Importing Scene...
[   1% ] import | Running Custom Script...
[  99% ] import | Saving...
[ DONE ] import

[  72% ] reimport | wave_one_hand.glb
[   0% ] import | Started Import Scene (104 steps)
[   0% ] import | Importing Scene...
[   1% ] import | Running Custom Script...
[  99% ] import | Saving...
[ DONE ] import

[  72% ] reimport | body.glb
[   0% ] import | Started Import Scene (104 steps)
[   0% ] import | Importing Scene...
[   1% ] import | Running Custom Script...
[  99% ] import | Saving...
[ DONE ] import

[  73% ] reimport | carry_heavy_object_walk.glb
[   0% ] import | Started Import Scene (104 steps)
[   0% ] import | Importing Scene...
[   1% ] import | Running Custom Script...
[  99% ] import | Saving...
[ DONE ] import

[  73% ] reimport | collect_object.glb
[   0% ] import | Started Import Scene (104 steps)
[   0% ] import | Importing Scene...
[   1% ] import | Running Custom Script...
[  99% ] import | Saving...
[ DONE ] import

[  74% ] reimport | idle.glb
[   0% ] import | Started Import Scene (104 steps)
[   0% ] import | Importing Scene...
[   1% ] import | Running Custom Script...
[  99% ] import | Saving...
[ DONE ] import

[  74% ] reimport | pull_radish.glb
[   0% ] import | Started Import Scene (104 steps)
[   0% ] import | Importing Scene...
[   1% ] import | Running Custom Script...
[  99% ] import | Saving...
[ DONE ] import

[  75% ] reimport | stand_and_drink.glb
[   0% ] import | Started Import Scene (104 steps)
[   0% ] import | Importing Scene...
[   1% ] import | Running Custom Script...
[  99% ] import | Saving...
[ DONE ] import

[  75% ] reimport | swim.glb
[   0% ] import | Started Import Scene (104 steps)
[   0% ] import | Importing Scene...
[   1% ] import | Running Custom Script...
[  99% ] import | Saving...
[ DONE ] import

[  76% ] reimport | tread_water.glb
[   0% ] import | Started Import Scene (104 steps)
[   0% ] import | Importing Scene...
[   1% ] import | Running Custom Script...
[  99% ] import | Saving...
[ DONE ] import

[  76% ] reimport | walk.glb
[   0% ] import | Started Import Scene (104 steps)
[   0% ] import | Importing Scene...
[   1% ] import | Running Custom Script...
[  99% ] import | Saving...
[ DONE ] import

[  77% ] reimport | idle.glb
[   0% ] import | Started Import Scene (104 steps)
[   0% ] import | Importing Scene...
[   1% ] import | Running Custom Script...
[  99% ] import | Saving...
[ DONE ] import

[  77% ] reimport | pull_radish.glb
[   0% ] import | Started Import Scene (104 steps)
[   0% ] import | Importing Scene...
[   1% ] import | Running Custom Script...
[  99% ] import | Saving...
[ DONE ] import

[  78% ] reimport | sleep_normally.glb
[   0% ] import | Started Import Scene (104 steps)
[   0% ] import | Importing Scene...
[   1% ] import | Running Custom Script...
[  99% ] import | Saving...
[ DONE ] import

[  78% ] reimport | stand_and_drink.glb
[   0% ] import | Started Import Scene (104 steps)
[   0% ] import | Importing Scene...
[   1% ] import | Running Custom Script...
[  99% ] import | Saving...
[ DONE ] import

[  79% ] reimport | swim.glb
[   0% ] import | Started Import Scene (104 steps)
[   0% ] import | Importing Scene...
[   1% ] import | Running Custom Script...
[  99% ] import | Saving...
[ DONE ] import

[  79% ] reimport | tread_water.glb
[   0% ] import | Started Import Scene (104 steps)
[   0% ] import | Importing Scene...
[   1% ] import | Running Custom Script...
[  99% ] import | Saving...
[ DONE ] import

[  80% ] reimport | walk.glb
[   0% ] import | Started Import Scene (104 steps)
[   0% ] import | Importing Scene...
[   1% ] import | Running Custom Script...
[  99% ] import | Saving...
[ DONE ] import

[  80% ] reimport | wave_one_hand.glb
[   0% ] import | Started Import Scene (104 steps)
[   0% ] import | Importing Scene...
[   1% ] import | Running Custom Script...
[  99% ] import | Saving...
[ DONE ] import

[  81% ] reimport | body.glb
[   0% ] import | Started Import Scene (104 steps)
[   0% ] import | Importing Scene...
[   1% ] import | Running Custom Script...
[  99% ] import | Saving...
[ DONE ] import

[  81% ] reimport | carry_heavy_object_walk.glb
[   0% ] import | Started Import Scene (104 steps)
[   0% ] import | Importing Scene...
[   1% ] import | Running Custom Script...
[  99% ] import | Saving...
[ DONE ] import

[  82% ] reimport | cautious_crouch_walk_forward.glb
[   0% ] import | Started Import Scene (104 steps)
[   0% ] import | Importing Scene...
[   1% ] import | Running Custom Script...
[  99% ] import | Saving...
[ DONE ] import

[  82% ] reimport | collect_object.glb
[   0% ] import | Started Import Scene (104 steps)
[   0% ] import | Importing Scene...
[   1% ] import | Running Custom Script...
[  99% ] import | Saving...
[ DONE ] import

[  83% ] reimport | dive.glb
[   0% ] import | Started Import Scene (104 steps)
[   0% ] import | Importing Scene...
[   1% ] import | Running Custom Script...
[  99% ] import | Saving...
[ DONE ] import

[  83% ] reimport | idle.glb
[   0% ] import | Started Import Scene (104 steps)
[   0% ] import | Importing Scene...
[   1% ] import | Running Custom Script...
[  99% ] import | Saving...
[ DONE ] import

[  84% ] reimport | pull_radish.glb
[   0% ] import | Started Import Scene (104 steps)
[   0% ] import | Importing Scene...
[   1% ] import | Running Custom Script...
[  99% ] import | Saving...
[ DONE ] import

[  84% ] reimport | sleep_normally.glb
[   0% ] import | Started Import Scene (104 steps)
[   0% ] import | Importing Scene...
[   1% ] import | Running Custom Script...
[  99% ] import | Saving...
[ DONE ] import

[  85% ] reimport | stand_and_drink.glb
[   0% ] import | Started Import Scene (104 steps)
[   0% ] import | Importing Scene...
[   1% ] import | Running Custom Script...
[  99% ] import | Saving...
[ DONE ] import

[  85% ] reimport | swim.glb
[   0% ] import | Started Import Scene (104 steps)
[   0% ] import | Importing Scene...
[   1% ] import | Running Custom Script...
[  99% ] import | Saving...
[ DONE ] import

[  86% ] reimport | tread_water.glb
[   0% ] import | Started Import Scene (104 steps)
[   0% ] import | Importing Scene...
[   1% ] import | Running Custom Script...
[  99% ] import | Saving...
[ DONE ] import

[  86% ] reimport | walk.glb
[   0% ] import | Started Import Scene (104 steps)
[   0% ] import | Importing Scene...
[   1% ] import | Running Custom Script...
[  99% ] import | Saving...
[ DONE ] import

[  87% ] reimport | wave_one_hand.glb
[   0% ] import | Started Import Scene (104 steps)
[   0% ] import | Importing Scene...
[   1% ] import | Running Custom Script...
[  99% ] import | Saving...
[ DONE ] import

[  87% ] reimport | body.glb
[   0% ] import | Started Import Scene (104 steps)
[   0% ] import | Importing Scene...
[   1% ] import | Running Custom Script...
[  99% ] import | Saving...
[ DONE ] import

[  88% ] reimport | stand_and_drink.glb
[   0% ] import | Started Import Scene (104 steps)
[   0% ] import | Importing Scene...
[   1% ] import | Running Custom Script...
[  99% ] import | Saving...
[ DONE ] import

[  88% ] reimport | swim.glb
[   0% ] import | Started Import Scene (104 steps)
[   0% ] import | Importing Scene...
[   1% ] import | Running Custom Script...
[  99% ] import | Saving...
[ DONE ] import

[  89% ] reimport | tread_water.glb
[   0% ] import | Started Import Scene (104 steps)
[   0% ] import | Importing Scene...
[   1% ] import | Running Custom Script...
[  99% ] import | Saving...
[ DONE ] import

[  89% ] reimport | walk.glb
[   0% ] import | Started Import Scene (104 steps)
[   0% ] import | Importing Scene...
[   1% ] import | Running Custom Script...
[  99% ] import | Saving...
[ DONE ] import

[  90% ] reimport | wave_one_hand.glb
[   0% ] import | Started Import Scene (104 steps)
[   0% ] import | Importing Scene...
[   1% ] import | Running Custom Script...
[  99% ] import | Saving...
[ DONE ] import

[  90% ] reimport | body.glb
[   0% ] import | Started Import Scene (104 steps)
[   0% ] import | Importing Scene...
[   1% ] import | Running Custom Script...
[  99% ] import | Saving...
[ DONE ] import

[  91% ] reimport | carry_heavy_object_walk.glb
[   0% ] import | Started Import Scene (104 steps)
[   0% ] import | Importing Scene...
[   1% ] import | Running Custom Script...
[  99% ] import | Saving...
[ DONE ] import

[  91% ] reimport | cautious_crouch_walk_forward.glb
[   0% ] import | Started Import Scene (104 steps)
[   0% ] import | Importing Scene...
[   1% ] import | Running Custom Script...
[  99% ] import | Saving...
[ DONE ] import

[  92% ] reimport | collect_object.glb
[   0% ] import | Started Import Scene (104 steps)
[   0% ] import | Importing Scene...
[   1% ] import | Running Custom Script...
[  99% ] import | Saving...
[ DONE ] import

[  92% ] reimport | idle.glb
[   0% ] import | Started Import Scene (104 steps)
[   0% ] import | Importing Scene...
[   1% ] import | Running Custom Script...
[  99% ] import | Saving...
[ DONE ] import

[  93% ] reimport | pull_radish.glb
[   0% ] import | Started Import Scene (104 steps)
[   0% ] import | Importing Scene...
[   1% ] import | Running Custom Script...
[  99% ] import | Saving...
[ DONE ] import

[  93% ] reimport | sleep_normally.glb
[   0% ] import | Started Import Scene (104 steps)
[   0% ] import | Importing Scene...
[   1% ] import | Running Custom Script...
[  99% ] import | Saving...
[ DONE ] import

[  94% ] reimport | stand_and_drink.glb
[   0% ] import | Started Import Scene (104 steps)
[   0% ] import | Importing Scene...
[   1% ] import | Running Custom Script...
[  99% ] import | Saving...
[ DONE ] import

[  94% ] reimport | swim.glb
[   0% ] import | Started Import Scene (104 steps)
[   0% ] import | Importing Scene...
[   1% ] import | Running Custom Script...
[  99% ] import | Saving...
[ DONE ] import

[  95% ] reimport | tread_water.glb
[   0% ] import | Started Import Scene (104 steps)
[   0% ] import | Importing Scene...
[   1% ] import | Running Custom Script...
[  99% ] import | Saving...
[ DONE ] import

[  95% ] reimport | walk.glb
[   0% ] import | Started Import Scene (104 steps)
[   0% ] import | Importing Scene...
[   1% ] import | Running Custom Script...
[  99% ] import | Saving...
[ DONE ] import

[  96% ] reimport | wave_one_hand.glb
[   0% ] import | Started Import Scene (104 steps)
[   0% ] import | Importing Scene...
[   1% ] import | Running Custom Script...
[  99% ] import | Saving...
[ DONE ] import

[  96% ] reimport | body.glb
[   0% ] import | Started Import Scene (104 steps)
[   0% ] import | Importing Scene...
[   1% ] import | Running Custom Script...
[  99% ] import | Saving...
[ DONE ] import

[  97% ] reimport | carry_heavy_object_walk.glb
[   0% ] import | Started Import Scene (104 steps)
[   0% ] import | Importing Scene...
[   1% ] import | Running Custom Script...
[  99% ] import | Saving...
[ DONE ] import

[  97% ] reimport | cautious_crouch_walk_forward.glb
[   0% ] import | Started Import Scene (104 steps)
[   0% ] import | Importing Scene...
[   1% ] import | Running Custom Script...
[  99% ] import | Saving...
[ DONE ] import

[  98% ] reimport | collect_object.glb
[   0% ] import | Started Import Scene (104 steps)
[   0% ] import | Importing Scene...
[   1% ] import | Running Custom Script...
[  99% ] import | Saving...
[ DONE ] import

[  98% ] reimport | dive.glb
[   0% ] import | Started Import Scene (104 steps)
[   0% ] import | Importing Scene...
[   1% ] import | Running Custom Script...
[  99% ] import | Saving...
[ DONE ] import

[  99% ] reimport | Finalizing Asset Import...
[ DONE ] reimport

[   0% ] reimport | Started (Re)Importing Assets (196 steps)
[   0% ] reimport | Executing post-reimport operations...
[ DONE ] reimport

[   0% ] loading_editor_layout | Started Loading editor (5 steps)
[   0% ] loading_editor_layout | Loading editor layout...
[  16% ] loading_editor_layout | Loading docks...
[  33% ] loading_editor_layout | Reopening scenes...
[  50% ] loading_editor_layout | Loading central editor layout...
[  66% ] loading_editor_layout | Loading plugin window layout...
[  83% ] loading_editor_layout | Editor layout ready.
[ DONE ] loading_editor_layout

