Godot Engine v4.7.2.stable.official.ed1daf0bf - https://godotengine.org

Godot Engine v4.7.2.stable.official.ed1daf0bf - https://godotengine.org

test_construction_retired_histories.gd
CONSTRUCTION_REAL_HISTORY {"delivered_milli":[0,0,0,0],"history":"BUILD-C","live_count":0,"observed_row":{"assigned_count":0,"material_container_generation":0,"material_container_slot":-1,"max_workers":4,"paused":0,"phase":3,"present":0,"purpose":0,"ref_generation":0,"ref_slot":-1,"refund_policy":1,"remaining_mwu":0,"subject_generation":0,"subject_slot":-1,"type_id":19,"work_begun":0},"outcome":"completion","scope":"public component lifecycle only; not gameplay, inventory conservation, material hauling or save acceptance","subject_result":"stockpile alive, ACTIVE, footprint retained"}
  PASS  test_build_completion_retains_partial_policy
CONSTRUCTION_REAL_HISTORY {"delivered_milli":[0,0,0,0],"history":"BUILD-B","live_count":0,"observed_row":{"assigned_count":0,"material_container_generation":0,"material_container_slot":-1,"max_workers":4,"paused":0,"phase":4,"present":0,"purpose":0,"ref_generation":0,"ref_slot":-1,"refund_policy":0,"remaining_mwu":0,"subject_generation":0,"subject_slot":-1,"type_id":19,"work_begun":0},"outcome":"cancel-before-work","scope":"public component lifecycle only; not gameplay, inventory conservation, material hauling or save acceptance","subject_result":"stockpile destroyed, footprint released"}
  PASS  test_build_cancellation_before_work_retains_full_policy
CONSTRUCTION_REAL_HISTORY {"delivered_milli":[0,0,0,0],"history":"BUILD-A","live_count":0,"observed_row":{"assigned_count":0,"material_container_generation":0,"material_container_slot":-1,"max_workers":4,"paused":0,"phase":4,"present":0,"purpose":0,"ref_generation":0,"ref_slot":-1,"refund_policy":1,"remaining_mwu":0,"subject_generation":0,"subject_slot":-1,"type_id":19,"work_begun":0},"outcome":"cancel-after-work","scope":"public component lifecycle only; not gameplay, inventory conservation, material hauling or save acceptance","subject_result":"stockpile destroyed, footprint released"}
  PASS  test_build_cancellation_after_work_retains_partial_policy
CONSTRUCTION_REAL_HISTORY {"delivered_milli":[0,0,0,0],"history":"UPGRADE-C","live_count":0,"observed_row":{"assigned_count":0,"material_container_generation":0,"material_container_slot":-1,"max_workers":4,"paused":0,"phase":3,"present":0,"purpose":1,"ref_generation":0,"ref_slot":-1,"refund_policy":1,"remaining_mwu":0,"subject_generation":0,"subject_slot":-1,"type_id":12,"work_begun":0},"outcome":"completion","scope":"public component lifecycle only; not gameplay, inventory conservation, material hauling or save acceptance","subject_result":"hall alive, ACTIVE, tier two"}
  PASS  test_upgrade_completion_retains_partial_policy_and_raises_tier
CONSTRUCTION_REAL_HISTORY {"delivered_milli":[0,0,0,0],"history":"UPGRADE-B","live_count":0,"observed_row":{"assigned_count":0,"material_container_generation":0,"material_container_slot":-1,"max_workers":4,"paused":0,"phase":4,"present":0,"purpose":1,"ref_generation":0,"ref_slot":-1,"refund_policy":0,"remaining_mwu":0,"subject_generation":0,"subject_slot":-1,"type_id":12,"work_begun":0},"outcome":"cancel-before-work","scope":"public component lifecycle only; not gameplay, inventory conservation, material hauling or save acceptance","subject_result":"hall alive, ACTIVE, tier unchanged"}
  PASS  test_upgrade_cancellation_before_work_retains_full_policy
CONSTRUCTION_REAL_HISTORY {"delivered_milli":[0,0,0,0],"history":"UPGRADE-A","live_count":0,"observed_row":{"assigned_count":0,"material_container_generation":0,"material_container_slot":-1,"max_workers":4,"paused":0,"phase":4,"present":0,"purpose":1,"ref_generation":0,"ref_slot":-1,"refund_policy":1,"remaining_mwu":0,"subject_generation":0,"subject_slot":-1,"type_id":12,"work_begun":0},"outcome":"cancel-after-work","scope":"public component lifecycle only; not gameplay, inventory conservation, material hauling or save acceptance","subject_result":"hall alive, ACTIVE, tier unchanged"}
  PASS  test_upgrade_cancellation_after_work_retains_partial_policy
CONSTRUCTION_REAL_HISTORY {"delivered_milli":[0,0,0,0],"history":"FURNITURE-C","live_count":0,"observed_row":{"assigned_count":0,"material_container_generation":0,"material_container_slot":-1,"max_workers":4,"paused":0,"phase":3,"present":0,"purpose":2,"ref_generation":0,"ref_slot":-1,"refund_policy":1,"remaining_mwu":0,"subject_generation":0,"subject_slot":-1,"type_id":0,"work_begun":0},"outcome":"completion","scope":"public component lifecycle only; not gameplay, inventory conservation, material hauling or save acceptance","subject_result":"bed, dormitory and hall all alive"}
  PASS  test_furniture_completion_retains_partial_policy
CONSTRUCTION_REAL_HISTORY {"delivered_milli":[0,0,0,0],"history":"FURNITURE-B","live_count":0,"observed_row":{"assigned_count":0,"material_container_generation":0,"material_container_slot":-1,"max_workers":4,"paused":0,"phase":4,"present":0,"purpose":2,"ref_generation":0,"ref_slot":-1,"refund_policy":0,"remaining_mwu":0,"subject_generation":0,"subject_slot":-1,"type_id":0,"work_begun":0},"outcome":"cancel-before-work","scope":"public component lifecycle only; not gameplay, inventory conservation, material hauling or save acceptance","subject_result":"bed, dormitory and hall all alive"}
  PASS  test_furniture_cancellation_before_work_leaves_the_bed_in_place
CONSTRUCTION_REAL_HISTORY {"delivered_milli":[0,0,0,0],"history":"FURNITURE-A","live_count":0,"observed_row":{"assigned_count":0,"material_container_generation":0,"material_container_slot":-1,"max_workers":4,"paused":0,"phase":4,"present":0,"purpose":2,"ref_generation":0,"ref_slot":-1,"refund_policy":1,"remaining_mwu":0,"subject_generation":0,"subject_slot":-1,"type_id":0,"work_begun":0},"outcome":"cancel-after-work","scope":"public component lifecycle only; not gameplay, inventory conservation, material hauling or save acceptance","subject_result":"bed, dormitory and hall all alive"}
  PASS  test_furniture_cancellation_after_work_leaves_the_bed_in_place
CONSTRUCTION_REAL_HISTORY {"delivered_milli":[0,0,0,0],"history":"DEMOLISH-C","live_count":0,"observed_row":{"assigned_count":0,"material_container_generation":0,"material_container_slot":-1,"max_workers":4,"paused":0,"phase":3,"present":0,"purpose":3,"ref_generation":0,"ref_slot":-1,"refund_policy":2,"remaining_mwu":0,"subject_generation":0,"subject_slot":-1,"type_id":19,"work_begun":0},"outcome":"completion","scope":"public component lifecycle only; not gameplay, inventory conservation, material hauling or save acceptance","subject_result":"stockpile destroyed, footprint released"}
  PASS  test_demolition_completion_retains_demolition_policy
CONSTRUCTION_REAL_HISTORY {"delivered_milli":[0,0,0,0],"history":"DEMOLISH-B","live_count":0,"observed_row":{"assigned_count":0,"material_container_generation":0,"material_container_slot":-1,"max_workers":4,"paused":0,"phase":4,"present":0,"purpose":3,"ref_generation":0,"ref_slot":-1,"refund_policy":2,"remaining_mwu":0,"subject_generation":0,"subject_slot":-1,"type_id":19,"work_begun":0},"outcome":"cancel-before-work","scope":"public component lifecycle only; not gameplay, inventory conservation, material hauling or save acceptance","subject_result":"stockpile alive, ACTIVE restored, tier unchanged"}
  PASS  test_demolition_cancellation_before_work_restores_active
CONSTRUCTION_REAL_HISTORY {"delivered_milli":[0,0,0,0],"history":"DEMOLISH-A","live_count":0,"observed_row":{"assigned_count":0,"material_container_generation":0,"material_container_slot":-1,"max_workers":4,"paused":0,"phase":4,"present":0,"purpose":3,"ref_generation":0,"ref_slot":-1,"refund_policy":2,"remaining_mwu":0,"subject_generation":0,"subject_slot":-1,"type_id":19,"work_begun":0},"outcome":"cancel-after-work","scope":"public component lifecycle only; not gameplay, inventory conservation, material hauling or save acceptance","subject_result":"stockpile alive, ACTIVE restored, tier unchanged"}
  PASS  test_demolition_cancellation_after_work_restores_active
CI_SUITE_TIME {"assertions":1276,"failures":0,"suite":"test_construction_retired_histories.gd","tests":12,"usec":7235485}
test_demo_dishes.gd
  PASS  test_every_dish_is_cooked_as_its_gdd_row_exactly
  PASS  test_every_dish_is_a_library_production_candidate
  PASS  test_every_dish_has_an_input_and_a_meal
  PASS  test_every_pantry_category_fits_the_estimate
  PASS  test_inputs_are_the_demos_own_produce_and_never_overlap
  PASS  test_a_dish_takes_only_its_own_ingredients
  PASS  test_selectors_match_categories_items_and_nothing_else
  PASS  test_recipes_and_freshness_rank_as_the_gdd_says
  PASS  test_the_favourites_table_names_real_species_and_dishes
  PASS  test_eating_a_favourite_is_noted_and_counted_and_nothing_else
  PASS  test_variety_counts_recipes_not_dishes
  PASS  test_supper_picks_the_food_that_keeps_least_long
  PASS  test_among_alike_the_village_s_favourite_wins_then_the_book_s_order
  PASS  test_a_dish_that_feeds_the_whole_meal_comes_first
  PASS  test_leftovers_count_toward_feeding_the_whole_meal
  PASS  test_the_cook_card_counts_free_food_too
  PASS  test_breakfast_picks_among_the_porridges_and_falls_back_to_supper_s
  PASS  test_the_choice_is_deterministic_and_reads_the_whole_village
  PASS  test_a_hotpot_reserves_both_inputs_and_the_card_shows_each
  PASS  test_a_meal_of_two_inputs_holds_only_whole_batches_of_both
  PASS  test_a_batch_missing_part_of_an_input_takes_nothing
  PASS  test_a_variant_cooks_from_its_own_ingredients_only
  PASS  test_a_short_second_input_is_refused_in_words
  PASS  test_ready_food_counts_the_hotpot_and_never_a_variant_twice
  PASS  test_the_new_dishes_are_in_the_guide_the_tab_and_the_card
  PASS  test_the_recipe_index_lists_the_catch_dried_fish_and_flour
  PASS  test_the_recipes_tab_lists_every_pantry_item
  PASS  test_the_drafted_rows_are_decision_0603_s_table
  PASS  test_what_the_demo_cannot_make_waits_and_says_why
  PASS  test_the_kitchen_tab_and_the_recipes_list_the_waiting_dishes
  PASS  test_the_new_dishes_that_can_be_had_are_cooked
  PASS  test_a_drink_is_never_a_meal_and_the_guide_says_what_waits
CI_SUITE_TIME {"assertions":694,"failures":0,"suite":"test_demo_dishes.gd","tests":32,"usec":2109855}
test_demo_harvest_plan.gd
  PASS  test_the_rows_show_each_laid_bed_as_it_stands
  PASS  test_steady_spreads_a_crop_s_beds_and_preserving_sows_them_together
  PASS  test_a_window_closing_holds_the_days_inside_it
  PASS  test_the_kitchen_s_use_and_the_keeping
  PASS  test_an_overloaded_day_is_said_with_a_later_sowing
  PASS  test_booking_orders_today_and_books_the_rest
  PASS  test_a_changed_crop_drops_its_booking_and_a_missed_window_waits
  PASS  test_an_hour_with_no_booking_allocates_nothing
  PASS  test_the_harvest_tab_shows_the_plan_and_books_it
  PASS  test_keeping_reads_the_slowest_store_and_a_bare_site_is_never_planned
  PASS  test_a_day_over_the_stores_room_is_said
  PASS  test_a_booking_refused_by_a_full_board_stays_booked
  PASS  test_shifting_with_no_sowing_day_ahead_is_refused
  PASS  test_a_booking_on_a_bed_taken_up_is_dropped
CI_SUITE_TIME {"assertions":97,"failures":0,"suite":"test_demo_harvest_plan.gd","tests":14,"usec":5088543}
test_demo_integration.gd
  PASS  test_one_weather_slows_the_walkers_and_wets_the_beds
  PASS  test_a_change_of_weather_is_posted_once_with_the_date
  PASS  test_next_weather_runs_the_one_calendar_to_the_change
  PASS  test_the_hud_date_is_the_farm_date
  PASS  test_the_frost_warning_names_the_night_on_the_hud_s_calendar
  PASS  test_the_farm_adopts_the_calendar_only_before_either_runs
  PASS  test_a_finished_root_cellar_is_a_pantry_store
  PASS  test_a_cellar_is_entered_at_its_own_hatch
  PASS  test_a_harvest_goes_to_the_coldest_store_with_room_nearest_its_bed
  PASS  test_the_village_s_cellars_take_the_farm_s_harvest
  PASS  test_the_farm_tells_a_cellar_how_full_it_is
  PASS  test_a_carrier_walks_the_harvest_down_into_the_cellar
  PASS  test_a_cancelled_harvest_is_still_shelved_in_the_cellar_on_arrival
  PASS  test_the_village_hands_the_tunnels_cellars_to_the_farm
  PASS  test_every_water_query_goes_through_the_one_adapter_over_the_real_map
  PASS  test_a_tunnel_from_the_stream_s_edge_irrigates_the_beds_it_runs_under
  PASS  test_the_services_answer_from_the_map_they_are_given
  PASS  test_the_planner_refuses_a_bore_under_water
  PASS  test_the_feed_keeps_date_stamped_entries_newest_first
  PASS  test_a_notice_said_again_straight_after_is_counted_not_repeated
  PASS  test_the_tunnel_panel_s_log_counts_a_line_said_again
  PASS  test_the_news_strip_shows_fresh_notices_and_warnings_longer
  PASS  test_the_farm_and_the_tunnels_post_to_the_one_feed
  PASS  test_a_task_speaks_before_the_farm_s_words
  PASS  test_the_right_column_shows_one_demo_panel_at_a_time
  PASS  test_the_zone_s_panels_sit_below_its_tabs_and_the_news_clear_of_both_columns
  PASS  test_the_news_band_is_centred_on_the_command_strip
  PASS  test_the_news_strip_follows_the_command_strip_when_the_journal_opens
  PASS  test_a_cellar_racked_is_a_store_at_once
CI_SUITE_TIME {"assertions":274,"failures":0,"suite":"test_demo_integration.gd","tests":29,"usec":19340358}
test_demo_lifetimes.gd
  PASS  test_a_network_that_planned_is_freed_with_its_space
  PASS  test_a_network_whose_plan_fell_back_is_freed_with_its_space
  PASS  test_the_router_holds_no_network_between_plans
  PASS  test_a_freed_actor_lets_go_of_the_owners_of_its_unfinished_jobs
  PASS  test_a_freed_actor_lets_go_of_the_owner_of_its_task
CI_SUITE_TIME {"assertions":12,"failures":0,"suite":"test_demo_lifetimes.gd","tests":5,"usec":44081}
test_demo_people_pairs.gd
  PASS  test_the_pairs_by_bucket_are_the_pairs_at_work_together_in_the_old_order
CI_SUITE_TIME {"assertions":4919,"failures":0,"suite":"test_demo_people_pairs.gd","tests":1,"usec":248797}
test_demo_playtest_log.gd
  PASS  test_the_ring_wraps_and_keeps_the_newest
  PASS  test_recording_retains_nothing
  PASS  test_events_read_in_words
  PASS  test_the_header_has_every_field
  PASS  test_the_header_names_the_settings_and_presets
  PASS  test_the_header_holds_no_path
  PASS  test_file_logging_is_on_for_desktop_exports
  PASS  test_names_sort_by_start_and_keep_processes_apart
  PASS  test_rotation_keeps_the_last_sessions_and_nothing_else_is_touched
  PASS  test_the_header_says_whether_the_last_session_ended_cleanly
  PASS  test_the_file_is_capped_and_forced_lines_use_the_reserve
  PASS  test_lines_carry_no_home_or_user_folder
  PASS  test_repeats_fold_after_the_limit
  PASS  test_the_tail_keeps_the_newest_lines
  PASS  test_the_logger_writes_errors_warnings_and_printerr
  PASS  test_breadcrumbs_before_an_error_are_written_before_it
  PASS  test_an_error_every_frame_is_folded
  PASS  test_script_frames_are_written_under_the_line
  PASS  test_a_mark_is_written_at_once_with_the_last_breadcrumbs
  PASS  test_a_long_frame_is_a_freeze_written_when_it_ends
  PASS  test_the_watch_reports_a_freeze_once_while_it_lasts
  PASS  test_the_watch_thread_writes_a_freeze_still_going
  PASS  test_each_frame_beats_the_watch_at_the_phase_threshold
  PASS  test_a_full_file_still_ends_cleanly
  PASS  test_the_heartbeat_says_time_rate_memory_and_errors
  PASS  test_breadcrumbs_are_flushed_once_a_second_not_each_frame
  PASS  test_a_session_ends_with_its_totals_once
  PASS  test_ending_the_session_lets_go_of_it
  PASS  test_a_second_session_ends_the_first
  PASS  test_copy_report_is_a_fresh_header_and_the_tail_without_paths
  PASS  test_without_a_session_everything_is_a_quiet_no_op
  PASS  test_settings_shows_the_section_and_help_says_where_the_logs_are
  PASS  test_the_toast_says_the_mark_and_hides_after_its_time
CI_SUITE_TIME {"assertions":186,"failures":0,"suite":"test_demo_playtest_log.gd","tests":33,"usec":2434902}
test_demo_resume.gd
  PASS  test_the_latest_unfinished_jobs_are_kept_latest_first
  PASS  test_a_task_called_away_is_taken_back_when_the_other_ends
  PASS  test_a_task_with_nothing_to_come_back_to_is_not_kept
  PASS  test_work_done_takes_up_the_job_and_release_forgets_them
  PASS  test_work_done_with_nothing_kept_is_a_release
  PASS  test_a_dig_called_away_is_resumed
  PASS  test_no_job_is_taken_up_in_the_water
  PASS  test_a_kept_dig_does_not_keep_its_brain_alive
  PASS  test_the_same_job_kept_twice_is_kept_once
CI_SUITE_TIME {"assertions":33,"failures":0,"suite":"test_demo_resume.gd","tests":9,"usec":53555}
test_demo_tunnel.gd
  PASS  test_cited_constants_are_the_amendment_s
  PASS  test_integer_square_root_is_exact
  PASS  test_route_length_and_bore_quanta
  PASS  test_digging_time_counts_whole_ticks_from_microseconds
  PASS  test_stages_turn_over_at_exact_ticks
  PASS  test_percent_is_floored_and_reaches_100_only_when_open
  PASS  test_spoil_posts_when_each_cut_completes
  PASS  test_the_dig_face_advances_through_the_bore_only
  PASS  test_bore_fit_admits_mice_moles_and_squirrels_only
  PASS  test_bore_fit_boundaries_are_exact
  PASS  test_only_moles_dig
  PASS  test_a_mouth_must_clear_every_obstacle_by_half_a_bore
  PASS  test_route_refusals
  PASS  test_a_route_may_bend_under_an_obstacle_but_not_a_building_and_is_capped_at_64_m
  PASS  test_each_point_is_checked_as_it_is_laid
  PASS  test_every_refusal_has_words
  PASS  test_a_plan_lays_undoes_and_refuses_points
  PASS  test_lengths_read_to_a_tenth_of_a_metre
  PASS  test_a_tunnel_is_stored_with_its_integer_geometry
  PASS  test_digging_opens_a_segment_on_its_last_tick
  PASS  test_a_stale_or_idle_reference_digs_nothing
  PASS  test_stopping_keeps_progress_or_drops_an_untouched_piece
  PASS  test_tunnel_geometry_for_drawing
  PASS  test_fit_is_known_only_for_residents_set
  PASS  test_a_tunnel_under_a_wall_is_the_route_when_it_is_shorter
  PASS  test_a_tunnel_is_not_taken_when_it_saves_nothing
  PASS  test_a_longer_tunnel_loses_to_the_walk
  PASS  test_only_those_who_fit_and_only_open_tunnels
  PASS  test_a_tunnel_reaches_a_goal_no_walk_can
  PASS  test_of_two_equally_short_routes_the_one_with_fewer_tunnels_wins
  PASS  test_two_tunnels_chain_across_two_walls
  PASS  test_a_resident_walks_through_a_tunnel_off_the_surface
  PASS  test_nobody_collides_with_or_plans_round_someone_underground
  PASS  test_an_order_given_underground_is_carried_out_from_the_far_mouth
  PASS  test_a_carrier_hauls_through_a_bore_its_load_fits
  PASS  test_crosses_tunnel_reads_the_route_s_legs
  PASS  test_a_mole_digs_a_tunnel_through_and_comes_up_at_the_exit
  PASS  test_the_mole_follows_the_face_underground
  PASS  test_called_away_mid_bore_the_mole_backs_out_and_the_tunnel_waits
  PASS  test_called_away_before_breaking_ground_frees_the_tunnel
  PASS  test_a_finished_tunnel_persists_and_serves_after_its_digger_leaves
  PASS  test_heaps_grow_with_their_spoil
  PASS  test_the_overlay_shows_mouths_heaps_and_the_mound_as_digging_goes
  PASS  test_b_opens_the_tool_for_anybody_who_fits_and_refuses_when_nobody_can_dig
  PASS  test_every_resident_s_fit_is_set_from_its_body
  PASS  test_laying_refusing_and_undoing_points
  PASS  test_enter_digs_a_good_route_and_sends_the_digger
  PASS  test_an_exit_inside_an_obstacle_is_refused_at_the_exit
  PASS  test_escape_drops_then_closes_and_a_busy_digger_s_piece_is_queued
  PASS  test_u_switches_the_underground_view
  PASS  test_the_command_layer_hands_t_to_the_tool_and_shows_digging
  PASS  test_the_panel_s_tunnel_words
  PASS  test_the_panel_s_tunnel_text_is_legible
  PASS  test_a_notice_waits_for_the_panel_to_be_built
  PASS  test_resumed_the_mole_walks_down_to_the_face_digging
  PASS  test_a_mole_that_cannot_reach_the_entrance_leaves_the_dig_paused
  PASS  test_released_underground_it_comes_up_and_idles
  PASS  test_an_entrance_the_mole_cannot_reach_is_refused_there
  PASS  test_a_point_on_top_of_the_last_is_refused
  PASS  test_a_leg_may_not_pass_within_half_a_bore_of_a_building
  PASS  test_mouths_keep_off_work_spots_and_other_mouths
  PASS  test_a_tunnel_is_costed_with_its_legs_rounded_up
  PASS  test_a_tunnel_cannot_undercut_an_equal_walk_by_a_floored_sliver
  PASS  test_an_unreached_dig_is_kept_paused_and_resumable
  PASS  test_of_two_equal_routes_fewer_tunnels_wins_whatever_the_search_order
  PASS  test_a_goal_no_route_reaches_is_not_found_even_with_tunnels_open
  PASS  test_a_goal_on_a_mouth_is_reached_once
  PASS  test_nobody_is_routed_through_a_tunnel_whose_mouth_someone_stands_on
  PASS  test_mouth_to_mouth_routes_are_planned_once_per_revision
  PASS  test_a_cached_link_blocked_by_someone_standing_is_planned_round_them
  PASS  test_eight_tunnels_plan_faster_once_the_links_are_cached
  PASS  test_an_order_after_a_release_underground_is_carried_out
  PASS  test_released_mid_bore_and_resumed_while_backing_out_the_mole_finishes
  PASS  test_released_underground_from_a_work_order_it_works_at_its_poi
  PASS  test_a_mole_blocked_straight_on_steps_out_another_way
  PASS  test_a_mole_at_the_village_edge_steps_out_inside_it
  PASS  test_called_away_walking_down_to_the_face_the_mole_backs_out
  PASS  test_a_tunnel_mouth_is_never_cut_even_in_open_ground
  PASS  test_a_carrier_s_replan_takes_only_a_bore_its_load_fits
  PASS  test_an_ordered_carry_hauls_by_the_same_rule
  PASS  test_two_walkers_one_way_down_a_bore_keep_their_distance
  PASS  test_two_walkers_one_way_back_down_a_tunnel_keep_their_distance_too
  PASS  test_two_walkers_meeting_in_a_bore_pass_side_by_side
  PASS  test_a_walker_waits_below_while_someone_stands_on_its_exit
  PASS  test_right_clicking_the_entrance_being_dug_keeps_digging
  PASS  test_right_clicking_a_paused_entrance_while_digging_switches_tunnels
  PASS  test_a_right_click_resumes_only_near_an_entrance
  PASS  test_right_click_digs_the_route_being_laid
  PASS  test_an_entrance_someone_stands_on_is_refused
  PASS  test_the_notice_follows_the_tunnel
  PASS  test_u_twice_puts_back_the_notice_it_replaced
  PASS  test_the_panel_button_while_planning_cancels
  PASS  test_the_route_status_counts_its_points_in_words
  PASS  test_enter_while_planning_is_taken_before_the_hud
  PASS  test_a_digging_mole_is_picked_by_its_mound
  PASS  test_heaps_are_placed_off_work_spots_and_become_obstacles
  PASS  test_a_route_under_the_well_is_refused
  PASS  test_the_world_names_only_its_buildings_circles
  PASS  test_the_cover_is_cleared_from_a_tunnel_s_ground
  PASS  test_the_bore_is_rebuilt_per_quarter_metre_not_per_tick
  PASS  test_an_open_tunnel_leaves_the_ground_to_its_seam
  PASS  test_a_paused_tunnel_is_marked_at_its_entrance
  PASS  test_the_route_being_laid_is_drawn_over_everything
  PASS  test_the_mound_grows_as_the_camera_pulls_back
  PASS  test_a_view_switch_writes_nothing_but_the_camera_mask
  PASS  test_the_panel_s_button_and_notice_wear_their_colours
  PASS  test_a_notice_given_before_the_panel_is_built_shows_once_it_is
  PASS  test_the_dig_button_shows_only_with_a_digger_in_the_party
  PASS  test_a_work_order_ranks_residents_by_where_they_stand_on_the_surface
  PASS  test_overflow_with_nowhere_to_queue_holds_where_it_comes_up
  PASS  test_a_formation_never_stands_anyone_in_a_hole
  PASS  test_one_walker_after_another_both_come_through
  PASS  test_a_mole_never_steps_out_into_a_hole_or_onto_someone
  PASS  test_the_wait_below_an_occupied_exit_is_bounded
  PASS  test_an_entrance_blocked_by_someone_standing_is_unreachable
  PASS  test_a_dig_called_off_before_ground_is_broken_takes_its_heaps_with_it
  PASS  test_a_pause_that_changes_its_reason_within_a_frame_is_announced
  PASS  test_the_panel_s_dig_button_while_planning_cancels_through_the_command_layer
  PASS  test_a_heap_shows_as_its_first_spoil_posts
CI_SUITE_TIME {"assertions":929,"failures":0,"suite":"test_demo_tunnel.gd","tests":119,"usec":15215683}
test_economic_sequence_format.gd
  PASS  test_last_issued_command_round_trip
  PASS  test_drained_exhausted_queue_round_trip
  PASS  test_prefix_writer_refuses_invalid_tuple_without_any_write
  PASS  test_prefix_writer_refuses_extreme_offsets_without_any_write
  PASS  test_ordinary_high_words_keep_unsigned_values_and_zero_is_ordinary
  PASS  test_schema_is_recognized_before_full_prefix_is_required
  PASS  test_invalid_u64_and_terminal_tuples_refuse_atomically
  PASS  test_section_size_constants_are_pinned_independently
CI_SUITE_TIME {"assertions":216,"failures":0,"suite":"test_economic_sequence_format.gd","tests":8,"usec":943490}
test_entity_directory_candidate.gd
  PASS  test_peek_is_read_only_and_publish_matches_every_observed_identity_field
  PASS  test_numeric_foreign_candidate_cannot_publish_in_an_identical_directory
  PASS  test_expired_owner_and_null_packets_never_qualify
  PASS  test_intervening_allocation_then_retirement_does_not_resurrect_a_candidate
  PASS  test_tampered_identity_row_pid_and_invalid_kind_refuse_before_writes
  PASS  test_changed_typed_root_is_rechecked_even_with_matching_global_identity
  PASS  test_unrelated_retirement_does_not_invalidate_unchanged_actual_choices
  PASS  test_capacity_invalid_kind_and_exhausted_pid_peeks_reset_only_the_packet
  PASS  test_candidate_respects_living_cap_after_an_intervening_resident
  PASS  test_final_generation_and_pid_are_used_once_without_wrapping
  PASS  test_reset_packet_releases_no_capacity_and_cannot_publish
CI_SUITE_TIME {"assertions":358,"failures":0,"suite":"test_entity_directory_candidate.gd","tests":11,"usec":1190933}
test_family_rules.gd
  PASS  test_input_ids_match_the_existing_owners
  PASS  test_all_stage_size_season_results_match_independent_literals
  PASS  test_invalid_domains_clear_reused_outcomes_in_declared_precedence
  PASS  test_adult_and_elder_hunger_match_the_actual_current_needs_owner
  PASS  test_flat_packed_payload_is_288_bytes_and_queries_leave_it_identical
CI_SUITE_TIME {"assertions":451,"failures":0,"suite":"test_family_rules.gd","tests":5,"usec":37652}
test_game_manager.gd
  PASS  test_starts_in_boot_state
  PASS  test_start_game_enters_play
  PASS  test_pause_and_resume
  PASS  test_toggle_pause_flips_state
  PASS  test_pause_does_nothing_during_boot
  PASS  test_resume_does_nothing_while_playing
  PASS  test_speed_cycle_is_one_two_four
  PASS  test_three_times_speed_is_refused
  PASS  test_zero_speed_is_not_requestable_without_a_pause_reason
  PASS  test_engine_time_scale_is_never_written
  PASS  test_one_real_second_runs_thirty_ticks_at_one_times
  PASS  test_double_and_quadruple_run_exactly_two_and_four_times_the_ticks
  PASS  test_ticks_only_accumulate_while_playing
  PASS  test_paused_host_time_does_not_burst_on_resume
  PASS  test_restarting_resets_the_tick_clock
  PASS  test_calendar_starts_at_six_am_of_year_one
  PASS  test_first_midnight_raises_one_day_boundary
  PASS  test_player_resume_cannot_clear_another_pause_reason
  PASS  test_acknowledging_overload_clears_the_diagnostic_pause
  PASS  test_overload_step_down_is_published_to_the_ui
  PASS  test_no_simulation_is_bound_by_default
  PASS  test_bind_simulation_refuses_an_invalid_callable
  PASS  test_bind_simulation_refuses_a_second_binding
  PASS  test_the_bound_step_receives_every_completed_tick_index_in_order
  PASS  test_a_paused_clock_calls_the_bound_simulation_not_at_all
  PASS  test_unbind_simulation_stops_the_calls_without_stopping_the_clock
  PASS  test_the_day_boundary_runs_the_simulation_before_the_ui_signal
  PASS  test_the_queue_is_bound_to_the_clock_the_manager_reports
  PASS  test_restarting_clears_the_queue_before_rebinding_it_to_the_new_clock
  PASS  test_a_restart_resets_the_queue_sequence_and_spends_one_on_the_opening_resume
  PASS  test_every_speed_and_pause_control_consumes_exactly_one_sequence
  PASS  test_a_refused_speed_leaves_the_queue_byte_identical_and_names_its_code
  PASS  test_speed_zero_is_refused_by_the_queue_rather_than_pausing_through_it
  PASS  test_controls_refuse_before_start_game_by_name
  PASS  test_a_player_resume_through_the_queue_clears_player_only
  PASS  test_an_event_submitted_inside_a_tick_is_applied_by_the_barrier_before_the_next_tick
  PASS  test_pausing_from_inside_a_tick_stops_the_frame_without_pausing_midway_through_it
  PASS  test_the_overload_rung_is_queued_and_not_applied_inside_the_overloaded_frame
  PASS  test_the_queued_overload_rung_lands_before_the_next_frame_runs_a_tick
  PASS  test_only_one_overload_rung_is_produced_per_host_frame
  PASS  test_acknowledging_overload_drains_the_pending_rung_before_clearing_it
  PASS  test_acknowledging_overload_is_still_the_only_counted_path_that_drops_owed_ticks
  PASS  test_a_paused_frame_still_pumps_so_a_queued_resume_never_waits_on_a_tick
  PASS  test_begin_load_raises_the_barrier_and_refuses_a_second_one
  PASS  test_the_barrier_is_not_a_pause_reason
  PASS  test_the_barrier_refuses_every_operational_control_without_touching_state
  PASS  test_the_barrier_refuses_the_overload_acknowledgement_and_drops_nothing
  PASS  test_the_barrier_refuses_the_speed_cycle_and_keeps_the_standing_speed
  PASS  test_the_barrier_runs_no_tick_however_much_host_time_arrives
  PASS  test_the_barrier_pumps_nothing_and_the_queue_applies_once_after_release
  PASS  test_restore_installs_all_ten_scalars_verbatim
  PASS  test_a_restored_player_pause_does_not_zero_the_sub_tick_debt
  PASS  test_restore_emits_no_state_day_or_speed_signal
  PASS  test_a_refused_restore_changes_nothing
  PASS  test_restore_outside_the_barrier_is_refused
  PASS  test_a_load_cannot_be_opened_from_inside_a_tick
  PASS  test_publication_from_boot_derives_paused_from_the_restored_mask
  PASS  test_publication_derives_playing_from_a_clear_restored_mask
  PASS  test_the_next_real_midnight_after_a_restore_is_delivered_exactly_once
  PASS  test_releasing_the_barrier_resets_the_monotonic_host_origin
  PASS  test_a_load_frame_does_not_even_sample_the_host_clock
  PASS  test_the_internal_drain_pumps_nothing_under_the_barrier
  PASS  test_rollback_resets_the_monotonic_host_origin_too
  PASS  test_end_load_is_refused_before_publication
  PASS  test_rollback_reinstalls_the_pre_load_clock_and_coordinator_state
  PASS  test_a_failed_first_load_rolls_back_to_boot_with_no_world
  PASS  test_rollback_outside_a_load_is_refused
  PASS  test_binding_a_simulation_is_allowed_under_the_barrier
  PASS  test_begin_load_raises_the_clocks_own_token_barrier
  PASS  test_begin_load_refuses_entirely_when_the_grant_is_refused
  PASS  test_end_load_releases_the_token_and_rollback_releases_it_too
  PASS  test_an_unrecoverable_rollback_deliberately_leaves_the_barrier_held
  PASS  test_the_token_is_transient_and_never_reaches_the_pause_mask
CI_SUITE_TIME {"assertions":267,"failures":0,"suite":"test_game_manager.gd","tests":73,"usec":370195}
test_ground_piles.gd
  PASS  test_the_tile_domain_and_cap_are_the_approved_values
  PASS  test_bind_world_accepts_only_a_live_world_row
  PASS  test_bind_stores_refuses_a_missing_store
  PASS  test_out_of_bounds_tiles_refuse
  PASS  test_open_land_is_admitted_and_water_is_impassable
  PASS  test_a_bound_ground_map_blocks_a_tile_with_one_unwalkable_cell
  PASS  test_a_demolishing_footprint_refuses_by_name_through_inventory_too
  PASS  test_every_other_live_footprint_is_inaccessible
  PASS  test_a_destroyed_footprint_refuses_while_its_mask_is_in_force
  PASS  test_an_existing_pile_on_a_tile_that_became_illegal_is_not_topped_up
  PASS  test_a_placement_creates_a_world_pile_declared_at_storage_class_1500
  PASS  test_spill_is_breadth_first_north_east_south_west
  PASS  test_spill_skips_impassable_and_footprint_tiles_but_keeps_the_order
  PASS  test_an_existing_pile_is_topped_up_before_spilling
  PASS  test_a_pile_is_filled_to_the_per_lot_ceiling_exactly
  PASS  test_several_spec_rows_keep_their_attributes_and_order
  PASS  test_no_reachable_capacity_refuses_and_changes_nothing
  PASS  test_a_refusal_midway_rolls_every_pile_back
  PASS  test_preflight_answers_without_changing_anything
  PASS  test_input_refusals_are_named_and_write_nothing
  PASS  test_reclaim_on_commit_drops_the_pile_and_its_declaration
  PASS  test_the_spill_reaches_the_16384th_tile
  PASS  test_the_halls_outside_door_tile_is_the_starter_layouts_exit
  PASS  test_a_hall_elsewhere_keeps_the_same_door_offset
  PASS  test_a_doorless_building_seeds_its_edge_ring_front_first
  PASS  test_the_front_turns_clockwise_with_the_rotation
  PASS  test_a_rotated_hall_has_no_authored_door_and_uses_its_ring
  PASS  test_a_ring_clipped_by_the_grid_edge_keeps_only_in_grid_tiles
  PASS  test_the_refund_origin_refuses_bad_inputs_without_writing
  PASS  test_refunds_spill_from_the_door_and_never_onto_the_destroyed_footprint
  PASS  test_a_doorless_refund_fills_the_ring_front_first_then_spills_outward
  PASS  test_a_ring_at_the_south_east_corner_never_wraps_onto_the_next_row
  PASS  test_a_repeated_seed_is_visited_once
  PASS  test_seeds_skip_ineligible_tiles_and_refuse_when_none_is_left
  PASS  test_piles_round_trip_through_section_7_and_the_map_is_rebuilt
  PASS  test_the_composer_refuses_a_footprint_tile_that_holds_a_live_pile
  PASS  test_bound_as_placement_authority_the_composer_stops_a_building_over_a_pile
  PASS  test_the_in_transaction_variant_refuses_without_a_callers_transaction
  PASS  test_the_in_transaction_variant_refuses_a_bad_seed_count_inside_the_transaction
  PASS  test_the_in_transaction_variant_places_inside_and_the_caller_commits
  PASS  test_the_in_transaction_variant_is_rolled_back_by_the_callers_abort
  PASS  test_an_in_transaction_refusal_leaves_the_abort_to_the_caller
CI_SUITE_TIME {"assertions":547,"failures":0,"suite":"test_ground_piles.gd","tests":42,"usec":5621064}
test_inventory_capacity_reduction.gd
  PASS  test_a_reduction_lowers_the_capacity_and_reports_it
  PASS  test_contents_plus_reservations_must_still_fit
  PASS  test_bad_inputs_refuse_by_name_writing_nothing
  PASS  test_a_ground_pile_keeps_its_fixed_capacity
  PASS  test_an_aborted_transaction_restores_the_capacity
CI_SUITE_TIME {"assertions":34,"failures":0,"suite":"test_inventory_capacity_reduction.gd","tests":5,"usec":36419}
test_inventory_stock_counts.gd
  PASS  test_empty_record_sizes_and_payload
  PASS  test_multiple_stores_reservations_and_owner_read_only
  PASS  test_shape_and_busy_refusals_have_defined_precedence
  PASS  test_real_open_and_poisoned_transactions_are_untouched
  PASS  test_malformed_live_rows_refuse_without_partial_output
  PASS  test_structural_equipment_counts_do_not_claim_cross_owner_validation
  PASS  test_checked_sum_boundary_overflow_and_row_precedence
  PASS  test_retired_reused_rows_and_different_allocation_orders
  PASS  test_reused_and_aliased_outputs_publish_independent_new_snapshots
  PASS  test_actual_attestation_reentry_refuses_without_lowering_guard
  PASS  test_real_gear_equip_destroy_empty_store_and_unequip
CI_SUITE_TIME {"assertions":1400,"failures":0,"suite":"test_inventory_stock_counts.gd","tests":11,"usec":228657}
test_legacy_battle_combat_system.gd
  PASS  test_damage_reduces_health
  PASS  test_lethal_damage_destroys_the_entity
  PASS  test_health_never_goes_negative
  PASS  test_damage_requires_a_positive_amount
  PASS  test_damage_without_health_component_is_ignored
  PASS  test_damage_to_unknown_entity_is_ignored
  PASS  test_heal_restores_up_to_maximum
  PASS  test_dead_entities_cannot_be_healed
  PASS  test_health_fraction_is_safe_at_zero_maximum
  PASS  test_the_legacy_battle_module_is_not_registered_as_an_autoload
CI_SUITE_TIME {"assertions":26,"failures":0,"suite":"test_legacy_battle_combat_system.gd","tests":10,"usec":17264}
test_mole_grip_source.gd
  PASS  test_null_or_wrong_rig_has_no_partial_mesh_or_fit
  PASS  test_exact_native_transform_transcript_keeps_small_axis_residuals
  PASS  test_foreign_hand_mapping_or_pose_refuses_before_geometry
  PASS  test_nearby_fit_and_synthetic_body_do_not_inherit_actual_source_permission
  PASS  test_synthetic_derivative_preserves_original_and_unaffected_attributes
  PASS  test_derivative_is_deterministic_and_shading_stays_finite
  PASS  test_nonfinite_or_missing_shading_inputs_refuse
CI_SUITE_TIME {"assertions":50,"failures":0,"suite":"test_mole_grip_source.gd","tests":7,"usec":221565}
test_movement.gd
  PASS  test_pace_source_binding_requires_the_actual_directory_residents_and_transforms
  PASS  test_the_remainder_denominator_is_thirty_ticks_times_the_diagonal_cost
  PASS  test_the_speed_cap_is_read_from_the_resident_store_not_redefined
  PASS  test_thirty_ticks_cover_exactly_the_cap_on_a_straight_run
  PASS  test_a_single_tick_cannot_cover_the_cap_by_itself
  PASS  test_the_remainder_is_carried_rather_than_reset_each_tick
  PASS  test_an_axis_that_is_not_moving_keeps_its_remainder_untouched
  PASS  test_travel_stops_exactly_on_the_goal_cell_centre
  PASS  test_the_body_keeps_a_previous_pose_every_tick_it_moves
  PASS  test_the_mover_does_not_invent_a_facing
  PASS  test_crossing_the_ford_takes_the_body_to_the_authored_ford_height
  PASS  test_travel_refuses_a_resident_standing_off_the_route_start
  PASS  test_travel_refuses_an_unready_request_and_an_unplaced_body
  PASS  test_travel_refuses_a_reference_that_is_not_a_living_resident
  PASS  test_a_cancelled_route_stops_the_body_where_it_stands
  PASS  test_a_successor_in_a_despawned_travellers_row_does_not_inherit_the_route
  PASS  test_the_route_cursor_records_its_owner_and_releases_it_on_stop
  PASS  test_one_clamp_step_publishes_both_scalars_and_leaves_no_stray_budget
  PASS  test_a_body_off_the_authored_map_is_settled_rather_than_given_a_fabricated_height
  PASS  test_stopping_clears_the_route_and_both_remainders
  PASS  test_an_arrived_body_is_not_advanced_again
  PASS  test_equal_tick_counts_agree_across_speeds_one_two_and_four
  PASS  test_a_paused_clock_runs_no_ticks_and_changes_no_state
  PASS  test_presentation_reads_cannot_change_what_the_simulation_committed
  PASS  test_navigation_work_is_identical_whether_or_not_anyone_is_watching
  PASS  test_exactly_four_starter_profiles_are_published_one_per_cohort_species
  PASS  test_every_profile_reads_its_speed_and_carry_cap_out_of_the_resident_store
  PASS  test_the_otter_is_medium_and_the_other_three_are_small
  PASS  test_an_unprofiled_species_refuses_rather_than_borrowing_a_size_neighbour
  PASS  test_no_profile_publishes_a_clearance_class
  PASS  test_only_ground_and_ford_walking_are_profiled_and_the_rest_are_enumerated
  PASS  test_all_twelve_starters_admit_travel_under_their_own_profile
  PASS  test_a_mouse_cannot_travel_on_the_otters_profile
  PASS  test_travel_refuses_an_unprofiled_mode_and_a_mode_outside_the_enum
  PASS  test_the_profiled_adult_value_is_the_resident_stores_own_encoding
  PASS  test_every_starter_profile_covers_the_adult_stage_and_says_so_in_its_key
  PASS  test_a_caller_cannot_assert_adult_for_a_resident_stored_as_a_child
  PASS  test_an_honestly_declared_child_refuses_as_unprofiled_not_as_a_mismatch
  PASS  test_an_elder_is_refused_on_the_same_channel_as_a_child
  PASS  test_a_caller_that_asserts_the_wrong_stage_for_an_adult_disagrees
  PASS  test_a_stage_outside_the_domain_refuses_on_its_own_channel
  PASS  test_a_reference_the_store_will_not_answer_for_refuses_rather_than_defaulting
  PASS  test_the_committed_load_boundary_is_the_inherited_carry_capacity_exactly
  PASS  test_a_negative_committed_load_refuses_rather_than_reading_as_free_capacity
  PASS  test_an_otter_carries_more_than_a_mouse_because_its_size_class_does
  PASS  test_travel_refuses_a_route_that_does_not_end_on_the_contacts_approach_cell
  PASS  test_travel_refuses_a_contact_whose_owner_has_been_retired
  PASS  test_travel_refuses_an_unbound_contact
  PASS  test_revising_a_profile_settles_a_body_already_travelling_under_the_old_one
  PASS  test_a_changed_destination_revision_settles_the_body_contact_stale
  PASS  test_revalidating_a_resident_that_is_not_travelling_refuses
  PASS  test_stopping_clears_the_whole_admission_not_only_the_route
  PASS  test_admitted_terms_of_a_body_that_is_not_a_resident_read_as_absent
  PASS  test_the_mode_a_body_travels_in_is_the_one_it_was_admitted_in
  PASS  test_all_twelve_starters_agree_tick_for_tick_across_speeds_one_two_and_four
CI_SUITE_TIME {"assertions":2302,"failures":0,"suite":"test_movement.gd","tests":55,"usec":2793148}
test_priorities.gd
  PASS  test_spawn_writes_the_gdd_5_1_initial_priority_for_every_job_kind
  PASS  test_initial_haul_priority_is_high_not_normal
  PASS  test_initial_reserved_index_priority_is_zero
  PASS  test_spawn_writes_the_gdd_5_1_initial_flags
  PASS  test_the_priority_scale_matches_req_set_026
  PASS  test_set_priority_accepts_every_value_zero_through_four
  PASS  test_set_priority_refuses_five_and_negative_without_writing
  PASS  test_set_priority_refuses_the_reserved_job_kind
  PASS  test_set_priority_refuses_an_out_of_range_job_kind
  PASS  test_the_stride_is_slot_times_twelve_plus_kind
  PASS  test_writing_one_row_leaves_the_next_rows_initial_values_intact
  PASS  test_fallback_allows_only_haul_keep_and_forage_by_default
  PASS  test_fallback_is_refused_when_the_configured_priority_is_zero
  PASS  test_disabling_auto_fallback_removes_every_candidate
  PASS  test_fallback_kind_set_and_priority_match_req_set_028
  PASS  test_dangerous_work_round_trips_and_defaults_false
  PASS  test_readers_refuse_an_unspawned_row_instead_of_answering_zero
  PASS  test_spawn_refuses_an_occupied_row_and_an_out_of_range_slot
  PASS  test_despawn_clears_the_row_and_further_reads_refuse
  PASS  test_despawn_leaves_no_residue_in_the_inactive_row
  PASS  test_clear_empties_every_row
  PASS  test_job_kind_constants_come_from_the_protected_catalog_table
CI_SUITE_TIME {"assertions":276,"failures":0,"suite":"test_priorities.gd","tests":22,"usec":18340}
test_proportion_comparison.gd
  PASS  test_the_scene_holds_every_species_in_every_pose
  PASS  test_the_beaver_is_absent_because_it_has_no_landmarks
  PASS  test_every_standing_blockout_measures_its_candidate_height
  PASS  test_every_blockout_stands_on_the_ground_plane
  PASS  test_the_tail_is_excluded_from_height
  PASS  test_the_ear_crowned_species_are_taller_than_their_skulls
  PASS  test_crouching_lowers_the_crown_and_standing_walking_carrying_do_not
  PASS  test_the_landmark_columns_are_ordered_and_complete
  PASS  test_the_landmarks_are_still_review_inputs_although_the_heights_are_approved
  PASS  test_the_doorway_carries_the_rulings_opening_to_the_millimetre
  PASS  test_the_door_panel_head_fits_the_workbench_envelope_exactly
  PASS  test_the_work_surface_top_is_the_rulings_640_unit_candidate
  PASS  test_the_shelter_reference_stands_at_the_workbench_envelope
  PASS  test_every_pose_meets_a_named_station
  PASS  test_every_species_meets_the_same_prop_in_its_own_bay
  PASS  test_the_bays_read_first_species_first_in_the_front_elevation
  PASS  test_props_sit_behind_or_ahead_according_to_minus_z_forward
  PASS  test_the_scale_rule_is_graduated_in_whole_bands_to_its_top
  PASS  test_the_written_manifest_agrees_with_the_module_it_was_built_from
  PASS  test_the_manifest_records_the_camera_contract_and_its_captures
  PASS  test_the_manifest_records_the_proportion_approval_and_still_denies_generation
  PASS  test_the_packed_scene_on_disk_reopens_with_its_hierarchy_intact
CI_SUITE_TIME {"assertions":195,"failures":0,"suite":"test_proportion_comparison.gd","tests":22,"usec":148704}
test_resident_crowd.gd
  PASS  test_the_buffer_is_sized_once_to_the_resident_row_capacity
  PASS  test_nothing_is_visible_before_the_first_refresh
  PASS  test_every_instance_starts_with_an_identity_basis_and_no_owner
  PASS  test_an_unbound_crowd_refuses_rather_than_drawing_nobody
  PASS  test_binding_refuses_a_missing_store_rather_than_half_binding
  PASS  test_unbinding_stops_drawing_without_touching_a_store
  PASS  test_an_alpha_outside_its_own_fraction_is_refused
  PASS  test_the_alpha_is_applied_between_the_two_committed_poses
  PASS  test_the_alpha_interpolates_all_three_axes
  PASS  test_one_instance_is_drawn_for_each_living_resident
  PASS  test_the_instance_count_follows_the_living_count_down
  PASS  test_the_instance_count_follows_the_living_count_up
  PASS  test_a_living_resident_with_no_placed_pose_is_counted_not_drawn
  PASS  test_a_dead_but_still_present_resident_is_not_drawn
  PASS  test_the_filled_buffer_reaches_the_multimesh_itself
  PASS  test_each_instance_holds_its_own_residents_pose
  PASS  test_instances_compact_over_a_gap_in_the_resident_rows
  PASS  test_the_instance_to_slot_column_records_who_was_drawn
  PASS  test_an_instance_outside_the_buffer_is_refused_not_answered
  PASS  test_yaw_is_never_turned_into_a_rotation
  PASS  test_a_thousand_refreshes_change_no_authoritative_field
  PASS  test_a_thousand_refreshes_move_no_byte_of_any_column
  PASS  test_an_invisible_view_and_a_drawn_one_commit_the_same_state
  PASS  test_a_null_crowd_mesh_is_refused
  PASS  test_a_mesh_is_adopted_by_the_multimesh_itself
CI_SUITE_TIME {"assertions":78,"failures":0,"suite":"test_resident_crowd.gd","tests":25,"usec":1980345}
test_resource_catalog_binding.gd
  PASS  test_the_ruling_lists_seventeen_bindings_three_five_and_nine
  PASS  test_every_required_key_is_the_one_the_ruling_names
  PASS  test_all_seventeen_keys_resolve_to_the_id_the_catalog_reports
  PASS  test_every_resolved_id_matches_the_committed_artifact
  PASS  test_no_generic_tree_forage_or_fish_item_is_invented
  PASS  test_the_forage_and_fish_keys_are_the_owning_stores_own_arrays
  PASS  test_resolved_arrays_are_in_row_order_and_not_sorted_by_compiled_id
  PASS  test_a_compiled_item_id_is_never_a_species_row_index
  PASS  test_a_resolved_binding_hands_back_copies_a_caller_cannot_alias
  PASS  test_a_missing_key_refuses_and_nothing_is_substituted
  PASS  test_a_missing_key_refuses_the_group_without_binding_its_siblings
  PASS  test_every_retired_key_refuses_with_its_own_code
  PASS  test_a_retired_key_is_refused_as_retired_not_as_a_typo
  PASS  test_the_retired_check_runs_before_the_registry_is_consulted
  PASS  test_the_tree_field_holding_the_stone_id_refuses
  PASS  test_each_scalar_field_is_checked_against_its_own_key
  PASS  test_the_exact_bound_values_are_accepted
  PASS  test_the_two_arrays_exchanged_refuses
  PASS  test_a_forage_array_sorted_by_compiled_id_refuses
  PASS  test_a_fish_array_sorted_by_compiled_id_refuses
  PASS  test_any_two_exchanged_entries_refuse_and_name_the_position
  PASS  test_a_short_or_long_array_refuses_rather_than_being_padded
  PASS  test_an_artifact_with_a_moved_id_refuses_to_open
  PASS  test_an_artifact_with_a_flipped_byte_refuses_to_open
  PASS  test_a_truncated_artifact_refuses_and_names_the_parse_failure
  PASS  test_an_absent_artifact_refuses_as_absent_and_is_not_created
  PASS  test_an_artifact_carrying_no_item_domain_refuses_with_its_own_code
  PASS  test_a_key_the_artifact_never_carried_never_resolves
  PASS  test_a_binding_copies_the_arrays_it_is_constructed_from
  PASS  test_the_committed_artifact_is_what_the_boundary_verifies_by_default
  PASS  test_a_registry_that_disagrees_with_the_artifact_refuses
  PASS  test_opening_without_a_registry_refuses
  PASS  test_opening_over_an_unloaded_registry_refuses
  PASS  test_a_boundary_that_never_opened_resolves_nothing
  PASS  test_absence_is_catalogs_own_empty_id_and_never_a_stored_value
CI_SUITE_TIME {"assertions":400,"failures":0,"suite":"test_resource_catalog_binding.gd","tests":35,"usec":1458007}
test_resource_claim_lifecycle.gd
  PASS  test_claim_order_key_uses_the_owning_job_despite_different_directory_slot
  PASS  test_destroying_basin_releases_other_designations_claims_first
  PASS  test_destroying_designation_releases_its_claim_without_resetting_basin_usage
  PASS  test_rebinding_designation_releases_old_claim_and_retains_old_basin
  PASS  test_claimed_basin_cannot_be_rebound_away_from_its_patch
  PASS  test_cancelled_job_claim_waits_for_normal_release_pipeline
  PASS  test_claim_owner_can_become_member_after_admission
CI_SUITE_TIME {"assertions":95,"failures":0,"suite":"test_resource_claim_lifecycle.gd","tests":7,"usec":496314}
test_room_connectors.gd
  PASS  test_all_five_families_use_fixed_geometry_without_invented_defaults
  PASS  test_transformed_plan_passes_full_space_geometry_but_requires_owner_qualification
  PASS  test_quarter_turn_rotates_full_boxes_work_contacts_landings_and_cube_minima
  PASS  test_all_rotations_preserve_volume_and_actual_rise
  PASS  test_height_mismatch_is_refusal_never_resizing_or_moving_a_floor
  PASS  test_rotation_mask_and_missing_catalog_identity_fail_closed
  PASS  test_exact_translation_preserves_datum_and_floor_bindings
  PASS  test_int32_minimum_negation_and_translation_overflow_refuse
  PASS  test_level_base_cannot_wrap_before_transform
  PASS  test_landing_and_profile_are_required_catalog_fields
  PASS  test_opening_target_is_bound_per_actual_shell_not_catalog_placeholder
  PASS  test_endpoint_floor_change_or_generation_reuse_is_rejected_after_preview
  PASS  test_split_level_same_level_id_does_not_collapse_two_actual_heights
  PASS  test_internal_post_cannot_be_hidden_inside_a_spiral_landing
  PASS  test_obstacle_on_intervening_level_blocks_entire_connection
  PASS  test_duplicate_cubes_and_malformed_tables_have_no_partial_result
CI_SUITE_TIME {"assertions":179,"failures":0,"suite":"test_room_connectors.gd","tests":16,"usec":42581}
test_save_owner_construction.gd
  PASS  test_null_record_refuses_shape
  PASS  test_wrong_owner_index_refuses_owner
  PASS  test_valid_clear_record_accepted_with_empty_detail
  PASS  test_corrupted_u8_column_extent_refuses_shape
  PASS  test_corrupted_i32_column_extent_refuses_shape
  PASS  test_missing_bucket_column_refuses_shape
  PASS  test_row_semantic_fault_forwards_exact_column_code
  PASS  test_row_workers_fault_forwards_exact_column_code
  PASS  test_direct_project_columns_matches_distinguishable_patterns
  PASS  test_omitted_projection_assignment_is_shape_invalid
  PASS  test_direct_columns_full_equality_after_success
  PASS  test_direct_columns_full_equality_after_shape_refusal
  PASS  test_direct_columns_full_equality_after_flag_refusal
  PASS  test_direct_columns_full_equality_after_late_semantic_refusal
  PASS  test_framed_record_full_equality_after_success
  PASS  test_framed_record_full_equality_after_representative_refusal
CI_SUITE_TIME {"assertions":146,"failures":0,"suite":"test_save_owner_construction.gd","tests":16,"usec":2145094}
test_save_owner_movement.gd
  PASS  test_layout_defaults_and_conditional_memory
  PASS  test_frozen_domains_terminal_history_and_projection_witnesses
  PASS  test_null_all_extents_and_bucket_shapes
  PASS  test_every_field_at_every_physical_row
  PASS  test_full_capacity_mixed_phase_and_retained_history
  PASS  test_row_priority_and_target_before_state
CI_SUITE_TIME {"assertions":24406,"failures":0,"suite":"test_save_owner_movement.gd","tests":6,"usec":8281948}
test_save_owner_work.gd
  PASS  test_layout_version_and_null_defaults
  PASS  test_endpoints_memory_and_retained_unbound_carries
  PASS  test_every_physical_domain_and_reserved_skill_position
  PASS  test_eight_zero_argument_and_nine_value_clause_witnesses
  PASS  test_numeric_upper_limits_and_typed_reference_halves
  PASS  test_global_gate_precedence_at_opposite_rows
  PASS  test_all_shapes_and_direct_memory_extent_before_values
  PASS  test_null_wrong_owner_and_bucket_cardinality
  PASS  test_public_fractional_release_and_stale_job_history
  PASS  test_public_broken_tool_binding_remains_valid_history
CI_SUITE_TIME {"assertions":12786,"failures":0,"suite":"test_save_owner_work.gd","tests":10,"usec":3948607}
test_save_replay_checkpoint.gd
  PASS  test_format2_header_has_an_independent_full_byte_vector
  PASS  test_full_checkpoint_domain_round_trips_without_signed_combination
  PASS  test_invalid_tuple_writer_and_semantic_validator_agree_atomically
  PASS  test_reserved_word_is_carried_and_rejected_without_normalization
  PASS  test_hostile_high_u64_and_terminal_low_refuse_without_copying
  PASS  test_preamble_precedence_distinguishes_old_future_foreign_and_truncated
  PASS  test_old_header_metadata_has_no_public_writer
  PASS  test_binding_mismatch_is_visible_even_when_body_digest_is_unchanged
  PASS  test_binding_rejects_invalid_inputs_before_reporting_mismatch
  PASS  test_actual_exhausted_queue_binds_to_decoded_header_in_both_states
CI_SUITE_TIME {"assertions":279,"failures":0,"suite":"test_save_replay_checkpoint.gd","tests":10,"usec":106393}
test_settlement_demolition_work.gd
  PASS  test_an_admission_writes_no_job_and_the_next_planner_tick_posts_one
  PASS  test_a_piece_removal_posts_its_job_at_the_piece
  PASS  test_a_quiet_tick_with_nothing_admitted_does_not_walk_the_rows
  PASS  test_selection_offers_the_work_job_and_reserves_a_builder
  PASS  test_each_productive_tick_is_credited_to_the_project_in_step
  PASS  test_a_tick_work_gd_refuses_after_consuming_still_reaches_the_project
  PASS  test_a_final_tick_refused_after_consuming_still_commits
  PASS  test_a_reserved_job_produces_nothing
  PASS  test_a_job_out_of_step_takes_no_work_and_is_replaced_on_the_hour
  PASS  test_a_paused_project_takes_no_work_and_loses_its_job_on_the_hour
  PASS  test_the_last_productive_tick_commits_the_demolition_in_the_same_tick
  PASS  test_a_finished_piece_removal_commits_through_its_own_door
  PASS  test_a_refused_commit_stays_pending_and_the_hour_retries_it
  PASS  test_cancelling_the_demolition_retires_its_job_and_frees_the_builder
  PASS  test_a_refused_cancellation_keeps_the_job
  PASS  test_cancelling_a_piece_removal_retires_its_job
  PASS  test_a_cancel_job_command_cancels_the_job_not_the_demolition
  PASS  test_a_completion_called_directly_retires_the_job_it_leaves_behind
  PASS  test_a_piece_removal_completed_directly_retires_its_job
  PASS  test_work_finished_around_the_job_retires_it_on_the_hour_and_retries_the_commit
  PASS  test_a_stranded_release_retires_the_job_of_an_orphaned_removal
  PASS  test_a_job_whose_building_is_gone_takes_no_work_and_the_next_reconcile_retires_it
  PASS  test_a_job_whose_admission_is_gone_takes_no_work_and_the_next_reconcile_retires_it
  PASS  test_an_hour_that_clears_a_stale_link_retries_no_admission_without_an_order
  PASS  test_a_readmitted_building_does_not_keep_the_old_projects_job
  PASS  test_an_unlinked_build_job_is_never_worked_and_is_retired_on_the_hour
  PASS  test_two_adjacent_orphans_are_both_swept_in_one_hour
  PASS  test_a_working_job_without_a_worker_produces_nothing_and_logs_nothing
  PASS  test_an_order_on_a_goods_refusal_records_the_intent_and_keeps_the_notice
  PASS  test_an_order_on_a_claim_only_refusal_records_the_intent
  PASS  test_an_order_on_an_admissible_building_just_admits
  PASS  test_the_report_flag_is_cleared_by_the_next_request
  PASS  test_an_order_on_any_other_refusal_records_nothing
  PASS  test_the_evacuable_refusals_are_exactly_the_two_goods_stage_codes
  PASS  test_the_hour_admits_once_the_sources_report_empty
  PASS  test_a_claim_left_on_the_footprint_keeps_the_order_waiting
  PASS  test_goods_in_a_rooms_store_on_the_footprint_are_a_source_too
  PASS  test_a_retry_refused_for_another_reason_keeps_the_order
  PASS  test_cancel_evacuation_withdraws_the_order
  PASS  test_an_admission_by_the_plain_request_spends_the_order
  PASS  test_an_order_for_a_building_gone_around_the_coordinator_is_forgotten
  PASS  test_reset_forgets_orders_and_links
CI_SUITE_TIME {"assertions":586,"failures":0,"suite":"test_settlement_demolition_work.gd","tests":42,"usec":11427913}
test_settlement_starter_colony.gd
  PASS  test_generation_materialises_the_colony_at_its_planned_tiles
  PASS  test_generation_creates_the_world_row_and_binds_the_composer_to_it
  PASS  test_a_building_over_a_live_pile_is_refused_by_name
  PASS  test_a_reset_unbinds_the_world_and_piles_refuse_until_the_next_colony
  PASS  test_a_second_materialisation_is_refused_and_changes_nothing
  PASS  test_a_site_with_a_stray_building_is_refused_before_any_write
  PASS  test_a_live_world_row_alone_also_means_the_colony_is_present
  PASS  test_an_ungenerated_settlement_can_materialise_the_colony_alone
  PASS  test_the_store_binding_opens_the_economy_on_the_colonys_buildings
  PASS  test_no_binding_is_published_without_a_colony
  PASS  test_the_directory_round_trip_keeps_the_world_row_and_every_structure_ref
  PASS  test_section_1_carries_every_footprint_room_and_furniture_tile
  PASS  test_section_4_accepts_the_colonys_building_room_and_furniture_columns
  PASS  test_section_7_round_trips_the_owned_anchored_stores
  PASS  test_the_same_seed_builds_the_same_colony_rows_and_ids
  PASS  test_the_colony_is_authored_not_seeded
  PASS  test_a_refusal_after_the_first_write_resets_the_settlement_to_empty
  PASS  test_the_world_row_and_the_colony_take_the_ids_after_every_world_entity
  PASS  test_the_starter_stores_block_the_hall_and_the_stockpiles
  PASS  test_the_well_is_admitted_into_the_last_stockpiles_headroom
  PASS  test_the_workbench_then_falls_back_to_ground_piles
  PASS  test_the_starter_well_completes_into_the_fourth_stockpile
  PASS  test_the_starter_workbench_completes_onto_ground_piles
  PASS  test_the_emptied_starter_hall_is_demolished_with_its_31_pieces
  PASS  test_a_starter_bed_is_removed_into_the_fourth_stockpile
  PASS  test_a_starter_pantry_shelf_cannot_leave_a_full_pantry
  PASS  test_without_the_adoption_the_hall_would_read_as_empty
CI_SUITE_TIME {"assertions":288,"failures":0,"suite":"test_settlement_starter_colony.gd","tests":27,"usec":129046312}
test_spatial_world.gd
  PASS  test_grid_is_512_squared_half_metre_cells
  PASS  test_cell_index_is_z_times_512_plus_x
  PASS  test_cell_index_refuses_off_grid_coordinates
  PASS  test_cell_centres_and_position_lookup_round_trip
  PASS  test_position_lookup_refuses_outside_the_map
  PASS  test_macro_cells_are_16_by_16_and_tile_the_grid
  PASS  test_walkability_follows_world_init_terrain_tile_for_tile
  PASS  test_the_ford_is_walkable_river
  PASS  test_the_ford_is_not_a_fishing_work_tile
  PASS  test_the_river_blocks_everywhere_except_the_ford
  PASS  test_heights_are_the_three_authored_surfaces
  PASS  test_readers_refuse_an_out_of_range_cell
  PASS  test_clearance_is_the_largest_open_square_at_the_cell
  PASS  test_clearance_class_is_a_caller_input_not_a_published_profile
  PASS  test_clearance_shrinks_beside_a_blocked_cell
  PASS  test_macro_anchor_is_the_lowest_passable_cell_of_the_macro
  PASS  test_the_macro_anchor_skips_cells_that_fail_the_clearance_class
  PASS  test_a_ground_location_carries_domain_layer_revision_and_owner
  PASS  test_a_location_requires_a_generation_safe_owner
  PASS  test_same_x_and_z_does_not_identify_a_destination_across_domains
  PASS  test_uncontracted_domains_and_layers_refuse_by_name
  PASS  test_a_location_minted_before_an_edit_is_no_longer_current
  PASS  test_revisions_start_positive_and_are_bounded_not_wrapped
  PASS  test_legality_override_refuses_an_out_of_range_cell
  PASS  test_legality_override_updates_walkability_and_the_walkable_count
  PASS  test_a_contact_separates_its_work_point_from_the_cell_a_body_stands_on
  PASS  test_a_contact_with_no_destination_revision_is_not_a_valid_target
  PASS  test_a_contact_refuses_an_approach_cell_a_body_cannot_stand_on
  PASS  test_a_contact_accepts_an_unwalkable_work_point_reached_from_a_walkable_approach
  PASS  test_a_contact_refuses_off_grid_cells_and_a_null_owner
  PASS  test_no_adjacency_rule_is_imposed_between_a_work_point_and_its_approach
  PASS  test_a_contact_minted_before_an_edit_is_no_longer_current
  PASS  test_an_unbound_contact_is_never_current
  PASS  test_clearing_a_contact_releases_both_endpoints_and_its_revision
CI_SUITE_TIME {"assertions":16755,"failures":0,"suite":"test_spatial_world.gd","tests":34,"usec":1009518}
test_ui_notices.gd
  PASS  test_every_authored_summary_fits_the_narrow_card
  PASS  test_the_widest_summary_is_the_one_the_fit_test_would_catch
  PASS  test_the_generation_failure_is_the_severity_and_title_the_ruling_names
  PASS  test_no_two_categories_share_a_title_and_none_is_generic
  PASS  test_every_severity_carries_a_word_an_icon_and_a_colour
  PASS  test_the_count_suffix_appears_only_when_other_notices_are_active
  PASS  test_the_three_line_generation_refusal_is_retained_byte_for_byte
  PASS  test_the_expanded_disclosure_carries_message_source_code_and_recovery
  PASS  test_an_absent_recovery_is_stated_rather_than_invented
  PASS  test_the_accessible_text_exposes_severity_the_full_message_and_the_action
  PASS  test_twenty_notices_are_all_retained
  PASS  test_a_repeat_of_the_same_code_and_source_counts_rather_than_adding_a_row
  PASS  test_two_different_sources_of_one_code_stay_two_notices
  PASS  test_two_uncoded_messages_never_overwrite_each_other
  PASS  test_the_top_card_is_the_highest_severity_then_the_earliest
  PASS  test_resolving_a_condition_keeps_it_in_the_history
  PASS  test_resolved_notices_sort_below_active_ones
  PASS  test_an_unknown_category_is_refused_by_name
  PASS  test_an_empty_message_is_refused_rather_than_stored_as_a_blank_notice
  PASS  test_reading_a_row_that_does_not_exist_is_refused_and_leaves_no_stale_notice
  PASS  test_an_empty_record_refuses_a_top_card_instead_of_answering_zero
  PASS  test_a_full_record_of_live_conditions_refuses_rather_than_evicting_by_an_unstated_rule
  PASS  test_the_oldest_resolved_info_is_evicted_before_a_resolved_warning
  PASS  test_every_authored_summary_fits_the_card_height_it_is_drawn_in
  PASS  test_the_narrow_summary_padding_is_what_makes_its_forty_four_fit
CI_SUITE_TIME {"assertions":1210,"failures":0,"suite":"test_ui_notices.gd","tests":25,"usec":247037}
test_ui_world_session.gd
  PASS  test_the_form_opens_on_the_documented_defaults
  PASS  test_the_tutorial_default_deviates_and_the_deviation_is_published
  PASS  test_the_name_field_enforces_section_four_threes_character_bounds
  PASS  test_a_control_character_in_the_name_is_refused_separately
  PASS  test_the_seed_field_enforces_its_documented_range
  PASS  test_an_invalid_field_disables_create_and_exposes_its_reason
  PASS  test_holt_and_fortress_refuse_rather_than_generating_the_abbey
  PASS  test_sandbox_mode_refuses_for_the_same_reason
  PASS  test_an_unknown_dropdown_value_is_refused_separately_from_an_unauthored_one
  PASS  test_creating_without_stores_refuses_instead_of_reporting_success
  PASS  test_generating_the_abbey_publishes_section_five_ones_authored_world
  PASS  test_the_generated_rows_are_in_the_settlements_own_stores
  PASS  test_the_published_map_is_readable_for_the_minimap_and_tile_detail
  PASS  test_a_second_generation_replaces_the_first_rather_than_accumulating
  PASS  test_a_different_valid_seed_is_accepted_and_reported
  PASS  test_a_refused_create_leaves_the_stores_exactly_as_they_were
CI_SUITE_TIME {"assertions":78,"failures":0,"suite":"test_ui_world_session.gd","tests":16,"usec":4230906}
test_underground_actor.gd
  PASS  test_complete_world_basis_source_is_immutable_and_selection_preserves_refused_output
  PASS  test_world_basis_reader_refuses_corrupt_rows_metadata_footer_and_source_atomically
  PASS  test_world_binding_requires_the_entire_actual_domain_descriptor_and_exact_root_range
  PASS  test_explicit_world_equation_keeps_grounding_after_skin_and_identical_attachment_root
  PASS  test_native_world_binding_keeps_global_parts_independent_of_parent_and_refused_updates
  PASS  test_palette_copies_source_and_exposes_only_counts_and_digest
  PASS  test_invalid_source_capacity_and_components_leave_palette_unbound
  PASS  test_matrix_blend_is_affine_not_a_hidden_quaternion_path
  PASS  test_transition_is_a_convex_combination_of_four_final_matrices
  PASS  test_bad_frames_weights_and_scratch_preserve_the_prior_output
  PASS  test_finite_baker_refuses_unrecorded_attachment_surface_overrides
  PASS  test_finite_baker_requires_explicit_persistent_pick_binding_and_separate_carry_states
  PASS  test_skin_validation_rejects_missing_eighth_influence_and_zero_weight
  PASS  test_nonfinite_and_unproved_material_geometry_refuse_before_allocation
  PASS  test_actual_renderer_updates_original_mesh_and_owned_palette_or_refuses_dummy_backend
  PASS  test_static_attachment_offsets_follow_the_same_finite_palette_and_native_lifetime
  PASS  test_actual_instance_material_is_preserved_without_modifying_the_original_mesh
  PASS  test_configuration_outside_the_scene_tree_cannot_publish_an_orphan_skin_palette
  PASS  test_common_grounding_uses_the_same_four_positive_frame_weights
  PASS  test_grounding_capacity_and_nonfinite_source_refuse_before_any_publication
  PASS  test_native_common_translation_moves_body_and_attachment_without_changing_skin_matrices
CI_SUITE_TIME {"assertions":225,"failures":0,"suite":"test_underground_actor.gd","tests":21,"usec":406052}
test_underground_entry_cut_map.gd
  PASS  test_all_varying_height_subsets_match_independent_whole_cube_intersection
  PASS  test_box_order_and_duplicate_parts_do_not_change_the_paid_cube_stream
  PASS  test_offset_datum_negative_boundaries_and_one_unit_crossings_remain_exact
  PASS  test_whole_cube_gaps_are_retained_between_different_courses
  PASS  test_sparse_coordinate_gaps_use_visits_not_distance_as_the_work_budget
  PASS  test_exact_capacity_accepts_and_one_missing_cube_refuses_explicitly
  PASS  test_individual_box_capacity_and_malformed_input_refuse_before_allocation
  PASS  test_unrepresentable_domain_rank_refuses_before_allocation
  PASS  test_domain_box_and_work_limits_cannot_be_enlarged_by_the_caller
  PASS  test_work_exhaustion_and_consumer_queries_share_one_finite_allowance
  PASS  test_prepaid_replay_has_identical_output_and_no_second_allocation
  PASS  test_invalid_replay_retains_original_cursor_and_cannot_reopen_a_closed_one
  PASS  test_scratch_admission_is_bounded_and_excludes_caller_images
CI_SUITE_TIME {"assertions":2085,"failures":0,"suite":"test_underground_entry_cut_map.gd","tests":13,"usec":51213}
test_underground_entry_orders.gd
  PASS  test_nonflat_entry_allocates_one_corridor_and_only_unique_solid_sites
  PASS  test_section_is_metadata_and_exact_claim_boxes_keep_all_heights
  PASS  test_request_shape_refuses_before_cold_admission
  PASS  test_stale_world_or_space_revision_never_borrows_another_namespace
  PASS  test_default_entry_binding_refuses_without_fallback_to_flat_geometry
  PASS  test_cold_denial_and_callback_growth_precede_any_copied_claims
  PASS  test_every_source_and_placement_pin_is_rechecked_after_preparation
  PASS  test_private_packet_and_future_candidate_mutation_refuse_without_spending_identity
  PASS  test_unqualified_or_changed_frontier_publishes_nothing
  PASS  test_reentry_and_direct_future_room_creation_cannot_steal_the_entry_stage
  PASS  test_replaced_original_lease_is_not_released_or_used_for_publication
  PASS  test_final_pure_guard_catches_mutation_after_sites_preparation
  PASS  test_future_and_consumed_claim_batches_cannot_publish_twice
  PASS  test_entry_publication_never_reenters_authority_after_identity
  PASS  test_entry_final_guard_and_receipt_use_concrete_facts_without_observer_dispatch
  PASS  test_final_companion_refusal_and_mutation_leave_prepared_sites_unpublished
  PASS  test_out_of_domain_claim_or_metadata_refuses_atomically
  PASS  test_another_confirmed_room_cannot_capture_reserved_entry_volume
  PASS  test_entry_packet_copies_all_fields_without_aliasing_packed_inputs
CI_SUITE_TIME {"assertions":797,"failures":0,"suite":"test_underground_entry_orders.gd","tests":19,"usec":11190030}
test_underground_entry_placements.gd
  PASS  test_actual_confirmation_publishes_future_placement_and_refreshes_old_paths
  PASS  test_unbound_or_refused_companion_preserves_all_live_owners
  PASS  test_first_frontier_bind_is_exact_and_remains_bound_after_retirement_to_empty
  PASS  test_late_frontier_tuple_and_original_request_changes_refuse_atomically
  PASS  test_first_frontier_pin_cannot_change_both_observed_request_images
  PASS  test_original_lease_replacement_after_sites_never_publishes_or_releases_replacement
  PASS  test_final_candidate_and_prepared_payload_changes_refuse_before_identity
  PASS  test_original_context_reentry_and_early_publication_cannot_commit
  PASS  test_second_admission_preserves_prior_self_target_and_rejects_other_source_tuple
  PASS  test_late_actual_retained_room_drift_never_gets_refreshed_into_a_new_placement
  PASS  test_missing_refresh_stale_anchor_and_mixed_opening_tuple_refuse_without_identity
  PASS  test_request_growth_in_last_location_scope_refuses_before_actual_bank_copy
  PASS  test_replaced_location_candidate_cannot_be_inherited_or_destroyed_by_original_cleanup
CI_SUITE_TIME {"assertions":466,"failures":0,"suite":"test_underground_entry_placements.gd","tests":13,"usec":10259635}
test_underground_furniture_batches.gd
  PASS  test_actual_batch_reserves_pending_furniture_projects_and_exact_geometry_together
  PASS  test_final_publication_may_discard_borrowed_inputs_without_losing_the_receipt
  PASS  test_full_catalog_bill_and_real_work_remain_required_after_layout_acceptance
  PASS  test_purpose_shell_and_late_geometry_refusals_spend_no_identity_prefix
  PASS  test_every_provider_mutation_of_entries_or_directory_tuples_refuses_all_pairs
  PASS  test_initial_scope_callback_cannot_change_the_original_unpinned_request
  PASS  test_provider_reentry_cannot_end_or_replace_the_running_layout_scope
  PASS  test_reacquired_foreign_budget_token_cannot_authorize_future_source_publication
  PASS  test_refused_or_busy_cold_admission_never_enters_snapshot_or_sparse_copy
  PASS  test_missing_actual_budget_owner_refuses_before_any_provider_acquisition_or_copy
  PASS  test_stale_room_revision_and_generation_refuse_without_changed_owner_bytes
  PASS  test_direct_requests_cannot_bypass_planner_pitch_level_or_shape_bounds
  PASS  test_layout_scope_and_receipt_end_before_the_next_simulation_or_input_operation
  PASS  test_one_scope_cannot_retain_multiple_accepted_receipt_buffers
CI_SUITE_TIME {"assertions":1364,"failures":0,"suite":"test_underground_furniture_batches.gd","tests":14,"usec":4161922}
test_underground_space_owner.gd
  PASS  test_unbound_source_identity_and_capacity_refuse_before_allocation
  PASS  test_geometry_is_invisible_until_non_failing_publication
  PASS  test_abort_wrong_tokens_and_stale_revisions_preserve_live_bytes
  PASS  test_snapshot_and_region_results_do_not_alias_authority
  PASS  test_confirmed_claims_block_but_never_supply_void_or_dry_matter
  PASS  test_project_generation_loss_invalidates_confirmed_claims
  PASS  test_source_facts_revalidate_even_when_entity_generation_is_unchanged
  PASS  test_final_preflight_detects_source_change_after_seal
  PASS  test_prepared_readers_require_current_sealed_token_and_preserve_live_state
  PASS  test_prepared_results_are_copied_and_retain_claims_removals_and_next_generation
  PASS  test_prepared_readers_refuse_actual_source_drift_without_overwriting_outputs
  PASS  test_floor_section_generation_cannot_transfer_furniture_to_reused_floor
  PASS  test_two_levels_use_actual_xyz_and_level_label_cannot_hide_overlap
  PASS  test_capacity_budget_and_scalar_overflow_refuse_without_live_changes
  PASS  test_saved_columns_roundtrip_and_allocator_continue_identically
  PASS  test_corrupt_load_never_changes_live_or_partial_geometry
  PASS  test_exhausted_generations_retire_instead_of_wrapping
  PASS  test_finite_source_and_region_capacity_refuse_without_truncation
  PASS  test_two_real_projects_cannot_claim_the_same_actual_volume
  PASS  test_final_preflight_revalidates_project_claim_generation
  PASS  test_region_query_and_source_retirement_keep_internal_namespace_exact
  PASS  test_missing_actual_resident_location_reader_never_uses_flat_ground
  PASS  test_resident_xyz_mode_and_generation_changes_invalidate_old_geometry
  PASS  test_resident_floor_owner_and_actual_height_are_both_required
  PASS  test_changed_row_validation_catches_later_row_edit_against_unchanged_earlier_row
  PASS  test_load_removal_rechecks_retained_floor_dependents
  PASS  test_empty_source_retirement_spends_its_real_scan_budget
  PASS  test_room_claim_survives_actual_paid_phase_retirement
  PASS  test_site_scoped_snapshot_keeps_actual_geometry_and_other_phase_claims
  PASS  test_prepared_site_scope_uses_actual_phase_and_keeps_same_room_obstacles
  PASS  test_room_claim_kind_is_typed_and_corrupt_load_refuses
  PASS  test_foreign_sites_and_changed_domain_cannot_receive_an_exemption
  PASS  test_actual_room_domains_and_furniture_installation_are_exact_source_facts
  PASS  test_surface_facts_remain_actual_and_unknown_room_domain_refuses
  PASS  test_prepared_change_query_distinguishes_noop_and_source_only_changes
  PASS  test_furniture_future_source_requires_actual_completed_project
  PASS  test_furniture_install_source_publishes_only_after_actual_paid_installation
  PASS  test_refused_furniture_completion_aborts_future_source_and_retries_once
  PASS  test_furniture_install_before_facts_reject_type_room_rotation_and_generation_drift
  PASS  test_room_admission_keeps_exact_fine_plan_unpublished_until_real_identity
  PASS  test_room_admission_mutable_candidate_fields_and_authority_are_rechecked
  PASS  test_room_admission_wrong_owner_type_candidate_and_stale_allocator_refuse
  PASS  test_room_admission_all_physical_roles_and_unclaimed_geometry_refuse
  PASS  test_room_admission_after_facts_and_exact_publication_arguments_are_guarded
  PASS  test_room_admission_abort_retries_identical_future_identity_and_keeps_prior_claims
  PASS  test_room_admission_callbacks_cannot_abort_rebegin_or_publish_the_stage
  PASS  test_room_admission_seal_and_prepared_callbacks_guard_transaction_identity
  PASS  test_room_admission_publication_callback_cannot_destroy_the_sealed_candidate
  PASS  test_room_admission_callbacks_cannot_rewrite_the_pinned_allocator_packet
  PASS  test_actual_allocation_and_resident_location_readers_do_not_change_state
SPACE-CAPACITY minimal seal checks=26632
SPACE-CAPACITY minimal restore checks=40966
  PASS  test_joint_capacity_minimal_stage_and_restore_fit_the_unchanged_work_limit
SPACE-CAPACITY 256 residents seal checks=655905
SPACE-CAPACITY 256 residents restore checks=112545
SPACE-CAPACITY 256 residents single edit checks=32934
  PASS  test_joint_capacity_256_actual_residents_batch_edit_and_restore
  PASS  test_failed_seal_restores_heaps_for_edit_retry_and_source_revision_propagation
  PASS  test_indexed_validation_preserves_mixed_remove_reuse_and_strict_loaded_revisions
  PASS  test_validation_callbacks_cannot_mutate_borrowed_heap_indexes
  PASS  test_true_pair_work_exhaustion_refuses_without_expanding_the_budget
  PASS  test_same_source_forget_and_reregister_never_resets_its_revision
  PASS  test_snapshot_revision_reader_checks_current_geometry_and_preserves_live_bytes
  PASS  test_snapshot_revision_reader_revalidates_source_and_claim_lifetimes
  PASS  test_reusable_region_reader_has_explicit_borrowed_output_contract
  PASS  test_region_reader_keeps_allocating_contract_and_reused_reader_refuses_wrong_shape
  PASS  test_future_furniture_batch_publishes_actual_pairs_and_blockers_only
  PASS  test_future_furniture_batch_whole_refusal_keeps_geometry_allocator_and_goods
  PASS  test_future_furniture_batch_rechecks_all_mutable_tuple_and_entry_fields
  PASS  test_future_furniture_batch_requires_every_piece_and_forbids_physical_permissions
  PASS  test_future_furniture_batch_refuses_foreign_binding_and_unscoped_publication
  PASS  test_future_furniture_batch_callback_reentry_and_request_rewrite_refuse
  PASS  test_future_furniture_batch_source_capacity_refuses_before_private_copies
  PASS  test_future_furniture_batch_after_facts_require_real_pending_rows_and_project_pairs
  PASS  test_future_furniture_batch_publication_callback_reentry_keeps_sealed_geometry
  PASS  test_future_furniture_batch_callback_mutation_and_same_room_floor_generation_refuse
UG1075_FURNITURE full_pack_checks=59668
  PASS  test_future_furniture_batch_seals_under_real_joint_sparse_capacities
  PASS  test_traversal_snapshot_omits_only_typed_room_owned_obstacle_markers
  PASS  test_prepared_traversal_snapshot_keeps_physical_rows_and_exact_token
  PASS  test_traversal_source_and_claim_lifetime_are_not_exempted
  PASS  test_leased_snapshot_keeps_the_exact_existing_traversal_filter_and_source_truth
  PASS  test_leased_snapshot_refuses_unfunded_copies_before_any_source_observation
  PASS  test_leased_snapshot_source_replacement_refuses_before_copy_and_preserves_replacement
  PASS  test_leased_snapshot_nested_resident_observation_rechecks_original_lease
  PASS  test_leased_snapshot_refuses_prepared_geometry_and_poisoned_source_reentry
  PASS  test_leased_snapshot_keeps_source_drift_refusal_before_copy
  PASS  test_leased_snapshot_charges_retained_output_until_replacement_is_complete
  PASS  test_leased_snapshot_recounts_callback_retained_output_before_allocating_image
  PASS  test_leased_snapshot_admits_the_actual_pack_and_charges_preflight_plus_copy
  PASS  test_prepared_region_observation_uses_no_source_scan_and_requires_full_final_preflight
  PASS  test_prepared_region_observation_refusals_preserve_exact_caller_scratch
  PASS  test_paid_cube_section_resolves_fine_claims_without_inventing_floor_or_void
  PASS  test_paid_cube_section_refuses_ambiguous_or_missing_full_section_links
  PASS  test_paid_cube_section_rechecks_revision_room_generation_and_actual_source_facts
  PASS  test_paid_cube_section_domain_overflow_scratch_and_work_ceiling_refuse
  PASS  test_paid_cube_section_uses_actual_immutable_datum_and_rejects_foreign_floor_owner
  PASS  test_paid_cube_section_resolves_under_the_unchanged_actual_joint_capacities
  PASS  test_publication_receipt_changes_only_after_swap_and_successful_load_clears_it
  PASS  test_room_source_publication_receipt_requires_actual_after_identity
  PASS  test_actual_paid_furniture_installation_publishes_exact_space_receipt
  PASS  test_actual_furniture_admissions_publish_exact_space_receipt
  PASS  test_region_capacity_reports_only_the_actual_configured_cold_bound
  PASS  test_prepared_leased_snapshot_preserves_full_claims_and_exact_candidate
  PASS  test_prepared_leased_snapshot_requires_seal_and_original_budget_before_observers
  PASS  test_prepared_leased_snapshot_replacement_keeps_candidate_and_refused_output
  PASS  test_prepared_leased_snapshot_refuses_nested_resident_lease_replacement
  PASS  test_prepared_leased_snapshot_reentry_and_source_drift_never_allocate
  PASS  test_prepared_leased_snapshot_recounts_existing_and_callback_added_output
  PASS  test_prepared_traversal_leased_copy_keeps_all_physical_rows
  PASS  test_prepared_traversal_lease_replacement_never_reaches_copy
  PASS  test_prepared_site_leased_copy_omits_only_exact_paid_phase_markers
  PASS  test_prepared_site_copy_refuses_replaced_lease_and_foreign_owner
  PASS  test_static_generic_kernel_preserves_exact_token_and_ordinary_publication
  PASS  test_future_room_leased_copies_share_one_scope_guard_and_preserve_marker_modes
  PASS  test_future_room_copy_source_reentry_or_repin_poison_the_whole_observation
  PASS  test_future_room_copy_final_candidate_and_original_lease_are_rechecked
  PASS  test_static_generic_kernel_never_accepts_special_future_source_context
  PASS  test_static_room_kernel_never_borrows_synthetic_authority_publication
CI_SUITE_TIME {"assertions":5461,"failures":0,"suite":"test_underground_space_owner.gd","tests":113,"usec":12931124}
test_underground_surface_anchor.gd
  PASS  test_real_natural_ground_publishes_complete_endpoint_without_construction_or_room
  PASS  test_anchor_cannot_create_air_in_dirt_or_footing_above_ground
  PASS  test_interior_support_gap_and_root_plane_mismatch_refuse
  PASS  test_actual_building_and_resource_footprints_refuse_without_sparse_registration
  PASS  test_removed_matter_cannot_be_republished_as_natural_footing
  PASS  test_late_building_after_final_locations_observer_refuses_before_both_swaps
  PASS  test_expired_original_lease_never_consumes_a_replacement_or_publishes_either_bank
  PASS  test_reentrant_creation_poisons_outer_observation_and_allows_clean_retry
  PASS  test_existing_endpoint_keeps_full_identity_and_payload_after_new_anchor
  PASS  test_location_capacity_refusal_leaves_existing_space_and_endpoint_unchanged
  PASS  test_binding_is_once_only_and_foreign_budget_does_not_alias_owner
  PASS  test_busy_cold_owner_refuses_before_any_geometry_transaction
  PASS  test_late_endpoint_inventory_replacement_refuses_both_swaps
  PASS  test_late_endpoint_transforms_replacement_refuses_both_swaps
  PASS  test_late_routes_residents_replacement_refuses_both_swaps
  PASS  test_late_routes_jobs_replacement_refuses_both_swaps
  PASS  test_late_profile_inventory_replacement_refuses_both_swaps
  PASS  test_late_construction_owner_replacement_refuses_both_swaps
  PASS  test_initial_binding_observer_cannot_enter_uninitialized_create
  PASS  test_low_operation_budget_refuses_before_terrain_observer
  PASS  test_repeated_scope_checks_share_one_budget_across_existing_endpoints
  PASS  test_last_locations_observer_abort_refuses_before_space_publication
  PASS  test_aborted_world_endpoint_cannot_rebegin_in_original_scope
  PASS  test_last_observer_independent_candidates_and_lease_survive_outer_cleanup
  PASS  test_last_observer_changed_new_payload_refuses_before_both_swaps
CI_SUITE_TIME {"assertions":251,"failures":0,"suite":"test_underground_surface_anchor.gd","tests":25,"usec":15054201}
test_underground_world_bindings.gd
  PASS  test_actual_owner_budget_and_one_time_binding
  PASS  test_identity_readers_borrow_actual_owners_without_source_callbacks
  PASS  test_original_land_and_exterior_remain_exact_and_read_only
  PASS  test_interior_paid_void_preserves_every_unexcavated_sliver
  PASS  test_different_vertical_levels_do_not_erase_intervening_earth
  PASS  test_blocker_and_support_are_not_evidence_that_soil_was_excavated
  PASS  test_clipping_and_face_contact_do_not_overwrite_neighbors
  PASS  test_unfinished_water_and_shell_cannot_become_natural_dry_or_free_space
  PASS  test_exact_retained_floor_metadata_replaces_only_duplicate_natural_floor
  PASS  test_lease_and_bounds_refuse_before_real_snapshot_allocation
  PASS  test_natural_capacity_exhaustion_clears_prior_output_and_keeps_owner_unchanged
  PASS  test_actual_world_change_after_observation_refuses_the_whole_output
  PASS  test_reentrant_observation_refuses_without_corrupting_active_caller
  PASS  test_dead_actual_source_owner_cannot_be_replaced_by_numeric_identity
  PASS  test_full_source_scan_cost_is_admitted_before_first_snapshot
  PASS  test_geometry_publication_during_observation_invalidates_the_whole_image
  PASS  test_malformed_output_refuses_without_allocating_replacement_storage
  PASS  test_actual_domain_output_capacity_refuses_instead_of_truncating_a_surface
  PASS  test_expired_or_reacquired_lease_refuses_at_every_provider_boundary
  PASS  test_restored_world_source_lookup_is_fixed_per_survey_not_per_tile
  PASS  test_exact_site_scope_preserves_physical_obstacles_and_neighbour_room_markers
  PASS  test_phase_bounds_include_actual_target_and_all_checked_contact_extents
  PASS  test_phase_scope_and_malformed_plan_refuse_before_any_scoped_snapshot
  PASS  test_phase_plan_and_snapshot_require_full_joint_cold_peak
  PASS  test_room_claim_release_during_natural_survey_invalidates_exact_scope
  PASS  test_project_opened_during_natural_survey_invalidates_exact_scope
  PASS  test_cold_work_stage_composes_refresh_survey_without_productive_mutation
  PASS  test_actual_phase_lease_funds_full_scoped_query_until_explicit_release
  PASS  test_cold_site_reader_rejects_other_sites_rooms_and_generations
  PASS  test_cold_site_reader_rechecks_actual_scope_after_claim_change
  PASS  test_phase_open_reentry_and_foreign_release_preserve_exact_active_lease
  PASS  test_phase_lease_refuses_busy_foreign_and_invalid_context_without_mutation
  PASS  test_lost_phase_lease_cannot_release_an_equal_size_replacement
  PASS  test_real_project_change_invalidates_phase_scope_but_allows_cleanup
  PASS  test_real_room_claim_change_invalidates_phase_scope_but_allows_cleanup
  PASS  test_geometry_publish_invalidates_cold_proof_without_leaking_its_lease
  PASS  test_retired_world_refuses_phase_proof_and_still_releases_own_memory
CI_SUITE_TIME {"assertions":828,"failures":0,"suite":"test_underground_world_bindings.gd","tests":37,"usec":21148665}
test_underground_world_room_bindings.gd
  PASS  test_exact_section_and_fine_mask_are_delegated_without_changing_physical_state
  PASS  test_terrain_identity_is_the_actual_configured_source_without_new_permission
  PASS  test_binding_requires_exact_composer_and_actual_provider_at_quiescence
  PASS  test_missing_provider_or_wrong_phase_never_returns_a_prior_room_result
  PASS  test_mask_callback_expiry_discards_output_and_preserves_foreign_replacement_lease
  PASS  test_section_callback_expiry_discards_even_a_successfully_resolved_floor
  PASS  test_nested_mask_and_composition_cannot_clear_outer_output_or_grow_a_second_survey
  PASS  test_expired_weak_provider_refuses_without_recreating_or_retaining_it
CI_SUITE_TIME {"assertions":83,"failures":0,"suite":"test_underground_world_room_bindings.gd","tests":8,"usec":4683429}
test_world_material_targets.gd
  PASS  test_the_ground_wears_its_world_targets
  PASS  test_the_water_and_the_bank_wear_their_world_targets
  PASS  test_every_target_sits_in_its_value_group
  PASS  test_value_is_linear_luminance
  PASS  test_no_world_material_claims_the_ui_lock
CI_SUITE_TIME {"assertions":68,"failures":0,"suite":"test_world_material_targets.gd","tests":5,"usec":1252749}
[EntityManager] ready
[GameManager] ready
[SettlementSystem] ready
[EconomySystem] ready
[UIManager] ready


1062 test(s), 83456 assertion(s), 0 failure(s)
diagnostics: 0 unexpected error(s), 0 unexpected warning(s), 0 expected, 0 tolerated; leaked at exit: 0 object(s), 0 resource(s)
[EntityManager] ready
[GameManager] ready
[SettlementSystem] ready
[EconomySystem] ready
[UIManager] ready
log: 0 unexpected error(s), 0 unexpected warning(s); leaked at exit: 0 object(s), 0 resource(s).
ok: 1062 tests, 83456 assertions, 0 failures.
