Godot Engine v4.7.2.stable.official.ed1daf0bf - https://godotengine.org

Godot Engine v4.7.2.stable.official.ed1daf0bf - https://godotengine.org

test_appoint_warden.gd
  PASS  test_a_living_adult_is_appointed_once_the_warden_has_died
  PASS  test_appointment_changes_no_stat
  PASS  test_a_settlement_with_no_warden_at_all_can_appoint_one
  PASS  test_a_living_warden_is_not_replaced_without_confirmation
  PASS  test_a_confirmed_replacement_steps_the_living_warden_down
  PASS  test_an_elder_warden_steps_down_as_an_elder_resident
  PASS  test_a_confirmed_replacement_leaves_a_dead_wardens_byte_alone
  PASS  test_a_confirmed_replacement_steps_every_living_warden_down
  PASS  test_a_specialist_who_served_returns_as_a_resident
  PASS  test_a_refused_confirmed_replacement_writes_nothing
  PASS  test_the_serving_warden_cannot_be_appointed_again
  PASS  test_an_incapacitated_warden_still_holds_the_seat
  PASS  test_a_dead_resident_cannot_be_appointed
  PASS  test_a_child_cannot_be_appointed_and_an_elder_can
  PASS  test_a_free_row_refuses_as_not_present
  PASS  test_a_specialist_is_eligible_and_the_one_role_byte_becomes_warden
  PASS  test_the_serving_warden_is_the_lowest_living_warden_row
  PASS  test_two_living_wardens_answer_with_the_lowest_row
  PASS  test_the_refusal_order_is_presence_then_life_then_child_then_seat
  PASS  test_both_warden_bytes_survive_a_section_four_round_trip
  PASS  test_appoint_warden_is_an_implemented_kind_with_no_missing_owner
  PASS  test_an_appoint_warden_command_commits_the_appointment
  PASS  test_an_appoint_warden_command_against_a_living_warden_refuses
  PASS  test_an_appoint_warden_command_naming_a_dead_resident_refuses
  PASS  test_an_appoint_warden_command_naming_a_child_refuses
  PASS  test_a_confirmed_command_replaces_the_living_warden
  PASS  test_an_unconfirmed_command_against_a_living_warden_requires_confirmation
  PASS  test_a_confirmed_command_into_a_vacant_seat_simply_appoints
  PASS  test_an_appoint_warden_command_with_a_stale_target_refuses
  PASS  test_an_appoint_warden_command_with_the_null_target_refuses
  PASS  test_an_appoint_warden_command_outside_the_confirm_domain_refuses
  PASS  test_an_appoint_warden_command_with_a_payload_refuses
  PASS  test_an_unbound_residents_store_refuses_rather_than_committing
CI_SUITE_TIME {"assertions":340,"failures":0,"suite":"test_appoint_warden.gd","tests":33,"usec":2304477}
test_command_dispatch_store_policy.gd
  PASS  test_a_filter_command_filters_the_main_store
  PASS  test_a_minimum_command_keeps_a_full_int64_reserve
  PASS  test_a_full_256_row_group_commits
  PASS  test_one_bad_row_refuses_the_whole_group_with_the_stores_code
  PASS  test_rows_out_of_ascending_item_order_refuse_the_schema
  PASS  test_a_malformed_group_refuses_the_schema
  PASS  test_a_nonzero_argument_is_refused_rather_than_ignored
  PASS  test_a_target_demolished_after_admission_refuses_stale
  PASS  test_a_target_that_is_not_a_building_is_refused_by_kind
  PASS  test_a_directory_building_the_building_store_does_not_hold_is_refused_by_the_store
  PASS  test_an_unbound_policy_refuses_and_a_foreign_one_never_binds
  PASS  test_both_kinds_are_supported_and_name_no_missing_store
CI_SUITE_TIME {"assertions":552,"failures":0,"suite":"test_command_dispatch_store_policy.gd","tests":12,"usec":1283660}
test_connector_view.gd
  PASS  test_all_five_families_render_one_fixed_mesh_and_at_most_one_leaf
  PASS  test_sloping_ramp_uv_edges_preserve_actual_metre_length
  PASS  test_material_copy_clears_hidden_uv_stretch_without_editing_source
  PASS  test_all_family_fixed_and_hatch_triangles_use_clockwise_godot_front_faces
  PASS  test_hatch_every_sampled_angle_fits_complete_integer_sweep
  PASS  test_fixed_rotation_and_translation_match_integer_placement_convention
  PASS  test_bad_material_and_partial_geometry_leave_existing_preview_intact
  PASS  test_hatch_fraction_and_rotation_do_not_silently_clamp_or_resize
CI_SUITE_TIME {"assertions":16536,"failures":0,"suite":"test_connector_view.gd","tests":8,"usec":117230}
test_construction_paid_ledger.gd
  PASS  test_each_purpose_records_its_paid_package_keys
  PASS  test_a_stale_project_refuses_its_ledger_reads
  PASS  test_a_tier_one_demolition_snapshots_only_the_base_package
  PASS  test_a_tier_two_demolition_returns_half_of_base_plus_upgrade_per_item
  PASS  test_a_tier_two_demolition_works_a_quarter_of_both_packages
  PASS  test_the_fifty_percent_is_floored_once_per_item_not_per_package
  PASS  test_cancelling_an_incomplete_upgrade_earns_its_refund_and_not_a_demolition_share
  PASS  test_an_upgrade_in_progress_blocks_the_demolition
  PASS  test_the_preview_matches_the_snapshot_the_transition_takes
  PASS  test_the_preview_refuses_a_stale_building_and_a_short_buffer
  PASS  test_the_open_refusal_preview_names_every_transition_refusal
  PASS  test_the_open_refusal_preview_names_a_full_construction_kind
CI_SUITE_TIME {"assertions":315,"failures":0,"suite":"test_construction_paid_ledger.gd","tests":12,"usec":1910554}
test_crop_weather.gd
  PASS  test_an_hour_crossing_is_every_750th_tick_and_a_midnight_is_one_of_them
  PASS  test_the_hourly_leg_refuses_a_tick_that_is_not_an_hour_crossing
  PASS  test_the_hourly_leg_runs_at_hours_that_are_not_midnight
  PASS  test_the_daily_leg_refuses_a_tick_that_is_not_a_midnight_crossing
  PASS  test_the_daily_leg_refuses_a_negative_eligibility_crossing_count
  PASS  test_a_replayed_hour_is_refused_rather_than_integrated_twice
  PASS  test_an_earlier_hour_cannot_be_run_after_a_later_one
  PASS  test_a_replayed_day_is_refused_rather_than_applied_twice
  PASS  test_an_earlier_day_cannot_be_run_after_a_later_one
  PASS  test_the_two_latches_are_independent
  PASS  test_a_crop_grows_by_the_stated_hourly_step_and_ripens_at_its_stated_duration
  PASS  test_a_frozen_hour_advances_no_growth_at_all
  PASS  test_a_plot_outside_its_moisture_range_grows_at_the_stated_half_rate
  PASS  test_frost_removes_the_stated_health_every_hour_not_once_a_day
  PASS  test_a_temperate_hour_costs_no_health_at_all
  PASS  test_frost_halves_for_a_tended_cabbage_plot_and_not_for_another_crop
  PASS  test_frost_that_empties_health_withers_the_plot_and_stops_there
  PASS  test_a_ripe_plot_withers_at_the_exact_hour_its_five_days_complete
  PASS  test_the_forced_first_spring_is_scheduled_and_consumes_no_weather_draw
  PASS  test_an_unseeded_settlement_still_gets_its_forced_first_spring
  PASS  test_the_whole_first_spring_takes_exactly_zero_weather_draws
  PASS  test_the_second_season_takes_exactly_one_weather_draw_and_no_more
  PASS  test_a_different_seed_selects_a_different_row_from_the_same_interval_table
  PASS  test_an_unseeded_world_refuses_the_second_seasons_draw_and_names_the_stream
  PASS  test_a_stage_with_no_stream_bound_at_all_refuses_its_own_code
  PASS  test_the_forecast_is_disclosed_three_days_before_the_event_starts
  PASS  test_the_event_ends_the_day_after_its_window_and_the_forecast_is_retained
  PASS  test_the_days_baseline_follows_the_active_event_inside_its_window
  PASS  test_a_plots_moisture_evaporates_before_the_days_rain_is_added
  PASS  test_summer_scales_the_evaporation_baseline_and_not_the_rain
  PASS  test_drought_adds_its_extra_evaporation_after_the_summer_multiplier
  PASS  test_a_stage_first_running_mid_season_schedules_before_it_waters
  PASS  test_a_dry_plot_is_floored_at_zero_rather_than_going_negative
  PASS  test_blight_removes_the_stated_health_for_each_day_of_its_window
  PASS  test_a_tended_plot_takes_half_the_blight_and_then_loses_its_tending_flag
  PASS  test_blight_that_empties_health_withers_the_plot
  PASS  test_an_orchard_ages_and_loses_health_on_an_untended_growing_season_day
  PASS  test_the_orchard_day_is_the_day_that_ended_not_the_day_that_began
  PASS  test_the_winter_chill_counter_follows_the_completed_winter_days
  PASS  test_creating_a_plot_refreshes_its_pollination_slice_synchronously
  PASS  test_a_hive_out_of_range_links_to_nothing
  PASS  test_a_yield_read_does_not_repair_a_slice_a_new_hive_made_stale
  PASS  test_a_hive_that_falls_below_the_healthy_line_refuses_the_read_it_cannot_repair
  PASS  test_the_daily_leg_refreshes_the_farm_side_of_an_eligibility_crossing
  PASS  test_a_boundary_with_no_eligibility_crossing_refreshes_nothing
  PASS  test_destroying_a_plot_clears_its_slice_before_the_row_can_be_reused
  PASS  test_destroying_a_plot_through_the_store_alone_is_refused_by_the_join
  PASS  test_a_fresh_store_reports_no_weather_until_a_day_is_opened
  PASS  test_priming_day_one_writes_springs_baseline_and_takes_no_draw
  PASS  test_priming_a_day_consumes_it_so_the_same_day_cannot_be_run_twice
  PASS  test_priming_refuses_a_day_before_the_calendar_starts
  PASS  test_the_stage_shares_the_ecologys_directory_and_hives
  PASS  test_clear_empties_the_crop_and_weather_stores_and_drops_both_latches
  PASS  test_a_day_with_no_plots_and_no_orchards_honestly_does_nothing
  PASS  test_a_preflight_refusal_advances_nothing_at_all_and_can_be_retried
  PASS  test_the_ruling_fixture_ticks_are_the_offset_calendars_own_midnights
  PASS  test_summer_day_six_tick_301500_closes_the_mussel_harvest
  PASS  test_summer_day_eight_tick_337500_remains_closed
  PASS  test_summer_day_nine_tick_355500_reopens_the_mussel_harvest
  PASS  test_summer_day_three_tick_247500_discloses_the_forecast
  PASS  test_autumn_day_six_tick_517500_permits_mussels_during_a_blight
  PASS  test_autumn_day_three_tick_463500_carries_absolute_season_two
  PASS  test_tick_427500_does_not_reuse_the_summer_schedule
  PASS  test_the_hour_before_tick_427500_still_uses_summer_climate
  PASS  test_the_completed_days_blight_settles_before_the_new_days_closure
  PASS  test_the_closure_reads_the_schedule_the_same_boundary_just_made
  PASS  test_a_duplicate_boundary_call_changes_no_closure
  PASS  test_hours_without_a_boundary_never_move_the_closure
  PASS  test_the_closure_repeats_in_the_following_year
  PASS  test_the_scheduled_once_latch_has_exactly_one_owner
  PASS  test_the_two_stores_derive_the_same_absolute_season
  PASS  test_the_mussel_closure_is_written_for_no_other_species
  PASS  test_a_world_with_no_mussel_bed_writes_nothing_and_is_not_an_error
  PASS  test_a_season_identity_that_the_clock_contradicts_refuses_the_boundary
  PASS  test_no_stated_event_ever_covers_the_last_day_of_its_season
CI_SUITE_TIME {"assertions":1868,"failures":0,"suite":"test_crop_weather.gd","tests":75,"usec":3846913}
test_demo_camera_live.gd
  PASS  test_the_camera_modes_on_the_real_scene_at_1280x720
  PASS  test_the_camera_modes_on_the_real_scene_at_1920x1080
CI_SUITE_TIME {"assertions":96,"failures":0,"suite":"test_demo_camera_live.gd","tests":2,"usec":56055676}
test_demo_care.gd
  PASS  test_everyone_starts_well_and_the_supplies_are_the_gdd_s_starting_stocks
  PASS  test_the_cited_numbers_are_the_core_modules
  PASS  test_an_injury_takes_its_loss_once_and_merges_by_severity
  PASS  test_equal_severity_keeps_the_lower_kind
  PASS  test_untreated_minor_drains_one_an_hour_but_recovers_two_when_fed_and_rested
  PASS  test_health_never_falls_below_the_floor_and_nobody_dies
  PASS  test_starving_costs_four_an_hour
  PASS  test_quiet_ticks_are_skipped_and_nothing_is_retained
  PASS  test_airless_is_one_serious_exposure_and_a_hundred_and_twenty_nine_an_hour
  PASS  test_exhaustion_is_one_incident_until_rest_four_thousand
  PASS  test_treatment_pays_once_at_work_start_and_takes_an_hour_at_factor_one_thousand
  PASS  test_a_healer_called_away_leaves_the_work_with_the_patient
  PASS  test_the_supplies_short_stop_a_treatment_starting
  PASS  test_the_skill_and_pace_set_the_work_factor
  PASS  test_the_infirmary_doubles_recovery
  PASS  test_the_health_factor_bands
  PASS  test_the_herb_patch_regrows_by_the_ruled_formula
  PASS  test_herbs_reach_the_shelf_only_above_the_patch_floor
  PASS  test_the_herb_work_and_forage_hazard_numbers
  PASS  test_forage_rolls_once_per_sixty_wu
  PASS  test_the_work_pace_multiplies_its_factors
  PASS  test_the_card_and_news_words
  PASS  test_exactly_enough_supplies_pay_and_a_new_injury_pays_again
  PASS  test_the_work_remainder_is_kept_tick_by_tick
  PASS  test_up_at_exactly_seventy
  PASS  test_the_forage_rolls_are_the_forage_stream_s_draws
  PASS  test_a_jump_is_taken_in_closed_form_but_its_last_ticks_one_by_one
CI_SUITE_TIME {"assertions":156,"failures":0,"suite":"test_demo_care.gd","tests":27,"usec":2868591}
test_demo_chronicle.gd
  PASS  test_pick_is_deterministic_in_range_and_varies_by_season
  PASS  test_titles_years_and_season_names
  PASS  test_counts_lists_and_capitals_in_words
  PASS  test_the_words_carry_no_canon_name
  PASS  test_a_tick_falls_in_its_season_and_day
  PASS  test_the_owners_prefixes
  PASS  test_troubles_count_once_per_subject_or_day
  PASS  test_occasions_are_the_village_s_chronicle_lines
  PASS  test_occasions_are_capped_and_kinds_checked
  PASS  test_supper_songs_count_their_days
  PASS  test_distinct_keys_stop_at_max_seen
  PASS  test_snapshots_are_copies
  PASS  test_the_book_refuses_lines_out_of_place
  PASS  test_the_book_keeps_max_pages_and_moves_the_lines_up
  PASS  test_deeds_show_the_player_s_curation
  PASS  test_deeds_shown_stop_at_the_cap_pinned_first
  PASS  test_a_bare_season_is_one_honest_line
  PASS  test_the_harvest_and_the_table
  PASS  test_a_hard_season_says_who_went_without_and_what_was_lost
  PASS  test_no_record_or_no_day_closed_has_no_table
  PASS  test_weather_events_and_troubles
  PASS  test_every_trouble_is_worded
  PASS  test_deeds_best_first_with_village_firsts
  PASS  test_friends_made_lapsed_and_working_side_by_side
  PASS  test_working_together_needs_worked_least_hours
  PASS  test_songs_and_gatherings
  PASS  test_a_draft_says_so_and_has_no_closing
  PASS  test_the_same_village_writes_the_same_page
  PASS  test_a_page_is_written_once_the_season_s_record_is_whole
  PASS  test_rows_go_to_the_season_they_were_said_in
  PASS  test_a_grouped_repeat_is_not_read_twice
  PASS  test_a_season_jump_writes_the_waiting_page_first
  PASS  test_the_draft_is_the_season_so_far_and_writes_no_page
  PASS  test_an_unconfigured_chronicle_does_nothing
  PASS  test_polling_makes_no_object
  PASS  test_the_largest_items_ties_and_exactly_three
  PASS  test_weather_lines_stop_at_the_cap_and_keep_to_their_season
  PASS  test_a_song_known_before_the_season_is_not_learned_in_it
  PASS  test_new_rows_are_read_by_id_not_as_the_newest_n
  PASS  test_the_owner_keeps_the_village_s_firsts_across_pages
  PASS  test_calm_or_ideal_weather_is_no_hard_weather
  PASS  test_a_day_whose_weather_was_not_seen_tells_no_event
  PASS  test_a_song_sung_alone_at_supper_is_not_the_table_singing
  PASS  test_one_portion_and_a_project_name_with_a_quote
  PASS  test_a_page_tells_the_season_s_end_not_what_came_after
  PASS  test_the_draft_tells_songs_learned_so_far
CI_SUITE_TIME {"assertions":310,"failures":0,"suite":"test_demo_chronicle.gd","tests":46,"usec":9905870}
test_demo_farm_alerts_bound.gd
  PASS  test_letting_old_keys_go_says_the_same_lines_and_stays_bounded
  PASS  test_a_forecast_is_said_once_a_season_and_again_the_next
CI_SUITE_TIME {"assertions":9,"failures":0,"suite":"test_demo_farm_alerts_bound.gd","tests":2,"usec":628441}
test_demo_forestry.gd
  PASS  test_a_demo_point_lands_on_its_gdd_exterior_tile
  PASS  test_skill_levels_and_factors_are_the_gdd_curve
  PASS  test_work_time_follows_skill_season_and_storm
  PASS  test_the_retention_floor_arithmetic
  PASS  test_the_village_trees_are_real_resource_node_rows
  PASS  test_the_wood_item_is_resolved_through_the_catalog_boundary
  PASS  test_two_trunks_on_one_tile_bind_once
  PASS  test_a_negative_wood_id_binds_nothing
  PASS  test_felling_debits_the_wood_once_and_dates_the_stump
  PASS  test_a_stump_regrows_after_48_days_unless_its_spot_is_occupied
  PASS  test_the_demo_sapling_matures_on_day_49
  PASS  test_a_blow_down_uproots_the_tree_and_the_spot_can_be_replanted
  PASS  test_grubbing_out_a_stump_clears_its_spot
  PASS  test_the_trunk_is_hauled_away_a_load_at_a_time_and_nothing_is_lost
  PASS  test_growth_is_read_from_the_rows_date
  PASS  test_zones_are_gdd_zone_types_that_never_overlap
  PASS  test_the_seeded_zones_hold_the_north_stand_and_the_old_grove
  PASS  test_the_floor_refuses_the_fell_that_would_breach_it_and_intensive_lowers_it
  PASS  test_a_tree_beyond_the_reach_is_refused
  PASS  test_conservation_trees_are_never_cut_by_order_or_routine
  PASS  test_an_auto_fell_zone_is_worked_down_to_its_floor_and_no_further
  PASS  test_deadfall_falls_under_trees_seeded_and_is_gathered_once
  PASS  test_skills_start_with_the_forester_and_the_beaver_and_anyone_learns
  PASS  test_the_demo_stores_take_wood_in_and_saw_planks_out_all_or_nothing
  PASS  test_the_services_hold_one_stores_for_the_woods_and_the_tunnels
  PASS  test_the_woods_circles_join_the_cast_without_repeating_the_worlds
  PASS  test_a_resident_fells_the_west_oak_and_hauls_it_all_to_the_stores
  PASS  test_the_others_selected_wait_by_the_tree_and_haul_it_with_the_feller
  PASS  test_a_right_click_on_a_tree_being_felled_joins_the_haul
  PASS  test_a_hauler_loads_on_the_log_stacks_side_of_the_trunk
  PASS  test_a_resident_ordered_away_drops_the_job_where_it_had_got_to
  PASS  test_the_beaver_fells_by_gnawing_with_no_axe
  PASS  test_deadfall_is_gathered_into_the_stores_without_felling
  PASS  test_sawing_turns_two_units_of_logs_into_planks
  PASS  test_a_sawing_called_off_carries_its_load_away_as_what_it_is
  PASS  test_a_storm_blows_a_tree_down_and_the_crew_clears_it
  PASS  test_a_storm_day_on_the_one_weather_blows_one_tree_down
  PASS  test_replanting_a_cleared_spot_spends_the_farms_compost
  PASS  test_the_woods_regrow_on_the_calendars_midnights
  PASS  test_the_woods_follow_the_calendar_they_do_not_run_it
  PASS  test_a_felled_tree_topples_then_lies_as_its_trunk_by_a_fresh_stump
  PASS  test_a_paused_clock_holds_a_tree_in_mid_fall
  PASS  test_the_yard_shows_the_stock_logs_and_the_plank_stack_by_the_stores
  PASS  test_the_yard_stands_clear_of_the_village
  PASS  test_the_pick_finds_trunks_piles_the_sawhorse_and_spots
  PASS  test_a_camera_ray_through_a_standing_tree_picks_it
  PASS  test_the_zone_tool_marks_a_dragged_rectangle_in_whole_tiles
  PASS  test_the_marks_draw_zones_the_overlay_discs_and_the_ring
  PASS  test_the_woods_panel_says_what_the_selected_tree_can_take
  PASS  test_the_right_column_has_a_woods_tab
  PASS  test_the_command_layer_asks_every_ground_handler_in_turn
  PASS  test_a_zone_tool_hook_takes_input_before_selection
  PASS  test_the_sink_is_the_worlds_and_the_cut_is_measured_from_the_ground
  PASS  test_the_woods_stand_walkers_on_the_staged_roots_turned_with_each_tree
  PASS  test_a_staged_tree_is_drawn_let_down_by_its_sink
  PASS  test_a_sunk_tree_is_split_and_turned_at_its_cut_above_the_ground
  PASS  test_twenty_fell_haul_regrow_cycles_keep_the_woods_drawing_bounded
  PASS  test_a_tree_replaced_by_another_kind_frees_its_own_node_and_parts
  PASS  test_a_tree_the_world_placed_is_only_hidden_when_replaced
  PASS  test_a_woods_job_called_away_is_taken_back_when_the_other_work_is_done
CI_SUITE_TIME {"assertions":1634,"failures":0,"suite":"test_demo_forestry.gd","tests":60,"usec":12887683}
test_demo_guide_pages.gd
  PASS  test_help_answers_plain_questions
  PASS  test_help_keeps_every_key_the_controls_page_had
  PASS  test_every_linked_help_command_has_its_words
  PASS  test_the_help_page_searches_as_typed_and_links_commands
  PASS  test_the_menu_s_controls_page_is_the_help_page
  PASS  test_every_word_must_match_before_any_word_does
  PASS  test_search_widening_and_stop_words
  PASS  test_the_field_guide_has_exactly_the_demo_s_crops_and_dishes
  PASS  test_the_field_guide_has_the_catch_dried_fish_flour_and_gear
  PASS  test_field_guide_figures_are_the_tables_own
  PASS  test_field_guide_links_resolve_and_nothing_absent_is_described
  PASS  test_field_guide_search_and_live_stock
  PASS  test_the_field_guide_page_opens_entries_and_links
  PASS  test_practice_stories_never_touch_the_village
  PASS  test_a_story_restarts_to_the_same_start
  PASS  test_the_stories_teach_by_their_real_rules
  PASS  test_the_practice_page_runs_a_story_with_debrief_and_restart
  PASS  test_a_project_completes_into_the_chronicle_once
  PASS  test_projects_are_three_named_and_from_now_counts_from_the_pin
  PASS  test_the_projects_page_pins_with_the_places_selected
  PASS  test_a_text_field_in_the_top_modal_takes_the_keys
CI_SUITE_TIME {"assertions":1607,"failures":0,"suite":"test_demo_guide_pages.gd","tests":21,"usec":4161451}
test_demo_hall_live.gd
  PASS  test_the_hall_on_the_real_scene_at_1280x720
  PASS  test_the_hall_on_the_real_scene_at_1920x1080
CI_SUITE_TIME {"assertions":88,"failures":0,"suite":"test_demo_hall_live.gd","tests":2,"usec":51743705}
test_demo_kitchen_ui.gd
  PASS  test_ready_food_is_days_of_meals
  PASS  test_the_ledger_shows_the_stock_behind_the_days
  PASS  test_the_pantry_shows_the_kitchen_tab_and_marks_the_dishes_cookable
  PASS  test_the_stocks_table_shows_portions_water_and_what_the_kitchen_holds
  PASS  test_the_cook_card_is_the_orders_decision
  PASS  test_the_draw_card_and_a_full_butt
  PASS  test_the_fed_line_and_the_roster_word
  PASS  test_the_cook_rises_early_only_with_work_and_is_not_sent_back
  PASS  test_the_kitchen_tab_shows_the_dishes_icons_only_when_staged
  PASS  test_a_cooked_dish_row_in_the_stocks_carries_its_icon
CI_SUITE_TIME {"assertions":62,"failures":0,"suite":"test_demo_kitchen_ui.gd","tests":10,"usec":441530}
test_demo_layout_live.gd
  PASS  test_the_panels_stay_usable_at_1280x720
  PASS  test_the_panels_stay_usable_at_1920x1080
  PASS  test_the_panels_stay_usable_at_an_effective_200_percent
CI_SUITE_TIME {"assertions":678,"failures":0,"suite":"test_demo_layout_live.gd","tests":3,"usec":57350941}
test_demo_night.gd
  PASS  test_a_resident_keeps_its_bed_then_takes_the_nearest_free_one
  PASS  test_a_tie_goes_to_the_lower_room_then_the_lower_place
  PASS  test_a_bed_gone_or_not_permitted_is_no_bed
  PASS  test_each_body_is_sized_for_its_bed
  PASS  test_big_residents_take_large_beds_and_small_ones_burrow_beds
  PASS  test_the_night_allocates_the_home_s_beds_by_place
  PASS  test_night_runs_from_dusk_to_dawn_and_the_hearths_from_evening
  PASS  test_a_walk_of_18_m_takes_about_a_game_hour
  PASS  test_a_resident_15_m_from_home_is_in_bed_within_an_hour_of_dusk
  PASS  test_residents_rest_all_night_and_only_then
  PASS  test_at_dusk_they_walk_home_and_lie_down_in_their_beds
  PASS  test_in_the_morning_they_get_up_and_take_up_the_parked_job
  PASS  test_at_dawn_one_still_on_the_way_home_turns_back_to_its_job
  PASS  test_a_work_order_at_a_spot_is_parked_and_taken_up
  PASS  test_an_order_wakes_a_sleeper_and_once_free_it_goes_back_to_bed
  PASS  test_the_alarm_gets_sleepers_up_until_it_clears
  PASS  test_emergencies_and_the_water_are_left_alone_at_dusk
  PASS  test_the_bedless_sleep_in_the_hall_and_come_out_in_the_morning
  PASS  test_the_badger_sleeps_in_the_large_bed_in_its_nook
  PASS  test_without_a_hall_the_bedless_stay_up
  PASS  test_a_bed_it_cannot_reach_is_no_bed_tonight
  PASS  test_the_nearest_free_resident_walks_in_and_puts_a_fixture_in
  PASS  test_the_selected_take_the_fixtures_and_called_away_keep_them
  PASS  test_a_kept_place_waits_for_its_resident_then_lapses
  PASS  test_a_carrier_walks_its_load_into_a_cellar_and_out_again
  PASS  test_a_badger_cannot_haul_below
  PASS  test_a_sleeper_or_one_on_a_crossing_is_not_sent_again
  PASS  test_the_alarm_leaves_the_hall_s_sleepers_inside
  PASS  test_in_the_morning_a_sleeper_walks_to_the_middle_before_its_night_ends
  PASS  test_a_night_lost_on_the_way_goes_back_to_the_routine
  PASS  test_a_placeholder_lies_down_procedurally_and_hides_indoors
  PASS  test_the_squared_distance_decides_not_the_steps
  PASS  test_a_planned_bed_is_no_bed_yet
  PASS  test_a_player_s_order_at_night_is_carried_out_not_undone
  PASS  test_one_held_by_the_rescue_is_not_parked
  PASS  test_the_bedless_go_in_at_the_hall_side_by_side
  PASS  test_at_dawn_a_sleeper_gets_up_and_walks_across_its_floor
  PASS  test_a_sleeper_crosses_the_floor_before_lying_down
  PASS  test_each_home_lists_its_own_sleepers
  PASS  test_the_installer_stands_before_the_place_and_walks_back_after
  PASS  test_an_install_lost_on_the_way_goes_back_to_the_routine
  PASS  test_the_crew_hands_out_on_time_three_at_most
  PASS  test_nobody_who_cannot_reach_the_room_is_given_a_fixture
  PASS  test_the_selected_take_only_the_room_s_own_fixtures
  PASS  test_a_stroll_turns_on_the_spot_and_stops_short
  PASS  test_an_evacuee_home_at_night_goes_to_bed_and_keeps_its_job_for_morning
  PASS  test_an_installer_whose_fixture_is_taken_out_gives_up_and_goes
  PASS  test_one_held_by_the_rescue_is_given_no_fixture
  PASS  test_a_keeper_that_takes_its_place_back_keeps_it_afresh_when_called_away
  PASS  test_a_carrier_holding_in_a_cellar_lets_others_pass
  PASS  test_a_fixture_taken_out_before_its_installer_arrives_leaves_nothing_to_come_back_to
  PASS  test_a_kept_place_outlasts_the_night
CI_SUITE_TIME {"assertions":260,"failures":0,"suite":"test_demo_night.gd","tests":52,"usec":727325}
test_demo_object_list.gd
  PASS  test_collect_lists_what_exists_in_kind_order
  PASS  test_rows_name_things_as_their_owners_do
  PASS  test_the_list_shows_a_row_per_thing_and_the_count
  PASS  test_choosing_a_row_selects_centres_and_closes
  PASS  test_a_room_is_centred_on_the_ground_above_it
  PASS  test_a_filter_lists_one_kind
  PASS  test_a_thing_gone_since_says_so_and_stays_open
  PASS  test_an_empty_kind_says_so
  PASS  test_rings_are_drawn_on_the_surface_and_below
  PASS  test_bridge_state_reads_gone_when_the_row_is_reused
  PASS  test_the_rings_refreshing_never_move_the_lists_rows
CI_SUITE_TIME {"assertions":33,"failures":0,"suite":"test_demo_object_list.gd","tests":11,"usec":624821}
test_demo_routes_live.gd
  PASS  test_the_previews_work_on_the_live_village_at_1280x720
  PASS  test_the_previews_work_on_the_live_village_at_1920x1080
CI_SUITE_TIME {"assertions":76,"failures":0,"suite":"test_demo_routes_live.gd","tests":2,"usec":38362400}
test_demo_work.gd
  PASS  test_six_queued_tasks_with_nobody_selected_go_to_the_right_eligible_residents
  PASS  test_an_idle_resident_takes_any_eligible_work_its_crew_allows
  PASS  test_safety_rest_and_needs_come_before_work
  PASS  test_a_rescue_interrupts_hauling_and_the_haul_resumes_exactly_once
  PASS  test_a_harvest_reassigned_at_each_phase_is_stored_once_by_its_carrier
  PASS  test_a_harvest_cancelled_in_hand_is_delivered_by_its_carrier_not_credited_at_the_cancel
  PASS  test_a_haul_reassigned_paused_and_cancelled_at_each_phase_conserves_its_wood
  PASS  test_a_bridge_reassigned_while_its_material_is_carried_is_built_once
  PASS  test_urgent_and_priority_order_what_an_idle_resident_takes
  PASS  test_task_priority_breaks_ties_before_distance
  PASS  test_crews_start_by_trade_and_the_player_edits_them
  PASS  test_presets_preview_their_changes_and_apply_whole_tables
  PASS  test_a_members_status_reads_its_brain
  PASS  test_the_order_list_adds_removes_and_reorders_up_to_eight
  PASS  test_interruptions_keep_three_and_never_push_out_the_players_queue
  PASS  test_a_queued_task_is_left_to_its_resident_and_taken_up_when_its_work_is_done
  PASS  test_the_same_schedule_has_the_same_outcome_at_one_two_and_four_times
  PASS  test_a_card_left_on_the_board_names_the_crew_first_then_anyone
  PASS  test_a_mixed_group_previews_each_members_eligibility
  PASS  test_with_the_board_claiming_the_old_routine_crews_stand_down
  PASS  test_a_farm_job_left_for_another_order_is_promised_to_its_worker
  PASS  test_a_paused_job_is_not_taken_back_by_its_worker_either
  PASS  test_a_resident_looks_at_most_thirty_two_candidates_a_pass_and_goes_on_from_its_cursor
  PASS  test_a_stale_queued_entry_does_not_take_a_new_job_in_the_same_row
  PASS  test_a_tasks_priority_is_its_own_not_its_rows
  PASS  test_a_tasks_state_says_finding_a_route_and_cant_reach_it
  PASS  test_one_farm_job_a_resident_in_the_picker_and_the_command_alike
CI_SUITE_TIME {"assertions":196,"failures":0,"suite":"test_demo_work.gd","tests":27,"usec":17654999}
test_demo_work_index.gd
  PASS  test_the_index_is_the_old_rebuilds_entry_for_entry
  PASS  test_a_source_that_never_waits_is_not_read
CI_SUITE_TIME {"assertions":4,"failures":0,"suite":"test_demo_work_index.gd","tests":2,"usec":66510}
test_excavation_claim_batch.gd
  PASS  test_exact_fine_plan_reserves_once_before_spatial_publication_without_payment
  PASS  test_last_callback_free_guard_rejects_late_history_without_rolling_it_back
  PASS  test_late_candidate_or_input_drift_refuses_all_owner_writes
  PASS  test_replaced_actual_lease_never_allocates_room_or_releases_the_replacement
  PASS  test_foreign_valid_budget_with_coincident_token_refuses_before_copy
  PASS  test_retained_history_and_partial_capacity_cannot_create_room_or_virgin_claims
  PASS  test_sorted_index_merge_keeps_earlier_and_later_existing_histories_exact
  PASS  test_domain_comparison_requires_full_live_world_datum_and_bounds
  PASS  test_full_painted_limit_uses_one_private_copy_and_one_replayed_interval_bank
  PASS  test_source_counted_companion_lifetimes_fit_only_in_the_documented_order
CI_SUITE_TIME {"assertions":329,"failures":0,"suite":"test_excavation_claim_batch.gd","tests":10,"usec":3431503}
test_excavation_sites.gd
  PASS  test_input_consumption_and_output_reservation_commit_together
  PASS  test_input_transaction_capacity_refusal_keeps_all_claims_and_stock
  PASS  test_expired_or_stale_input_owner_never_consumes_other_claims
  PASS  test_material_free_phase_still_needs_real_output_capacity
  PASS  test_journal_exhaustion_rolls_back_every_consumed_input_and_output_claim
  PASS  test_consumption_preserves_another_jobs_claim_on_the_same_lot
  PASS  test_commit_time_empty_ground_pile_refusal_rolls_back_both_owners
  PASS  test_first_cut_promotes_same_finite_nonempty_staging_row_atomically
  PASS  test_promotion_geometry_refusal_rolls_back_cut_lot_and_capacity_release
  PASS  test_empty_staging_cancellation_releases_capacity_and_retires_only_own_row
  PASS  test_promotion_never_admits_an_empty_container_or_implicit_transaction
  PASS  test_wip_refund_preserves_every_input_attribute_and_per_item_loss
  PASS  test_blocked_refund_retains_wip_and_retry_returns_only_once
  PASS  test_claimed_delivery_cannot_be_replaced_by_a_construction_counter
  PASS  test_receipt_capacity_refusal_does_not_truncate_input_metadata
  PASS  test_promotion_refuses_wrong_sized_nonempty_staging_without_changing_maps
  PASS  test_refund_captures_age_after_delivery_and_before_actual_consumption
  PASS  test_fragmented_single_milli_inputs_preserve_whole_phase_refund_rounding
  PASS  test_material_free_cancellation_needs_no_refund_destination
  PASS  test_material_free_cancel_retires_its_empty_pending_pile_atomically
  PASS  test_output_owner_posts_exact_fresh_or_reclaimed_earth_and_refuses_duplicate
  PASS  test_actual_output_promotion_refusal_retains_wip_then_retries_once
  PASS  test_two_phase_output_claims_in_same_container_remain_independently_owned
  PASS  test_backfill_second_salvage_output_failure_rolls_back_first_and_all_wip
  PASS  test_receipt_configuration_refuses_huge_or_pool_exceeding_budget_before_allocation
CI_SUITE_TIME {"assertions":3804,"failures":0,"suite":"test_excavation_sites.gd","tests":25,"usec":2853292}
test_fishing_claim_identity.gd
  PASS  test_different_directory_slot_equal_generation_cannot_inherit_claim
  PASS  test_same_directory_slot_new_generation_cannot_inherit_claim
  PASS  test_structural_restore_keeps_stale_full_pair_before_normal_cleanup
  PASS  test_two_live_equal_generation_expeditions_retain_separate_claims
  PASS  test_appended_owner_slot_validates_after_existing_quantity_field
  PASS  test_adapter_keeps_codec_precedence_before_owner_payload_precedence
CI_SUITE_TIME {"assertions":104,"failures":0,"suite":"test_fishing_claim_identity.gd","tests":6,"usec":549520}
test_forest_root_field.gd
  PASS  test_the_field_is_the_surface_under_each_cell
  PASS  test_the_highest_surface_at_or_below_the_cap_is_kept
  PASS  test_a_root_rising_past_the_cap_is_footing_only_below_it
  PASS  test_the_field_slopes_across_z_too_and_ends_at_its_edge
  PASS  test_a_sloping_root_is_read_where_it_is
  PASS  test_the_lookup_turns_with_the_tree
  PASS  test_to_local_and_to_world_are_inverse
  PASS  test_proud_roots_become_obstacles_and_low_ones_do_not
  PASS  test_obstacles_are_capped
  PASS  test_obstacles_are_placed_with_the_tree
  PASS  test_faces_of_takes_off_the_placement_but_keeps_the_sink
  PASS  test_the_lift_stands_walkers_on_the_turned_field
  PASS  test_a_look_without_a_field_lifts_nobody
  PASS  test_root_obstacles_come_from_staged_trees_in_reach
  PASS  test_a_model_is_baked_once
  PASS  test_a_model_reloaded_from_its_file_is_not_baked_again
CI_SUITE_TIME {"assertions":56,"failures":0,"suite":"test_forest_root_field.gd","tests":16,"usec":280220}
test_inventory_anchor.gd
  PASS  test_anchor_domain_is_the_exterior_grid_buildings_indexes
  PASS  test_domain_predicate_accepts_unplaced_and_both_grid_ends_only
  PASS  test_a_container_created_without_an_anchor_is_unplaced
  PASS  test_create_container_records_the_anchor_at_both_ends_of_the_grid
  PASS  test_create_container_refuses_an_out_of_domain_anchor_before_writing
  PASS  test_create_container_checks_the_anchor_before_store_capacity
  PASS  test_a_reused_slot_does_not_inherit_the_retired_rows_anchor
  PASS  test_the_query_reports_the_current_generation_of_a_reused_slot
  PASS  test_clear_resets_every_anchor_to_unplaced
  PASS  test_an_anchor_beyond_int32_is_refused_not_truncated
  PASS  test_set_container_anchor_places_moves_and_unplaces
  PASS  test_set_container_anchor_refuses_an_out_of_domain_tile_without_writing
  PASS  test_set_container_anchor_refuses_a_dead_or_stale_container
  PASS  test_a_poisoned_transaction_restores_the_anchor_byte_for_byte
  PASS  test_a_committed_transaction_keeps_the_anchor
  PASS  test_the_refusal_carrying_reader_tells_unplaced_from_missing
  PASS  test_the_query_finds_every_container_on_a_footprint_in_slot_order
  PASS  test_an_unplaced_container_is_never_reported_whatever_the_mask_marks
  PASS  test_any_nonzero_mask_byte_marks_a_tile
  PASS  test_a_clear_footprint_is_a_complete_scan_reporting_zero
  PASS  test_the_query_refuses_a_mask_of_the_wrong_size
  PASS  test_the_query_refuses_an_undersized_buffer_without_truncating
  PASS  test_the_query_is_read_only_on_success_and_refusal
  PASS  test_audit_refuses_an_out_of_domain_anchor_on_a_live_row_only
  PASS  test_the_rollback_image_includes_the_anchor
  PASS  test_the_canonical_projection_copies_live_anchors_and_masks_dead_ones
  PASS  test_restore_refuses_an_out_of_domain_live_anchor_and_a_dead_anchor_residue
CI_SUITE_TIME {"assertions":229,"failures":0,"suite":"test_inventory_anchor.gd","tests":27,"usec":22784}
test_item_definitions.gd
  PASS  test_generator_accepts_the_real_balance_document
  PASS  test_generator_rejects_wrong_row_count
  PASS  test_generator_rejects_duplicate_id
  PASS  test_generator_rejects_a_retired_key
  PASS  test_generator_rejects_non_integer_numeric_field
  PASS  test_default_catalog_loads_exactly_61_items
  PASS  test_wood_round_trips_material_5000g
  PASS  test_berries_round_trips_raw_food_fields
  PASS  test_meal_nut_roast_is_present
  PASS  test_every_retired_key_is_rejected_explicitly
  PASS  test_invalid_record_aborts_entire_load_and_registers_nothing
  PASS  test_compiled_ids_are_ascending_ascii_and_order_independent
  PASS  test_registration_binding_tracks_only_successful_inventory_registration
CI_SUITE_TIME {"assertions":345,"failures":0,"suite":"test_item_definitions.gd","tests":13,"usec":250176}
test_job_planner.gd
  PASS  test_a_growing_plot_receives_one_tending_service_for_its_day
  PASS  test_the_service_carries_the_rulings_priority_three_default
  PASS  test_the_service_names_its_plot_as_the_source_and_no_destination
  PASS  test_a_created_service_stays_queued_and_is_never_written_into_work
  PASS  test_a_dry_plot_declares_the_water_input_a_wet_one_does_not
  PASS  test_a_plot_in_any_state_but_growing_creates_no_work
  PASS  test_an_absent_owner_creates_no_work
  PASS  test_repeated_dirty_events_create_no_duplicate_service
  PASS  test_a_repeated_tick_creates_no_duplicate_service
  PASS  test_the_dirty_set_cannot_grow_past_one_entry_per_owner
  PASS  test_a_completed_service_blocks_a_second_one_the_same_day
  PASS  test_a_cancelled_service_is_recorded_rather_than_read_as_completed
  PASS  test_the_service_row_is_the_owner_major_index_of_the_ruling
  PASS  test_the_service_day_is_the_offset_calendars_absolute_day
  PASS  test_a_reused_owner_row_does_not_inherit_a_live_service
  PASS  test_a_worker_replacement_preserves_the_same_job_and_creates_no_second_service
  PASS  test_two_workers_cannot_spend_the_same_service_claim
  PASS  test_service_is_once_per_day_across_a_load_and_revalidation
  PASS  test_completion_history_survives_a_load_when_the_pending_row_does_not
  PASS  test_a_vanished_service_job_is_dropped_and_demand_reopens_exactly_once
  PASS  test_midnight_settles_the_preceding_day_before_opening_the_new_one
  PASS  test_midnight_recovery_resumes_demand_for_the_new_day
  PASS  test_a_stale_pending_record_does_not_absorb_todays_demand
  PASS  test_a_completed_day_does_not_block_the_next_days_service
  PASS  test_an_owner_eligible_mid_day_receives_no_retroactive_service
  PASS  test_a_boundary_inside_the_same_day_settles_nothing
  PASS  test_opening_a_day_reaches_an_owner_that_no_longer_exists
  PASS  test_midnight_releases_a_bound_worker_before_retiring_its_service
  PASS  test_capacity_exhaustion_retains_demand_and_reports_a_blocker
  PASS  test_retained_demand_never_becomes_an_unbounded_queue
  PASS  test_released_capacity_retries_the_retained_demand
  PASS  test_the_idle_sweep_alone_retries_retained_demand_within_one_period
  PASS  test_the_idle_sweep_reaches_each_owner_on_its_own_staggered_tick
  PASS  test_two_owners_hold_independent_service_rows
  PASS  test_a_planner_tick_drains_dirty_owners_before_sweeping
  PASS  test_an_externally_recorded_service_closes_the_day
  PASS  test_retiring_a_service_cancels_its_job_and_keeps_the_history
  PASS  test_every_reader_refuses_an_unaddressable_owner_or_operation
  PASS  test_the_into_readers_agree_with_their_allocating_forms
  PASS  test_clear_returns_every_row_to_the_empty_state
  PASS  test_a_confirmed_crop_requests_the_first_sowing_cycle
  PASS  test_creating_a_plot_alone_requests_no_sowing
  PASS  test_only_a_confirmation_opens_a_cycle_so_a_rotation_edit_starts_no_work
  PASS  test_confirming_refuses_a_plot_that_is_not_empty
  PASS  test_confirming_refuses_an_unknown_crop_and_an_absent_owner
  PASS  test_a_gated_cycle_publishes_one_four_wu_farm_sowing_job
  PASS  test_the_sowing_job_carries_the_rulings_priority_three_default
  PASS  test_a_published_sowing_job_is_never_written_into_work
  PASS  test_the_planner_tick_publishes_a_confirmed_cycle_through_the_dirty_set
  PASS  test_the_crop_soil_gate_refuses_with_its_own_code
  PASS  test_the_planting_window_gate_refuses_with_its_own_code
  PASS  test_the_window_gate_reads_the_offset_calendar_not_a_bare_tick_division
  PASS  test_a_plot_that_stopped_being_empty_refuses_with_its_own_code
  PASS  test_a_failed_gate_consumes_nothing
  PASS  test_a_failed_plot_stays_unsown_with_its_reason_until_its_window_opens
  PASS  test_the_storeless_seed_and_output_gates_refuse_at_selection
  PASS  test_a_repeated_confirmation_creates_no_duplicate_sowing_request
  PASS  test_a_confirmation_while_a_cycle_is_published_refuses
  PASS  test_repeated_dirty_events_create_no_duplicate_sowing_job
  PASS  test_a_reconcile_preserves_the_sowing_jobs_work_in_progress
  PASS  test_the_sowing_identity_carries_the_field_cycle_not_a_service_day
  PASS  test_a_sowing_cycle_is_not_settleable_as_a_daily_service
  PASS  test_the_field_cycle_cursor_never_reuses_an_ordinal
  PASS  test_the_field_cycle_cursor_refuses_at_the_int32_maximum
  PASS  test_a_reused_owner_row_does_not_inherit_a_confirmed_sowing_cycle
  PASS  test_midnight_neither_reopens_nor_settles_a_sowing_cycle
  PASS  test_a_waiting_sowing_request_never_blocks_a_days_settlement
  PASS  test_a_tending_service_and_a_sowing_cycle_share_an_owner_without_colliding
  PASS  test_productive_start_commits_the_seed_exactly_once
  PASS  test_a_window_that_closed_before_productive_start_commits_no_seed
  PASS  test_productive_start_refuses_without_a_published_cycle
  PASS  test_successful_completion_enters_growing_and_closes_the_cycle
  PASS  test_completion_refuses_a_plot_that_never_reached_sown
  PASS  test_a_completed_sowing_job_closes_the_cycle_and_leaves_the_crop_state_to_farming
  PASS  test_a_cancelled_sowing_job_is_recorded_rather_than_read_as_complete
  PASS  test_pre_commitment_cancellation_leaves_the_plot_empty_with_no_seed_loss
  PASS  test_pre_commitment_cancellation_releases_a_bound_worker
  PASS  test_post_commitment_cancellation_refuses_and_names_the_other_regime
  PASS  test_cancelling_without_a_request_refuses_by_name
  PASS  test_a_held_request_can_be_cancelled_before_it_ever_publishes
  PASS  test_capacity_exhaustion_retains_the_sowing_cycle_and_reports_a_blocker
  PASS  test_released_capacity_republishes_the_same_field_cycle
  PASS  test_a_vanished_sowing_job_is_dropped_on_load_and_the_owner_must_confirm_again
  PASS  test_the_sowing_readers_refuse_rather_than_answer_for_an_absent_request
  PASS  test_the_sowing_into_readers_agree_with_their_allocating_forms
  PASS  test_clear_returns_the_sowing_columns_to_the_empty_state
  PASS  test_the_gate_reader_answers_every_evaluable_gate_without_side_effects
  PASS  test_the_gate_reader_refuses_an_unaddressable_owner_or_a_negative_tick
  PASS  test_productive_start_distinguishes_never_published_from_a_vanished_job
  PASS  test_the_idle_sweep_reaches_a_sowing_row_whose_plot_no_longer_exists
  PASS  test_a_retired_row_keeps_no_residue_of_the_cycle_it_carried
  PASS  test_a_retired_tending_service_row_is_clear_as_well
  PASS  test_enabling_a_valid_designation_activates_repeat_harvest_demand
  PASS  test_a_generated_basin_alone_creates_no_harvest_demand
  PASS  test_enabling_demand_on_a_basin_itself_is_refused
  PASS  test_a_zone_of_another_type_is_refused
  PASS  test_a_disabled_designation_is_refused
  PASS  test_a_protected_designation_is_refused
  PASS  test_a_designation_bound_to_no_existing_basin_is_refused
  PASS  test_a_stale_zone_reference_is_refused
  PASS  test_a_second_enable_on_the_same_designation_is_refused
  PASS  test_work_is_created_against_an_explicitly_quantified_claim
  PASS  test_the_quantified_amount_is_forages_own_admissibility_bound
  PASS  test_the_harvest_carries_the_rulings_priority_three_default
  PASS  test_a_created_harvest_stays_queued_and_is_never_written_into_work
  PASS  test_the_harvest_names_its_designation_as_the_source_and_no_destination
  PASS  test_the_output_space_gate_cannot_be_answered_and_refuses_at_selection
  PASS  test_the_work_total_is_section_five_fives_formula_at_the_unskilled_level
  PASS  test_the_same_available_quantity_is_not_reserved_twice
  PASS  test_the_aggregate_quota_is_spent_once_across_the_five_kinds
  PASS  test_a_wider_quota_publishes_one_harvest_for_each_available_kind
  PASS  test_a_dormant_kind_creates_no_work
  PASS  test_a_basin_without_that_patch_refuses
  PASS  test_the_dangerous_flag_is_derived_from_the_designations_own_danger
  PASS  test_the_dangerous_flag_reads_the_designation_not_its_basin
  PASS  test_the_dangerous_flag_is_recomputed_when_the_zones_danger_changes
  PASS  test_the_consent_check_itself_is_not_duplicated_here
  PASS  test_midnight_neither_settles_nor_reopens_forage_demand
  PASS  test_a_pending_harvest_does_not_block_the_daily_service_boundary
  PASS  test_the_forage_operation_is_not_a_daily_service_operation
  PASS  test_the_day_boundary_marks_designations_for_the_new_days_allowance
  PASS  test_a_live_harvest_answers_pending_rather_than_an_empty_ecology
  PASS  test_a_stale_claim_on_a_reused_job_row_refuses_and_publishes_nothing
  PASS  test_repeated_enable_and_dirty_events_create_one_harvest
  PASS  test_the_zone_dirty_set_is_idempotent_and_bounded
  PASS  test_a_completed_harvest_settles_and_repeat_demand_publishes_again
  PASS  test_a_cancelled_harvest_is_recorded_and_its_claim_released
  PASS  test_a_destroyed_designation_leaves_no_job_and_no_claim_behind
  PASS  test_a_reused_zone_row_does_not_inherit_the_previous_demand
  PASS  test_disabling_stops_new_work_and_retains_the_outstanding_harvest
  PASS  test_disabling_a_designation_that_carries_no_demand_is_refused
  PASS  test_forage_capacity_exhaustion_retains_demand_and_reports_a_blocker
  PASS  test_retained_forage_demand_never_becomes_an_unbounded_queue
  PASS  test_released_capacity_retries_the_retained_forage_demand
  PASS  test_a_refused_gate_leaves_quota_and_stock_byte_identical
  PASS  test_a_capacity_refusal_leaves_quota_and_stock_byte_identical
  PASS  test_the_demand_row_is_the_owner_major_index_of_the_patch_block
  PASS  test_the_stored_blocker_and_the_returned_refusal_cannot_drift
  PASS  test_publishing_clears_the_reason_a_previous_gate_left
  PASS  test_abandoning_a_vanished_designation_clears_every_retained_reason
  PASS  test_the_gate_question_answers_without_publishing_anything
  PASS  test_the_gate_question_reports_every_blocker_in_its_domain
  PASS  test_the_quantity_question_refuses_rather_than_answering_zero
  PASS  test_a_free_demand_row_has_no_quantified_claim_to_report
  PASS  test_no_production_order_is_created_for_repeat_harvest_demand
  PASS  test_the_work_total_is_computed_at_level_zero_where_the_level_changes_it
  PASS  test_two_designations_address_their_own_demand_rows
  PASS  test_an_operational_hive_receives_one_twenty_wu_keep_service_for_its_day
  PASS  test_the_hive_service_job_names_its_hive_as_the_work_source
  PASS  test_exactly_one_service_is_created_per_hive_per_eligible_day
  PASS  test_a_completed_hive_service_blocks_a_second_one_the_same_day
  PASS  test_the_service_reopens_on_the_next_service_day
  PASS  test_winter_creates_no_tending_labor_job
  PASS  test_every_non_winter_day_of_the_year_creates_a_service_and_every_winter_day_none
  PASS  test_winter_records_the_feed_delivery_demand_as_state_and_no_delivery_job
  PASS  test_a_spring_day_records_no_feed_demand
  PASS  test_an_abandoned_hive_creates_no_service
  PASS  test_an_empty_hive_row_creates_no_service
  PASS  test_a_hive_becoming_operational_mid_day_receives_no_retroactive_service
  PASS  test_the_colonisation_day_itself_is_already_recorded_as_serviced
  PASS  test_midnight_settles_an_unserved_hive_service_and_cancels_its_job
  PASS  test_the_day_boundary_refuses_to_open_over_an_unsettled_hive_day
  PASS  test_capacity_exhaustion_retains_hive_demand_and_reports_a_blocker
  PASS  test_a_load_drops_a_hive_row_whose_job_no_longer_resolves
  PASS  test_a_hive_service_records_both_halves_of_its_owners_entity_ref
  PASS  test_a_reused_hive_row_with_a_matching_generation_is_still_not_inherited
  PASS  test_retiring_a_hive_service_cancels_its_job_and_clears_its_feed_demand
  PASS  test_record_hive_service_completed_is_the_seam_for_work_done_elsewhere
  PASS  test_a_worker_replacement_preserves_the_same_hive_job_and_its_work
  PASS  test_repeated_dirty_marks_on_one_hive_add_one_entry
  PASS  test_run_tick_creates_the_hive_service_through_the_drain
  PASS  test_the_idle_sweep_reaches_a_hive_within_one_stagger_period
  PASS  test_the_hive_operation_is_a_daily_service_and_rotation_is_not
  PASS  test_no_operation_outside_the_domain_reports_as_a_daily_service
  PASS  test_the_hive_gate_composition_agrees_with_the_owning_stores_predicate
  PASS  test_the_hive_gate_question_creates_nothing
  PASS  test_every_hive_blocker_maps_to_exactly_one_refusal_code
  PASS  test_the_hive_into_readers_agree_with_their_allocating_forms
  PASS  test_every_hive_reader_refuses_an_unaddressable_slot
  PASS  test_a_free_hive_row_refuses_its_service_day_rather_than_answering_zero
  PASS  test_the_hive_service_row_is_the_hives_own_typed_row
  PASS  test_the_planner_services_the_hives_of_the_store_it_was_given
  PASS  test_a_reused_plot_row_does_not_inherit_the_previous_plots_tending_service
  PASS  test_a_reused_plot_row_does_not_inherit_the_previous_plots_sowing_request
  PASS  test_the_day_boundary_does_not_retire_a_service_belonging_to_the_day_it_opens
  PASS  test_a_missed_midnight_does_not_let_yesterdays_hive_row_absorb_todays_demand
  PASS  test_a_hive_row_holding_a_service_is_not_reported_as_clear
  PASS  test_the_hive_sweep_reaches_every_slot_of_its_stagger_exactly_once_per_period
CI_SUITE_TIME {"assertions":2121,"failures":0,"suite":"test_job_planner.gd","tests":188,"usec":13125217}
test_jobs.gd
  PASS  test_job_kind_and_job_state_numbers_match_the_protected_catalog_table
  PASS  test_the_published_cadence_budget_and_bucket_constants_are_the_specified_numbers
  PASS  test_jobs_allocate_through_the_directorys_reserved_job_arena
  PASS  test_a_new_job_carries_the_registry_defaults
  PASS  test_create_refuses_the_reserved_job_kind_and_every_out_of_domain_argument
  PASS  test_destroy_clears_the_row_and_returns_the_directory_slot
  PASS  test_the_store_fills_and_then_refuses_at_the_8192_row_capacity
  PASS  test_state_and_gate_writes_refuse_values_outside_their_enums
  PASS  test_a_job_reference_column_accepts_only_null_or_a_live_reference
  PASS  test_job_agent_is_one_row_per_resident_indexed_by_the_resident_slot
  PASS  test_an_idle_agent_refuses_a_phase_rather_than_returning_a_plausible_queued
  PASS  test_the_unimplemented_agent_columns_are_allocated_zero_and_never_written
  PASS  test_assigning_a_worker_binds_both_sides_and_moves_the_job_to_reserved
  PASS  test_assignment_refuses_a_busy_agent_a_taken_job_and_a_job_that_is_not_queued
  PASS  test_worker_departure_releases_the_assignment_and_leaves_job_progress_intact
  PASS  test_destroying_a_worked_job_or_despawning_a_busy_agent_refuses
  PASS  test_step1_a_dead_resident_takes_no_job
  PASS  test_step1_an_incapacitated_resident_is_rescued_rather_than_put_to_work
  PASS  test_step1_rest_at_or_below_500_cancels_ordinary_work
  PASS  test_step2_a_sleep_or_social_hour_forbids_work_and_anything_permits_it
  PASS  test_step2_an_unresolved_activity_refuses_instead_of_assuming_work
  PASS  test_step3_a_forbidden_job_kind_priority_excludes_every_job_of_that_kind
  PASS  test_step4_a_blocked_station_tool_or_unlock_gate_excludes_the_job
  PASS  test_step4_a_job_demanding_more_skill_than_the_resident_has_is_excluded
  PASS  test_required_skill_is_a_minimum_level_tested_one_below_exactly_equal_and_one_above
  PASS  test_a_required_skill_of_zero_means_no_minimum_experience_at_all
  PASS  test_a_required_skill_outside_zero_to_ten_is_an_invalid_definition_and_is_refused
  PASS  test_party_members_are_checked_individually_not_against_a_crew_average
  PASS  test_step5_a_dangerous_job_needs_the_residents_recorded_consent
  PASS  test_step5_the_req_set_015_hazard_latch_holds_between_500_and_4000_rest
  PASS  test_a_selection_pass_refreshes_the_hazard_latch_itself
  PASS  test_step6_a_job_with_incomplete_inputs_is_excluded
  PASS  test_a_job_already_worked_or_out_of_the_queue_is_not_a_candidate
  PASS  test_a_gate_whose_subsystem_cannot_answer_refuses_instead_of_reading_as_satisfied
  PASS  test_commitment_revalidates_the_gates_rather_than_trusting_the_nomination
  PASS  test_commitment_refuses_a_resident_whose_own_state_moved_since_the_nomination
  PASS  test_the_five_urgency_buckets_are_consumed_in_ascending_order
  PASS  test_bucket_2_applies_only_while_the_projected_reserve_is_under_two_days
  PASS  test_the_urgency_bucket_outranks_the_whole_within_bucket_sort_key
  PASS  test_sort_term_1_player_priority_decides_between_otherwise_identical_candidates
  PASS  test_sort_term_2_job_priority_decides_when_the_player_priority_ties
  PASS  test_sort_term_3_skill_level_is_descending_and_decides_when_both_priorities_tie
  PASS  test_sort_term_5_created_tick_decides_when_priorities_and_skill_all_tie
  PASS  test_sort_term_6_job_id_breaks_a_complete_tie_and_makes_the_order_total
  PASS  test_the_sort_terms_are_applied_in_the_specified_order_not_a_permuted_one
  PASS  test_the_stagger_offset_is_the_residents_persistent_id_modulo_thirty
  PASS  test_residents_evaluate_on_different_ticks_rather_than_all_at_once
  PASS  test_two_residents_thirty_ids_apart_share_a_tick_because_the_stagger_is_modular
  PASS  test_an_evaluation_off_the_staggered_tick_refuses_rather_than_running_early
  PASS  test_a_resident_already_holding_a_job_is_never_reevaluated
  PASS  test_a_queue_shorter_than_the_budget_needs_no_continuation_at_all
  PASS  test_a_pass_examines_at_most_thirty_two_candidates_across_every_bucket_it_touches
  PASS  test_the_continuation_resumes_the_next_pass_instead_of_restarting_at_bucket_zero
  PASS  test_the_budget_never_changes_eligibility_only_when_a_candidate_is_reached
  PASS  test_an_empty_queue_refuses_explicitly_rather_than_returning_a_sentinel_slot
  PASS  test_a_rescue_behind_more_than_thirty_two_cosmetic_jobs_is_still_found
  PASS  test_higher_urgency_work_appearing_during_a_continued_scan_invalidates_it
  PASS  test_lower_urgency_work_appearing_during_a_continued_scan_leaves_it_alone
  PASS  test_deleting_a_job_before_the_continuation_point_does_not_change_what_it_means
  PASS  test_more_than_thirty_two_higher_urgency_candidates_that_all_fail_eligibility
  PASS  test_the_continuation_key_is_deterministic_across_two_identically_built_worlds
  PASS  test_a_newly_created_job_invalidates_a_continuation_that_descended_below_it
  PASS  test_a_job_returning_to_the_queue_invalidates_a_lower_bucket_continuation
  PASS  test_a_job_restored_to_queued_state_invalidates_a_lower_bucket_continuation
  PASS  test_danger_being_lifted_invalidates_a_lower_bucket_continuation
  PASS  test_the_two_day_reserve_condition_invalidates_a_continuation_below_bucket_two
  PASS  test_a_food_job_is_still_enumerated_as_ordinary_work_while_stocks_are_fine
  PASS  test_a_job_becoming_available_behind_the_continuation_point_invalidates_it
  PASS  test_the_live_index_is_ordered_by_urgency_bucket_and_then_by_persistent_id
  PASS  test_a_resumed_pass_starts_after_the_last_job_it_examined_not_on_it
  PASS  test_clear_returns_both_stores_to_their_empty_state
  PASS  test_every_reader_refuses_an_absent_row_instead_of_answering_with_a_default
  PASS  test_a_coordinator_cannot_be_selected_by_a_resident
  PASS  test_a_resident_is_selected_onto_the_member_and_not_the_coordinator
  PASS  test_a_coordinator_refuses_a_worker_binding
  PASS  test_a_worked_job_cannot_become_a_coordinator
  PASS  test_a_member_may_not_hold_shared_progress
  PASS  test_shared_progress_lives_in_exactly_one_row
  PASS  test_consuming_more_than_a_job_holds_is_refused
  PASS  test_member_enumeration_walks_every_member_once
  PASS  test_a_coordinator_with_members_refuses_destruction
  PASS  test_departure_releases_the_assignment_and_leaves_the_party_intact
  PASS  test_a_job_may_not_coordinate_itself_or_join_twice
  PASS  test_clearing_a_coordinator_link_restores_an_ordinary_job
  PASS  test_resident_may_work_into_preserves_step_one_and_wrapper_references
  PASS  test_the_into_identity_read_answers_exactly_what_the_allocating_one_does
  PASS  test_the_into_identity_read_refuses_an_address_it_cannot_answer
  PASS  test_a_despawned_agents_identity_is_not_readable_from_its_old_row
  PASS  test_the_into_tool_gate_read_agrees_with_the_allocating_one_on_every_gate_value
  PASS  test_the_into_tool_gate_read_refuses_an_address_it_cannot_answer
  PASS  test_a_destroyed_jobs_tool_gate_stops_answering_rather_than_reading_zero
  PASS  test_the_into_tool_gate_read_allocates_nothing_across_a_tick_of_calls
  PASS  test_the_into_tool_gate_read_costs_less_than_the_allocating_one_per_call
CI_SUITE_TIME {"assertions":3831,"failures":0,"suite":"test_jobs.gd","tests":93,"usec":5635691}
test_jobs_columns.gd
  PASS  test_section_four_column_order_matches_the_canonical_registry_artifact
  PASS  test_section_five_column_order_matches_the_canonical_registry_artifact
  PASS  test_the_two_sections_do_not_share_a_column
  PASS  test_a_populated_store_round_trips_into_a_different_instance
  PASS  test_the_ordered_live_index_is_rebuilt_in_the_same_order
  PASS  test_every_released_job_row_passes_the_stores_own_residue_check
  PASS  test_membership_order_survives_verbatim
  PASS  test_the_worker_binding_survives_in_both_directions
  PASS  test_a_restored_continuation_is_still_invalidated_by_a_later_admission
  PASS  test_an_empty_columns_object_matches_a_cleared_store
  PASS  test_a_short_column_refuses_on_shape
  PASS  test_a_reserved_job_kind_refuses
  PASS  test_an_out_of_domain_gate_byte_refuses
  PASS  test_an_urgency_outside_the_five_buckets_refuses
  PASS  test_a_negative_work_total_refuses_and_the_test_proves_it_is_negative
  PASS  test_a_negative_agent_phase_refuses
  PASS  test_a_negative_creation_tick_refuses
  PASS  test_a_job_occupancy_byte_that_is_neither_zero_nor_one_refuses
  PASS  test_residue_on_a_released_job_row_refuses
  PASS  test_a_job_reference_the_directory_does_not_honour_refuses
  PASS  test_an_agent_on_an_absent_resident_refuses
  PASS  test_a_non_zero_reserved_agent_column_refuses
  PASS  test_residue_on_a_released_agent_row_refuses
  PASS  test_a_job_whose_worker_does_not_hold_it_refuses
  PASS  test_an_agent_holding_a_job_that_names_another_worker_refuses
  PASS  test_two_jobs_claiming_one_worker_refuse
  PASS  test_a_job_naming_a_worker_who_has_no_agent_row_refuses
  PASS  test_a_cyclic_member_chain_refuses_instead_of_hanging
  PASS  test_a_member_missing_from_every_chain_refuses
  PASS  test_a_chain_head_on_a_job_that_is_not_a_coordinator_refuses
  PASS  test_a_column_refusal_does_not_touch_the_operation_channel
  PASS  test_every_published_column_refusal_code_is_prefixed
CI_SUITE_TIME {"assertions":257,"failures":0,"suite":"test_jobs_columns.gd","tests":32,"usec":5291652}
test_lookdev_dimensions.gd
  PASS  test_every_building_definition_has_exactly_one_vertical_envelope
  PASS  test_the_building_columns_are_the_same_length
  PASS  test_named_building_envelopes_match_the_ruling
  PASS  test_every_derived_millimetre_is_the_rounded_unit_value
  PASS  test_dirt_path_is_the_only_envelope_millimetres_cannot_express
  PASS  test_every_species_candidate_is_present_and_looked_up_by_key
  PASS  test_every_species_row_names_its_approval_and_the_anchor_keeps_its_provenance
  PASS  test_the_beaver_height_is_proposed_not_approved
  PASS  test_an_unknown_species_refuses_instead_of_reporting_a_height
  PASS  test_an_unknown_building_refuses_instead_of_reporting_zero_height
  PASS  test_settlement_l0_admission_carries_the_ruling_hysteresis
  PASS  test_static_admission_carries_its_own_hysteresis
  PASS  test_every_static_family_ceiling_falls_from_near_to_far
  PASS  test_named_static_family_ceilings_match_the_ruling
  PASS  test_a_building_keeps_sixteen_surfaces_at_near_and_mid_and_four_at_far
  PASS  test_a_ceiling_lookup_outside_its_domain_refuses
  PASS  test_the_whole_field_crop_arithmetic_matches_the_rulings_published_totals
  PASS  test_the_aggregate_environment_allowances_are_the_published_byte_counts
  PASS  test_the_shared_enclosed_building_values_are_the_rulings
  PASS  test_the_material_baseline_stores_roughness_and_metallic_as_integers
CI_SUITE_TIME {"assertions":252,"failures":0,"suite":"test_lookdev_dimensions.gd","tests":20,"usec":11952}
test_memory_ledger_probe.gd
  PASS  test_element_calibration_confirms_the_ledgers_byte_model
  PASS  test_array_elements_cost_more_than_the_ledger_assumes
  PASS  test_the_walk_builds_exactly_one_of_each_store
  PASS  test_duplicate_instances_names_a_script_measured_twice
  PASS  test_the_shared_directory_is_measured_once_though_many_stores_hold_it
  PASS  test_directory_columns_are_measured_from_their_own_size
  PASS  test_static_navigation_map_measures_its_declared_row
  PASS  test_named_column_filter_excludes_columns_it_was_not_given
  PASS  test_a_star_builder_and_route_arena_match_their_rows
  PASS  test_scheduler_queue_packed_payload_is_short_of_its_declared_row
  PASS  test_presentation_snapshot_matches_its_declared_row_exactly
  PASS  test_lazily_loaded_catalog_allocates_nothing_at_construction
  PASS  test_string_columns_are_reported_apart_from_the_packed_total
  PASS  test_empty_string_slots_are_measured_not_assumed
  PASS  test_transcribed_rows_reproduce_the_printed_payload
  PASS  test_every_transcribed_owner_is_a_script_that_exists
CI_SUITE_TIME {"assertions":109,"failures":0,"suite":"test_memory_ledger_probe.gd","tests":16,"usec":5824348}
test_modular_world_tool.gd
  PASS  test_ray_pick_uses_exact_floor_and_nonzero_datum
  PASS  test_invalid_rays_and_overflow_never_supply_an_accepted_cell
  PASS  test_overlay_preserves_exact_cells_and_caches_camera_independent_geometry
  PASS  test_display_precision_and_grid_domain_are_explicit
  PASS  test_direct_terrain_painting_uses_real_village_input_at_1280x720
  PASS  test_outline_contains_each_exposed_edge_once_and_no_interior_or_stray_segments
  PASS  test_replacing_draft_hides_old_geometry_and_cancels_only_its_own_gesture
  PASS  test_reconfigured_grid_hides_stale_marks_without_rebinding_world_origin
  PASS  test_invalidated_view_provider_cancels_capture_instead_of_reusing_last_floor
CI_SUITE_TIME {"assertions":149,"failures":0,"suite":"test_modular_world_tool.gd","tests":9,"usec":15962929}
test_movement_readmission.gd
  PASS  test_readmitting_one_row_counts_exactly_one_traveller
  PASS  test_replacing_travel_with_one_cell_arrival_clears_the_count
  PASS  test_readmitting_reused_row_counts_the_new_owner_once
  PASS  test_replacement_preserves_other_travellers_and_first_admission
  PASS  test_rejected_replacement_preserves_cursor_fraction_and_count
CI_SUITE_TIME {"assertions":100,"failures":0,"suite":"test_movement_readmission.gd","tests":5,"usec":756014}
test_presentation_extract.gd
  PASS  test_a_fresh_extract_has_captured_nothing
  PASS  test_every_field_names_a_real_layer_and_a_real_source
  PASS  test_an_unbound_source_refuses_instead_of_reading_zero
  PASS  test_a_capture_copies_the_committed_integers_by_value
  PASS  test_the_clock_fields_decode_the_offset_calendar
  PASS  test_a_capture_never_writes_a_store
  PASS  test_a_repeated_tick_refuses_so_the_baseline_cannot_be_rolled_away
  PASS  test_a_negative_tick_refuses
  PASS  test_clear_drops_both_frames
  PASS  test_interpolation_is_between_two_committed_integers
  PASS  test_interpolation_refuses_an_alpha_outside_one_tick
  PASS  test_interpolation_refuses_with_only_one_frame_behind_it
  PASS  test_an_interpolated_float_changes_no_captured_integer
  PASS  test_a_read_fills_a_record_the_caller_owns
  PASS  test_the_extract_publishes_no_store_and_no_column
  PASS  test_hiding_a_layer_refuses_its_fields_and_leaves_every_store_untouched
  PASS  test_a_hidden_layer_hides_only_its_own_fields
  PASS  test_unhiding_shows_the_same_number_that_was_there_all_along
  PASS  test_a_capture_taken_while_a_layer_is_hidden_still_records_the_truth
  PASS  test_hiding_an_unknown_layer_refuses
  PASS  test_interpolation_refuses_on_a_hidden_layer_too
  PASS  test_an_unknown_field_refuses
  PASS  test_the_snapshot_reports_its_own_budgeted_size
  PASS  test_the_value_of_form_agrees_with_the_into_form
CI_SUITE_TIME {"assertions":256,"failures":0,"suite":"test_presentation_extract.gd","tests":24,"usec":1488321}
test_resource_claim_columns.gd
  PASS  test_defaults_sparse_last_row_and_independent_arrays_are_exact
  PASS  test_all_caller_and_live_shapes_refuse_without_indexing
  PASS  test_other_section_aggregates_scratch_and_order_keys_are_never_rebuilt
  PASS  test_payload_domains_and_inactive_blanks_refuse_on_both_paths
  PASS  test_source_count_and_old_payload_refusal_rules_are_distinct
  PASS  test_table_wide_flags_precede_earlier_row_payload_errors
  PASS  test_maximum_ref_and_quantity_fields_are_preserved_without_typed_row_clamp
  PASS  test_null_records_and_successful_capture_clear_diagnostic
  PASS  test_adapter_gate_precedence_preserves_owner_block_and_clock
  PASS  test_adapter_every_group_extent_and_metadata_shape_is_total
  PASS  test_adapter_forwards_codec_and_stronger_owner_refusals_atomically
  PASS  test_adapter_literal_mapping_recapture_and_independent_containers
  PASS  test_six_complete_literal_owner_wire_goldens
  PASS  test_public_claims_continue_after_structural_slice_only_restore
  PASS  test_real_stale_claims_survive_slice_restore_until_normal_purge
  PASS  test_reused_expedition_identity_continues_exactly_after_slice_restore
  PASS  test_checker_accepts_real_stale_claim_snapshots_before_exact_restore_and_normal_cleanup
CI_SUITE_TIME {"assertions":1698,"failures":0,"suite":"test_resource_claim_columns.gd","tests":17,"usec":15000660}
test_room_footprint.gd
  PASS  test_canonicalization_sorts_signed_coordinates_and_deduplicates
  PASS  test_canonicalization_handles_int32_extremes_without_key_collision
  PASS  test_malformed_over_capacity_and_unrepresentable_corners_are_refused
  PASS  test_empty_draft_is_editable_but_cannot_be_confirmed
  PASS  test_validation_does_not_repair_saved_noncanonical_data
  PASS  test_disconnected_cells_and_diagonal_only_contact_are_not_rooms
  PASS  test_connected_concave_plan_is_accepted_without_bounding_box_fill
  PASS  test_holes_are_explicit_policy_and_never_filled_silently
  PASS  test_connected_diagonal_pinch_refuses_ambiguous_wall_ownership
  PASS  test_rectangle_uses_exact_extent_and_negative_origin
  PASS  test_shape_arguments_and_capacity_fail_without_clipping
  PASS  test_ellipse_has_independent_axes_and_keeps_grid_boundary
  PASS  test_narrow_ellipse_and_single_cell_are_supported
  PASS  test_rounded_rectangle_retains_straight_usable_walls
  PASS  test_rounded_rectangle_rejects_impossible_radius
  PASS  test_brush_rim_zero_radius_and_negative_center
  PASS  test_tunnel_straight_turns_and_single_point_route
  PASS  test_diagonal_tunnel_supercover_includes_both_corner_neighbors
  PASS  test_tunnel_reversal_and_nonuniform_slopes_preserve_identical_cells
  PASS  test_tunnel_width_join_and_overlapping_route_do_not_duplicate_cells
  PASS  test_tunnel_refuses_empty_malformed_huge_and_overflowing_routes
  PASS  test_add_and_erase_are_deterministic_and_leave_inputs_unchanged
  PASS  test_add_capacity_failure_and_erase_can_create_invalid_draft
  PASS  test_rotation_uses_grid_vertex_pivot_and_preserves_cell_area
  PASS  test_four_rotations_restore_original_without_drift
  PASS  test_full_containment_rejects_concave_corner_hole_and_partial_item
  PASS  test_boundary_edges_cancel_interior_walls_and_have_stable_order
  PASS  test_concave_boundary_exactly_matches_floor_area
  PASS  test_boundary_corners_retain_int32_extremes_without_wrapping_neighbors
  PASS  test_opening_descriptor_names_whole_boundary_edges
  PASS  test_opening_refuses_internal_edges_missing_cells_and_turning_runs
  PASS  test_opening_runs_at_signed_coordinate_extremes
  PASS  test_world_mapping_takes_explicit_scale_and_origin
  PASS  test_world_mapping_refuses_overflow_and_invalid_scale_atomically
  PASS  test_all_three_by_three_shapes_have_conserved_boundary_area
  PASS  test_large_room_does_not_inherit_twelve_cell_template_limit
CI_SUITE_TIME {"assertions":4038,"failures":0,"suite":"test_room_footprint.gd","tests":36,"usec":261341}
test_save_owner_farming.gd
  PASS  test_layout_clear_defaults_and_conditional_packed_budget
  PASS  test_frozen_domains_states_history_and_projection_witnesses
  PASS  test_null_all_extents_and_physical_bucket_shapes
  PASS  test_every_physical_row_and_every_column_at_head_and_tail
  PASS  test_full_capacity_unique_identity_and_duplicate_priority
  PASS  test_retained_inactive_extremes_across_all_physical_rows
  PASS  test_present_history_and_compost_endpoints_are_accepted
CI_SUITE_TIME {"assertions":17915,"failures":0,"suite":"test_save_owner_farming.gd","tests":7,"usec":31372012}
test_save_section_name_pool.gd
  PASS  test_section_identity_and_framing_constants
  PASS  test_the_name_r02_owner_wrapper_is_registered_exactly_as_ruled
  PASS  test_the_canonical_record_identity_is_reg_r01s_and_carries_no_framing_count
  PASS  test_section_length_bounds_are_name_r02s_stated_arithmetic
  PASS  test_empty_pool_encodes_to_the_exact_all_empty_vector
  PASS  test_representative_encode_matches_a_restated_byte_vector
  PASS  test_save_r09_002_pinned_string_fixtures_reproduce
  PASS  test_canonical_bytes_drop_the_wrapper_and_both_framing_counts
  PASS  test_capture_of_the_starter_settlement_names_only_the_warden
  PASS  test_round_trip_preserves_names_slot_positions_and_empties
  PASS  test_an_empty_name_round_trips_as_a_present_anonymous_row_not_an_absent_one
  PASS  test_clearing_a_name_round_trips_as_anonymous
  PASS  test_extent_refusal_is_public_and_separates_its_four_refusals
  PASS  test_extent_check_does_not_overflow_on_a_huge_offset
  PASS  test_the_encoded_wrapper_carries_the_ruled_field_values_at_the_ruled_offsets
  PASS  test_a_wrapper_payload_length_that_disagrees_with_the_body_is_refused
  PASS  test_each_wrapper_field_has_its_own_refusal_and_none_is_inferred
  PASS  test_the_wrapper_and_the_inner_row_count_are_both_validated
  PASS  test_a_truncated_section_refuses_instead_of_decoding_as_a_shorter_pool
  PASS  test_a_row_prefix_cannot_reach_past_the_section_into_the_next_one
  PASS  test_trailing_bytes_after_the_last_row_are_refused
  PASS  test_an_off_by_one_length_prefix_is_caught_both_directions
  PASS  test_a_row_count_other_than_the_capacity_is_refused
  PASS  test_a_row_count_with_the_high_u32_bit_set_is_read_as_unsigned
  PASS  test_a_full_length_section_with_an_over_long_name_refuses_without_writing_out
  PASS  test_a_full_length_section_with_a_control_character_refuses_without_writing_out
  PASS  test_save_r09_002_malformed_utf8_vectors_fail
  PASS  test_a_multibyte_name_counts_scalars_not_bytes
  PASS  test_the_128_byte_cap_and_the_32_scalar_cap_are_separate_rules
  PASS  test_the_empty_name_is_accepted_and_a_single_scalar_is_not
  PASS  test_control_scalar_classification_covers_c0_del_and_c1
  PASS  test_a_control_character_inside_an_otherwise_legal_name_refuses
  PASS  test_the_arena_limit_is_enforced_independently_of_the_per_name_cap
  PASS  test_capture_refuses_a_store_whose_named_flag_and_key_disagree
  PASS  test_the_live_store_can_no_longer_hold_a_name_the_codec_would_refuse
  PASS  test_the_codec_still_refuses_an_over_long_name_that_reaches_it_in_a_record
  PASS  test_apply_refuses_a_name_on_a_slot_the_store_has_no_resident_in
  PASS  test_apply_refuses_an_invalid_record_before_touching_the_store
  PASS  test_apply_refuses_a_named_row_whose_pool_entry_is_empty
  PASS  test_apply_refuses_an_anonymous_row_the_pool_names
  PASS  test_the_agreement_is_checked_before_the_first_write_not_after_it
  PASS  test_apply_installs_a_valid_anonymous_starter_snapshot_unchanged
  PASS  test_a_decoded_pool_applies_onto_a_store_with_holes
  PASS  test_the_module_source_contains_no_float
CI_SUITE_TIME {"assertions":466,"failures":0,"suite":"test_save_section_name_pool.gd","tests":44,"usec":2714029}
test_save_section_world_runtime.gd
  PASS  test_section_identity_and_layout_match_the_documented_table
  PASS  test_the_six_counter_names_are_exactly_the_ones_g3_lists
  PASS  test_every_field_lands_at_its_documented_offset
  PASS  test_the_reserved_bytes_are_written_as_zero
  PASS  test_every_field_round_trips_exactly
  PASS  test_debt_2500001_restores_exactly_as_two_owed_ticks_plus_a_remainder
  PASS  test_a_zero_debt_and_a_zero_pause_mask_round_trip_as_real_values
  PASS  test_changing_only_debt_changes_the_saved_bytes
  PASS  test_changing_only_debt_does_not_change_the_arch_hash_001_contribution
  PASS  test_changing_any_of_the_six_counters_leaves_the_contribution_unchanged
  PASS  test_changing_requested_speed_does_change_canonical_state
  PASS  test_changing_the_pause_mask_the_tick_or_the_seed_changes_canonical_state
  PASS  test_the_contribution_is_shorter_than_the_block_and_is_not_its_prefix_bytes
  PASS  test_a_negative_completed_tick_is_refused
  PASS  test_tick_zero_is_accepted_because_it_is_a_real_boundary
  PASS  test_the_completed_tick_ceiling_is_the_calendar_offset_boundary
  PASS  test_the_debt_domain_is_restore_r01s_whole_int64_range
  PASS  test_the_largest_debt_decodes_exactly_and_is_never_quietly_reduced
  PASS  test_a_negative_debt_is_refused
  PASS  test_each_of_the_six_counters_refuses_a_negative_value_individually
  PASS  test_speed_three_and_speed_zero_are_both_refused
  PASS  test_all_three_selectable_speeds_are_accepted
  PASS  test_an_unknown_pause_bit_is_refused_rather_than_masked_away
  PASS  test_the_full_known_pause_mask_is_accepted_and_one_past_it_is_not
  PASS  test_a_negative_pause_mask_is_refused
  PASS  test_a_seeded_flag_other_than_zero_or_one_is_refused
  PASS  test_both_legal_seeded_flag_values_survive
  PASS  test_nonzero_reserved_padding_is_refused
  PASS  test_the_world_seed_spans_the_whole_signed_int32_range
  PASS  test_a_world_seed_outside_int32_refuses_at_encode_rather_than_truncating
  PASS  test_a_truncated_block_refuses_and_leaves_the_record_untouched
  PASS  test_the_block_decodes_at_a_nonzero_offset_and_refuses_one_past_the_last_legal_one
  PASS  test_the_extent_gate_is_exact_at_the_last_legal_offset
  PASS  test_the_extent_gate_refuses_before_the_reader_is_built
  PASS  test_a_negative_offset_refuses_by_name
  PASS  test_the_block_tick_must_equal_the_validated_header_tick
  PASS  test_a_real_header_carrying_the_same_tick_agrees
  PASS  test_adding_and_removing_the_load_guard_preserves_every_other_hold
  PASS  test_removing_the_load_guard_from_a_mask_that_never_had_it_is_a_no_op
  PASS  test_the_saved_logical_mask_never_carries_load_into_the_digest_by_accident
  PASS  test_capture_reads_a_live_clock_and_agrees_with_it
  PASS  test_capture_survives_a_round_trip_through_the_block_bytes
  PASS  test_the_verifier_names_the_first_field_that_disagrees
  PASS  test_a_paused_clock_accumulates_no_debt_so_a_paused_load_charges_nothing
  PASS  test_the_module_declares_no_float_path
  PASS  test_the_section_one_byte_vector_is_pinned_field_for_field
  PASS  test_the_owner_blocks_are_emitted_in_ascii_key_order
  PASS  test_a_section_round_trips_every_field_including_the_cursor
  PASS  test_the_world_runtime_payload_is_the_unchanged_eighty_byte_block
  PASS  test_the_exhausted_cursor_is_pinned_as_the_bytes_00000080
  PASS  test_a_cursor_outside_one_to_two_billion_refuses_on_decode
  PASS  test_a_refused_section_leaves_the_callers_record_untouched
  PASS  test_blocks_out_of_ascii_order_or_repeated_are_refused
  PASS  test_an_unregistered_owner_key_is_refused_rather_than_skipped
  PASS  test_a_foreign_registered_block_is_measured_and_never_interpreted
  PASS  test_a_section_that_does_not_tile_exactly_is_refused
  PASS  test_store_count_is_bounded_by_the_registered_owner_count
  PASS  test_an_owned_block_with_the_wrong_wrapper_is_refused
  PASS  test_the_development_composition_still_reports_the_seven_owners_it_omits
  PASS  test_section_one_takes_schema_three_and_the_old_producer_refuses
  PASS  test_this_blocks_canonical_field_records_are_four_not_five_or_twelve
CI_SUITE_TIME {"assertions":363,"failures":0,"suite":"test_save_section_world_runtime.gd","tests":61,"usec":79094}
test_spoil_work.gd
  PASS  test_actual_admission_has_separate_purpose_and_no_payment_or_direct_publication
  PASS  test_contact_refusal_precedes_project_and_tip_generation_allocation
  PASS  test_quotes_read_adopted_price_and_actual_catalog_without_extra_accounts
  PASS  test_expired_contacts_fail_closed_without_source_or_accounting_changes
  PASS  test_paid_preparation_requires_real_work_and_releases_worker_for_next_operation
  PASS  test_actual_compaction_and_reclamation_conserve_source_and_normalize_only_earth
  PASS  test_blocked_productive_contact_preserves_xp_wear_wip_and_source
  PASS  test_blocked_reclamation_commit_keeps_source_and_reserved_output_for_retry
  PASS  test_cancelled_compaction_keeps_work_and_requires_same_full_input_on_resume
  PASS  test_actual_empty_closure_retires_footprint_and_stale_generation_refuses
CI_SUITE_TIME {"assertions":874,"failures":0,"suite":"test_spoil_work.gd","tests":10,"usec":1689252}
test_store_policy.gd
  PASS  test_the_arena_is_sections_3_budget_plus_the_binding_stamp
  PASS  test_an_unconfigured_store_admits_by_its_category_mask_alone
  PASS  test_the_category_mask_still_decides_without_any_policy
  PASS  test_disallowing_an_item_refuses_exactly_that_item
  PASS  test_the_allow_byte_only_restricts_the_category_mask
  PASS  test_only_the_buildings_main_store_carries_its_policy
  PASS  test_a_dead_container_or_an_unknown_item_admits_nothing
  PASS  test_every_writer_refusal_is_named_and_writes_nothing
  PASS  test_the_boundary_values_are_accepted
  PASS  test_ordinary_production_may_not_draw_below_the_minimum
  PASS  test_a_minimum_binds_only_the_main_store
  PASS  test_a_reused_building_row_inherits_nothing
  PASS  test_a_new_world_inherits_nothing_only_because_the_store_is_cleared_with_it
  PASS  test_two_owned_stores_at_the_origin_both_carry_the_policy
  PASS  test_clear_returns_every_row_to_the_defaults
  PASS  test_the_per_building_reads_refuse_absence
  PASS  test_a_bound_building_still_has_no_cell_for_an_unknown_item
  PASS  test_the_origin_accessor_refuses_a_stale_building
  PASS  test_the_creation_mark_sees_a_transient_object
  PASS  test_the_published_queries_allocate_nothing
CI_SUITE_TIME {"assertions":245,"failures":0,"suite":"test_store_policy.gd","tests":20,"usec":1610783}
test_ui_hit_test.gd
  PASS  test_a_full_screen_decorative_region_never_consumes_a_point
  PASS  test_the_permanent_hud_leaves_the_centre_of_the_world_clickable
  PASS  test_a_point_inside_a_real_control_is_taken_from_the_world
  PASS  test_a_point_just_outside_a_control_belongs_to_the_world
  PASS  test_a_modal_takes_precedence_over_the_hud_beneath_it
  PASS  test_registration_order_does_not_override_a_higher_layer
  PASS  test_the_tooltip_layer_is_registered_without_consuming
  PASS  test_an_unknown_layer_is_refused_rather_than_placed_somewhere
  PASS  test_a_point_owned_by_nothing_refuses_rather_than_naming_element_zero
  PASS  test_a_negative_sized_region_is_refused
  PASS  test_the_table_refuses_rather_than_growing_past_its_capacity
  PASS  test_reset_drops_every_region_without_freeing_the_columns
  PASS  test_an_invalid_region_index_is_refused
  PASS  test_an_element_with_no_control_is_refused_an_input_rectangle
  PASS  test_a_present_element_registers_through_the_same_call
  PASS  test_the_gate_decides_before_the_availability_claim_does
  PASS  test_a_raised_scrim_stops_every_background_point_reaching_the_world
  PASS  test_a_scrim_hides_the_hud_beneath_it_rather_than_layering_over_it
  PASS  test_reset_lowers_the_scrim_as_well_as_dropping_the_regions
  PASS  test_an_unknown_scrim_layer_is_refused
CI_SUITE_TIME {"assertions":334,"failures":0,"suite":"test_ui_hit_test.gd","tests":20,"usec":22244}
test_ui_layout.gd
  PASS  test_base_scale_is_clamped_between_one_and_two
  PASS  test_effective_scale_multiplies_the_user_scale_in
  PASS  test_the_three_breakpoints_are_the_documented_logical_widths
  PASS  test_the_1280_by_720_composition_matches_every_published_span
  PASS  test_those_rectangles_do_not_overlap
  PASS  test_the_minimum_tested_logical_width_still_fits_the_command_strip
  PASS  test_every_supported_viewport_and_scale_keeps_the_hud_in_bounds
  PASS  test_commands_never_overlap_the_detail_panel_or_the_minimap
  PASS  test_an_unsupported_user_scale_is_refused_rather_than_rounded
  PASS  test_a_viewport_below_the_supported_floor_is_refused_not_clamped
  PASS  test_the_resource_cluster_lays_out_six_counters_in_three_columns
  PASS  test_a_seventh_counter_cell_is_refused_rather_than_placed_outside
  PASS  test_the_narrow_time_row_fits_its_256_pixel_cluster
  PASS  test_the_standard_time_cluster_uses_two_rows
  PASS  test_the_alert_stack_fits_two_cards_and_keeps_its_history_rail
  PASS  test_the_narrow_alert_zone_holds_exactly_one_card_at_y_seventy_six
  PASS  test_a_narrow_card_summarises_even_when_its_content_would_fit
  PASS  test_two_long_standard_cards_cannot_overlap
  PASS  test_a_card_that_fills_the_zone_leaves_no_room_for_a_second_one
  PASS  test_two_short_cards_keep_the_existing_wide_composition
  PASS  test_alert_r02_packs_the_four_cases_its_consequences_list
  PASS  test_the_narrow_zone_interior_is_one_card_so_its_ceiling_equals_its_floor
  PASS  test_no_measured_content_makes_a_narrow_card_show_its_full_text
  PASS  test_no_packed_card_can_be_drawn_outside_its_own_zone
  PASS  test_the_stack_refuses_a_count_it_has_no_measurements_for
  PASS  test_a_stack_asked_for_no_cards_places_none
  PASS  test_the_summary_interior_accounts_for_the_icon_the_gaps_and_the_rail
  PASS  test_the_alert_stack_refuses_a_profile_it_has_no_zone_for
  PASS  test_the_modal_frame_is_centred_and_capped
  PASS  test_the_resource_frame_ends_at_y144_at_every_supported_profile
  PASS  test_the_time_cluster_did_not_grow_with_the_resource_frame
  PASS  test_each_profile_reserves_the_authored_value_width_inside_its_cell
  PASS  test_the_two_lines_and_their_padding_fit_the_fifty_six_pixel_cell
  PASS  test_the_caption_line_reserves_its_icon_its_gap_and_nothing_else
  PASS  test_the_resource_focus_ring_stays_inside_its_own_cell
  PASS  test_the_narrow_expand_button_moved_down_with_the_taller_rows
  PASS  test_a_forty_four_pixel_card_cannot_hold_one_line_beside_its_own_icon
  PASS  test_the_narrow_summary_keeps_its_forty_four_pixel_card_in_a_forty_eight_pixel_zone
  PASS  test_both_standard_cards_are_reachable_rather_than_merely_placed
  PASS  test_the_management_band_is_152_at_every_supported_profile
  PASS  test_a_refused_geometry_leaves_no_management_band_behind
  PASS  test_the_ordinary_workspace_clears_the_alert_zone_and_the_resource_frame
  PASS  test_the_ordinary_workspace_takes_four_twos_own_dimensions
  PASS  test_a_short_content_column_does_not_stretch_the_workspace_frame
  PASS  test_the_open_detail_column_pushes_the_workspace_off_it
  PASS  test_the_minimum_logical_viewport_uses_the_compact_management_variant
  PASS  test_the_compact_variant_still_starts_below_the_reserved_band
CI_SUITE_TIME {"assertions":2454,"failures":0,"suite":"test_ui_layout.gd","tests":47,"usec":31744}
test_ui_resident_card.gd
  PASS  test_the_percent_is_the_players_value_and_never_the_basis_points
  PASS  test_the_percent_keeps_up_to_two_decimals_and_trims_trailing_zeroes
  PASS  test_the_percent_conversion_is_exact_across_the_whole_scale
  PASS  test_a_percent_string_never_carries_the_basis_point_scale
  PASS  test_the_rate_is_signed_percentage_points_per_simulated_hour
  PASS  test_the_rate_rounds_to_nearest_with_ties_away_from_zero
  PASS  test_the_visible_label_is_fullness_and_the_number_is_not_inverted
  PASS  test_the_underlying_hunger_field_is_named_in_accessible_detail
  PASS  test_five_independent_rows_are_composed_with_their_own_labels
  PASS  test_each_row_carries_its_own_value_rather_than_one_shared_figure
  PASS  test_the_published_hunger_rate_reaches_the_row_with_its_size_multiplier
  PASS  test_the_winter_multiplier_reaches_the_rate_the_player_reads
  PASS  test_all_five_rows_now_carry_a_published_rate
  PASS  test_the_unavailable_state_is_kept_for_a_genuinely_failed_binding
  PASS  test_the_fullness_row_does_have_a_published_rate
  PASS  test_a_slot_with_no_resident_refuses_by_name
  PASS  test_absent_stores_refuse_by_name
  PASS  test_a_successful_fill_clears_the_refusal
  PASS  test_the_heading_is_the_name_alone_and_the_species_is_its_own_line
  PASS  test_an_unnamed_resident_is_named_as_unnamed_rather_than_left_blank
  PASS  test_health_stays_on_its_own_0_to_100_scale
  PASS  test_the_activity_line_uses_the_published_status_and_job_state
  PASS  test_a_spawned_idle_agent_reads_as_idle_rather_than_absent
  PASS  test_the_skill_row_carries_level_exact_xp_and_the_next_threshold
  PASS  test_a_max_level_skill_says_max_level_rather_than_an_invented_threshold
  PASS  test_an_unreadable_health_says_unavailable_rather_than_zero_of_one_hundred
  PASS  test_an_unreadable_skill_says_unavailable_rather_than_level_zero
  PASS  test_an_unreadable_species_says_unavailable_rather_than_naming_one
  PASS  test_the_four_delivered_species_resolve_to_real_medallion_sources
  PASS  test_a_species_with_no_delivered_medallion_gets_none_rather_than_a_mouse
  PASS  test_the_24_px_diagnostic_size_is_not_offered_as_a_portrait_size
  PASS  test_the_production_size_follows_the_detail_column_width
  PASS  test_the_medallion_is_described_as_generic_and_never_as_a_portrait
  PASS  test_every_medallion_path_is_the_art_registrys_own
CI_SUITE_TIME {"assertions":144,"failures":0,"suite":"test_ui_resident_card.gd","tests":34,"usec":1944306}
test_ui_shell.gd
  PASS  test_every_element_the_shell_claims_to_drive_is_actually_built
  PASS  test_every_built_control_carries_its_ui_set_id_in_its_accessible_name
  PASS  test_the_unavailable_elements_that_are_drawn_can_never_be_operated
  PASS  test_an_unknown_element_is_refused_rather_than_returning_a_control
  PASS  test_an_unavailable_counter_refuses_a_value_and_keeps_its_reason
  PASS  test_unavailable_controls_are_disabled_and_explain_themselves
  PASS  test_wired_controls_are_enabled_and_describe_their_function
  PASS  test_the_zones_land_on_section_one_twos_published_rectangles
  PASS  test_the_shell_is_drawn_at_the_same_scale_the_layout_divided_by
  PASS  test_the_narrow_profile_shows_two_counter_cells_and_hides_the_rest
  PASS  test_an_unsupported_user_scale_is_refused_by_the_shell_too
  PASS  test_every_built_control_meets_its_registry_minimum_size
  PASS  test_the_name_column_carries_no_280_px_minimum
  PASS  test_the_centre_of_the_world_is_not_consumed_by_the_hud
  PASS  test_the_world_surface_overlay_is_registered_as_non_consuming
  PASS  test_a_real_control_does_consume_its_own_rectangle
  PASS  test_an_empty_alert_stack_does_not_block_the_world
  PASS  test_the_pause_label_is_centred_in_the_alert_slot_when_no_alert_shows
  PASS  test_the_pause_label_sits_under_a_showing_alert_card
  PASS  test_the_pause_label_has_no_hit_rectangle_when_the_world_is_running
  PASS  test_hidden_expansions_are_not_in_the_hit_table_until_they_open
  PASS  test_the_status_line_and_ledger_are_printed_byte_for_byte
  PASS  test_the_speed_toggles_show_which_speed_is_requested
  PASS  test_the_pause_label_names_the_held_reasons
  PASS  test_the_refusal_display_carries_the_exact_text_it_was_given
  PASS  test_the_minimap_says_when_no_world_has_been_generated
  PASS  test_every_focus_stop_names_an_element_this_shell_built
  PASS  test_interactive_controls_can_take_keyboard_focus
  PASS  test_the_detail_panel_opens_and_changes_the_command_interval
  PASS  test_pressing_confirm_designates_a_zone_through_the_command_queue
  PASS  test_pressing_confirm_with_nothing_selected_refuses_visibly
  PASS  test_cancelling_a_stroke_changes_no_queue_or_store_state
  PASS  test_the_policy_toggle_issues_a_set_policy_command
  PASS  test_cancelling_a_job_issues_a_cancel_job_command
  PASS  test_a_stroke_must_be_ascending_and_inside_the_map
  PASS  test_an_unbound_shell_refuses_an_action_rather_than_appearing_to_work
  PASS  test_clicking_the_map_picks_the_tile_under_the_pointer
  PASS  test_a_click_outside_the_map_picks_nothing_and_says_so
  PASS  test_a_right_click_on_the_map_does_not_pick_a_tile
  PASS  test_the_brush_stepper_cycles_the_documented_widths
  PASS  test_a_brush_stroke_paints_a_block_of_ascending_tiles
  PASS  test_hiding_the_ecology_layer_changes_no_committed_value
  PASS  test_the_layer_toggle_refuses_when_no_snapshot_is_bound
  PASS  test_at_1920_the_seven_commands_are_one_row_of_full_cells
  PASS  test_a_narrower_strip_shrinks_every_cell_evenly
  PASS  test_when_even_the_smallest_cells_do_not_fit_the_excess_is_hidden
  PASS  test_focusing_a_control_shows_its_description_and_the_gold_outline
  PASS  test_the_description_goes_when_its_panel_closes_around_it
  PASS  test_a_click_does_not_put_the_description_up
  PASS  test_a_clicked_tab_draws_no_description_but_is_still_the_focused_element
  PASS  test_the_description_goes_when_focus_leaves
  PASS  test_focusing_an_unavailable_control_shows_the_missing_owner
  PASS  test_the_world_surface_covers_the_viewport_without_consuming_it
  PASS  test_a_visible_decorative_label_does_not_take_the_point_under_it
  PASS  test_the_ornament_and_the_focus_outline_are_outside_the_hit_table
  PASS  test_residents_opens_the_roster_and_never_the_unbuilt_world_access_panel
  PASS  test_opening_another_page_hides_the_whole_roster_not_just_its_first_row
  PASS  test_the_focus_order_is_written_onto_the_real_controls
  PASS  test_the_narrow_card_shows_the_authored_summary_and_retains_the_whole_message
  PASS  test_the_narrow_card_keeps_the_rectangle_the_ruling_fixes
  PASS  test_the_narrow_summary_is_one_measured_line_inside_the_card
  PASS  test_the_card_never_ellipsizes_or_crops_what_it_draws
  PASS  test_the_standard_card_still_shows_the_whole_message_when_it_fits
  PASS  test_the_card_carries_its_severity_icon_and_word
  PASS  test_a_second_notice_takes_the_second_card_when_the_zone_has_room
  PASS  test_the_second_card_shows_the_second_notice_and_not_a_copy_of_the_first
  PASS  test_the_second_card_is_hidden_while_only_one_notice_is_active
  PASS  test_narrow_places_one_card_however_many_notices_are_active
  PASS  test_a_standard_card_prefers_the_complete_message_when_it_fits
  PASS  test_every_visible_card_prints_an_authored_string_and_never_an_abbreviation
  PASS  test_no_alert_card_is_drawn_outside_its_zone_at_any_profile
  PASS  test_the_history_rail_states_how_many_notices_the_zone_could_not_show
  PASS  test_the_second_card_owns_its_own_click_rectangle
  PASS  test_the_second_card_is_a_tab_stop_between_the_first_card_and_the_rail
  PASS  test_enter_on_the_second_card_opens_that_card_s_own_notice
  PASS  test_closing_the_second_card_s_disclosure_returns_focus_to_that_card
  PASS  test_a_card_instance_the_stack_does_not_build_is_refused
  PASS  test_the_accessible_description_carries_severity_and_the_whole_message
  PASS  test_enter_on_the_card_opens_the_expanded_view_with_that_notice_selected
  PASS  test_space_on_the_card_opens_the_expanded_view
  PASS  test_a_left_click_on_the_card_opens_the_expanded_view
  PASS  test_an_unrelated_key_and_a_right_click_do_not_open_the_expanded_view
  PASS  test_the_expanded_view_wraps_and_scrolls_its_content
  PASS  test_closing_the_expanded_view_returns_focus_to_the_card_that_opened_it
  PASS  test_the_expanded_view_is_reachable_from_the_card_by_tab
  PASS  test_the_history_trigger_closes_the_expanded_view_and_acknowledges_nothing
  PASS  test_the_history_trigger_opens_the_whole_history_with_nothing_selected
  PASS  test_opening_the_details_does_not_pause_the_world_or_resolve_the_condition
  PASS  test_twenty_notices_are_retained_and_reachable_from_the_expanded_view
  PASS  test_a_repeated_condition_groups_rather_than_filling_the_history
  PASS  test_an_empty_alert_zone_shows_the_history_trigger_and_nothing_else
  PASS  test_hiding_the_card_retains_the_notice_and_resolves_nothing
  PASS  test_a_repeated_state_update_announces_once_and_never_steals_focus
  PASS  test_opening_the_details_with_no_notice_is_refused_by_name
  PASS  test_an_unknown_notice_category_is_refused_rather_than_defaulted
  PASS  test_a_notice_the_record_refuses_is_refused_by_the_shell_too
  PASS  test_the_error_panel_grows_to_its_refusal_and_scrolls_past_its_maximum
  PASS  test_the_expanded_view_replaces_the_error_panel_and_gives_it_back_on_close
  PASS  test_the_open_expanded_view_is_drawn_above_the_permanent_hud
  PASS  test_no_open_expansion_is_drawn_outside_the_viewport_at_narrow
  PASS  test_every_framed_container_wears_its_own_silhouette
  PASS  test_each_panel_wears_the_silhouette_the_table_assigns_it
  PASS  test_every_frame_piece_lies_inside_its_own_panel
  PASS  test_frame_art_never_takes_a_click_a_focus_stop_or_an_announcement
  PASS  test_frame_art_is_drawn_beneath_the_panels_own_controls
  PASS  test_relaying_out_moves_the_frame_with_its_panel
  PASS  test_the_detail_panel_builds_five_independent_need_rows
  PASS  test_a_need_row_is_the_amendments_52_pixel_height
  PASS  test_the_track_fill_is_the_rows_own_value_and_nothing_else
  PASS  test_the_track_is_eight_pixels_and_sits_inside_its_row
  PASS  test_a_need_value_outside_the_scale_refuses_rather_than_overdrawing
  PASS  test_selecting_something_without_needs_empties_the_need_rows
  PASS  test_the_need_row_track_never_takes_input_or_an_announcement
  PASS  test_the_species_medallion_loads_and_is_shown_beside_the_name
  PASS  test_the_medallion_leads_the_card_and_never_draws_over_the_name
  PASS  test_the_medallion_is_a_production_size_at_every_reachable_profile
  PASS  test_a_species_with_no_medallion_leaves_the_roundel_hidden
  PASS  test_the_medallion_is_decorative_in_the_accessibility_tree
  PASS  test_the_journal_body_scrolls_so_five_need_rows_are_reachable
  PASS  test_the_heading_and_the_close_control_never_scroll_away
  PASS  test_a_long_name_grows_the_header_instead_of_overlaying_close
  PASS  test_the_detail_ornament_never_sits_over_the_medallion_or_the_body
  PASS  test_the_zone_harvesting_policy_never_stands_on_a_resident
  PASS  test_the_medallion_sits_beside_the_name_at_every_profile
  PASS  test_the_identity_row_is_the_published_column_table
  PASS  test_the_name_column_is_never_the_old_280_px_width
  PASS  test_close_keeps_its_44_px_target_at_the_rows_top_right
  PASS  test_the_medallion_is_decoration_in_both_trees
  PASS  test_a_long_name_grows_the_header_and_shrinks_the_body_not_the_footer
  PASS  test_no_name_pushes_the_body_or_the_footer_out_of_the_panel
  PASS  test_a_long_unbroken_name_never_widens_its_own_column
  PASS  test_the_name_is_never_ellipsized_or_shrunk
  PASS  test_a_combining_sequence_survives_the_heading_intact
  PASS  test_the_species_line_sits_beneath_the_name_in_the_same_column
  PASS  test_the_action_footer_is_64_px_with_a_44_px_center_view
  PASS  test_center_view_is_a_labelled_action_that_names_its_missing_camera
  PASS  test_only_the_body_scrolls
  PASS  test_no_name_draws_outside_its_own_heading_rectangle
  PASS  test_the_roster_workspace_no_longer_covers_the_alert_zone
  PASS  test_a_true_modal_page_still_occludes_from_the_centred_rectangle
  PASS  test_the_workspace_frame_carries_no_registry_minimum_to_clamp_the_compact_variant
  PASS  test_the_compact_variant_reflows_to_the_rulings_exact_rectangle
  PASS  test_the_ordinary_workspace_raises_no_scrim_and_the_compact_one_does
  PASS  test_the_narrow_profile_binds_population_and_not_the_next_array_entry
  PASS  test_a_counter_cell_draws_two_lines_at_the_rulings_own_rectangles
  PASS  test_every_caption_measures_inside_its_own_gutter_in_the_real_font
  PASS  test_a_value_that_fits_is_printed_whole_at_the_numeric_size
  PASS  test_a_value_too_long_for_its_cell_becomes_an_explicit_ledger_action
  PASS  test_the_disclosure_is_at_the_sixteen_pixel_body_size_and_fits
  PASS  test_the_ledger_action_really_opens_the_ledger
  PASS  test_an_unavailable_counter_reads_unavailable_and_never_a_dash_or_a_zero
  PASS  test_a_focused_resource_cell_rings_inside_itself_not_across_its_neighbour
  PASS  test_a_narrow_summary_card_is_padded_and_centred_the_way_the_ruling_states
  PASS  test_a_full_standard_card_keeps_the_generic_twelve_pixel_padding
  PASS  test_a_narrowed_workspace_narrows_its_content_column_with_it
  PASS  test_resolving_the_overload_code_takes_its_card_down_and_keeps_its_row
  PASS  test_resolving_a_code_leaves_every_other_notice
  PASS  test_resolving_refreshes_an_open_history
  PASS  test_a_withheld_code_takes_no_card_but_stays_active
  PASS  test_withholding_the_only_notice_leaves_no_card
  PASS  test_the_longest_overload_sentence_fits_its_card_at_both_desktop_sizes
  PASS  test_a_focused_cards_description_box_is_as_tall_as_its_text
  PASS  test_a_bottom_rows_description_goes_above_it
  PASS  test_the_history_has_its_own_close_in_its_header
  PASS  test_esc_closes_the_history_and_n_toggles_it
  PASS  test_a_commands_key_presses_it_only_when_it_is_enabled
  PASS  test_every_command_has_its_own_action_in_the_input_map
  PASS  test_n_does_not_open_the_history_over_a_modal_workspace
  PASS  test_a_description_with_an_unbroken_code_still_fits
  PASS  test_a_summarised_card_stays_summarised_on_the_next_layout
CI_SUITE_TIME {"assertions":1877,"failures":0,"suite":"test_ui_shell.gd","tests":170,"usec":5621799}
test_ui_theme.gd
  PASS  test_every_published_contrast_ratio_is_reproduced_from_the_tokens
  PASS  test_the_hex_values_are_the_ones_section_two_one_lists
  PASS  test_every_functional_token_is_fully_opaque
  PASS  test_the_relative_luminance_formula_is_the_wcag_one
  PASS  test_disabled_text_keeps_its_contrast_instead_of_being_dimmed
  PASS  test_every_profile_and_state_meets_the_text_contrast_minimum
  PASS  test_a_selected_button_takes_ink_text_on_gold
  PASS  test_a_field_sits_on_ink_rather_than_on_panel
  PASS  test_an_unknown_profile_or_state_is_refused_rather_than_defaulted
  PASS  test_no_profile_renders_below_the_minimum_font_size
  PASS  test_the_focus_outline_is_gold_and_thickens_under_high_contrast
  PASS  test_a_panel_style_carries_the_profiles_border_and_radius
CI_SUITE_TIME {"assertions":142,"failures":0,"suite":"test_ui_theme.gd","tests":12,"usec":7426}
test_underground_furniture_work.gd
  PASS  test_real_paid_work_installs_presence_and_matching_geometry_exactly_once
  PASS  test_direct_installation_retirement_and_fake_callbacks_never_supply_paid_completion
  PASS  test_room_purpose_and_complete_shell_both_gate_admission
  PASS  test_unstarted_cancellation_removes_only_its_actual_furniture_source
  PASS  test_started_blocked_refund_retains_physical_source_then_settles_exact_real_refund
  PASS  test_current_contact_refusal_stops_work_before_material_xp_wear_or_progress_changes
  PASS  test_completion_contact_refusal_preserves_earned_work_wip_and_pending_geometry_for_retry
  PASS  test_late_foreign_binding_and_expired_coordinator_do_not_reuse_numeric_refs
  PASS  test_stale_furniture_generation_never_retargets_a_live_project
  PASS  test_pause_keeps_pending_room_geometry_and_real_paid_work_until_resume
  PASS  test_wrong_project_discard_and_direct_prepared_publish_leave_other_candidate_owned
  PASS  test_zero_accepted_and_post_gate_work_failure_discard_the_actual_room_candidate
  PASS  test_rebuilt_furniture_has_a_fresh_identity_and_requires_its_full_real_recipe_again
  PASS  test_shared_cold_refusal_precedes_all_candidate_domain_and_handle_copies
  PASS  test_nested_shared_cold_owner_is_preserved_and_geometry_busy_attempt_releases_its_own_lease
CI_SUITE_TIME {"assertions":4628,"failures":0,"suite":"test_underground_furniture_work.gd","tests":15,"usec":4304240}
test_weir_fit.gd
  PASS  test_the_span_runs_to_each_waterline
  PASS  test_the_stream_margin_is_the_maps_own
  PASS  test_the_ends_move_out_to_stand_past_each_waterline
  PASS  test_the_ends_move_and_the_plain_wall_fills_the_gaps
  PASS  test_a_stretched_copy_turns_its_normals_and_tangents_with_it
  PASS  test_no_gap_no_copies
  PASS  test_the_foot_reaches_the_bed_and_the_crest_stays
  PASS  test_the_sill_spans_the_weir_and_stands_on_the_bed
  PASS  test_the_placed_weir_reaches_both_banks_and_the_bed
  PASS  test_the_weir_stands_in_its_reach_clear_of_the_landings
CI_SUITE_TIME {"assertions":1600,"failures":0,"suite":"test_weir_fit.gd","tests":10,"usec":3338165}
[EntityManager] ready
[GameManager] ready
[SettlementSystem] ready
[EconomySystem] ready
[UIManager] ready


1394 test(s), 73540 assertion(s), 0 failure(s)
diagnostics: 0 unexpected error(s), 0 unexpected warning(s), 0 expected, 0 tolerated; leaked at exit: 0 object(s), 0 resource(s)
[EntityManager] ready
[GameManager] ready
[SettlementSystem] ready
[EconomySystem] ready
[UIManager] ready
log: 0 unexpected error(s), 0 unexpected warning(s); leaked at exit: 0 object(s), 0 resource(s).
ok: 1394 tests, 73540 assertions, 0 failures.
