{
  "parts": [
    {
      "floor_crossing": [
        148,
        -1,
        310,
        225,
        12,
        356
      ],
      "above_floor": [
        -187,
        0,
        -303,
        529,
        892,
        538
      ]
    },
    {
      "floor_crossing": [
        -212,
        -64,
        356,
        -110,
        228,
        492
      ],
      "above_floor": [
        -245,
        3,
        323,
        375,
        527,
        535
      ]
    }
  ],
  "production_qualified": false
}
