{"tool": 0, "checks": 0, "unresolved": 0}
{"tool": 100, "checks": 0, "unresolved": 0}
{"tool": 200, "checks": 0, "unresolved": 0}
{"tool": 300, "checks": 0, "unresolved": 0}
{"tool": 400, "checks": 0, "unresolved": 0}
{"tool": 500, "checks": 0, "unresolved": 0}
{"tool": 600, "checks": 0, "unresolved": 0}
{
  "clear": false,
  "checks": 66856,
  "floor": [
    {
      "kind": "body",
      "full_bounds_u": [
        -445,
        -1,
        -543,
        472,
        930,
        346
      ],
      "floor_intersection_u": [
        -239,
        -1,
        -274,
        293,
        0,
        250
      ],
      "native_residual_m": [
        {
          "numerator": 2472798236433177678504433414502825908294231923204721604143504840709640194706886435403,
          "denominator": 4538048024223992386432181656600020531605267198188311810830533323011075635304057939165184
        },
        {
          "numerator": 203735474958279095875396804084896648824859566691723316774300335279087628113511354771,
          "denominator": 2269024012111996193216090828300010265802633599094155905415266661505537817652028969582592
        },
        {
          "numerator": 2472798236433177678504433414502825908294231923204721604143504840709640194706886435403,
          "denominator": 4538048024223992386432181656600020531605267198188311810830533323011075635304057939165184
        }
      ],
      "local_padding_q24": [
        12931,
        1508,
        12931
      ]
    },
    {
      "kind": "attachment",
      "full_bounds_u": [
        -528,
        355,
        -912,
        715,
        1036,
        -160
      ],
      "floor_intersection_u": null,
      "native_residual_m": [
        {
          "numerator": 378865120433051338951188562470193846203159248267374595554395835963021852989037520646253038508590393510130312603148178271240183,
          "denominator": 693163044041854377174874480835480019432178956407993491014930281136784911840107328135053797357886761489661290145480636578274476032
        },
        {
          "numerator": 63501495827712162091050952017816094013872230141720499621821543508576851412920718568017674380647427650660473899278999507959799,
          "denominator": 693163044041854377174874480835480019432178956407993491014930281136784911840107328135053797357886761489661290145480636578274476032
        },
        {
          "numerator": 378865120433051338951188562470193846203159248267374595554395835963021852989037520646253038508590393510130312603148178271240183,
          "denominator": 693163044041854377174874480835480019432178956407993491014930281136784911840107328135053797357886761489661290145480636578274476032
        }
      ],
      "local_padding_q24": [
        12970,
        1538,
        12970
      ]
    }
  ]
}
