{
  "contacts": [
    {
      "vertex": 148,
      "frame_pair": [
        14,
        15
      ],
      "anchor_u": [
        6,
        707,
        -768
      ],
      "patch_u": [
        4,
        705,
        -768,
        7,
        710,
        -768
      ],
      "residual_m": [
        {
          "numerator": 381977241231810570547823251114403799433332993281297429147324463714568539649594487315144903461347068935149950721285240784420855,
          "denominator": 693163044041854377174874480835480019432178956407993491014930281136784911840107328135053797357886761489661290145480636578274476032
        },
        {
          "numerator": 66613616626471393687685640662026047244045975155643333214750171260123538073477685236909539333404103075680112017416062021140471,
          "denominator": 693163044041854377174874480835480019432178956407993491014930281136784911840107328135053797357886761489661290145480636578274476032
        },
        {
          "numerator": 381977241231810570547823251114403799433332993281297429147324463714568539649594487315144903461347068935149950721285240784420855,
          "denominator": 693163044041854377174874480835480019432178956407993491014930281136784911840107328135053797357886761489661290145480636578274476032
        }
      ],
      "share_range": [
        {
          "numerator": 67704857508741,
          "denominator": 158137492471049
        },
        {
          "numerator": 72669302832005,
          "denominator": 158137492471049
        }
      ]
    },
    {
      "vertex": 148,
      "frame_pair": [
        18,
        19
      ],
      "anchor_u": [
        -72,
        201,
        -768
      ],
      "patch_u": [
        -73,
        199,
        -768,
        -71,
        203,
        -768
      ],
      "residual_m": [
        {
          "numerator": 381977241231810570547823251114403799433332993281297429147324463714568539649594487315144903461347068935149950721285240784420855,
          "denominator": 693163044041854377174874480835480019432178956407993491014930281136784911840107328135053797357886761489661290145480636578274476032
        },
        {
          "numerator": 66613616626471393687685640662026047244045975155643333214750171260123538073477685236909539333404103075680112017416062021140471,
          "denominator": 693163044041854377174874480835480019432178956407993491014930281136784911840107328135053797357886761489661290145480636578274476032
        },
        {
          "numerator": 381977241231810570547823251114403799433332993281297429147324463714568539649594487315144903461347068935149950721285240784420855,
          "denominator": 693163044041854377174874480835480019432178956407993491014930281136784911840107328135053797357886761489661290145480636578274476032
        }
      ],
      "share_range": [
        {
          "numerator": 84090464302692,
          "denominator": 125677138663415
        },
        {
          "numerator": 86572686964324,
          "denominator": 125677138663415
        }
      ]
    }
  ],
  "parts": {
    "work": [
      {
        "kind": "body",
        "name": "Body/Armature/Skeleton3D/char1",
        "full_bounds_u": [
          -396,
          -1,
          -646,
          433,
          933,
          234
        ],
        "floor_intersection_u": [
          -134,
          -1,
          44,
          -126,
          0,
          60
        ],
        "above_floor_u": [
          -396,
          0,
          -646,
          433,
          933,
          234
        ],
        "native_triangles": 10209,
        "intervals": 36,
        "rendered_edges": [
          [
            0,
            1
          ],
          [
            1,
            2
          ],
          [
            2,
            3
          ],
          [
            3,
            4
          ],
          [
            4,
            5
          ],
          [
            5,
            6
          ],
          [
            6,
            7
          ],
          [
            7,
            8
          ],
          [
            8,
            9
          ],
          [
            9,
            10
          ],
          [
            10,
            11
          ],
          [
            11,
            12
          ],
          [
            12,
            13
          ],
          [
            13,
            14
          ],
          [
            14,
            15
          ],
          [
            15,
            16
          ],
          [
            16,
            17
          ],
          [
            17,
            18
          ],
          [
            18,
            19
          ],
          [
            19,
            20
          ],
          [
            20,
            21
          ],
          [
            21,
            22
          ],
          [
            22,
            23
          ],
          [
            23,
            24
          ],
          [
            24,
            25
          ],
          [
            25,
            26
          ],
          [
            26,
            27
          ],
          [
            27,
            28
          ],
          [
            28,
            29
          ],
          [
            29,
            30
          ],
          [
            30,
            31
          ],
          [
            31,
            32
          ],
          [
            32,
            33
          ],
          [
            33,
            34
          ],
          [
            34,
            35
          ],
          [
            35,
            0
          ]
        ],
        "loop_mode": 1,
        "duration_q16": 2359296,
        "exact_yaw": 0,
        "residual_m": [
          {
            "numerator": 46992399921809082599424239807833214900287656381757097012021646301531231129733722114961,
            "denominator": 86222912460255855342211451475400390100500076765577924405780133137210437070777100844138496
          },
          {
            "numerator": 3870552506148528449063385540322763081841336461648949583771701100440052532066178878953,
            "denominator": 43111456230127927671105725737700195050250038382788962202890066568605218535388550422069248
          },
          {
            "numerator": 46992399921809082599424239807833214900287656381757097012021646301531231129733722114961,
            "denominator": 86222912460255855342211451475400390100500076765577924405780133137210437070777100844138496
          }
        ],
        "scope": "all triangle interiors on exact Content-rendered edges including loop closure; source-local/yaw zero only, no arbitrary handoff or other-yaw permission"
      },
      {
        "kind": "attachment",
        "name": "mole_pick",
        "full_bounds_u": [
          -359,
          94,
          -814,
          594,
          1169,
          -108
        ],
        "floor_intersection_u": null,
        "above_floor_u": [
          -359,
          94,
          -814,
          594,
          1169,
          -108
        ],
        "native_triangles": 1150,
        "intervals": 36,
        "rendered_edges": [
          [
            0,
            1
          ],
          [
            1,
            2
          ],
          [
            2,
            3
          ],
          [
            3,
            4
          ],
          [
            4,
            5
          ],
          [
            5,
            6
          ],
          [
            6,
            7
          ],
          [
            7,
            8
          ],
          [
            8,
            9
          ],
          [
            9,
            10
          ],
          [
            10,
            11
          ],
          [
            11,
            12
          ],
          [
            12,
            13
          ],
          [
            13,
            14
          ],
          [
            14,
            15
          ],
          [
            15,
            16
          ],
          [
            16,
            17
          ],
          [
            17,
            18
          ],
          [
            18,
            19
          ],
          [
            19,
            20
          ],
          [
            20,
            21
          ],
          [
            21,
            22
          ],
          [
            22,
            23
          ],
          [
            23,
            24
          ],
          [
            24,
            25
          ],
          [
            25,
            26
          ],
          [
            26,
            27
          ],
          [
            27,
            28
          ],
          [
            28,
            29
          ],
          [
            29,
            30
          ],
          [
            30,
            31
          ],
          [
            31,
            32
          ],
          [
            32,
            33
          ],
          [
            33,
            34
          ],
          [
            34,
            35
          ],
          [
            35,
            0
          ]
        ],
        "loop_mode": 1,
        "duration_q16": 2359296,
        "exact_yaw": 0,
        "residual_m": [
          {
            "numerator": 381977241231810570547823251114403799433332993281297429147324463714568539649594487315144903461347068935149950721285240784420855,
            "denominator": 693163044041854377174874480835480019432178956407993491014930281136784911840107328135053797357886761489661290145480636578274476032
          },
          {
            "numerator": 66613616626471393687685640662026047244045975155643333214750171260123538073477685236909539333404103075680112017416062021140471,
            "denominator": 693163044041854377174874480835480019432178956407993491014930281136784911840107328135053797357886761489661290145480636578274476032
          },
          {
            "numerator": 381977241231810570547823251114403799433332993281297429147324463714568539649594487315144903461347068935149950721285240784420855,
            "denominator": 693163044041854377174874480835480019432178956407993491014930281136784911840107328135053797357886761489661290145480636578274476032
          }
        ],
        "scope": "all triangle interiors on exact Content-rendered edges including loop closure; source-local/yaw zero only, no arbitrary handoff or other-yaw permission"
      }
    ],
    "entry": [
      {
        "kind": "body",
        "name": "Body/Armature/Skeleton3D/char1",
        "full_bounds_u": [
          -537,
          -1,
          -515,
          433,
          933,
          234
        ],
        "floor_intersection_u": [
          -134,
          -1,
          44,
          -126,
          0,
          60
        ],
        "above_floor_u": [
          -537,
          0,
          -515,
          433,
          933,
          234
        ],
        "native_triangles": 10209,
        "intervals": 30,
        "rendered_edges": [
          [
            0,
            1
          ],
          [
            1,
            2
          ],
          [
            2,
            3
          ],
          [
            3,
            4
          ],
          [
            4,
            5
          ],
          [
            5,
            6
          ],
          [
            6,
            7
          ],
          [
            7,
            8
          ],
          [
            8,
            9
          ],
          [
            9,
            10
          ],
          [
            10,
            11
          ],
          [
            11,
            12
          ],
          [
            12,
            13
          ],
          [
            13,
            14
          ],
          [
            14,
            15
          ],
          [
            15,
            16
          ],
          [
            16,
            17
          ],
          [
            17,
            18
          ],
          [
            18,
            19
          ],
          [
            19,
            20
          ],
          [
            20,
            21
          ],
          [
            21,
            22
          ],
          [
            22,
            23
          ],
          [
            23,
            24
          ],
          [
            24,
            25
          ],
          [
            25,
            26
          ],
          [
            26,
            27
          ],
          [
            27,
            28
          ],
          [
            28,
            29
          ],
          [
            29,
            30
          ]
        ],
        "loop_mode": 0,
        "duration_q16": 1966080,
        "exact_yaw": 0,
        "residual_m": [
          {
            "numerator": 328915971884826675792685853352313585363214645613577508013060196986367412142365558100215,
            "denominator": 603560387221790987395480160327802730703500537359045470840460931960473059495439705908969472
          },
          {
            "numerator": 27093731300458073902065936225078451372967875955398985970372020246097752462764963373407,
            "denominator": 301780193610895493697740080163901365351750268679522735420230465980236529747719852954484736
          },
          {
            "numerator": 328915971884826675792685853352313585363214645613577508013060196986367412142365558100215,
            "denominator": 603560387221790987395480160327802730703500537359045470840460931960473059495439705908969472
          }
        ],
        "scope": "all triangle interiors on exact Content-rendered edges including loop closure; source-local/yaw zero only, no arbitrary handoff or other-yaw permission"
      },
      {
        "kind": "attachment",
        "name": "mole_pick",
        "full_bounds_u": [
          185,
          379,
          -732,
          594,
          997,
          -108
        ],
        "floor_intersection_u": null,
        "above_floor_u": [
          185,
          379,
          -732,
          594,
          997,
          -108
        ],
        "native_triangles": 1150,
        "intervals": 30,
        "rendered_edges": [
          [
            0,
            1
          ],
          [
            1,
            2
          ],
          [
            2,
            3
          ],
          [
            3,
            4
          ],
          [
            4,
            5
          ],
          [
            5,
            6
          ],
          [
            6,
            7
          ],
          [
            7,
            8
          ],
          [
            8,
            9
          ],
          [
            9,
            10
          ],
          [
            10,
            11
          ],
          [
            11,
            12
          ],
          [
            12,
            13
          ],
          [
            13,
            14
          ],
          [
            14,
            15
          ],
          [
            15,
            16
          ],
          [
            16,
            17
          ],
          [
            17,
            18
          ],
          [
            18,
            19
          ],
          [
            19,
            20
          ],
          [
            20,
            21
          ],
          [
            21,
            22
          ],
          [
            22,
            23
          ],
          [
            23,
            24
          ],
          [
            24,
            25
          ],
          [
            25,
            26
          ],
          [
            26,
            27
          ],
          [
            27,
            28
          ],
          [
            28,
            29
          ],
          [
            29,
            30
          ]
        ],
        "loop_mode": 0,
        "duration_q16": 1966080,
        "exact_yaw": 0,
        "residual_m": [
          {
            "numerator": 377995560664942473122536120790494596725103713634948653318154911788024404527180472708629898244170384897961728266880745113911287,
            "denominator": 693163044041854377174874480835480019432178956407993491014930281136784911840107328135053797357886761489661290145480636578274476032
          },
          {
            "numerator": 62631936059603296262398510338116844535816695509294557385580619333579402951063670630394534116227419038491889563011566350630903,
            "denominator": 693163044041854377174874480835480019432178956407993491014930281136784911840107328135053797357886761489661290145480636578274476032
          },
          {
            "numerator": 377995560664942473122536120790494596725103713634948653318154911788024404527180472708629898244170384897961728266880745113911287,
            "denominator": 693163044041854377174874480835480019432178956407993491014930281136784911840107328135053797357886761489661290145480636578274476032
          }
        ],
        "scope": "all triangle interiors on exact Content-rendered edges including loop closure; source-local/yaw zero only, no arbitrary handoff or other-yaw permission"
      }
    ]
  },
  "production_qualified": false
}
