Godot Engine v4.7.2.stable.official.ed1daf0bf - https://godotengine.org

Godot Engine v4.7.2.stable.official.ed1daf0bf - https://godotengine.org

test_buildings_spatial.gd
  PASS  test_authority_binding_refuses_unbound_foreign_replacement_and_expiration
  PASS  test_room_identity_is_real_permanent_and_not_limited_to_sixteen_surface_rooms
  PASS  test_candidate_preflight_never_creates_until_exact_publication_window
  PASS  test_candidate_wrong_kind_foreign_owner_and_wrong_type_leave_both_stores_unchanged
  PASS  test_candidate_stale_after_intervening_allocation_cannot_roll_back_identity_history
  PASS  test_building_spatial_identity_reads_current_actual_type_rotation_origin_and_state
  PASS  test_building_spatial_identity_clears_stale_wrong_kind_and_unmirrored_rows
  PASS  test_building_spatial_identity_rejects_and_clears_wrong_sized_output_without_resize
  PASS  test_unknown_type_wrong_permit_and_stale_identity_refuse_without_writes
  PASS  test_pending_bed_reserves_identity_membership_but_supplies_no_presence_or_use
  PASS  test_installation_is_owner_scoped_idempotent_and_generation_safe
  PASS  test_pending_pantry_and_kitchen_furniture_grant_no_service_capacity
  PASS  test_area_and_countable_rules_use_actual_floor_identity_without_rounding_up
  PASS  test_legacy_mutators_cannot_reassign_remove_or_validate_spatial_rows
  PASS  test_exact_installed_user_condition_and_temperature_publications_remain_available
  PASS  test_late_foreign_owner_rewiring_blocks_mutations_and_service_reads
  PASS  test_spatial_removal_requires_occupants_released_and_new_purpose_gets_fresh_identity
  PASS  test_surface_and_spatial_slot_reuse_initializes_both_new_columns
  PASS  test_clear_resets_pending_flags_and_preserves_only_weak_owner_wiring
  PASS  test_legacy_capture_and_restore_refuse_spatial_or_unknown_state_atomically
  PASS  test_legacy_restore_explicitly_initializes_old_live_furniture_and_rejects_unknowns
CI_SUITE_TIME {"assertions":434,"failures":0,"suite":"test_buildings_spatial.gd","tests":21,"usec":2227607}
test_command_dispatch_store_policy.gd
  PASS  test_a_filter_command_filters_the_main_store
  PASS  test_a_minimum_command_keeps_a_full_int64_reserve
  PASS  test_a_full_256_row_group_commits
  PASS  test_one_bad_row_refuses_the_whole_group_with_the_stores_code
  PASS  test_rows_out_of_ascending_item_order_refuse_the_schema
  PASS  test_a_malformed_group_refuses_the_schema
  PASS  test_a_nonzero_argument_is_refused_rather_than_ignored
  PASS  test_a_target_demolished_after_admission_refuses_stale
  PASS  test_a_target_that_is_not_a_building_is_refused_by_kind
  PASS  test_a_directory_building_the_building_store_does_not_hold_is_refused_by_the_store
  PASS  test_an_unbound_policy_refuses_and_a_foreign_one_never_binds
  PASS  test_both_kinds_are_supported_and_name_no_missing_store
CI_SUITE_TIME {"assertions":552,"failures":0,"suite":"test_command_dispatch_store_policy.gd","tests":12,"usec":997615}
test_construction.gd
  PASS  test_the_build_bill_is_gameplay_balance_4_1_verbatim
  PASS  test_an_empty_bill_is_dirt_paths_own_authored_row
  PASS  test_a_demolition_bill_is_empty_but_its_return_basis_is_not
  PASS  test_an_upgrade_bill_exists_only_for_the_four_tier_two_keys
  PASS  test_a_material_index_is_resolved_by_key_and_refuses_a_stranger
  PASS  test_the_furniture_bill_is_gameplay_balance_4_3_verbatim
  PASS  test_opening_a_project_deducts_nothing_and_delivers_nothing
  PASS  test_the_project_is_bound_to_its_building_in_both_directions
  PASS  test_work_cannot_be_earned_before_materials_are_delivered
  PASS  test_partial_delivery_leaves_the_project_awaiting_materials
  PASS  test_over_delivery_is_refused_and_credits_nothing
  PASS  test_a_nonpositive_delivery_and_a_stranger_line_both_refuse
  PASS  test_an_empty_bill_opens_straight_into_ready
  PASS  test_begin_work_consumes_and_moves_the_building_into_the_building_state
  PASS  test_work_retires_milli_wu_and_caps_the_final_contribution
  PASS  test_work_refuses_once_the_project_is_done
  PASS  test_completion_publishes_the_building_and_retires_the_project
  PASS  test_completion_refuses_before_the_work_is_done
  PASS  test_cancellation_before_work_returns_one_hundred_percent
  PASS  test_cancellation_after_work_returns_eighty_percent
  PASS  test_the_eighty_percent_refund_floors_to_milli_u
  PASS  test_a_partially_delivered_cancellation_refunds_only_what_arrived
  PASS  test_a_cancelled_construction_leaves_no_live_row_and_no_blueprint
  PASS  test_a_refunding_project_accepts_no_further_delivery_or_work
  PASS  test_close_refund_refuses_before_begin_refund
  PASS  test_demolition_returns_fifty_percent_of_the_original_cost
  PASS  test_the_two_refund_paths_refuse_each_other
  PASS  test_demolition_work_is_a_quarter_of_the_declared_construction_work
  PASS  test_a_finished_demolition_removes_the_building
  PASS  test_a_refused_completion_restores_the_buildings_back_reference
  PASS  test_a_refused_cancellation_close_restores_the_buildings_back_reference
  PASS  test_demolition_is_blocked_by_room_occupants_and_reports_the_count
  PASS  test_demolition_is_blocked_by_furniture_still_in_use
  PASS  test_pausing_retains_materials_and_progress_and_releases_workers
  PASS  test_a_paused_project_accepts_no_work_and_no_delivery
  PASS  test_assigned_count_is_capped_by_the_declared_builder_limit
  PASS  test_an_upgrade_project_raises_the_tier_exactly_once
  PASS  test_a_building_carries_at_most_one_project
  PASS  test_a_furniture_project_runs_the_same_lifecycle
  PASS  test_a_stale_project_reference_refuses_every_operation
  PASS  test_a_project_cannot_be_opened_on_a_finished_building
  PASS  test_the_material_container_is_an_inventory_reference_not_a_directory_one
  PASS  test_the_refund_policy_column_agrees_with_its_own_recomputation
  PASS  test_clear_releases_every_project_row_and_its_directory_slots
  PASS  test_the_store_capacity_matches_the_directory_and_the_architecture
  PASS  test_project_of_subject_answers_for_a_furniture_row_as_well_as_a_building
  PASS  test_project_of_subject_refuses_a_retired_subject_rather_than_guessing
  PASS  test_the_demolition_counters_are_public_and_read_the_live_rows
CI_SUITE_TIME {"assertions":515,"failures":0,"suite":"test_construction.gd","tests":48,"usec":3841539}
test_construction_excavation.gd
  PASS  test_adopted_economic_rows_and_legacy_material_domain_are_exact
  PASS  test_brace_needs_full_delivery_and_preserves_partial_accounting
  PASS  test_site_completion_requires_physical_coordinator_and_retry_spends_no_work
  PASS  test_cancelled_started_brace_prices_refund_per_phase
  PASS  test_retained_work_needs_full_new_funding_even_when_work_is_ready
  PASS  test_site_and_building_reference_namespaces_never_alias
  PASS  test_site_authority_liveness_and_pause_are_revalidated
  PASS  test_base_authority_and_expired_binding_cannot_reset_physical_history
  PASS  test_new_purpose_is_rejected_by_frozen_legacy_save_columns
CI_SUITE_TIME {"assertions":114,"failures":0,"suite":"test_construction_excavation.gd","tests":9,"usec":891850}
test_demo_camera.gd
  PASS  test_clamp_focus_keeps_inside_points_and_clamps_outside_ones
  PASS  test_zoom_steps_are_multiplicative_and_limited
  PASS  test_pitch_is_held_between_its_limits
  PASS  test_damping_is_frame_rate_independent
  PASS  test_rig_owns_a_perspective_camera_at_forty_degrees
  PASS  test_camera_looks_at_its_focus
  PASS  test_configure_clamps_the_start_focus
  PASS  test_make_current_off_tree_marks_the_camera_current
  PASS  test_every_bound_zoom_event_zooms
  PASS  test_zoom_out_and_its_limit
  PASS  test_held_pan_moves_toward_the_view_and_stops_on_release
  PASS  test_pan_is_clamped_to_the_bounds
  PASS  test_view_eases_toward_the_target
  PASS  test_pitch_steps_and_home_resets
  PASS  test_rotation_turns_the_heading
  PASS  test_alt_page_up_pitches_and_does_not_zoom
  PASS  test_focus_loss_releases_every_held_key
  PASS  test_unrelated_input_is_left_alone
  PASS  test_every_action_the_rig_reads_exists_in_the_project
  PASS  test_the_rig_reports_its_distance_for_the_shadow_fit
  PASS  test_a_middle_drag_turns_the_view
  PASS  test_the_drag_ends_on_release_or_a_lost_button
  PASS  test_focus_loss_ends_the_drag
  PASS  test_other_buttons_do_not_start_a_drag
  PASS  test_a_diagonal_pan_is_no_faster_than_a_straight_one
  PASS  test_the_players_pans_count_and_the_modes_moves_do_not
  PASS  test_the_players_turns_count
  PASS  test_track_moves_only_the_centre_and_is_held_in_the_box
  PASS  test_aim_sets_a_whole_view_inside_the_limits
  PASS  test_aim_turns_the_shorter_way_round
  PASS  test_turn_target_turns_without_counting
  PASS  test_the_edge_push_pans_like_a_held_key_and_is_clamped
  PASS  test_the_drag_turns_per_logical_pixel_off_the_tree
  PASS  test_the_targets_read_back
  PASS  test_a_frame_of_motion_retains_nothing
CI_SUITE_TIME {"assertions":115,"failures":0,"suite":"test_demo_camera.gd","tests":35,"usec":30955}
test_demo_care.gd
  PASS  test_everyone_starts_well_and_the_supplies_are_the_gdd_s_starting_stocks
  PASS  test_the_cited_numbers_are_the_core_modules
  PASS  test_an_injury_takes_its_loss_once_and_merges_by_severity
  PASS  test_equal_severity_keeps_the_lower_kind
  PASS  test_untreated_minor_drains_one_an_hour_but_recovers_two_when_fed_and_rested
  PASS  test_health_never_falls_below_the_floor_and_nobody_dies
  PASS  test_starving_costs_four_an_hour
  PASS  test_quiet_ticks_are_skipped_and_nothing_is_retained
  PASS  test_airless_is_one_serious_exposure_and_a_hundred_and_twenty_nine_an_hour
  PASS  test_exhaustion_is_one_incident_until_rest_four_thousand
  PASS  test_treatment_pays_once_at_work_start_and_takes_an_hour_at_factor_one_thousand
  PASS  test_a_healer_called_away_leaves_the_work_with_the_patient
  PASS  test_the_supplies_short_stop_a_treatment_starting
  PASS  test_the_skill_and_pace_set_the_work_factor
  PASS  test_the_infirmary_doubles_recovery
  PASS  test_the_health_factor_bands
  PASS  test_the_herb_patch_regrows_by_the_ruled_formula
  PASS  test_herbs_reach_the_shelf_only_above_the_patch_floor
  PASS  test_the_herb_work_and_forage_hazard_numbers
  PASS  test_forage_rolls_once_per_sixty_wu
  PASS  test_the_work_pace_multiplies_its_factors
  PASS  test_the_card_and_news_words
  PASS  test_exactly_enough_supplies_pay_and_a_new_injury_pays_again
  PASS  test_the_work_remainder_is_kept_tick_by_tick
  PASS  test_up_at_exactly_seventy
  PASS  test_the_forage_rolls_are_the_forage_stream_s_draws
  PASS  test_a_jump_is_taken_in_closed_form_but_its_last_ticks_one_by_one
CI_SUITE_TIME {"assertions":156,"failures":0,"suite":"test_demo_care.gd","tests":27,"usec":2067222}
test_demo_farm_ui.gd
  PASS  test_a_selected_resident_sows_a_bed_and_goes_back_to_its_routine
  PASS  test_a_harvest_is_carried_to_the_store_as_its_own_item
  PASS  test_watering_fetches_water_at_the_well_first
  PASS  test_a_resident_drains_a_waterlogged_bed
  PASS  test_a_drain_ends_if_the_bed_dried_on_the_way
  PASS  test_a_worker_called_away_keeps_the_work_done_for_the_next
  PASS  test_the_farm_raises_harvest_and_clearing_jobs_for_the_crew
  PASS  test_orders_explain_refusals_and_queues
  PASS  test_the_routine_crew_takes_work_only_when_wandering
  PASS  test_a_worker_ordered_elsewhere_on_the_way_drops_the_job
  PASS  test_a_blocked_walk_is_tried_again_before_giving_up
  PASS  test_a_harvest_is_hauled_with_the_carry_walk
  PASS  test_spoil_from_a_heap_raises_a_bed_and_the_heap_shrinks
  PASS  test_cancelling_a_bed_lets_a_harvest_in_hand_finish_its_delivery
  PASS  test_order_carry_carries_only_with_a_carry_clip
TOLERATED ERROR: Camera is not inside scene.
   at: project_ray_origin (scene/3d/camera_3d.cpp:430)
   GDScript backtrace (most recent call first):
       [0] pick (res://demo/control/demo_command.gd:663)
       [1] _finish_select (res://demo/control/demo_command.gd:542)
       [2] test_the_command_layer_hands_ground_clicks_and_orders_to_the_farm (res://test/test_demo_farm_ui.gd:439)
       [3] _run_test (res://test/run_tests.gd:194)
       [4] _run_suite (res://test/run_tests.gd:168)
       [5] _run_suite (/home/runner/work/redwall-rts/redwall-rts/tools/ci_test_shard_runner.gd:30)
       [6] _run_worker (res://test/run_tests.gd:121)
       [7] _initialize (res://test/run_tests.gd:108)
TOLERATED ERROR: Camera is not inside scene.
   at: project_local_ray_normal (scene/3d/camera_3d.cpp:412)
   GDScript backtrace (most recent call first):
       [0] pick (res://demo/control/demo_command.gd:664)
       [1] _finish_select (res://demo/control/demo_command.gd:542)
       [2] test_the_command_layer_hands_ground_clicks_and_orders_to_the_farm (res://test/test_demo_farm_ui.gd:439)
       [3] _run_test (res://test/run_tests.gd:194)
       [4] _run_suite (res://test/run_tests.gd:168)
       [5] _run_suite (/home/runner/work/redwall-rts/redwall-rts/tools/ci_test_shard_runner.gd:30)
       [6] _run_worker (res://test/run_tests.gd:121)
       [7] _initialize (res://test/run_tests.gd:108)
TOLERATED ERROR: Condition "!is_inside_tree()" is true. Returning: Transform3D()
   at: get_global_transform (scene/3d/node_3d.cpp:649)
   GDScript backtrace (most recent call first):
       [0] pick (res://demo/control/demo_command.gd:664)
       [1] _finish_select (res://demo/control/demo_command.gd:542)
       [2] test_the_command_layer_hands_ground_clicks_and_orders_to_the_farm (res://test/test_demo_farm_ui.gd:439)
       [3] _run_test (res://test/run_tests.gd:194)
       [4] _run_suite (res://test/run_tests.gd:168)
       [5] _run_suite (/home/runner/work/redwall-rts/redwall-rts/tools/ci_test_shard_runner.gd:30)
       [6] _run_worker (res://test/run_tests.gd:121)
       [7] _initialize (res://test/run_tests.gd:108)
  PASS  test_the_command_layer_hands_ground_clicks_and_orders_to_the_farm
  PASS  test_plants_grow_with_the_crop
  PASS  test_the_label_says_what_the_bed_needs
  PASS  test_the_panel_words_come_from_the_rules
  PASS  test_alerts_warn_once_with_the_response
  PASS  test_alerts_name_the_answer_to_a_bed_out_of_its_band
  PASS  test_a_ripe_bed_past_its_grace_is_called_out
  PASS  test_the_recipe_index_loads_in_the_catalog_s_order
  PASS  test_the_food_command_opens_the_pantry
  PASS  test_a_bed_visual_draws_each_stage
  PASS  test_wet_soil_darkens_and_a_waterlogged_bed_shows_puddles
  PASS  test_the_ground_works_are_built_once_and_shown_when_done
  PASS  test_the_view_hides_the_world_beds_and_redraws_on_change
  PASS  test_the_view_s_key_covers_the_ditch_alone
  PASS  test_heaps_are_drawn_at_what_is_left_after_spoil_is_taken
  PASS  test_the_bed_panel_offers_only_what_the_bed_can_take
  PASS  test_the_bed_panel_shows_only_its_bed_not_the_feed
  PASS  test_the_needs_line_names_each_bed_s_most_pressing_verb
  PASS  test_the_needs_line_times_a_ripe_bed
  PASS  test_the_needs_line_calls_for_straw_when_a_frost_is_announced
  PASS  test_the_bed_panel_s_drain_button
  PASS  test_the_bed_panel_s_close_clears_the_farm_s_bed
  PASS  test_the_words_for_a_ditch_and_a_span_of_hours
  PASS  test_the_pantry_panel_breaks_the_food_out_by_item
  PASS  test_a_long_step_ages_each_hour_at_its_own_season
  PASS  test_the_most_pressing_work_on_a_bed
  PASS  test_before_a_frost_night_cover_comes_first_unless_the_bed_is_dry
  PASS  test_a_waterlogged_bed_s_most_pressing_work_is_drain
  PASS  test_a_farm_hour_ages_the_pantry_and_reads_the_tunnels
  PASS  test_keys_cycle_the_overlay_and_open_the_pantry
  PASS  test_one_key_cycles_every_map_overlay
  PASS  test_planting_from_the_picker_orders_the_sowing
  PASS  test_the_pantry_close_button_closes_it_and_is_drawn_above_the_hud
  PASS  test_a_farm_job_called_away_is_taken_back_when_the_other_work_is_done
  PASS  test_a_farm_job_given_to_another_is_not_taken_back_and_r_forgets
  PASS  test_a_farm_job_done_takes_up_the_job_it_interrupted
CI_SUITE_TIME {"assertions":363,"failures":0,"suite":"test_demo_farm_ui.gd","tests":51,"usec":14252891}
test_demo_goals.gd
  PASS  test_register_refuses_in_words
  PASS  test_the_book_evaluates_only_on_a_new_game_hour
  PASS  test_a_goal_is_reached_once_and_stays_reached
  PASS  test_every_part_must_be_met
  PASS  test_an_unmodelled_part_blocks_until_a_measure_is_bound
  PASS  test_amounts_read_as_the_player_reads_them
  PASS  test_the_built_in_goals_are_the_gdds_milestones_then_the_village_goals
  PASS  test_the_milestones_cannot_be_reached_in_the_nine_resident_demo
  PASS  test_the_evaluator_reads_the_calendar_and_the_winters
  PASS  test_the_evaluator_reads_the_stores_and_the_ledger
  PASS  test_the_evaluator_counts_bridges_tunnels_and_ready_food
  PASS  test_the_ledger_counts_portions_and_dishes_from_the_kitchens_log
  PASS  test_the_ledger_counts_suppers_where_everyone_ate_cooked
  PASS  test_a_full_supper_is_counted_once_its_day_is_over
  PASS  test_a_clean_season_is_judged_once_its_days_are_closed
  PASS  test_a_season_with_a_crop_lost_or_partly_seen_is_not_clean
  PASS  test_a_season_with_nothing_harvested_is_not_clean
  PASS  test_the_owner_says_a_reached_goal_once_in_village_news
  PASS  test_a_full_larder_counts_only_the_village_s_own_food
  PASS  test_also_reached_is_told_each_goal_once_after_its_news
  PASS  test_a_milestone_is_said_as_conditions_met_never_as_an_award
  PASS  test_after_the_guide_one_note_points_at_the_goals
  PASS  test_the_pointer_never_shares_the_guides_completion_hour
  PASS  test_the_kitchens_log_is_read_on_the_hour_only
  PASS  test_the_hourly_path_allocates_no_objects
  PASS  test_the_goals_page_shows_the_book
  PASS  test_dates_of_hours
  PASS  test_the_guide_window_has_a_goals_tab
CI_SUITE_TIME {"assertions":493,"failures":0,"suite":"test_demo_goals.gd","tests":28,"usec":559634}
test_demo_guide_pages.gd
  PASS  test_help_answers_plain_questions
  PASS  test_help_keeps_every_key_the_controls_page_had
  PASS  test_every_linked_help_command_has_its_words
  PASS  test_the_help_page_searches_as_typed_and_links_commands
  PASS  test_the_menu_s_controls_page_is_the_help_page
  PASS  test_every_word_must_match_before_any_word_does
  PASS  test_search_widening_and_stop_words
  PASS  test_the_field_guide_has_exactly_the_demo_s_crops_and_dishes
  PASS  test_the_field_guide_has_the_catch_dried_fish_flour_and_gear
  PASS  test_field_guide_figures_are_the_tables_own
  PASS  test_field_guide_links_resolve_and_nothing_absent_is_described
  PASS  test_field_guide_search_and_live_stock
  PASS  test_the_field_guide_page_opens_entries_and_links
  PASS  test_practice_stories_never_touch_the_village
  PASS  test_a_story_restarts_to_the_same_start
  PASS  test_the_stories_teach_by_their_real_rules
  PASS  test_the_practice_page_runs_a_story_with_debrief_and_restart
  PASS  test_a_project_completes_into_the_chronicle_once
  PASS  test_projects_are_three_named_and_from_now_counts_from_the_pin
  PASS  test_the_projects_page_pins_with_the_places_selected
  PASS  test_a_text_field_in_the_top_modal_takes_the_keys
CI_SUITE_TIME {"assertions":1607,"failures":0,"suite":"test_demo_guide_pages.gd","tests":21,"usec":2810449}
test_demo_hall_live.gd
  PASS  test_the_hall_on_the_real_scene_at_1280x720
  PASS  test_the_hall_on_the_real_scene_at_1920x1080
CI_SUITE_TIME {"assertions":88,"failures":0,"suite":"test_demo_hall_live.gd","tests":2,"usec":44068738}
test_demo_hud_truth.gd
  PASS  test_the_top_bar_reads_the_village_stores_pantry_cast_and_homes
  PASS  test_the_top_bar_equals_the_stores_after_spending_and_hauling
  PASS  test_the_food_cell_follows_the_pantry_total
  PASS  test_unavailable_never_masquerades_as_zero
  PASS  test_the_counters_paint_back_over_the_settlement_figures
  PASS  test_the_ledger_says_the_same_figures_and_whose_they_are
  PASS  test_a_value_that_does_not_fit_discloses_the_ledger
  PASS  test_the_heating_fuel_cell_warns_under_two_days_and_says_no_demand
  PASS  test_the_residents_command_lists_the_cast
  PASS  test_a_row_says_who_where_what_and_what_next
  PASS  test_where_a_resident_is
  PASS  test_a_row_clicked_selects_centres_and_closes
  PASS  test_the_roster_refreshes_only_on_a_change
  PASS  test_the_map_square_takes_in_the_camera_bounds
  PASS  test_world_to_map_and_back
  PASS  test_a_view_ray_meets_the_ground
  PASS  test_a_click_on_the_map_centres_the_camera
  PASS  test_moisture_reads_as_a_band_and_a_percentage
  PASS  test_fertility_and_health_read_as_percentages_and_changes
  PASS  test_one_expected_harvest_with_its_breakdown_on_demand
  PASS  test_treatments_say_their_effect_in_points
  PASS  test_the_moisture_meter_bands_and_positions
  PASS  test_the_residents_counter_and_an_open_roster_stay_the_casts
  PASS  test_the_map_on_a_non_square_view_and_its_pointer
  PASS  test_the_farm_words_at_their_edges
  PASS  test_the_meter_redraws_on_any_change_and_the_panel_shows_it_with_a_bed
  PASS  test_the_model_reads_the_village_owners_it_is_bound_to
CI_SUITE_TIME {"assertions":301,"failures":0,"suite":"test_demo_hud_truth.gd","tests":27,"usec":4192782}
test_demo_infirmary_building.gd
  PASS  test_the_infirmary_figures_are_the_gdd_s_read_from_the_settlement_tables
  PASS  test_a_carry_is_the_carrier_s_mass_over_the_material_s
  PASS  test_placing_deducts_nothing_and_one_stands
  PASS  test_cloth_comes_from_the_care_shelf_and_goes_back_there
  PASS  test_a_material_is_fetched_exactly_and_the_books_always_add_up
  PASS  test_all_delivered_starts_the_work_and_the_work_builds_it
  PASS  test_cancel_after_work_began_returns_eighty_percent
  PASS  test_four_residents_fetch_exactly_what_it_costs_and_build_it
  PASS  test_a_builder_called_away_puts_its_load_back_and_a_cancel_lets_everyone_go
  PASS  test_a_place_waits_only_while_something_can_be_fetched_or_built
  PASS  test_it_may_stand_only_clear_of_everything_and_once
  PASS  test_the_tool_places_says_why_and_is_put_away
  PASS  test_it_is_drawn_flat_then_rising_then_whole_and_its_piles_grow
  PASS  test_the_board_lists_its_places_on_the_infirmary_source
  PASS  test_the_building_node_stands_as_an_obstacle_and_cancels
  PASS  test_a_lift_takes_only_what_is_left_and_nothing_is_delivered_after_a_cancel
  PASS  test_a_resident_is_admitted_once
  PASS  test_a_place_waits_to_build_and_one_that_gave_up_rests
  PASS  test_cloth_is_fetched_from_the_shelf_and_a_pause_gives_back_the_reservation
  PASS  test_the_tool_refuses_when_one_was_planned_meanwhile
  PASS  test_the_board_key_changes_with_a_new_building_and_building_is_building
  PASS  test_every_placing_refusal_and_the_care_places_kept_clear
  PASS  test_cloth_kept_for_treatments_is_not_fetched_for_the_building
  PASS  test_the_building_node_arms_after_putting_the_dig_tool_away
CI_SUITE_TIME {"assertions":145,"failures":0,"suite":"test_demo_infirmary_building.gd","tests":24,"usec":1033914}
test_demo_input_live.gd
  PASS  test_the_real_scene_routes_input_menu_and_focus_at_1280x720
  PASS  test_the_real_scene_routes_input_menu_focus_and_scale_at_1920x1080
  PASS  test_room_blueprints_use_real_clicks_and_fit_at_1280x720
CI_SUITE_TIME {"assertions":555,"failures":0,"suite":"test_demo_input_live.gd","tests":3,"usec":49000009}
test_demo_lens_live.gd
  PASS  test_the_layers_read_and_compare_at_1280x720
  PASS  test_the_layers_read_and_compare_at_1920x1080
CI_SUITE_TIME {"assertions":66,"failures":0,"suite":"test_demo_lens_live.gd","tests":2,"usec":34681707}
test_demo_manifest.gd
  PASS  test_the_manifest_always_has_both_halves
  PASS  test_an_empty_manifest_is_not_staged
  PASS  test_one_staged_half_counts
CI_SUITE_TIME {"assertions":5,"failures":0,"suite":"test_demo_manifest.gd","tests":3,"usec":2712}
test_demo_notices_live.gd
  PASS  test_the_notices_on_the_real_scene_at_1280x720
  PASS  test_the_notices_on_the_real_scene_at_1920x1080
CI_SUITE_TIME {"assertions":48,"failures":0,"suite":"test_demo_notices_live.gd","tests":2,"usec":24266715}
test_demo_resume.gd
  PASS  test_the_latest_unfinished_jobs_are_kept_latest_first
  PASS  test_a_task_called_away_is_taken_back_when_the_other_ends
  PASS  test_a_task_with_nothing_to_come_back_to_is_not_kept
  PASS  test_work_done_takes_up_the_job_and_release_forgets_them
  PASS  test_work_done_with_nothing_kept_is_a_release
  PASS  test_a_dig_called_away_is_resumed
  PASS  test_no_job_is_taken_up_in_the_water
  PASS  test_a_kept_dig_does_not_keep_its_brain_alive
  PASS  test_the_same_job_kept_twice_is_kept_once
CI_SUITE_TIME {"assertions":33,"failures":0,"suite":"test_demo_resume.gd","tests":9,"usec":23477}
test_demo_rooms.gd
  PASS  test_both_templates_cut_twenty_four_quanta_on_twelve_floor_quanta
  PASS  test_the_cells_are_cut_out_from_the_door_two_quanta_each
  PASS  test_quarter_turns_are_exact
  PASS  test_the_door_the_mouth_and_the_sockets_stand_where_the_template_puts_them
  PASS  test_the_void_distances_are_exact
  PASS  test_a_room_is_one_piece_its_door_a_mouth
  PASS  test_a_cellar_s_mouth_is_a_hatch
  PASS  test_the_body_cuts_the_room_cell_by_cell
  PASS  test_the_walks_open_with_the_body_and_are_not_counted_in_the_piece
  PASS  test_a_room_dropped_before_any_ground_is_broken_frees_its_row
  PASS  test_the_fixture_home_may_be_dug
  PASS  test_only_the_two_levels_are_dug
  PASS  test_eight_rooms_fill_the_rooms_and_twenty_four_mouths_the_network
  PASS  test_a_room_keeps_inside_the_village
  PASS  test_a_turned_cellar_keeps_its_length_inside_the_village
  PASS  test_a_room_needs_a_node_row_for_every_socket
  PASS  test_a_room_is_not_dug_under_water_or_its_no_dig_band
  PASS  test_a_room_is_not_dug_under_the_crop_beds
  PASS  test_a_room_is_not_dug_under_a_building
  PASS  test_a_room_keeps_a_metre_of_earth_from_another
  PASS  test_a_room_s_door_ramp_keeps_a_metre_of_earth_from_another_s
  PASS  test_a_room_s_door_ramp_keeps_off_trees
  PASS  test_a_room_s_mound_keeps_off_work_spots
  PASS  test_a_room_keeps_a_metre_of_earth_from_a_tunnel
  PASS  test_a_room_s_mound_and_door_keep_off_trees_heaps_and_spots
  PASS  test_every_refusal_has_its_own_words
  PASS  test_a_point_snaps_to_a_free_socket_never_the_middle_or_the_door
  PASS  test_a_passage_straight_out_of_a_socket_joins_the_room
  PASS  test_a_passage_must_leave_its_socket_straight
  PASS  test_a_socket_takes_one_passage
  PASS  test_a_tunnel_keeps_a_metre_of_earth_from_a_room
  PASS  test_a_room_near_the_network_proposes_its_passage_to_the_nearest_socket
  PASS  test_the_passage_takes_the_foot_of_the_perpendicular_when_it_is_shorter
  PASS  test_the_passage_runs_straight_out_where_the_perpendicular_leans_too_far
  PASS  test_the_passage_may_start_at_a_ramp_s_foot_but_never_on_a_ramp_s_side
  PASS  test_a_proposed_passage_starts_where_its_join_snapped
  PASS  test_a_passage_the_rules_pass_is_refused_beside_the_room_s_own_ramp
  PASS  test_the_mound_is_cut_back_to_its_face_for_the_door
  PASS  test_a_proposed_passage_keeps_off_the_room_s_own_door_ramp
  PASS  test_a_passage_the_whole_piece_rules_refuse_is_not_proposed
  PASS  test_the_proposed_passage_is_laid_ending_at_the_room_s_socket
  PASS  test_the_door_is_a_way_in_and_out_on_the_paths
  PASS  test_a_route_goes_in_by_the_front_door_or_by_the_tunnel
  PASS  test_a_standalone_room_s_door_leads_only_into_its_room
  PASS  test_a_standalone_room_s_door_is_not_offered_for_a_trip_on_the_surface
  PASS  test_everybeast_stands_upright_in_a_room
  PASS  test_the_cellar_api_keeps_its_shape_served_from_rooms
  PASS  test_a_home_is_no_cellar_and_a_relaid_row_is_a_new_store
  PASS  test_a_room_s_crew_works_three_faces
  PASS  test_the_room_readout_counts_its_cells_ramp_and_passage
  PASS  test_a_room_needs_its_rows_to_the_last
  PASS  test_a_tunnel_may_not_cross_a_room_s_door_ramp
  PASS  test_the_digger_s_line_names_the_room_it_digs
  PASS  test_a_bed_alcove_bows_the_wall_out
  PASS  test_a_passage_is_cut_by_the_room_s_wall_once_the_room_is_dug
CI_SUITE_TIME {"assertions":695,"failures":0,"suite":"test_demo_rooms.gd","tests":55,"usec":176413}
test_demo_seasons.gd
  PASS  test_a_trees_hash_is_a_stable_function_of_its_spot
  PASS  test_the_hashes_draws_spread_over_the_whole_range
  PASS  test_summer_is_the_texture_as_authored
  PASS  test_spring_is_fresh_green_with_the_oaks_catkins
  PASS  test_autumn_turns_each_tree_its_own_colour_at_its_own_pace
  PASS  test_a_trees_pace_draw_sets_how_fast_it_turns
  PASS  test_blossom_eases_in_with_springs_blend
  PASS  test_the_autumn_colours_include_red_only_for_a_few
  PASS  test_winter_is_bare_but_for_the_trees_that_keep_dry_leaves
  PASS  test_the_thaw_leafs_the_woods_out_by_springs_first_day
  PASS  test_a_season_blends_in_over_its_window_from_the_last_seasons_end
  PASS  test_the_stagger_starts_each_trees_blend_by_its_hash
  PASS  test_evergreens_keep_their_summer_look_all_year
  PASS  test_tints_mix_by_how_much_each_is_taken
  PASS  test_a_hue_carries_its_colour_at_unit_luminance_times_the_lift
  PASS  test_every_seasons_ground_colours_stay_in_their_value_groups
  PASS  test_the_ground_targets_move_by_their_set_shares
  PASS  test_the_ground_eases_from_the_last_seasons_end
  PASS  test_the_grounds_season_follows_the_calendar
  PASS  test_leaves_fall_from_mid_autumn_into_winters_first_days
  PASS  test_bare_boughs_keep_the_bark_triangles_and_the_material
  PASS  test_moss_on_the_roots_is_never_taken_for_leaf
  PASS  test_a_triangle_is_bark_unless_its_centre_or_two_corners_are_leaf
  PASS  test_a_leaf_centre_alone_makes_a_triangle_leaf
  PASS  test_a_blue_texel_is_not_leaf
  PASS  test_both_tree_shaders_declare_the_same_instance_uniforms_in_order
  PASS  test_a_tree_material_carries_its_sources_roughness
  PASS  test_each_models_roots_mask_is_its_own_bound
  PASS  test_the_in_leaf_variant_takes_the_tree_shaders_parameters
  PASS  test_wear_follows_the_leaves_down
  PASS  test_every_staged_tree_is_dressed_once_in_its_models_materials
  PASS  test_the_view_writes_the_calendars_season_to_each_tree
  PASS  test_a_bare_tree_wears_its_bare_boughs_once_they_are_made
  PASS  test_a_mesh_is_redressed_only_when_its_wear_changes
  PASS  test_a_trees_own_material_is_its_meshs_under_any_override
  PASS  test_a_tree_drawn_twice_is_dressed_once
  PASS  test_the_hour_alone_refreshes_the_trees
  PASS  test_a_falling_trees_upper_part_is_a_new_node
  PASS  test_a_winter_recollect_keeps_each_trees_own_mesh_for_the_thaw
  PASS  test_a_revision_without_a_new_node_writes_nothing
  PASS  test_the_prewarm_draws_each_models_bare_boughs_once
  PASS  test_a_node_the_woods_replace_is_dressed_on_the_next_hour
  PASS  test_a_placeholder_tree_keeps_its_own_material
  PASS  test_the_weathers_cover_is_set_on_the_tree_materials_in_steps
  PASS  test_the_preview_draws_each_preset_and_hands_back_to_the_calendar
  PASS  test_the_lab_says_a_triggers_own_done_text
  PASS  test_leaves_fall_in_late_autumn_and_never_with_reduced_motion
  PASS  test_the_prewarm_lets_every_leaf_out_below_the_ground_then_stops
  PASS  test_a_frame_allocates_nothing
  PASS  test_the_ground_and_the_tufts_follow_the_season
CI_SUITE_TIME {"assertions":2051,"failures":0,"suite":"test_demo_seasons.gd","tests":50,"usec":1086069}
test_demo_stall_banner.gd
  PASS  test_hidden_while_the_clock_runs
  PASS  test_a_stall_shows_it_and_it_never_resumes_by_itself
  PASS  test_resume_acknowledges_and_the_clock_runs_again
  PASS  test_resume_leaves_a_players_own_pause
  PASS  test_resume_without_a_stall_does_nothing
  PASS  test_the_banner_carries_the_clocks_sentence_and_withholds_the_card
  PASS  test_resume_resolves_the_overload_and_a_second_stall_raises_it_again
  PASS  test_a_step_down_warning_without_the_banner_still_takes_its_card
  PASS  test_the_card_is_withheld_in_the_call_that_raised_it
  PASS  test_a_reported_pause_that_never_lands_hands_the_card_back
  PASS  test_the_banner_draws_above_the_pantry_and_the_hud
  PASS  test_the_condition_ends_however_the_pause_is_acknowledged
  PASS  test_a_step_down_warning_is_resolved_once_the_clock_runs_quiet
CI_SUITE_TIME {"assertions":57,"failures":0,"suite":"test_demo_stall_banner.gd","tests":13,"usec":206624}
test_demo_tending.gd
  PASS  test_everything_is_off_at_the_start
  PASS  test_water_below_the_band_orders_a_watering_within_the_budget
  PASS  test_a_spent_budget_is_an_exception_said_once_and_refilled_at_midnight
  PASS  test_protect_from_frost_covers_growing_beds_not_raised
  PASS  test_avoid_waterlogging_opens_a_fitted_drain_and_says_the_rest
  PASS  test_the_next_day_s_most_is_shown_before_anything_is_spent
  PASS  test_groups_and_words
  PASS  test_an_idle_hour_allocates_nothing
  PASS  test_the_tending_tab_sets_and_shows_the_policies
  PASS  test_water_skips_a_bed_tended_today
  PASS  test_a_refused_order_is_said
CI_SUITE_TIME {"assertions":82,"failures":0,"suite":"test_demo_tending.gd","tests":11,"usec":1375650}
test_demo_winter_live.gd
  PASS  test_the_winter_on_the_real_scene_at_1280x720
  PASS  test_the_winter_on_the_real_scene_at_1920x1080
CI_SUITE_TIME {"assertions":84,"failures":0,"suite":"test_demo_winter_live.gd","tests":2,"usec":26127449}
test_demo_world.gd
  PASS  test_building_scale_hits_the_authoritative_height_for_a_synthetic_bound
  PASS  test_building_scale_measures_height_from_the_bound_not_the_origin
  PASS  test_named_building_heights_match_the_ruling
  PASS  test_every_staged_world_key_has_a_positive_size
  PASS  test_crop_beds_are_scaled_to_their_width
  PASS  test_the_table_top_is_the_work_surface_candidate
  PASS  test_point_count_is_in_the_demo_range
  PASS  test_every_point_of_interest_is_inside_bounds
  PASS  test_every_point_of_interest_is_clear_of_every_obstacle
  PASS  test_point_fields_are_well_formed
  PASS  test_points_are_spaced_apart
  PASS  test_every_point_is_on_or_beside_a_worn_path
  PASS  test_every_path_capsule_has_a_radius
  PASS  test_obstacles_are_published_as_x_radius_z
  PASS  test_obstacles_have_positive_radii_and_reach_the_play_area
  PASS  test_every_blocking_footprint_is_walled_by_its_circles
  PASS  test_placeholder_build_works_on_an_empty_manifest
  PASS  test_placeholder_hall_is_drawn_at_its_envelope_height
  PASS  test_rebuild_replaces_rather_than_duplicates
  PASS  test_rebuild_keeps_nodes_the_integrator_added
  PASS  test_queries_do_not_change_across_a_build
  PASS  test_layout_and_dressing_are_deterministic
  PASS  test_trees_stand_outside_the_clearing_and_off_the_paths
  PASS  test_ground_cover_stays_out_of_obstacles_and_off_points
  PASS  test_card_placement_is_deterministic
  PASS  test_every_card_stays_inside_the_bed
  PASS  test_every_card_shows_a_cell_of_its_own_kind
  PASS  test_roots_bed_rows_match_the_source
  PASS  test_card_mesh_stands_on_the_soil_within_its_cell
  PASS  test_card_material_is_alpha_scissor_not_blend
  PASS  test_card_build_needs_no_staged_assets
EXPECTED WARNING: demo world: 'crop_grain_ripe' is staged but did not load; using a placeholder
     at: push_warning (core/variant/variant_utility.cpp:1033)
     GDScript backtrace (most recent call first):
         [0] _staged_scene (res://demo/world/demo_world.gd:414)
         [1] _make_piece (res://demo/world/demo_world.gd:433)
         [2] _build_pieces (res://demo/world/demo_world.gd:139)
         [3] build (res://demo/world/demo_world.gd:120)
         [4] test_a_carded_entry_whose_files_are_missing_falls_back_to_a_placeholder (res://test/test_demo_world.gd:462)
         [5] _run_test (res://test/run_tests.gd:194)
         [6] _run_suite (res://test/run_tests.gd:168)
         [7] _run_suite (/home/runner/work/redwall-rts/redwall-rts/tools/ci_test_shard_runner.gd:30)
         [8] _run_worker (res://test/run_tests.gd:121)
         [9] _initialize (res://test/run_tests.gd:108)
  PASS  test_a_carded_entry_whose_files_are_missing_falls_back_to_a_placeholder
  PASS  test_the_shadow_range_follows_the_zoom_between_its_limits
  PASS  test_the_sun_takes_the_fitted_shadow_range
  PASS  test_the_measured_sinks_are_pinned
  PASS  test_a_sink_scales_with_the_placement_size
  PASS  test_the_piece_transform_lets_a_model_down_by_its_sink
  PASS  test_a_staged_model_is_drawn_sunk_by_its_key
  PASS  test_a_staged_model_with_no_base_stands_on_the_ground
  PASS  test_a_placeholder_is_never_sunk
  PASS  test_the_build_draws_the_staged_residences_sunk
CI_SUITE_TIME {"assertions":5217,"failures":0,"suite":"test_demo_world.gd","tests":41,"usec":1403416}
test_forage.gd
  PASS  test_the_published_capacities_match_the_registry
  PASS  test_zone_capacity_refuses_the_one_hundred_and_twenty_ninth_designation
  PASS  test_a_freed_zone_slot_is_reused_and_the_old_reference_stops_validating
  PASS  test_destroying_a_zone_twice_is_refused
  PASS  test_a_reserved_1_zone_is_refused_before_anything_is_allocated
  PASS  test_every_other_zone_type_is_accepted
  PASS  test_an_unknown_zone_type_is_refused
  PASS  test_a_zone_reads_back_every_field_it_was_designated_with
  PASS  test_a_danger_band_outside_zero_to_three_is_refused
  PASS  test_a_negative_quota_is_refused
  PASS  test_the_enabled_and_protected_flags_can_be_set_after_designation
  PASS  test_the_tile_index_formula_is_the_gdd_grid
  PASS  test_tile_links_refuse_the_sixteen_thousand_three_hundred_and_eighty_fifth
  PASS  test_a_released_link_returns_to_the_budget
  PASS  test_a_zone_refuses_the_same_tile_twice
  PASS  test_an_off_grid_tile_is_refused
  PASS  test_two_zones_may_cover_the_same_tile
  PASS  test_destroying_a_zone_releases_every_tile_link_it_held
  PASS  test_zones_intersect_only_when_they_share_a_tile
  PASS  test_a_forage_zone_holds_at_most_the_five_patches_of_the_table
  PASS  test_patch_rows_are_owner_major_at_zone_slot_times_five
  PASS  test_the_six_hundred_and_forty_row_block_holds_every_zone_at_five_patches
  PASS  test_initial_patch_stock_is_eighty_percent_of_the_table_capacity
  PASS  test_patches_are_refused_on_a_zone_that_is_not_a_forage_zone
  PASS  test_a_patch_set_is_all_or_nothing
  PASS  test_a_negative_item_id_is_refused
  PASS  test_destroying_a_basin_clears_its_patch_block
  PASS  test_overlapping_zones_share_one_stock_instead_of_multiplying_it
  PASS  test_a_second_zone_cannot_restart_the_shared_quota
  PASS  test_a_bound_zone_cannot_be_given_patches_of_its_own
  PASS  test_a_basin_that_already_owns_patches_cannot_be_rebound
  PASS  test_basin_chains_are_refused
  PASS  test_a_basin_of_a_different_zone_type_is_refused
  PASS  test_a_new_zone_is_its_own_basin
  PASS  test_a_zone_whose_basin_was_destroyed_refuses_rather_than_resolving
  PASS  test_the_effective_quota_is_the_stricter_of_the_zone_and_its_basin
  PASS  test_seasonal_availability_matches_the_gdd_table
  PASS  test_availability_refuses_an_unknown_kind_or_season
  PASS  test_dormant_kinds_are_exactly_the_zero_columns
  PASS  test_a_dormant_patch_refuses_harvest_but_keeps_its_stock
  PASS  test_winter_stock_is_harvested_where_availability_is_positive
  PASS  test_daily_regrowth_matches_the_stated_formula
  PASS  test_regrowth_adds_the_one_unit_minimum_rather_than_flooring_at_it
  PASS  test_regrowth_applies_the_one_unit_minimum_below_the_formula_term
  PASS  test_a_dormant_patch_does_not_regrow
  PASS  test_regrowth_never_carries_a_patch_above_its_capacity
  PASS  test_regrowth_refuses_a_stock_above_its_own_capacity
  PASS  test_the_daily_sweep_grows_every_live_patch_of_every_basin
  PASS  test_regrowth_across_real_calendar_days_waits_for_the_season_to_turn
  PASS  test_the_sustainable_floor_is_twenty_percent_of_capacity
  PASS  test_the_intensive_floor_is_five_percent_of_capacity
  PASS  test_harvestable_reports_what_the_floor_and_quota_actually_allow
  PASS  test_a_reached_quota_stops_further_harvest
  PASS  test_a_zero_quota_permits_nothing
  PASS  test_the_year_accumulator_is_reset_by_its_owner_and_is_not_the_quota
  PASS  test_a_protected_zone_refuses_automatic_harvest
  PASS  test_a_disabled_zone_refuses_harvest
  PASS  test_harvest_refuses_a_non_positive_amount
  PASS  test_the_non_allocating_harvest_form_debits_the_same_shared_stock
  PASS  test_harvest_refuses_a_kind_the_basin_has_no_patch_for
  PASS  test_work_per_u_matches_the_stated_formula
  PASS  test_work_per_u_refuses_arguments_outside_the_stated_domains
  PASS  test_natural_danger_is_read_from_the_basin_not_the_designation
  PASS  test_dangerous_work_permission_is_required_at_danger_two_and_three
  PASS  test_the_injury_chance_matches_the_requirement
  PASS  test_the_injury_constants_are_the_ones_the_requirement_states
  PASS  test_completed_segments_count_whole_sixty_wu_crossings
  PASS  test_the_forage_stream_advances_once_per_completed_segment
  PASS  test_natural_danger_zero_consumes_no_forage_draw
  PASS  test_the_rolls_use_the_basins_natural_danger
  PASS  test_each_roll_injures_exactly_when_the_draw_is_below_the_chance
  PASS  test_the_injury_tally_over_five_thousand_segments_is_the_recorded_one
  PASS  test_the_first_injury_of_the_tutorial_seed_lands_on_its_recorded_segment
  PASS  test_an_absent_rng_is_refused_rather_than_treated_as_no_injury
  PASS  test_an_unseeded_rng_refuses_without_inventing_an_outcome
  PASS  test_clear_returns_every_column_and_the_directory_to_empty
  PASS  test_a_shared_directory_is_adopted_rather_than_rebuilt
  PASS  test_the_quota_mode_ids_are_the_catalog_compilers_own_ascending_ascii_ids
  PASS  test_the_quota_mode_domain_is_not_a_protected_enum
  PASS  test_every_automatic_allowance_matches_the_hand_computed_table
  PASS  test_the_automatic_daily_quota_matches_the_four_ruled_season_totals
  PASS  test_a_created_zone_defaults_to_automatic_and_uses_the_seasonal_quota
  PASS  test_binding_a_zone_to_another_basin_makes_it_inherit
  PASS  test_unbinding_a_designation_returns_it_to_automatic
  PASS  test_the_mode_table_refuses_a_mode_that_is_not_valid_for_the_zone
  PASS  test_a_manual_quota_is_accepted_only_between_zero_and_the_combined_capacity
  PASS  test_a_zone_created_above_the_manual_ceiling_cannot_switch_to_manual
  PASS  test_a_manual_setting_survives_a_season_change
  PASS  test_r05_qtest_01_one_daily_allowance_covers_all_five_kinds
  PASS  test_a_collection_through_the_basin_itself_moves_its_totals_once
  PASS  test_a_collection_through_a_designation_debits_both_applicable_limits
  PASS  test_r05_qtest_03_a_stricter_designation_limit_binds_below_its_basin
  PASS  test_a_designation_with_a_larger_manual_limit_cannot_widen_its_basin
  PASS  test_the_available_quota_reader_never_reports_a_negative_allowance
  PASS  test_a_store_without_a_job_store_refuses_every_claim_operation
  PASS  test_a_claim_reserves_the_complete_intended_collection_on_both_limits
  PASS  test_a_claim_on_the_basin_itself_reserves_once
  PASS  test_r05_qtest_02_a_second_designation_cannot_reserve_past_the_shared_allowance
  PASS  test_one_job_owns_at_most_one_claim_and_a_member_owns_none
  PASS  test_r05_qtest_07_a_partial_collection_keeps_only_the_uncollected_quantity
  PASS  test_collecting_the_whole_claim_closes_it
  PASS  test_a_collection_larger_than_the_claim_is_refused_not_clamped
  PASS  test_a_claim_does_not_bypass_collection_time_validation
  PASS  test_releasing_a_claim_returns_its_allowance_and_produces_nothing_else
  PASS  test_r05_qtest_08_a_worker_change_keeps_the_owning_jobs_claim_and_cancellation_ends_it
  PASS  test_r05_qtest_13_a_reused_job_row_cannot_act_under_the_previous_generation_claim
  PASS  test_r05_qtest_15_a_failed_preflight_leaves_every_quantity_unchanged
  PASS  test_an_unclaimed_harvest_cannot_take_stock_another_claim_promised
  PASS  test_r05_qtest_05_a_quota_cut_releases_whole_claims_newest_first
  PASS  test_the_release_order_breaks_a_created_tick_tie_by_persistent_id
  PASS  test_r05_qtest_06_a_cut_below_todays_collected_total_releases_everything
  PASS  test_a_zero_quota_releases_every_claim_that_limit_reaches
  PASS  test_a_claim_released_by_reconciliation_must_be_reacquired_before_collecting
  PASS  test_reconciliation_considers_both_applicable_limits
  PASS  test_the_affected_job_reader_counts_without_changing_anything
  PASS  test_deleting_or_rebinding_a_designation_releases_its_claims_first
  PASS  test_r05_qtest_09_deleting_and_redrawing_a_designation_creates_no_stock_or_allowance
  PASS  test_midnight_is_an_offset_calendar_crossing_and_not_a_tick_multiple
  PASS  test_r05_qtest_04_claims_survive_midnight_and_consume_the_new_days_allowance
  PASS  test_midnight_does_not_reset_the_annual_counter_or_renew_a_lease
  PASS  test_r05_qtest_10_a_boundary_releases_closed_and_excess_claims_deterministically
  PASS  test_a_lower_automatic_quota_at_a_boundary_releases_the_excess_claim
  PASS  test_midnight_refuses_an_unknown_season_without_resetting_anything
  PASS  test_r05_qtest_12_restored_claims_rebuild_the_reservation_aggregates
  PASS  test_the_rebuild_counts_a_claim_once_when_its_two_references_are_identical
  PASS  test_the_rebuild_discards_a_stale_cached_total_instead_of_adding_to_it
  PASS  test_restore_claim_validates_its_references_kind_and_quantity
  PASS  test_r05_qtest_16_the_packed_payload_matches_the_ruled_allocation
  PASS  test_the_claim_readers_refuse_an_empty_row_rather_than_describing_one
  PASS  test_a_cut_releases_as_many_whole_claims_as_it_takes
  PASS  test_a_reference_of_another_kind_is_never_read_as_a_claim_owner
  PASS  test_the_affected_job_reader_counts_claims_held_through_a_designation
  PASS  test_collection_checks_both_limits_against_a_restored_claim_that_exceeds_one
CI_SUITE_TIME {"assertions":1064,"failures":0,"suite":"test_forage.gd","tests":133,"usec":8003013}
test_households.gd
  PASS  test_the_owner_payload_is_the_specified_48400_bytes
  PASS  test_care_decays_250_per_hour_with_a_signed_remainder
  PASS  test_the_package_worked_example_reaches_9000_in_more_than_one_turn
  PASS  test_1500_served_ticks_a_day_exactly_balance_a_days_decay
  PASS  test_care_clamps_and_discards_only_the_outward_remainder
  PASS  test_a_bad_care_input_refuses_and_writes_nothing
  PASS  test_warning_latches_follow_their_hysteresis
  PASS  test_eligibility_sets_at_6000_and_clears_at_9000
  PASS  test_the_child_sort_key_orders_critical_then_care_then_id
  PASS  test_binding_writes_each_stages_defaults
  PASS  test_binding_refuses_a_stale_ref_or_an_already_bound_resident
  PASS  test_a_household_holds_at_most_eight_living_members
  PASS  test_members_are_stored_in_persistent_id_order_whatever_the_input_order
  PASS  test_a_household_refuses_duplicates_housed_unbound_and_dead_members
  PASS  test_a_shared_surname_implies_no_membership
  PASS  test_household_ids_are_monotonic_and_a_reused_row_is_a_new_identity
  PASS  test_detaching_one_member_keeps_the_survivors_and_their_links
  PASS  test_preferences_are_ascending_bounded_and_adult_or_elder_only
  PASS  test_willingness_is_an_adult_or_elder_switch
  PASS  test_two_idle_hours_bring_a_new_child_to_eligibility
  PASS  test_a_turn_ends_at_750_paired_ticks_and_completion_ends_at_9000
  PASS  test_service_assignment_refuses_each_structural_violation
  PASS  test_a_paired_flag_without_service_refuses_the_whole_tick
  PASS  test_zero_care_raises_warnings_but_never_touches_health
  PASS  test_the_midnight_reset_zeroes_daily_shares_and_keeps_the_turn
  PASS  test_a_dead_providers_detach_ends_its_service_and_a_dead_child_stops_integrating
  PASS  test_a_reused_slot_inherits_nothing
  PASS  test_a_captured_image_restores_byte_identically
  PASS  test_restore_needs_the_held_load_barrier
  PASS  test_an_older_or_newer_owner_schema_is_refused_not_migrated
  PASS  test_a_misshaped_capture_buffer_is_refused_and_left_alone
  PASS  test_hostile_household_images_refuse
  PASS  test_hostile_dependent_images_refuse
  PASS  test_cross_row_and_scalar_images_refuse
  PASS  test_exhausted_generations_and_ids_refuse_creation
  PASS  test_images_that_only_a_strict_or_bound_rule_catches_refuse
  PASS  test_every_household_rule_refuses_its_own_hostile_image
  PASS  test_every_latch_and_care_rule_refuses_its_own_hostile_image
  PASS  test_every_stage_rule_refuses_its_own_hostile_image
  PASS  test_provider_and_preference_references_refuse_dead_and_wrong_stage_targets
  PASS  test_a_dead_household_member_refuses_the_image
  PASS  test_a_fresh_store_captures_a_valid_day_one_image
  PASS  test_a_full_daily_share_refuses_assignment_and_the_paired_tick
  PASS  test_a_dead_provider_or_a_dead_child_cannot_be_paired
  PASS  test_detaching_a_served_child_ends_its_own_service
  PASS  test_end_service_keeps_received_care_and_the_daily_share
  PASS  test_a_slot_reused_without_unbind_inherits_nothing_and_can_be_released
  PASS  test_a_housed_row_reused_under_another_slot_inherits_nothing
  PASS  test_an_unhoused_childs_row_reused_under_another_slot_inherits_no_care
  PASS  test_a_binding_stores_and_captures_the_whole_directory_ref
  PASS  test_a_swapped_slot_and_generation_refuses_the_image
CI_SUITE_TIME {"assertions":1097,"failures":0,"suite":"test_households.gd","tests":51,"usec":6618886}
test_hud.gd
  PASS  test_counter_text_is_rendered_verbatim
  PASS  test_no_supplied_string_is_reformatted_rounded_or_truncated
  PASS  test_unsupplied_counters_render_the_unpopulated_marker
  PASS  test_supplying_one_counter_leaves_the_others_unpopulated
  PASS  test_clear_counters_returns_the_line_to_unpopulated
  PASS  test_hud_marker_matches_the_economy_systems_marker
  PASS  test_a_refused_food_days_figure_renders_as_the_marker
  PASS  test_integer_counters_render_the_supplied_value_unmodified
  PASS  test_negative_integer_counters_keep_their_sign_and_grouping
  PASS  test_an_empty_unit_renders_the_bare_number
  PASS  test_the_starter_fixture_numerator_reaches_the_label_intact
  PASS  test_status_zone_renders_state_speed_and_calendar
  PASS  test_alert_is_shown_then_expires_after_its_hold_time
  PASS  test_a_counter_value_reaches_its_cells_numeric_line_verbatim
  PASS  test_an_unavailable_counter_never_takes_the_dash_marker_in_its_cell
CI_SUITE_TIME {"assertions":41,"failures":0,"suite":"test_hud.gd","tests":15,"usec":336580}
test_inventory.gd
  PASS  test_item_masses_match_gdd_5_7
  PASS  test_item_id_space_does_not_drift_from_the_catalog
  PASS  test_unregistered_item_is_refused
  PASS  test_capacity_debit_uses_per_lot_ceiling
  PASS  test_per_lot_rounding_differs_from_summed_total_rounding
  PASS  test_merge_recovers_rounding_slack_without_changing_quantity
  PASS  test_capacity_refusal_is_explicit_and_changes_nothing
  PASS  test_capacity_is_never_silently_clamped
  PASS  test_split_refused_when_per_lot_ceiling_would_exceed_capacity
  PASS  test_reserved_container_mass_counts_against_capacity
  PASS  test_lot_row_capacity_refusal_is_explicit
  PASS  test_container_row_capacity_refusal_is_explicit
  PASS  test_filters_refuse_a_disallowed_category
  PASS  test_merge_refuses_each_differing_attribute
  PASS  test_merge_refuses_across_containers
  PASS  test_merge_adopts_the_older_rounded_age
  PASS  test_split_refuses_degenerate_quantities
  PASS  test_split_preserves_every_attribute
  PASS  test_transfer_conserves_quantity_between_containers
  PASS  test_transfer_merges_into_a_compatible_destination_lot
  PASS  test_whole_lot_transfer_retires_the_source_row
  PASS  test_transfer_refuses_an_over_capacity_destination
  PASS  test_move_lot_carries_its_reservation
  PASS  test_reserved_never_exceeds_quantity
  PASS  test_reservation_cancellation_restores_available_exactly
  PASS  test_reserved_quantity_cannot_be_transferred_away
  PASS  test_consume_reserved_reduces_claim_and_quantity_together
  PASS  test_sink_refuses_to_consume_claimed_quantity
  PASS  test_failed_single_operation_leaves_state_byte_identical
  PASS  test_all_or_nothing_under_mid_sequence_failure
  PASS  test_operations_after_a_poisoned_step_refuse_without_writing
  PASS  test_committed_transaction_is_durable
  PASS  test_abort_restores_state_exactly
  PASS  test_nested_begin_is_refused
  PASS  test_journal_exhaustion_refuses_and_rolls_back
  PASS  test_poisoning_does_not_outlive_the_transaction_that_caused_it
  PASS  test_refusal_names_the_cause_that_actually_blocked_the_operation
  PASS  test_container_mass_refusals_name_capacity_and_shortfall_separately
  PASS  test_clear_does_not_let_a_pre_clear_ref_alias_a_rebuilt_row
  PASS  test_stale_lot_ref_is_rejected_after_retirement
  PASS  test_destroy_container_refuses_while_it_holds_lots
  PASS  test_conservation_across_long_deterministic_random_sequence
  PASS  test_random_sequence_keeps_reserved_within_quantity
  PASS  test_random_sequence_keeps_container_mass_within_capacity
  PASS  test_capacity_check_refuses_overflow_instead_of_wrapping
  PASS  test_reserving_more_than_int64_holds_refuses
  PASS  test_audit_detects_a_container_over_its_capacity
  PASS  test_audit_scans_through_to_the_highest_row_ever_allocated
  PASS  test_audit_detects_a_negative_reserved_mass
  PASS  test_out_of_range_lot_int32_fields_are_refused_not_truncated
  PASS  test_out_of_range_container_policy_is_refused_not_truncated
  PASS  test_int32_boundary_values_are_stored_verbatim
  PASS  test_unroundable_age_is_refused_at_lot_creation
  PASS  test_merge_refuses_unroundable_ages_instead_of_calling_them_equal
  PASS  test_transfer_refuses_when_a_merge_candidate_age_cannot_be_rounded
  PASS  test_abort_restores_the_lot_free_stack_after_an_allocation_and_a_retirement
  PASS  test_abort_restores_the_container_free_stack_after_a_destroy
  PASS  test_module_publishes_no_provenance_or_policy_catalog_numbers
  PASS  test_unset_provenance_is_the_compatibility_spelling_of_ordinary
  PASS  test_every_published_member_is_admitted_and_reads_back
  PASS  test_a_non_member_provenance_is_refused_and_writes_nothing
  PASS  test_provenance_is_compared_for_equality_across_the_whole_domain
  PASS  test_a_transfer_produces_exactly_one_surviving_object_per_call
  PASS  test_a_refusal_never_carries_the_previous_operations_ref_or_value
  PASS  test_every_refusing_operation_returns_the_null_ref_and_zero
  PASS  test_a_poisoned_transaction_refuses_later_operations_with_the_first_code
  PASS  test_audit_reuses_its_conservation_tally_across_repeated_calls
  PASS  test_a_null_container_lot_refuses_with_no_authority_bound
  PASS  test_a_null_container_lot_refuses_when_the_authority_does_not_attest
  PASS  test_an_object_without_an_attestation_method_cannot_be_the_authority
  PASS  test_unbinding_the_authority_refuses_while_equipped_lots_live
  PASS  test_an_equipped_lot_is_excluded_from_container_mass
  PASS  test_an_equipped_lot_is_excluded_from_loose_stock_availability
  PASS  test_loose_and_equipped_always_partition_the_live_quantity
  PASS  test_every_lot_mutator_refuses_an_equipped_lot
  PASS  test_detach_refuses_a_lot_that_still_carries_a_reservation
  PASS  test_attach_refuses_while_the_authority_still_calls_the_lot_equipped
  PASS  test_unequip_lands_in_a_reserved_destination_without_losing_its_space
  PASS  test_attach_from_reserved_mass_refuses_without_enough_reserved
  PASS  test_a_detach_and_attach_round_trip_preserves_the_whole_lot_row
  PASS  test_audit_refuses_an_orphaned_null_container_lot
  PASS  test_audit_refuses_a_shelved_lot_the_authority_still_calls_equipped
  PASS  test_an_authority_that_re_enters_the_inventory_is_refused
  PASS  test_a_rolled_back_detach_restores_the_state_byte_for_byte
  PASS  test_a_rolled_back_attach_restores_the_state_byte_for_byte
  PASS  test_create_lot_still_demands_a_real_container
  PASS  test_audit_re_derives_the_equipped_lot_count_instead_of_trusting_it
  PASS  test_audit_refuses_a_cyclic_lot_list_instead_of_walking_it_forever
  PASS  test_one_aged_hour_is_the_floor_of_the_two_factors_over_a_thousand
  PASS  test_a_negative_aging_factor_refuses_instead_of_ageing_backwards
  PASS  test_an_aged_hour_rolls_back_with_the_transaction_that_refused
  PASS  test_a_transformed_lot_keeps_its_row_and_moves_both_conservation_ledgers
  PASS  test_an_equal_mass_transformation_moves_the_containers_charged_mass_by_nothing
  PASS  test_a_transformation_resets_the_age_so_the_new_item_starts_its_own_shelf_life
  PASS  test_a_transformation_refuses_a_reserved_lot_rather_than_carrying_the_claim
  PASS  test_a_transformation_refuses_an_unknown_item_the_same_item_and_an_empty_quantity
  PASS  test_a_transformation_that_would_overflow_the_container_refuses_and_changes_nothing
  PASS  test_neither_mutator_will_touch_an_equipped_lot
  PASS  test_a_seed_expiry_authority_must_publish_the_predicate_it_is_bound_for
  PASS  test_an_expired_seed_lot_cannot_be_reserved
  PASS  test_an_expired_seed_lot_cannot_be_withdrawn
  PASS  test_an_expired_seed_claim_is_revalidated_at_the_commit
  PASS  test_an_expired_seed_lot_cannot_be_transferred_into_production
  PASS  test_an_expired_seed_lot_cannot_be_moved_into_another_container
  PASS  test_an_expired_seed_lot_cannot_be_split_for_seed_selection
  PASS  test_an_expired_seed_lot_cannot_be_transformed_for_a_consumer
  PASS  test_a_usable_seed_is_admitted_to_every_one_of_those_paths
  PASS  test_every_admission_asks_the_authority_again
  PASS  test_release_and_cancellation_are_never_refused_for_an_expired_seed
  PASS  test_the_declared_expiry_may_retire_and_transform_what_no_consumer_may_touch
  PASS  test_a_cleanup_declaration_licenses_exactly_one_following_step
  PASS  test_a_cleanup_declaration_never_crosses_a_transaction
  PASS  test_a_spent_declaration_does_not_come_back_in_the_next_transaction
  PASS  test_an_authority_that_cannot_evaluate_a_lot_refuses_it
  PASS  test_the_real_expiry_stage_converts_the_seed_its_own_predicate_refuses
  PASS  test_the_real_expiry_stage_retires_a_zero_yield_seed_through_the_guard
  PASS  test_a_transfer_preserves_the_source_provenance_on_the_new_row
  PASS  test_a_whole_lot_move_preserves_provenance
  PASS  test_a_transfer_never_merges_across_differing_provenance
  PASS  test_a_rolled_back_transaction_restores_provenance_exactly
  PASS  test_spoilage_carries_the_origin_onto_the_new_item
  PASS  test_lot_provenance_into_separates_a_refusal_from_an_answer
  PASS  test_owner_query_cells_is_two_per_container_row
  PASS  test_containers_by_owner_lists_one_owners_rows_in_ascending_slot_order
  PASS  test_containers_by_owner_matches_the_complete_owner_pair
  PASS  test_containers_by_owner_returns_container_refs_and_not_the_owner_pair
  PASS  test_containers_by_owner_skips_a_retired_row_that_still_carries_its_owner
  PASS  test_containers_by_owner_proves_an_empty_result_for_a_live_owner
  PASS  test_containers_by_owner_refuses_a_malformed_owner_instead_of_matching_unowned_rows
  PASS  test_create_container_refuses_an_ownerless_container_and_writes_nothing
  PASS  test_containers_by_owner_refuses_an_undersized_buffer_without_truncating
  PASS  test_containers_by_owner_fills_a_full_store_and_changes_nothing
  PASS  test_canonical_copy_leaves_the_live_columns_byte_identical
  PASS  test_canonical_copy_preserves_generations_and_the_used_free_prefix
  PASS  test_canonical_copy_writes_the_full_unused_payload_on_an_inactive_row
  PASS  test_canonical_copy_writes_the_unused_container_payload_too
  PASS  test_a_live_row_is_copied_exactly_and_never_masked
  PASS  test_the_whole_lot_transfer_that_reuses_its_own_slot_still_works
  PASS  test_the_canonical_copy_refuses_a_boundary_that_is_not_completed
  PASS  test_the_canonical_copy_refuses_a_corrupt_allocator_partition
  PASS  test_a_free_int32_max_slot_is_not_treated_as_retired
  PASS  test_restore_publishes_without_clearing_or_advancing_a_generation
  PASS  test_restore_refuses_a_projection_whose_inactive_payload_is_not_canonical
  PASS  test_restore_refuses_a_projection_with_a_dirty_excluded_tail
CI_SUITE_TIME {"assertions":1013,"failures":0,"suite":"test_inventory.gd","tests":144,"usec":572071}
test_inventory_spatial.gd
  PASS  test_stacked_floors_hold_distinct_piles_without_aliasing_surface_tiles
  PASS  test_duplicate_location_handles_cannot_own_the_same_placement_cell
  PASS  test_endpoint_exhaustion_and_full_generation_reuse_are_atomic
  PASS  test_actual_capacity_never_exceeds_the_adopted_finite_ground_pile_bound
  PASS  test_output_and_promotion_abort_restore_every_container_lot_and_endpoint_byte
  PASS  test_staging_create_and_destroy_rollback_restore_the_sparse_row_with_container
  PASS  test_empty_pile_auto_retirement_releases_only_its_actual_floor_endpoint
  PASS  test_flat_authority_readers_and_legacy_codec_cannot_reinterpret_spatial_locations
  PASS  test_stale_existing_endpoint_and_late_foreign_binding_refuse_before_admission
  PASS  test_reentrant_authority_poison_aborts_before_container_or_endpoint_publication
  PASS  test_reentrant_lifecycle_cannot_publish_discard_or_reset_prior_provisional_goods
  PASS  test_read_callback_cannot_open_close_or_clear_a_transaction
  PASS  test_read_callback_cannot_rewire_catalog_or_authorities_outside_a_transaction
  PASS  test_flat_complete_footprint_query_refuses_without_partial_output_when_spatial_goods_exist
  PASS  test_empty_claimed_spatial_pile_refuses_goods_removal_without_releasing_ownership
  PASS  test_journal_exhaustion_aborts_new_endpoint_and_preserves_existing_state
  PASS  test_foreign_provider_or_oversized_configuration_cannot_replace_existing_history
  PASS  test_promotion_revalidates_the_exact_location_after_output_is_staged
CI_SUITE_TIME {"assertions":274,"failures":0,"suite":"test_inventory_spatial.gd","tests":18,"usec":462541}
test_inventory_stock_counts.gd
  PASS  test_empty_record_sizes_and_payload
  PASS  test_multiple_stores_reservations_and_owner_read_only
  PASS  test_shape_and_busy_refusals_have_defined_precedence
  PASS  test_real_open_and_poisoned_transactions_are_untouched
  PASS  test_malformed_live_rows_refuse_without_partial_output
  PASS  test_structural_equipment_counts_do_not_claim_cross_owner_validation
  PASS  test_checked_sum_boundary_overflow_and_row_precedence
  PASS  test_retired_reused_rows_and_different_allocation_orders
  PASS  test_reused_and_aliased_outputs_publish_independent_new_snapshots
  PASS  test_actual_attestation_reentry_refuses_without_lowering_guard
  PASS  test_real_gear_equip_destroy_empty_store_and_unequip
CI_SUITE_TIME {"assertions":1400,"failures":0,"suite":"test_inventory_stock_counts.gd","tests":11,"usec":145664}
test_job_planner_columns.gd
  PASS  test_empty_copy_and_restore_have_exact_wire_and_payload
  PASS  test_all35_ordinals_match_registry_and_owner_fields
  PASS  test_group_shape_null_and_extent_errors_refuse_before_indexing
  PASS  test_capture_refuses_native_count_and_derived_inconsistency
  PASS  test_invalid_domain_lists_and_tail_restore_are_atomic
  PASS  test_stale_job_reference_survives_roundtrip_and_reconciles_normally
  PASS  test_resolving_wrong_kind_and_wrong_owner_row_refuse
  PASS  test_exact_dirty_order_reproduces_future_job_ids_and_empty_membership
  PASS  test_export_and_restore_are_independent_of_caller_buffers
  PASS  test_barrier_and_participant_precedence_preserve_owner
  PASS  test_malformed_codec_targets_and_reused_records_refuse_atomically
  PASS  test_mixed_actual_owners_restore_counters_claims_and_diagnostic_reset
  PASS  test_source_short_columns_and_derived_buffers_refuse_safely
  PASS  test_capture_rejects_resolving_reference_of_wrong_kind
  PASS  test_diagnostic_image_covers_every_nonobject_owner_member
  PASS  test_diagnostic_image_framing_order_and_distinct_diagnostics
  PASS  test_staged_capture_source_error_precedes_malformed_output
CI_SUITE_TIME {"assertions":750,"failures":0,"suite":"test_job_planner_columns.gd","tests":17,"usec":2684175}
test_memory_ledger_probe.gd
  PASS  test_element_calibration_confirms_the_ledgers_byte_model
  PASS  test_array_elements_cost_more_than_the_ledger_assumes
  PASS  test_the_walk_builds_exactly_one_of_each_store
  PASS  test_duplicate_instances_names_a_script_measured_twice
  PASS  test_the_shared_directory_is_measured_once_though_many_stores_hold_it
  PASS  test_directory_columns_are_measured_from_their_own_size
  PASS  test_static_navigation_map_measures_its_declared_row
  PASS  test_named_column_filter_excludes_columns_it_was_not_given
  PASS  test_a_star_builder_and_route_arena_match_their_rows
  PASS  test_scheduler_queue_packed_payload_is_short_of_its_declared_row
  PASS  test_presentation_snapshot_matches_its_declared_row_exactly
  PASS  test_lazily_loaded_catalog_allocates_nothing_at_construction
  PASS  test_string_columns_are_reported_apart_from_the_packed_total
  PASS  test_empty_string_slots_are_measured_not_assumed
  PASS  test_transcribed_rows_reproduce_the_printed_payload
  PASS  test_every_transcribed_owner_is_a_script_that_exists
CI_SUITE_TIME {"assertions":109,"failures":0,"suite":"test_memory_ledger_probe.gd","tests":16,"usec":4696142}
test_priorities.gd
  PASS  test_spawn_writes_the_gdd_5_1_initial_priority_for_every_job_kind
  PASS  test_initial_haul_priority_is_high_not_normal
  PASS  test_initial_reserved_index_priority_is_zero
  PASS  test_spawn_writes_the_gdd_5_1_initial_flags
  PASS  test_the_priority_scale_matches_req_set_026
  PASS  test_set_priority_accepts_every_value_zero_through_four
  PASS  test_set_priority_refuses_five_and_negative_without_writing
  PASS  test_set_priority_refuses_the_reserved_job_kind
  PASS  test_set_priority_refuses_an_out_of_range_job_kind
  PASS  test_the_stride_is_slot_times_twelve_plus_kind
  PASS  test_writing_one_row_leaves_the_next_rows_initial_values_intact
  PASS  test_fallback_allows_only_haul_keep_and_forage_by_default
  PASS  test_fallback_is_refused_when_the_configured_priority_is_zero
  PASS  test_disabling_auto_fallback_removes_every_candidate
  PASS  test_fallback_kind_set_and_priority_match_req_set_028
  PASS  test_dangerous_work_round_trips_and_defaults_false
  PASS  test_readers_refuse_an_unspawned_row_instead_of_answering_zero
  PASS  test_spawn_refuses_an_occupied_row_and_an_out_of_range_slot
  PASS  test_despawn_clears_the_row_and_further_reads_refuse
  PASS  test_despawn_leaves_no_residue_in_the_inactive_row
  PASS  test_clear_empties_every_row
  PASS  test_job_kind_constants_come_from_the_protected_catalog_table
CI_SUITE_TIME {"assertions":276,"failures":0,"suite":"test_priorities.gd","tests":22,"usec":9305}
test_reservations_carry.gd
  PASS  test_carrying_a_part_moves_it_and_keeps_it_claimed_with_its_lease
  PASS  test_carrying_a_whole_lot_keeps_its_identity
  PASS  test_carry_refusals_change_neither_store
  PASS  test_a_satchel_minted_by_a_refused_load_is_rolled_back
  PASS  test_delivering_ends_the_claim_and_releases_the_reserved_room
  PASS  test_deliver_refuses_a_negative_release_and_more_than_was_reserved
  PASS  test_a_delivery_that_empties_a_satchel_destroys_it
  PASS  test_a_partial_delivery_leaves_the_store_alone
  PASS  test_repurposing_re_keys_in_place_and_coalesces
  PASS  test_a_stale_row_on_the_arriving_slot_aborts_the_carry
CI_SUITE_TIME {"assertions":66,"failures":0,"suite":"test_reservations_carry.gd","tests":10,"usec":627390}
test_room_catalog.gd
  PASS  test_all_eight_protected_purposes_keep_ids_and_independent_labels
  PASS  test_room_presets_are_aliases_and_ambiguous_building_or_style_names_refuse
  PASS  test_complete_compatibility_matrix_specializes_equipment_and_keeps_shared_fittings
  PASS  test_permanent_type_rule_is_independent_of_furniture_and_service_state
  PASS  test_all_nine_furniture_facts_match_exact_gdd_footprints_work_and_materials
  PASS  test_quarter_turns_preserve_physical_size_and_exact_recipe
  PASS  test_unknown_equipment_and_bad_rotations_have_no_valid_looking_facts
  PASS  test_returned_facts_and_requirements_do_not_mutate_source_tables
  PASS  test_shared_shelves_and_hearths_do_not_gain_unrelated_service_capacity
  PASS  test_every_room_keeps_required_live_owner_gates
  PASS  test_sleeping_room_count_rules_and_exact_area_thresholds
  PASS  test_kitchen_dining_and_common_count_rules_remain_distinct
  PASS  test_infirmary_pantry_and_corridor_count_rules_do_not_attest_heat_or_routes
  PASS  test_bad_count_input_and_overflow_values_refuse_without_mutation
CI_SUITE_TIME {"assertions":606,"failures":0,"suite":"test_room_catalog.gd","tests":14,"usec":36671}
test_save_owner_fishing.gd
  PASS  test_layout_defaults_and_conditional_memory
  PASS  test_frozen_domains_history_relations_and_projection_witnesses
  PASS  test_null_all_extents_and_bucket_shapes
  PASS  test_every_field_at_every_physical_row
  PASS  test_full_capacity_and_present_identity_endpoints
  PASS  test_retained_inactive_history_all_rows
  PASS  test_paired_priorities_not_just_acceptance
CI_SUITE_TIME {"assertions":16230,"failures":0,"suite":"test_save_owner_fishing.gd","tests":7,"usec":358230}
test_save_owner_needs.gd
  PASS  test_test_mapping_names_match_all_twenty_declared_fields
  PASS  test_every_field_has_an_independent_invalid_value_witness
  PASS  test_actual_declared_defaults_pass_but_arbitrary_zero_frame_does_not
  PASS  test_death_equivalence_refuses_all_non_dead_statuses_at_zero_health
  PASS  test_valid_dead_row_does_not_consume_living_capacity
  PASS  test_normal_injury_activity_and_starvation_history_remain_legal
  PASS  test_retained_inactive_environment_and_departure_counter_are_not_zeroed
  PASS  test_signed_extrema_and_both_remainder_edges
  PASS  test_null_inputs_are_total_and_refused_owner_is_unchanged
  PASS  test_bridge_owner_and_shape_preflight
  PASS  test_living_cap_and_first_refusal_across_distinct_rows
  PASS  test_every_byte_domain_upper_edge_and_large_byte
  PASS  test_positive_range_limits_and_negative_i64_extrema
  PASS  test_all_column_shapes_and_bucket_counts_refuse_before_projection
  PASS  test_each_typed_bucket_requires_its_exact_column_count
CI_SUITE_TIME {"assertions":6283,"failures":0,"suite":"test_save_owner_needs.gd","tests":15,"usec":230254}
test_save_owner_schedule.gd
  PASS  test_exact_field_layout_and_nonzero_empty_defaults
  PASS  test_six_independent_mapping_witnesses
  PASS  test_every_hourly_byte_and_each_i32_row_is_checked
  PASS  test_all_local_template_and_activity_values_and_signed_extrema
  PASS  test_unresolved_and_latched_state_implications
  PASS  test_free_rows_require_exact_anything_defaults_at_both_ends
  PASS  test_refusal_precedence_is_global_across_distinct_rows
  PASS  test_all512_present_rows_remain_valid
  PASS  test_public_edits_reassignment_and_failed_resolution_preserve_history
  PASS  test_shared_inactive_reader_preserves_address_and_presence_guards
  PASS  test_every_extent_is_checked_before_domains
  PASS  test_null_wrong_owner_and_typed_bucket_shapes
CI_SUITE_TIME {"assertions":17060,"failures":0,"suite":"test_save_owner_schedule.gd","tests":12,"usec":2161908}
test_save_section_01.gd
  PASS  test_the_nine_owners_their_versions_and_their_counts_are_the_ruled_ones
  PASS  test_only_resource_nodes_moved_to_owner_schema_two
  PASS  test_every_wrapper_block_and_payload_offset_matches_the_ruling
  PASS  test_the_section_arithmetic_is_the_rulings_and_the_table_agrees_with_itself
  PASS  test_resource_nodes_declares_one_field_and_the_three_scratch_arrays_are_absent
  PASS  test_every_declared_field_lands_at_the_rulings_count_and_value_offsets
  PASS  test_the_section_carries_forty_four_stored_fields_and_thirty_six_records
  PASS  test_the_encoded_section_is_exactly_the_ruled_length
  PASS  test_the_provenance_prefix_and_store_count_sit_at_their_absolute_offsets
  PASS  test_every_wrapper_is_pinned_at_its_absolute_offset
  PASS  test_every_element_count_prefix_is_pinned_at_its_absolute_offset
  PASS  test_the_two_fixed_format_payloads_carry_no_count_prefix
  PASS  test_the_weather_block_is_one_aggregate_row_of_eight_and_two
  PASS  test_the_mixed_grid_owners_declare_grid_primary_counts_not_singletons
  PASS  test_the_module_declares_no_float_path
  PASS  test_every_owner_round_trips_with_boundary_sentinels_intact
  PASS  test_a_decoded_section_re_encodes_to_the_same_bytes
  PASS  test_the_section_decodes_at_the_offset_a_real_file_puts_it_at
  PASS  test_a_store_count_other_than_nine_is_refused
  PASS  test_two_owner_keys_swapped_in_place_are_refused
  PASS  test_a_wrong_key_byte_count_is_refused
  PASS  test_a_wrong_owner_schema_version_is_refused_for_each_owner
  PASS  test_a_wrong_primary_count_or_payload_length_is_refused
  PASS  test_singleton_primary_counts_for_the_mixed_grids_are_rejected
  PASS  test_every_element_count_prefix_must_equal_its_declared_count
  PASS  test_a_section_one_byte_short_is_refused_rather_than_measured
  PASS  test_a_refused_decode_leaves_the_callers_state_byte_identical
  PASS  test_an_out_of_domain_value_is_refused_by_its_owners_own_validator
  PASS  test_changing_only_the_deposit_scratch_changes_no_section_byte
  PASS  test_a_placement_that_really_lands_does_change_the_section
  PASS  test_the_resource_adapter_refuses_each_scratch_field_by_name
  PASS  test_legacy_nine_adapters_do_not_claim_the_underground_owner
  PASS  test_every_declared_section_one_record_is_supplied_at_its_declared_count
  PASS  test_an_unknown_field_key_is_refused_by_every_owner_adapter
  PASS  test_the_runtime_adapter_emits_four_records_and_never_debt
  PASS  test_a_published_seed_must_agree_with_provenance_and_with_the_runtime
  PASS  test_an_unpublished_map_asserts_nothing_about_the_seed
  PASS  test_a_validated_section_restores_into_a_second_world_and_captures_identically
  PASS  test_a_refused_restore_leaves_the_target_world_unchanged
  PASS  test_a_restore_that_refuses_late_still_leaves_the_earlier_owners_alone
  PASS  test_an_unbound_store_refuses_rather_than_skipping_an_owner
CI_SUITE_TIME {"assertions":872,"failures":0,"suite":"test_save_section_01.gd","tests":41,"usec":15261161}
test_save_section_component_columns.gd
  PASS  test_zero_wire_stream_matches_independent_bytes
  PASS  test_signed_boundary_pattern_stream_preserves_every_column
  PASS  test_descriptor_preflight_refuses_before_any_fragment
  PASS  test_initial_decode_read_sizes_are_literal_protocol_boundaries
  PASS  test_each_wrapper_member_is_checked_before_owner_allocation
  PASS  test_fragment_sizes_and_early_finish_do_not_advance
  PASS  test_encoder_requires_expected_owner_and_complete_shape
  PASS  test_setters_snapshot_input_and_refuse_type_or_extent_without_changes
  PASS  test_field_count_must_match_before_values
  PASS  test_null_outputs_and_wrong_states_are_sticky
  PASS  test_encoder_preflight_early_bind_and_finish
  PASS  test_ready_owner_requires_transfer_before_any_more_input
  PASS  test_transferred_record_survives_later_refusal
  PASS  test_typed_setters_snapshot_signed_extrema_and_shape_checks_buckets
  PASS  test_component_sources_keep_integer_conversion_paths
CI_SUITE_TIME {"assertions":9129,"failures":0,"suite":"test_save_section_component_columns.gd","tests":15,"usec":1369630}
test_ui_layout.gd
  PASS  test_base_scale_is_clamped_between_one_and_two
  PASS  test_effective_scale_multiplies_the_user_scale_in
  PASS  test_the_three_breakpoints_are_the_documented_logical_widths
  PASS  test_the_1280_by_720_composition_matches_every_published_span
  PASS  test_those_rectangles_do_not_overlap
  PASS  test_the_minimum_tested_logical_width_still_fits_the_command_strip
  PASS  test_every_supported_viewport_and_scale_keeps_the_hud_in_bounds
  PASS  test_commands_never_overlap_the_detail_panel_or_the_minimap
  PASS  test_an_unsupported_user_scale_is_refused_rather_than_rounded
  PASS  test_a_viewport_below_the_supported_floor_is_refused_not_clamped
  PASS  test_the_resource_cluster_lays_out_six_counters_in_three_columns
  PASS  test_a_seventh_counter_cell_is_refused_rather_than_placed_outside
  PASS  test_the_narrow_time_row_fits_its_256_pixel_cluster
  PASS  test_the_standard_time_cluster_uses_two_rows
  PASS  test_the_alert_stack_fits_two_cards_and_keeps_its_history_rail
  PASS  test_the_narrow_alert_zone_holds_exactly_one_card_at_y_seventy_six
  PASS  test_a_narrow_card_summarises_even_when_its_content_would_fit
  PASS  test_two_long_standard_cards_cannot_overlap
  PASS  test_a_card_that_fills_the_zone_leaves_no_room_for_a_second_one
  PASS  test_two_short_cards_keep_the_existing_wide_composition
  PASS  test_alert_r02_packs_the_four_cases_its_consequences_list
  PASS  test_the_narrow_zone_interior_is_one_card_so_its_ceiling_equals_its_floor
  PASS  test_no_measured_content_makes_a_narrow_card_show_its_full_text
  PASS  test_no_packed_card_can_be_drawn_outside_its_own_zone
  PASS  test_the_stack_refuses_a_count_it_has_no_measurements_for
  PASS  test_a_stack_asked_for_no_cards_places_none
  PASS  test_the_summary_interior_accounts_for_the_icon_the_gaps_and_the_rail
  PASS  test_the_alert_stack_refuses_a_profile_it_has_no_zone_for
  PASS  test_the_modal_frame_is_centred_and_capped
  PASS  test_the_resource_frame_ends_at_y144_at_every_supported_profile
  PASS  test_the_time_cluster_did_not_grow_with_the_resource_frame
  PASS  test_each_profile_reserves_the_authored_value_width_inside_its_cell
  PASS  test_the_two_lines_and_their_padding_fit_the_fifty_six_pixel_cell
  PASS  test_the_caption_line_reserves_its_icon_its_gap_and_nothing_else
  PASS  test_the_resource_focus_ring_stays_inside_its_own_cell
  PASS  test_the_narrow_expand_button_moved_down_with_the_taller_rows
  PASS  test_a_forty_four_pixel_card_cannot_hold_one_line_beside_its_own_icon
  PASS  test_the_narrow_summary_keeps_its_forty_four_pixel_card_in_a_forty_eight_pixel_zone
  PASS  test_both_standard_cards_are_reachable_rather_than_merely_placed
  PASS  test_the_management_band_is_152_at_every_supported_profile
  PASS  test_a_refused_geometry_leaves_no_management_band_behind
  PASS  test_the_ordinary_workspace_clears_the_alert_zone_and_the_resource_frame
  PASS  test_the_ordinary_workspace_takes_four_twos_own_dimensions
  PASS  test_a_short_content_column_does_not_stretch_the_workspace_frame
  PASS  test_the_open_detail_column_pushes_the_workspace_off_it
  PASS  test_the_minimum_logical_viewport_uses_the_compact_management_variant
  PASS  test_the_compact_variant_still_starts_below_the_reserved_band
CI_SUITE_TIME {"assertions":2454,"failures":0,"suite":"test_ui_layout.gd","tests":47,"usec":27528}
test_ui_manager.gd
  PASS  test_food_days_reaches_the_label_exactly_as_the_economy_derived_it
  PASS  test_every_supplied_counter_matches_the_starter_fixture
  PASS  test_an_unpopulated_food_days_reaches_the_label_as_the_marker
  PASS  test_the_counters_track_the_stores_rather_than_a_constant
  PASS  test_a_lost_population_returns_the_label_to_the_marker
  PASS  test_status_readout_forwards_the_game_managers_own_values
EXPECTED ERROR: UIManager.register_hud() was given null; the HUD will not update.
   at: push_error (core/variant/variant_utility.cpp:1023)
   GDScript backtrace (most recent call first):
       [0] register_hud (res://scripts/systems/ui_manager.gd:159)
       [1] test_register_hud_refuses_null_and_stays_unbound (res://test/test_ui_manager.gd:262)
       [2] _run_test (res://test/run_tests.gd:194)
       [3] _run_suite (res://test/run_tests.gd:168)
       [4] _run_suite (/home/runner/work/redwall-rts/redwall-rts/tools/ci_test_shard_runner.gd:30)
       [5] _run_worker (res://test/run_tests.gd:121)
       [6] _initialize (res://test/run_tests.gd:108)
  PASS  test_register_hud_refuses_null_and_stays_unbound
  PASS  test_unregister_hud_stops_further_repaints
  PASS  test_a_freed_hud_is_never_written_to
  PASS  test_depletion_and_diagnostics_reach_the_alert_zone
  PASS  test_the_world_opens_paused_for_inspection_with_the_player_reason
  PASS  test_the_opening_pause_retains_the_requested_speed
  PASS  test_the_first_resume_hands_time_to_the_player_and_is_not_undone
  PASS  test_the_opening_pause_refuses_before_the_clock_has_started
  PASS  test_the_interface_exposes_a_command_bridge_and_starts_with_no_orders
  PASS  test_a_refusal_reaches_the_accessible_error_display_with_its_code
  PASS  test_an_unknown_refusal_code_is_still_displayed_rather_than_swallowed
  PASS  test_the_create_action_generates_the_authored_world_into_the_live_stores
  PASS  test_a_generated_world_is_populated_and_beds_stay_unpopulated
  PASS  test_create_materialises_the_starter_colony_and_rebinds_the_stores_to_it
  PASS  test_create_repaints_the_new_settlements_figures
  PASS  test_a_create_refused_before_its_reset_keeps_the_running_stores
  PASS  test_a_create_that_loses_the_old_colony_drops_the_stores_it_owned
  PASS  test_a_create_whose_colony_refuses_leaves_nothing_half_made
  PASS  test_create_stands_the_cohort_exactly_where_boot_stands_it
  PASS  test_the_generation_report_reaches_the_player_with_its_own_counts
  PASS  test_a_refused_generation_reports_the_generators_own_code
  PASS  test_the_roster_lists_the_living_residents_from_the_store
  PASS  test_choosing_a_roster_row_opens_that_residents_real_detail
  PASS  test_all_five_need_rows_reach_the_card_for_a_real_resident
  PASS  test_all_five_need_rows_carry_a_published_rate_on_screen
  PASS  test_a_real_residents_species_medallion_is_loaded_and_identified_as_generic
  PASS  test_the_card_states_that_age_is_unavailable_rather_than_inventing_one
  PASS  test_health_and_activity_reach_their_own_lines_from_the_stores
  PASS  test_an_empty_settlement_shows_no_roster_rows_rather_than_placeholders
  PASS  test_an_absent_residents_store_is_unpopulated_and_an_empty_one_is_zero
  PASS  test_a_refused_generation_becomes_an_error_notice_with_the_ruling_s_title
  PASS  test_the_refusal_still_fills_the_error_panel_as_well_as_the_card
  PASS  test_a_command_refusal_is_retained_as_a_retrievable_error_notice
  PASS  test_a_depletion_names_the_item_as_its_source_so_two_items_stay_two_notices
  PASS  test_create_still_succeeds_in_a_running_game
  PASS  test_create_still_succeeds_while_a_demolition_is_admitted
  PASS  test_the_create_button_gives_the_cohort_persistent_ids_one_to_twelve
  PASS  test_a_roster_row_caches_the_generation_and_persistent_id_of_its_resident
  PASS  test_a_reused_slot_refuses_the_stale_click_instead_of_selecting_the_replacement
  PASS  test_the_reused_slot_refusal_reaches_the_player_as_its_own_notice
  PASS  test_a_refreshed_roster_selects_the_resident_that_now_holds_the_reused_slot
  PASS  test_an_emptied_roster_slot_still_refuses_with_the_stale_code
  PASS  test_a_replaced_directory_identity_refuses_even_though_the_reference_validates
CI_SUITE_TIME {"assertions":328,"failures":0,"suite":"test_ui_manager.gd","tests":49,"usec":11920679}
test_underground_furniture_work.gd
  PASS  test_real_paid_work_installs_presence_and_matching_geometry_exactly_once
  PASS  test_direct_installation_retirement_and_fake_callbacks_never_supply_paid_completion
  PASS  test_room_purpose_and_complete_shell_both_gate_admission
  PASS  test_unstarted_cancellation_removes_only_its_actual_furniture_source
  PASS  test_started_blocked_refund_retains_physical_source_then_settles_exact_real_refund
  PASS  test_current_contact_refusal_stops_work_before_material_xp_wear_or_progress_changes
  PASS  test_completion_contact_refusal_preserves_earned_work_wip_and_pending_geometry_for_retry
  PASS  test_late_foreign_binding_and_expired_coordinator_do_not_reuse_numeric_refs
  PASS  test_stale_furniture_generation_never_retargets_a_live_project
  PASS  test_pause_keeps_pending_room_geometry_and_real_paid_work_until_resume
  PASS  test_wrong_project_discard_and_direct_prepared_publish_leave_other_candidate_owned
  PASS  test_zero_accepted_and_post_gate_work_failure_discard_the_actual_room_candidate
  PASS  test_rebuilt_furniture_has_a_fresh_identity_and_requires_its_full_real_recipe_again
  PASS  test_shared_cold_refusal_precedes_all_candidate_domain_and_handle_copies
  PASS  test_nested_shared_cold_owner_is_preserved_and_geometry_busy_attempt_releases_its_own_lease
CI_SUITE_TIME {"assertions":4628,"failures":0,"suite":"test_underground_furniture_work.gd","tests":15,"usec":3842247}
test_underground_work_face.gd
  PASS  test_exact_complete_corridor_and_authored_stroke_reach_one_solid_face
  PASS  test_max_face_is_a_legal_exact_plane_without_reversing_already_oriented_boxes
  PASS  test_interior_one_unit_void_hole_blocks_approach_even_when_endpoints_fit
  PASS  test_actual_support_and_negative_body_residual_are_never_clipped
  PASS  test_stroke_cannot_enter_a_second_solid_cube_or_floor
  PASS  test_full_profile_endpoint_and_face_identity_are_mandatory
  PASS  test_final_callback_drift_refuses_actual_replacement_and_mutated_input
  PASS  test_foreign_arena_or_unbound_sources_never_allocate_geometry_permission
  PASS  test_finite_scan_exhaustion_never_becomes_clearance
  PASS  test_original_lease_must_cover_the_whole_packet_before_private_copies
  PASS  test_reentry_poison_survives_final_otherwise_valid_source_read
  PASS  test_complete_contact_patch_must_fit_one_face_with_the_matching_normal
  PASS  test_first_endpoint_callback_replaced_lease_stops_before_later_reads
  PASS  test_final_endpoint_callback_cannot_hide_new_actual_terrain_exclusions
  PASS  test_final_endpoint_callback_cannot_hide_retained_actual_building_drift
  PASS  test_region_callback_expired_lease_stops_before_target_terrain_observation
  PASS  test_snapshot_source_callback_expired_lease_refuses_before_actual_image_allocation
CI_SUITE_TIME {"assertions":185,"failures":0,"suite":"test_underground_work_face.gd","tests":17,"usec":8764875}
test_underground_world_identities.gd
  PASS  test_empty_registered_kitchen_has_identity_without_service_or_physical_permission
  PASS  test_unregistered_stale_and_changed_purpose_rooms_refuse
  PASS  test_live_surface_room_cannot_be_borrowed_as_an_underground_room
  PASS  test_actual_job_assignment_is_read_live_and_released_without_retaining_previous_worker
  PASS  test_wrong_site_job_generation_and_requester_cannot_supply_an_assignment
  PASS  test_worker_generation_and_reciprocal_agent_mirror_are_mandatory
  PASS  test_retired_world_and_unbound_composer_never_return_room_or_worker_identity
  PASS  test_structural_scope_requires_the_exact_operation_stage_and_full_site_room
  PASS  test_replacement_cold_scope_cannot_reuse_old_operation_or_token
CI_SUITE_TIME {"assertions":131,"failures":0,"suite":"test_underground_world_identities.gd","tests":9,"usec":4070101}
test_weather.gd
  PASS  test_row_width_matches_the_schema
  PASS  test_a_new_store_has_no_event_and_no_forecast
  PASS  test_clear_returns_a_used_row_to_empty
  PASS  test_event_ids_are_the_generated_ascii_order
  PASS  test_the_event_keys_are_in_compiled_id_order
  PASS  test_the_selection_traversal_is_the_printed_order_not_the_id_order
  PASS  test_event_weights_are_the_raw_stated_integers
  PASS  test_event_durations_are_the_stated_days
  PASS  test_start_day_is_six_except_early_frost_at_ten
  PASS  test_forecast_day_is_three_days_before_the_start
  PASS  test_eligible_seasons_match_the_stated_column
  PASS  test_eligible_counts_match_the_stated_column
  PASS  test_weight_sums_are_the_ruled_values
  PASS  test_weight_sum_equals_the_hand_added_eligible_weights
  PASS  test_every_roll_of_every_season_maps_to_the_ruled_row
  PASS  test_both_sides_of_every_interval_boundary
  PASS  test_the_comparison_is_strictly_less_than_cumulative
  PASS  test_each_interval_is_exactly_as_wide_as_its_raw_weight
  PASS  test_a_roll_outside_the_weight_sum_is_refused
  PASS  test_an_invalid_season_is_refused_by_the_mapping
  PASS  test_the_forced_first_spring_consumes_no_draw
  PASS  test_an_ordinary_season_consumes_exactly_one_draw
  PASS  test_selection_replays_the_stream_without_reseeding
  PASS  test_a_season_change_does_not_reseed_the_stream
  PASS  test_selection_touches_no_other_stream
  PASS  test_the_module_uses_the_weather_stream
  PASS  test_a_refused_schedule_consumes_no_draw
  PASS  test_an_unseeded_rng_is_refused_without_writing_the_row
  PASS  test_the_same_seed_replays_the_same_seasons
  PASS  test_is_forced_first_spring_names_year_one_spring_only
  PASS  test_the_forecast_is_not_due_before_three_days_out
  PASS  test_the_disclosed_forecast_holds_event_start_and_duration
  PASS  test_disclosure_is_idempotent_and_consumes_no_draw
  PASS  test_early_frost_is_disclosed_on_day_seven
  PASS  test_disclosure_without_a_scheduled_event_is_refused
  PASS  test_scheduling_a_new_event_clears_the_previous_forecast
  PASS  test_the_event_window_covers_start_through_start_plus_duration_minus_one
  PASS  test_early_frost_occupies_days_ten_and_eleven
  PASS  test_an_out_of_range_day_is_never_active
  PASS  test_season_baseline_temperatures_are_the_stated_tenths
  PASS  test_season_baseline_rain_is_the_stated_column
  PASS  test_daylight_windows_match_the_stated_hours
  PASS  test_both_sides_of_every_daylight_boundary
  PASS  test_an_hour_outside_the_day_is_never_daylight
  PASS  test_the_darkness_work_factor_is_seven_hundred_and_fifty_per_thousand
  PASS  test_winter_hunger_demand_is_multiplied_by_one_point_two
  PASS  test_ideal_spell_temperature_is_eighteen_degrees_except_two_in_winter
  PASS  test_heavy_rain_is_three_degrees_below_its_season_baseline
  PASS  test_the_absolute_event_temperatures_are_the_stated_degrees
  PASS  test_blight_and_calm_days_leave_the_baseline_temperature_alone
  PASS  test_no_event_reports_the_plain_season_baseline
  PASS  test_event_rain_follows_the_stated_additions
  PASS  test_an_ineligible_event_is_refused_rather_than_evaluated
  PASS  test_the_reported_effect_factors_are_the_stated_numbers
  PASS  test_effect_factors_are_neutral_with_no_event_and_refused_for_a_non_row
  PASS  test_the_stated_access_flags_belong_to_one_row_each
  PASS  test_affected_system_masks_name_each_rows_stated_effects
  PASS  test_blight_is_reported_active_only_inside_its_window
  PASS  test_a_non_blight_event_never_reports_blight
  PASS  test_daily_evaporation_is_six_hundred_and_nine_hundred_in_summer
  PASS  test_the_net_daily_moisture_change_evaporates_before_rain
  PASS  test_the_published_moisture_probe_is_reproduced_day_by_day
  PASS  test_moisture_is_clamped_to_the_stated_range
  PASS  test_a_moisture_outside_the_stated_range_is_refused
  PASS  test_the_daily_row_records_the_baseline_outside_the_event_window
  PASS  test_the_daily_row_records_the_event_inside_its_window
  PASS  test_refresh_daily_refuses_an_impossible_day_or_season
  PASS  test_refresh_daily_never_applies_another_seasons_event
  PASS  test_ending_an_event_removes_its_modifiers_and_keeps_the_forecast
  PASS  test_ending_an_event_twice_is_refused_and_consumes_no_draw
  PASS  test_an_ended_event_leaves_the_window_readers_empty
  PASS  test_season_days_run_from_one_to_twelve
  PASS  test_the_season_enum_comes_from_the_protected_catalog_table
  PASS  test_the_season_boundary_is_the_exact_midnight_of_a_new_season
  PASS  test_an_ordinary_midnight_is_not_a_season_boundary
  PASS  test_the_amended_row_is_eight_i32_columns_plus_two_i64_columns
  PASS  test_a_cleared_row_has_no_temporal_identity_at_all
  PASS  test_the_absolute_season_is_the_floor_of_day_minus_one_over_twelve
  PASS  test_the_matching_season_ordinal_is_the_absolute_season_modulo_four
  PASS  test_a_scheduled_event_is_not_active_in_another_absolute_season
  PASS  test_the_event_window_is_half_open_at_start_plus_duration
  PASS  test_the_scheduled_once_latch_refuses_a_second_draw_for_one_season
  PASS  test_the_latch_survives_expiry_and_moves_only_on_a_new_schedule
  PASS  test_a_disclosed_forecast_keeps_its_absolute_season_after_expiry
  PASS  test_disclosure_refuses_a_season_the_row_was_not_scheduled_for
  PASS  test_the_forced_first_spring_refuses_any_other_absolute_season
  PASS  test_the_twelve_effect_bits_are_the_ruled_positions_zero_to_eleven
  PASS  test_the_effect_mask_strips_mussel_harvest_for_non_summer_blight
  PASS  test_a_temperature_or_rain_event_is_never_reported_as_crops_only
  PASS  test_calm_days_has_no_modifiers_and_still_gets_its_forecast
  PASS  test_closes_mussel_harvest_on_is_summer_blight_and_nothing_else
  PASS  test_a_non_blight_event_never_closes_the_mussel_harvest
  PASS  test_an_old_snapshot_without_season_identity_is_refused
  PASS  test_a_snapshot_season_that_its_event_contradicts_is_refused
  PASS  test_adopting_a_consistent_snapshot_identity_writes_both_columns
  PASS  test_an_event_eligible_in_several_seasons_is_named_as_such
  PASS  test_the_event_catalog_is_verifiable_for_the_boundary_preflight
CI_SUITE_TIME {"assertions":1377,"failures":0,"suite":"test_weather.gd","tests":97,"usec":50778}
test_weir_fit.gd
  PASS  test_the_span_runs_to_each_waterline
  PASS  test_the_stream_margin_is_the_maps_own
  PASS  test_the_ends_move_out_to_stand_past_each_waterline
  PASS  test_the_ends_move_and_the_plain_wall_fills_the_gaps
  PASS  test_a_stretched_copy_turns_its_normals_and_tangents_with_it
  PASS  test_no_gap_no_copies
  PASS  test_the_foot_reaches_the_bed_and_the_crest_stays
  PASS  test_the_sill_spans_the_weir_and_stands_on_the_bed
  PASS  test_the_placed_weir_reaches_both_banks_and_the_bed
  PASS  test_the_weir_stands_in_its_reach_clear_of_the_landings
CI_SUITE_TIME {"assertions":1600,"failures":0,"suite":"test_weir_fit.gd","tests":10,"usec":2666192}
test_world_material_targets.gd
  PASS  test_the_ground_wears_its_world_targets
  PASS  test_the_water_and_the_bank_wear_their_world_targets
  PASS  test_every_target_sits_in_its_value_group
  PASS  test_value_is_linear_luminance
  PASS  test_no_world_material_claims_the_ui_lock
CI_SUITE_TIME {"assertions":68,"failures":0,"suite":"test_world_material_targets.gd","tests":5,"usec":1032020}
[EntityManager] ready
[GameManager] ready
[SettlementSystem] ready
[EconomySystem] ready
[UIManager] ready


1286 test(s), 80817 assertion(s), 0 failure(s)
diagnostics: 0 unexpected error(s), 0 unexpected warning(s), 2 expected, 3 tolerated; leaked at exit: 0 object(s), 0 resource(s)
[EntityManager] ready
[GameManager] ready
[SettlementSystem] ready
[EconomySystem] ready
[UIManager] ready
log: 0 unexpected error(s), 0 unexpected warning(s); leaked at exit: 0 object(s), 0 resource(s).
ok: 1286 tests, 80817 assertions, 0 failures.
