{"handoff": 1, "checks": 83039, "unresolved": 0}
{"handoff": 2, "checks": 83886, "unresolved": 0}
{"handoff": 3, "checks": 84713, "unresolved": 0}
{"handoff": 4, "checks": 85518, "unresolved": 0}
{"handoff": 5, "checks": 86276, "unresolved": 0}
{"handoff": 6, "checks": 86958, "unresolved": 0}
{"handoff": 7, "checks": 87483, "unresolved": 0}
{"handoff": 8, "checks": 87862, "unresolved": 0}
{"handoff": 9, "checks": 88107, "unresolved": 0}
{"handoff": 10, "checks": 88334, "unresolved": 0}
{"handoff": 11, "checks": 88671, "unresolved": 0}
{"handoff": 12, "checks": 89109, "unresolved": 0}
{"handoff": 13, "checks": 89618, "unresolved": 0}
{"handoff": 14, "checks": 90274, "unresolved": 0}
{"handoff": 15, "checks": 90980, "unresolved": 0}
{"handoff": 16, "checks": 91833, "unresolved": 0}
{"handoff": 17, "checks": 92910, "unresolved": 0}
{"handoff": 18, "checks": 94279, "unresolved": 0}
{"handoff": 19, "checks": 95765, "unresolved": 0}
{"handoff": 20, "checks": 97121, "unresolved": 0}
{"handoff": 21, "checks": 98289, "unresolved": 0}
{"handoff": 22, "checks": 99240, "unresolved": 0}
{"handoff": 23, "checks": 100502, "unresolved": 0}
{"handoff": 24, "checks": 102859, "unresolved": 0}
{"handoff": 25, "checks": 107018, "unresolved": 0}
{"handoff": 26, "checks": 113218, "unresolved": 0}
{"handoff": 27, "checks": 121224, "unresolved": 0}
{"handoff": 28, "checks": 131212, "unresolved": 0}
{"handoff": 29, "checks": 142997, "unresolved": 0}
{"handoff": 30, "checks": 156535, "unresolved": 0}
{"handoff": 31, "checks": 171664, "unresolved": 0}
{"handoff": 32, "checks": 187844, "unresolved": 0}
{"handoff": 33, "checks": 204689, "unresolved": 0}
{"handoff": 34, "checks": 222730, "unresolved": 0}
{"handoff": 35, "checks": 242017, "unresolved": 0}
{"handoff": 36, "checks": 262304, "unresolved": 0}
{"handoff": 37, "checks": 282705, "unresolved": 0}
{"handoff": 38, "checks": 302043, "unresolved": 0}
{"handoff": 39, "checks": 319614, "unresolved": 0}
{"handoff": 40, "checks": 335465, "unresolved": 0}
{"handoff": 41, "checks": 349752, "unresolved": 0}
{"handoff": 42, "checks": 362151, "unresolved": 0}
{"handoff": 43, "checks": 372697, "unresolved": 0}
{"handoff": 44, "checks": 382670, "unresolved": 0}
{"handoff": 45, "checks": 392869, "unresolved": 0}
{"handoff": 46, "checks": 402531, "unresolved": 0}
{"handoff": 47, "checks": 411498, "unresolved": 0}
{"handoff": 48, "checks": 419804, "unresolved": 0}
{"handoff": 49, "checks": 427022, "unresolved": 0}
{"handoff": 50, "checks": 433933, "unresolved": 0}
{"handoff": 51, "checks": 441116, "unresolved": 0}
{"handoff": 52, "checks": 448365, "unresolved": 0}
{"handoff": 53, "checks": 455650, "unresolved": 0}
{"handoff": 54, "checks": 462365, "unresolved": 0}
{"handoff": 55, "checks": 468376, "unresolved": 0}
{"handoff": 56, "checks": 473287, "unresolved": 0}
{"handoff": 57, "checks": 476892, "unresolved": 0}
{"handoff": 58, "checks": 483166, "unresolved": 0}
{"handoff": 59, "checks": 495922, "unresolved": 0}
{"handoff": 60, "checks": 515370, "unresolved": 0}
{"handoff": 61, "checks": 540085, "unresolved": 0}
{"handoff": 62, "checks": 569289, "unresolved": 0}
{"handoff": 63, "checks": 605307, "unresolved": 0}
{"handoff": 64, "checks": 646694, "unresolved": 0}
{"handoff": 65, "checks": 692146, "unresolved": 0}
{"handoff": 66, "checks": 740894, "unresolved": 0}
{"handoff": 67, "checks": 794550, "unresolved": 0}
{"handoff": 68, "checks": 862049, "unresolved": 0}
{"handoff": 69, "checks": 946508, "unresolved": 0}
{"handoff": 70, "checks": 1046543, "unresolved": 0}
{"handoff": 71, "checks": 1158977, "unresolved": 0}
{"handoff": 72, "checks": 1275980, "unresolved": 0}
{"handoff": 73, "checks": 1394993, "unresolved": 0}
{"handoff": 74, "checks": 1514373, "unresolved": 0}
{"handoff": 75, "checks": 1633033, "unresolved": 0}
{"handoff": 76, "checks": 1750482, "unresolved": 0}
{"handoff": 77, "checks": 1864589, "unresolved": 0}
{"handoff": 78, "checks": 1973837, "unresolved": 0}
{"handoff": 79, "checks": 2078990, "unresolved": 0}
{"handoff": 80, "checks": 2180339, "unresolved": 0}
{"handoff": 81, "checks": 2281124, "unresolved": 0}
{"handoff": 82, "checks": 2381838, "unresolved": 0}
{"handoff": 83, "checks": 2481206, "unresolved": 0}
{"handoff": 84, "checks": 2582515, "unresolved": 0}
{"handoff": 85, "checks": 2685207, "unresolved": 0}
{"handoff": 86, "checks": 2788856, "unresolved": 0}
{"handoff": 87, "checks": 2893875, "unresolved": 0}
{"handoff": 88, "checks": 3000582, "unresolved": 0}
{"handoff": 89, "checks": 3106573, "unresolved": 0}
{"handoff": 90, "checks": 3208933, "unresolved": 0}
{"handoff": 91, "checks": 3303369, "unresolved": 0}
{"handoff": 92, "checks": 3388062, "unresolved": 0}
{"handoff": 93, "checks": 3461145, "unresolved": 0}
{"handoff": 94, "checks": 3522084, "unresolved": 0}
{"handoff": 95, "checks": 3574376, "unresolved": 0}
{"handoff": 96, "checks": 3619569, "unresolved": 0}
{"handoff": 97, "checks": 3657256, "unresolved": 0}
{"handoff": 98, "checks": 3688902, "unresolved": 0}
{"handoff": 99, "checks": 3714535, "unresolved": 0}
{"handoff": 100, "checks": 3733318, "unresolved": 0}
{"handoff": 101, "checks": 3746540, "unresolved": 0}
{"handoff": 102, "checks": 3756069, "unresolved": 0}
{"handoff": 103, "checks": 3762784, "unresolved": 0}
{"handoff": 104, "checks": 3767767, "unresolved": 0}
{"handoff": 105, "checks": 3771734, "unresolved": 0}
{"handoff": 106, "checks": 3774924, "unresolved": 0}
{"handoff": 107, "checks": 3777371, "unresolved": 0}
{"handoff": 108, "checks": 3779353, "unresolved": 0}
{"handoff": 109, "checks": 3780838, "unresolved": 0}
{"handoff": 110, "checks": 3782015, "unresolved": 0}
{"handoff": 111, "checks": 3782801, "unresolved": 0}
{"handoff": 112, "checks": 3783428, "unresolved": 0}
{"handoff": 113, "checks": 3784132, "unresolved": 0}
{"handoff": 114, "checks": 3784984, "unresolved": 0}
{"handoff": 115, "checks": 3785974, "unresolved": 0}
{"handoff": 116, "checks": 3787079, "unresolved": 0}
{"handoff": 117, "checks": 3788232, "unresolved": 0}
{"handoff": 118, "checks": 3789308, "unresolved": 0}
{"handoff": 119, "checks": 3790375, "unresolved": 0}
{"handoff": 120, "checks": 3791479, "unresolved": 0}
{"handoff": 121, "checks": 3792564, "unresolved": 0}
{"handoff": 122, "checks": 3793621, "unresolved": 0}
{"handoff": 123, "checks": 3876660, "unresolved": 0}
{"handoff": 124, "checks": 3960153, "unresolved": 0}
{"handoff": 125, "checks": 4029907, "unresolved": 0}
{"handoff": 126, "checks": 4088661, "unresolved": 0}
{"handoff": 127, "checks": 4137438, "unresolved": 0}
{"handoff": 128, "checks": 4174691, "unresolved": 0}
{"handoff": 129, "checks": 4202097, "unresolved": 0}
{"handoff": 130, "checks": 4222188, "unresolved": 0}
{"handoff": 131, "checks": 4236805, "unresolved": 0}
{"handoff": 132, "checks": 4250770, "unresolved": 0}
{"handoff": 133, "checks": 4268464, "unresolved": 0}
{"handoff": 134, "checks": 4292158, "unresolved": 0}
{"handoff": 135, "checks": 4327222, "unresolved": 0}
{"handoff": 136, "checks": 4383965, "unresolved": 0}
{"handoff": 137, "checks": 4463633, "unresolved": 0}
{"handoff": 138, "checks": 4571681, "unresolved": 0}
{"handoff": 139, "checks": 4713418, "unresolved": 0}
{"handoff": 140, "checks": 4888191, "unresolved": 0}
{"handoff": 141, "checks": 5077018, "unresolved": 0}
{"handoff": 142, "checks": 5274763, "unresolved": 0}
{"handoff": 143, "checks": 5473878, "unresolved": 0}
{"handoff": 144, "checks": 5704621, "unresolved": 0}
{"handoff": 145, "checks": 5943273, "unresolved": 0}
{"handoff": 146, "checks": 6175182, "unresolved": 0}
{"handoff": 147, "checks": 6418435, "unresolved": 0}
{"handoff": 148, "checks": 6685150, "unresolved": 0}
{"handoff": 149, "checks": 6957220, "unresolved": 0}
{"handoff": 150, "checks": 7215016, "unresolved": 0}
{"handoff": 151, "checks": 7427555, "unresolved": 0}
{"handoff": 152, "checks": 7615255, "unresolved": 0}
{"handoff": 153, "checks": 7767498, "unresolved": 0}
{"handoff": 154, "checks": 7879262, "unresolved": 0}
{"handoff": 155, "checks": 7962301, "unresolved": 0}
{
  "clear": true,
  "checks": 7962301,
  "floor": null
}
