{
  "roles": {
    "stand": {
      "BODY_HELD_LOAD": [
        [
          -720,
          0,
          -720,
          720,
          930,
          720
        ],
        [
          -402,
          -1,
          -402,
          402,
          0,
          402
        ],
        [
          -1159,
          355,
          -1159,
          1159,
          1036,
          1159
        ]
      ],
      "STANCE_SUPPORT": [
        [
          -406,
          -1,
          -406,
          406,
          0,
          406
        ]
      ],
      "TURN_RECOVERY": [
        [
          -720,
          0,
          -720,
          720,
          930,
          720
        ],
        [
          -402,
          -1,
          -402,
          402,
          0,
          402
        ],
        [
          -1159,
          355,
          -1159,
          1159,
          1036,
          1159
        ]
      ]
    },
    "down": {
      "BODY_HELD_LOAD": [
        [
          -306,
          0,
          -528,
          367,
          1157,
          648
        ],
        [
          -121,
          -1,
          -305,
          282,
          0,
          342
        ]
      ],
      "STANCE_SUPPORT": [
        [
          -274,
          -1,
          -305,
          328,
          0,
          454
        ]
      ],
      "TURN_RECOVERY": [
        [
          -452,
          0,
          -910,
          666,
          1245,
          909
        ],
        [
          -248,
          -1,
          -145,
          203,
          0,
          338
        ]
      ],
      "WORK_APPROACH": [
        [
          -409,
          0,
          -910,
          299,
          840,
          234
        ],
        [
          -134,
          -1,
          44,
          -126,
          0,
          60
        ]
      ],
      "WORK_STROKE": [
        [
          -272,
          0,
          -820,
          328,
          1422,
          909
        ],
        [
          -190,
          -60,
          -678,
          49,
          0,
          -536
        ]
      ],
      "CONTACT_POINT": [
        [
          42,
          0,
          -673,
          42,
          0,
          -673
        ]
      ],
      "CONTACT_PATCH": [
        [
          -190,
          0,
          -678,
          49,
          0,
          -536
        ]
      ]
    },
    "high": {
      "BODY_HELD_LOAD": [
        [
          -208,
          0,
          -528,
          367,
          1157,
          648
        ],
        [
          -105,
          -1,
          57,
          282,
          0,
          342
        ]
      ],
      "STANCE_SUPPORT": [
        [
          -274,
          -1,
          -171,
          328,
          0,
          454
        ]
      ],
      "TURN_RECOVERY": [
        [
          -452,
          0,
          -536,
          711,
          1245,
          909
        ],
        [
          -242,
          447,
          -910,
          577,
          1017,
          -536
        ],
        [
          -248,
          -1,
          -145,
          203,
          0,
          338
        ]
      ],
      "WORK_APPROACH": [
        [
          -409,
          0,
          -910,
          299,
          840,
          234
        ],
        [
          -134,
          -1,
          44,
          -126,
          0,
          60
        ]
      ],
      "WORK_STROKE": [
        [
          -198,
          660,
          -536,
          328,
          1422,
          909
        ],
        [
          -11,
          949,
          -578,
          128,
          1043,
          -536
        ]
      ],
      "CONTACT_POINT": [
        [
          122,
          1039,
          -536,
          122,
          1039,
          -536
        ]
      ],
      "CONTACT_PATCH": [
        [
          120,
          1038,
          -536,
          123,
          1041,
          -536
        ]
      ]
    },
    "ground_walk": {
      "BODY_HELD_LOAD": [
        [
          -720,
          0,
          -720,
          720,
          930,
          720
        ],
        [
          -402,
          -1,
          -402,
          402,
          0,
          402
        ],
        [
          -1159,
          355,
          -1159,
          1159,
          1036,
          1159
        ]
      ],
      "STANCE_SUPPORT": [
        [
          -406,
          -1,
          -406,
          406,
          0,
          406
        ]
      ],
      "TURN_RECOVERY": [
        [
          -720,
          0,
          -720,
          720,
          930,
          720
        ],
        [
          -402,
          -1,
          -402,
          402,
          0,
          402
        ],
        [
          -1159,
          355,
          -1159,
          1159,
          1036,
          1159
        ]
      ]
    }
  },
  "budget": {
    "retained_palette_bytes": 414176,
    "decode_staging_bytes": 414176,
    "borrowed_mesh_array_allowance_bytes": 4396032,
    "packed_tables_bytes": 696,
    "reader_native_control_reserve_bytes": 2097152,
    "admitted_peak_bytes": 6908056,
    "world_basis_separately_shared_bytes": 544768,
    "native_peak_measured": false,
    "excluded_borrowed_resources": "original meshes/textures and per-Actor RIDs; separate actual presentation-owner admission"
  },
  "production_qualified": false
}
