mouse_keeper.idle.plain [-295, -1, -381, 298, 969, 290]
mouse_keeper.walk.plain [-261, -1, -443, 260, 1031, 317]
mouse_keeper.walk.ramp_up [-261, -1, -372, 260, 994, 421]
mouse_keeper.walk.ramp_down [-261, -1, -668, 260, 917, 273]
mouse_keeper.cautious_crouch_walk_forward.plain [-362, -1, -646, 364, 840, 296]
mouse_keeper.cautious_crouch_walk_forward.standard_bore [-362, -1, -646, 364, 840, 296]
mouse_keeper.carry_heavy_object_walk.plain [-296, -1, -359, 340, 1022, 245]
mouse_keeper.carry_heavy_object_walk.standard_bore [-296, -1, -359, 340, 982, 267]
mole_digger.idle.plain [-413, -1, -358, 367, 857, 259]
mole_digger.walk.plain [-444, -1, -473, 414, 930, 366]
mole_digger.walk.ramp_up [-444, -1, -319, 414, 965, 512]
mole_digger.walk.ramp_down [-444, -1, -613, 414, 929, 219]
mole_digger.cautious_crouch_walk_forward.plain [-274, -1, -760, 461, 768, 382]
mole_digger.cautious_crouch_walk_forward.standard_bore [-274, -1, -760, 461, 768, 382]
mole_digger.carry_heavy_object_walk.plain [-435, -1, -351, 477, 938, 267]
mole_digger.carry_heavy_object_walk.standard_bore [-435, -1, -351, 477, 938, 267]
mole_digger.heavy_hammer_swing.plain [-354, -1, -528, 611, 1157, 761]
squirrel_gatherer.idle.plain [-408, -1, -633, 413, 1181, 552]
squirrel_gatherer.walk.plain [-299, -1, -686, 266, 1216, 562]
squirrel_gatherer.walk.ramp_up [-306, -1, -608, 283, 1134, 682]
squirrel_gatherer.walk.ramp_down [-306, -1, -1065, 283, 889, 529]
squirrel_gatherer.cautious_crouch_walk_forward.plain [-630, -1, -928, 646, 1047, 548]
squirrel_gatherer.cautious_crouch_walk_forward.standard_bore [-630, -1, -877, 646, 871, 553]
squirrel_gatherer.carry_heavy_object_walk.plain [-373, -1, -625, 413, 1222, 528]
squirrel_gatherer.carry_heavy_object_walk.standard_bore [-373, -1, -705, 413, 1117, 566]
otter_boatwright.idle.plain [-567, -1, -633, 508, 1473, 520]
otter_boatwright.walk.plain [-417, -1, -678, 378, 1580, 479]
otter_boatwright.walk.ramp_up [-417, -1, -631, 378, 1331, 783]
otter_boatwright.walk.ramp_down [-417, -1, -1256, 378, 1153, 511]
otter_boatwright.cautious_crouch_walk_forward.plain [-537, -1, -1074, 688, 1301, 426]
otter_boatwright.cautious_crouch_walk_forward.standard_bore [-621, -1, -938, 688, 1229, 515]
otter_boatwright.carry_heavy_object_walk.plain [-499, -1, -572, 556, 1567, 502]
otter_boatwright.carry_heavy_object_walk.standard_bore [-499, -1, -808, 556, 1334, 632]
badger_quarryman.idle.plain [-838, -1, -630, 772, 2442, 544]
badger_quarryman.walk.plain [-1001, -1, -914, 921, 2628, 789]
badger_quarryman.walk.ramp_up [-1001, -1, -777, 921, 2234, 1155]
badger_quarryman.walk.ramp_down [-1001, -1, -1581, 921, 2286, 608]
badger_quarryman.cautious_crouch_walk_forward.plain [-471, -1, -1805, 995, 2085, 750]
badger_quarryman.cautious_crouch_walk_forward.standard_bore [-471, -1, -1264, 995, 2036, 735]
badger_quarryman.carry_heavy_object_walk.plain [-883, -1, -619, 945, 2518, 660]
badger_quarryman.carry_heavy_object_walk.standard_bore [-883, -1, -824, 945, 2196, 648]
badger_quarryman.heavy_hammer_swing.plain [-527, -1, -924, 1299, 3166, 1972]
mole_digger.idle.plain.held_pick [-413, -1, -358, 367, 857, 259]
mole_digger.walk.plain.held_pick [-444, -1, -473, 414, 930, 366]
mole_digger.walk.ramp_up.held_pick [-444, -1, -319, 414, 965, 512]
mole_digger.walk.ramp_down.held_pick [-444, -1, -613, 414, 929, 219]
mole_digger.cautious_crouch_walk_forward.plain.held_pick [-274, -1, -760, 461, 768, 382]
mole_digger.cautious_crouch_walk_forward.standard_bore.held_pick [-274, -1, -760, 461, 768, 382]
badger_quarryman.idle.plain.held_pick [-838, -1, -630, 772, 2442, 544]
badger_quarryman.walk.plain.held_pick [-1001, -1, -914, 921, 2628, 789]
badger_quarryman.walk.ramp_up.held_pick [-1001, -1, -777, 921, 2234, 1155]
badger_quarryman.walk.ramp_down.held_pick [-1001, -1, -1581, 921, 2286, 608]
badger_quarryman.cautious_crouch_walk_forward.plain.held_pick [-471, -1, -1805, 995, 2085, 750]
badger_quarryman.cautious_crouch_walk_forward.standard_bore.held_pick [-471, -1, -1264, 995, 2036, 735]
