{
  "tip": {
    "vertex": 148,
    "source_frame_pair": [
      42,
      43
    ],
    "clip_frame_pair": [
      12,
      13
    ],
    "anchor_u": [
      122,
      1039,
      -536
    ],
    "patch_u": [
      120,
      1038,
      -536,
      123,
      1041,
      -536
    ],
    "residual_m": [
      {
        "numerator": 388382309962370759860446323940116747497972913555259122558811953032758885264245843138867127811292404358876896319980303788015607,
        "denominator": 693163044041854377174874480835480019432178956407993491014930281136784911840107328135053797357886761489661290145480636578274476032
      },
      {
        "numerator": 73018685357031583000308713487738995308685895429605026626237660578313883688129041060631763683349438499407057616111125024735223,
        "denominator": 693163044041854377174874480835480019432178956407993491014930281136784911840107328135053797357886761489661290145480636578274476032
      },
      {
        "numerator": 388382309962370759860446323940116747497972913555259122558811953032758885264245843138867127811292404358876896319980303788015607,
        "denominator": 693163044041854377174874480835480019432178956407993491014930281136784911840107328135053797357886761489661290145480636578274476032
      }
    ],
    "endpoint_ideal_m": [
      [
        {
          "numerator": 9385101398021749,
          "denominator": 72057594037927936
        },
        {
          "numerator": 1232078014793117,
          "denominator": 1125899906842624
        },
        {
          "numerator": -1008965436012039,
          "denominator": 2251799813685248
        }
      ],
      [
        {
          "numerator": 1014942524879589,
          "denominator": 9007199254740992
        },
        {
          "numerator": 2190329757633861,
          "denominator": 2251799813685248
        },
        {
          "numerator": -317291300674769,
          "denominator": 562949953421312
        }
      ]
    ],
    "share_range": [
      {
        "numerator": 168449248102905,
        "denominator": 260199766687037
      },
      {
        "numerator": 170972809824761,
        "denominator": 260199766687037
      }
    ],
    "source_point_f32_m": [
      -0.6314398050308228,
      0.1740776002407074,
      -0.7260041832923889
    ]
  },
  "portions": {
    "work": [
      {
        "kind": "body",
        "forward": null,
        "behind": [
          -208,
          -1,
          -536,
          367,
          1157,
          648
        ]
      },
      {
        "kind": "attachment",
        "forward": [
          -11,
          949,
          -578,
          128,
          1043,
          -536
        ],
        "behind": [
          -198,
          660,
          -536,
          328,
          1422,
          909
        ]
      }
    ],
    "entry": [
      {
        "kind": "body",
        "forward": [
          18,
          463,
          -543,
          46,
          483,
          -536
        ],
        "behind": [
          -452,
          -1,
          -536,
          514,
          1157,
          648
        ]
      },
      {
        "kind": "attachment",
        "forward": [
          -242,
          447,
          -910,
          561,
          1028,
          -536
        ],
        "behind": [
          -188,
          379,
          -536,
          696,
          1245,
          909
        ]
      }
    ]
  }
}
