self-clearance-progress {"interval": 0, "checks": 101, "pairs": 101, "unresolved": 0}
self-clearance-progress {"interval": 1, "checks": 247, "pairs": 247, "unresolved": 0}
self-clearance-progress {"interval": 2, "checks": 441, "pairs": 441, "unresolved": 0}
self-clearance-progress {"interval": 3, "checks": 691, "pairs": 691, "unresolved": 0}
self-clearance-progress {"interval": 4, "checks": 970, "pairs": 970, "unresolved": 0}
self-clearance-progress {"interval": 5, "checks": 1296, "pairs": 1296, "unresolved": 0}
self-clearance-progress {"interval": 6, "checks": 1612, "pairs": 1612, "unresolved": 0}
self-clearance-progress {"interval": 7, "checks": 1938, "pairs": 1938, "unresolved": 0}
self-clearance-progress {"interval": 8, "checks": 2264, "pairs": 2264, "unresolved": 0}
self-clearance-progress {"interval": 9, "checks": 2563, "pairs": 2563, "unresolved": 0}
self-clearance-progress {"interval": 10, "checks": 2842, "pairs": 2842, "unresolved": 0}
self-clearance-progress {"interval": 11, "checks": 3071, "pairs": 3071, "unresolved": 0}
self-clearance-progress {"interval": 12, "checks": 3277, "pairs": 3277, "unresolved": 0}
self-clearance-progress {"interval": 13, "checks": 3438, "pairs": 3438, "unresolved": 0}
self-clearance-progress {"interval": 14, "checks": 3557, "pairs": 3557, "unresolved": 0}
self-clearance-progress {"interval": 15, "checks": 3652, "pairs": 3652, "unresolved": 0}
self-clearance-progress {"interval": 16, "checks": 3747, "pairs": 3747, "unresolved": 0}
self-clearance-progress {"interval": 17, "checks": 3866, "pairs": 3866, "unresolved": 0}
self-clearance-progress {"interval": 18, "checks": 4027, "pairs": 4027, "unresolved": 0}
self-clearance-progress {"interval": 19, "checks": 4233, "pairs": 4233, "unresolved": 0}
self-clearance-progress {"interval": 20, "checks": 4462, "pairs": 4462, "unresolved": 0}
self-clearance-progress {"interval": 21, "checks": 4741, "pairs": 4741, "unresolved": 0}
self-clearance-progress {"interval": 22, "checks": 5040, "pairs": 5040, "unresolved": 0}
self-clearance-progress {"interval": 23, "checks": 5366, "pairs": 5366, "unresolved": 0}
self-clearance-progress {"interval": 24, "checks": 5692, "pairs": 5692, "unresolved": 0}
self-clearance-progress {"interval": 25, "checks": 6008, "pairs": 6008, "unresolved": 0}
self-clearance-progress {"interval": 26, "checks": 6334, "pairs": 6334, "unresolved": 0}
self-clearance-progress {"interval": 27, "checks": 6613, "pairs": 6613, "unresolved": 0}
self-clearance-progress {"interval": 28, "checks": 6863, "pairs": 6863, "unresolved": 0}
self-clearance-progress {"interval": 29, "checks": 7057, "pairs": 7057, "unresolved": 0}
self-clearance-progress {"interval": 30, "checks": 7203, "pairs": 7203, "unresolved": 0}
self-clearance-progress {"interval": 31, "checks": 7304, "pairs": 7304, "unresolved": 0}
self-clearance-progress {"interval": 0, "checks": 658, "pairs": 658, "unresolved": 0}
self-clearance-progress {"interval": 1, "checks": 1239, "pairs": 1239, "unresolved": 0}
self-clearance-progress {"interval": 2, "checks": 1743, "pairs": 1743, "unresolved": 0}
self-clearance-progress {"interval": 3, "checks": 2216, "pairs": 2216, "unresolved": 0}
self-clearance-progress {"interval": 4, "checks": 2643, "pairs": 2643, "unresolved": 0}
self-clearance-progress {"interval": 5, "checks": 3030, "pairs": 3030, "unresolved": 0}
self-clearance-progress {"interval": 6, "checks": 3379, "pairs": 3379, "unresolved": 0}
self-clearance-progress {"interval": 7, "checks": 3698, "pairs": 3698, "unresolved": 0}
self-clearance-progress {"interval": 8, "checks": 3972, "pairs": 3972, "unresolved": 0}
self-clearance-progress {"interval": 9, "checks": 4254, "pairs": 4254, "unresolved": 0}
self-clearance-progress {"interval": 10, "checks": 4546, "pairs": 4546, "unresolved": 0}
self-clearance-progress {"interval": 11, "checks": 4872, "pairs": 4872, "unresolved": 0}
self-clearance-progress {"interval": 12, "checks": 5242, "pairs": 5242, "unresolved": 0}
self-clearance-progress {"interval": 13, "checks": 5652, "pairs": 5652, "unresolved": 0}
self-clearance-progress {"interval": 14, "checks": 6104, "pairs": 6104, "unresolved": 0}
self-clearance-progress {"interval": 15, "checks": 6612, "pairs": 6612, "unresolved": 0}
self-clearance-progress {"interval": 16, "checks": 7153, "pairs": 7153, "unresolved": 0}
self-clearance-progress {"interval": 17, "checks": 7712, "pairs": 7712, "unresolved": 0}
self-clearance-progress {"interval": 18, "checks": 8223, "pairs": 8223, "unresolved": 0}
self-clearance-progress {"interval": 19, "checks": 8722, "pairs": 8722, "unresolved": 0}
self-clearance-progress {"interval": 20, "checks": 9162, "pairs": 9162, "unresolved": 0}
self-clearance-progress {"interval": 21, "checks": 9539, "pairs": 9539, "unresolved": 0}
self-clearance-progress {"interval": 22, "checks": 9940, "pairs": 9940, "unresolved": 0}
self-clearance-progress {"interval": 23, "checks": 10290, "pairs": 10290, "unresolved": 0}
self-clearance-progress {"interval": 24, "checks": 10589, "pairs": 10589, "unresolved": 0}
self-clearance-progress {"interval": 25, "checks": 10884, "pairs": 10884, "unresolved": 0}
self-clearance-progress {"interval": 26, "checks": 11144, "pairs": 11144, "unresolved": 0}
self-clearance-progress {"interval": 27, "checks": 11404, "pairs": 11404, "unresolved": 0}
self-clearance-progress {"interval": 28, "checks": 11617, "pairs": 11617, "unresolved": 0}
self-clearance-progress {"interval": 29, "checks": 11842, "pairs": 11842, "unresolved": 0}
install-prism-progress {"assembly": 0, "part": 0, "interval": 0, "checks": 0, "pairs": 9}
install-prism-progress {"assembly": 0, "part": 0, "interval": 10, "checks": 0, "pairs": 99}
install-prism-progress {"assembly": 0, "part": 0, "interval": 20, "checks": 0, "pairs": 189}
install-prism-progress {"assembly": 0, "part": 0, "interval": 30, "checks": 0, "pairs": 279}
install-prism-progress {"assembly": 0, "part": 1, "interval": 0, "checks": 0, "pairs": 288}
install-prism-progress {"assembly": 0, "part": 1, "interval": 10, "checks": 0, "pairs": 288}
install-prism-progress {"assembly": 0, "part": 1, "interval": 20, "checks": 0, "pairs": 316}
install-prism-progress {"assembly": 0, "part": 1, "interval": 30, "checks": 0, "pairs": 316}
install-prism-progress {"assembly": 1, "part": 0, "interval": 0, "checks": 0, "pairs": 9}
install-prism-progress {"assembly": 1, "part": 0, "interval": 10, "checks": 0, "pairs": 99}
install-prism-progress {"assembly": 1, "part": 0, "interval": 20, "checks": 0, "pairs": 189}
install-prism-progress {"assembly": 1, "part": 0, "interval": 30, "checks": 0, "pairs": 279}
install-prism-progress {"assembly": 1, "part": 1, "interval": 0, "checks": 0, "pairs": 288}
install-prism-progress {"assembly": 1, "part": 1, "interval": 10, "checks": 0, "pairs": 288}
install-prism-progress {"assembly": 1, "part": 1, "interval": 20, "checks": 0, "pairs": 316}
install-prism-progress {"assembly": 1, "part": 1, "interval": 30, "checks": 0, "pairs": 316}
install-prism-progress {"assembly": 0, "part": 0, "interval": 0, "checks": 0, "pairs": 9}
install-prism-progress {"assembly": 0, "part": 0, "interval": 10, "checks": 0, "pairs": 99}
install-prism-progress {"assembly": 0, "part": 0, "interval": 20, "checks": 0, "pairs": 189}
install-prism-progress {"assembly": 0, "part": 1, "interval": 0, "checks": 0, "pairs": 270}
install-prism-progress {"assembly": 0, "part": 1, "interval": 10, "checks": 0, "pairs": 270}
install-prism-progress {"assembly": 0, "part": 1, "interval": 20, "checks": 0, "pairs": 270}
install-prism-progress {"assembly": 1, "part": 0, "interval": 0, "checks": 0, "pairs": 9}
install-prism-progress {"assembly": 1, "part": 0, "interval": 10, "checks": 0, "pairs": 99}
install-prism-progress {"assembly": 1, "part": 0, "interval": 20, "checks": 0, "pairs": 189}
install-prism-progress {"assembly": 1, "part": 1, "interval": 0, "checks": 0, "pairs": 270}
install-prism-progress {"assembly": 1, "part": 1, "interval": 10, "checks": 0, "pairs": 270}
install-prism-progress {"assembly": 1, "part": 1, "interval": 20, "checks": 0, "pairs": 270}
{
  "source_local_yaw0_candidate_clear": true,
  "contacts": [
    {
      "source_vertex": 478,
      "rendered_edge": [
        14,
        15
      ],
      "anchor_u": [
        128,
        128,
        -448
      ],
      "patch_u": [
        127,
        128,
        -449,
        129,
        128,
        -447
      ],
      "share_range": [
        {
          "numerator": 13281744517010795829,
          "denominator": 24004186013884743680
        },
        {
          "numerator": 14820849689664662837,
          "denominator": 24004186013884743680
        }
      ],
      "residual_m": [
        {
          "numerator": 371792645206760672793595672145637501140424423803132101037240685262207133490497130112270343529602202476662623183832035055108087,
          "denominator": 693163044041854377174874480835480019432178956407993491014930281136784911840107328135053797357886761489661290145480636578274476032
        },
        {
          "numerator": 56429020601421495933458061693259748951137405677478005104666392807762131914380328034034979401659236617192784479962856291827703,
          "denominator": 693163044041854377174874480835480019432178956407993491014930281136784911840107328135053797357886761489661290145480636578274476032
        },
        {
          "numerator": 371792645206760672793595672145637501140424423803132101037240685262207133490497130112270343529602202476662623183832035055108087,
          "denominator": 693163044041854377174874480835480019432178956407993491014930281136784911840107328135053797357886761489661290145480636578274476032
        }
      ]
    }
  ],
  "production_qualified": false
}
