state_registry_coverage: PASS -- 139 modules, 697 rows, 1035 packed columns checked
Godot Engine v4.7.2.stable.official.ed1daf0bf - https://godotengine.org

Godot Engine v4.7.2.stable.official.ed1daf0bf - https://godotengine.org

test_underground_forward_basis.gd
  PASS  test_exact_source_backend_guard_rejects_headless_gl_and_other_versions
  PASS  test_native_rows_preserve_small_cardinal_and_nonunit_coefficients
  PASS  test_refusal_preserves_caller_scratch_and_never_wraps_heading
  FAIL  test_create_only_guard_preserves_both_sources_and_previous_output
        borrowed old source protected (expected WORLD_BASIS_OUTPUT_IDENTITY, got WORLD_BASIS_OUTPUT_EXISTS)
  PASS  test_new_wire_identity_uses_the_same_single_table_reservation
CI_SUITE_TIME {"assertions":36,"failures":1,"suite":"test_underground_forward_basis.gd","tests":5,"usec":32945}
[EntityManager] ready
[GameManager] ready
[SettlementSystem] ready
[EconomySystem] ready
[UIManager] ready


5 test(s), 36 assertion(s), 1 failure(s)
diagnostics: 0 unexpected error(s), 0 unexpected warning(s), 0 expected, 0 tolerated; leaked at exit: 0 object(s), 0 resource(s)
[EntityManager] ready
[GameManager] ready
[SettlementSystem] ready
[EconomySystem] ready
[UIManager] ready
error: 1 failing test(s).
